-- Install configuration: ""
-- Up-to-date: /home/user/ros2_ws/dynamic_ws/install/show_urdf/share/show_urdf/launch
-- Up-to-date: /home/user/ros2_ws/dynamic_ws/install/show_urdf/share/show_urdf/launch/show_urdf.launch.py
-- Up-to-date: /home/user/ros2_ws/dynamic_ws/install/show_urdf/share/show_urdf/urdf
-- Up-to-date: /home/user/ros2_ws/dynamic_ws/install/show_urdf/share/show_urdf/urdf/marvin.urdf
-- Up-to-date: /home/user/ros2_ws/dynamic_ws/install/show_urdf/share/show_urdf/meshes
-- Up-to-date: /home/user/ros2_ws/dynamic_ws/install/show_urdf/share/show_urdf/meshes/Link1_L.STL
-- Up-to-date: /home/user/ros2_ws/dynamic_ws/install/show_urdf/share/show_urdf/meshes/Base_L.STL
-- Up-to-date: /home/user/ros2_ws/dynamic_ws/install/show_urdf/share/show_urdf/meshes/Link3_L.STL
-- Up-to-date: /home/user/ros2_ws/dynamic_ws/install/show_urdf/share/show_urdf/meshes/Link2_L.STL
-- Up-to-date: /home/user/ros2_ws/dynamic_ws/install/show_urdf/share/show_urdf/meshes/Link5_L.STL
-- Up-to-date: /home/user/ros2_ws/dynamic_ws/install/show_urdf/share/show_urdf/meshes/Link4_L.STL
-- Up-to-date: /home/user/ros2_ws/dynamic_ws/install/show_urdf/share/show_urdf/meshes/Link7_L.STL
-- Up-to-date: /home/user/ros2_ws/dynamic_ws/install/show_urdf/share/show_urdf/meshes/Link6_L.STL
-- Up-to-date: /home/user/ros2_ws/dynamic_ws/install/show_urdf/share/ament_index/resource_index/package_run_dependencies/show_urdf
-- Up-to-date: /home/user/ros2_ws/dynamic_ws/install/show_urdf/share/ament_index/resource_index/parent_prefix_path/show_urdf
-- Up-to-date: /home/user/ros2_ws/dynamic_ws/install/show_urdf/share/show_urdf/environment/ament_prefix_path.sh
-- Up-to-date: /home/user/ros2_ws/dynamic_ws/install/show_urdf/share/show_urdf/environment/ament_prefix_path.dsv
-- Up-to-date: /home/user/ros2_ws/dynamic_ws/install/show_urdf/share/show_urdf/environment/path.sh
-- Up-to-date: /home/user/ros2_ws/dynamic_ws/install/show_urdf/share/show_urdf/environment/path.dsv
-- Up-to-date: /home/user/ros2_ws/dynamic_ws/install/show_urdf/share/show_urdf/local_setup.bash
-- Up-to-date: /home/user/ros2_ws/dynamic_ws/install/show_urdf/share/show_urdf/local_setup.sh
-- Up-to-date: /home/user/ros2_ws/dynamic_ws/install/show_urdf/share/show_urdf/local_setup.zsh
-- Up-to-date: /home/user/ros2_ws/dynamic_ws/install/show_urdf/share/show_urdf/local_setup.dsv
-- Up-to-date: /home/user/ros2_ws/dynamic_ws/install/show_urdf/share/show_urdf/package.dsv
-- Up-to-date: /home/user/ros2_ws/dynamic_ws/install/show_urdf/share/ament_index/resource_index/packages/show_urdf
-- Up-to-date: /home/user/ros2_ws/dynamic_ws/install/show_urdf/share/show_urdf/cmake/show_urdfConfig.cmake
-- Up-to-date: /home/user/ros2_ws/dynamic_ws/install/show_urdf/share/show_urdf/cmake/show_urdfConfig-version.cmake
-- Up-to-date: /home/user/ros2_ws/dynamic_ws/install/show_urdf/share/show_urdf/package.xml
