[0.011s] Invoking command in '/home/user/ros2_ws/dynamic_ws/build/w10_force': CMAKE_PREFIX_PATH=/home/user/ros2_ws/dynamic_ws/install/w10_sim:/home/user/ros2_ws/dynamic_ws/install/w10_force:/opt/openrobots:/home/user/ros2_ws/dynamic_ws/install/w10_moveit_kinematics:/home/user/ros2_ws/dynamic_ws/install/w10_kinematics:/home/user/ros2_ws/dynamic_ws/install/vi_2p:/home/user/ros2_ws/dynamic_ws/install/vi:/opt/ros/humble:/home/user/ros2_ws/w10_ws/install/w10-urdf:/home/user/ros2_ws/w10_ws/install/urdf_visualization:/opt/openrobots /usr/bin/cmake --build /home/user/ros2_ws/dynamic_ws/build/w10_force -- -j32 -l32
[0.031s] -- Found ament_cmake_auto: 1.3.12 (/opt/ros/humble/share/ament_cmake_auto/cmake)
[0.183s] -- pinocchio_default FOUND. pinocchio_default at /opt/openrobots/lib/libpinocchio_default.so
[0.183s] -- pinocchio_parsers FOUND. pinocchio_parsers at /opt/openrobots/lib/libpinocchio_parsers.so
[0.183s] -- pinocchio_casadi FOUND. pinocchio_casadi at /opt/openrobots/lib/libpinocchio_casadi.so
[0.189s] -- boost_filesystem FOUND. boost_filesystem at /usr/lib/x86_64-linux-gnu/libboost_filesystem.so
[0.189s] -- boost_serialization FOUND. boost_serialization at /usr/lib/x86_64-linux-gnu/libboost_serialization.so
[0.190s] -- boost_system FOUND. boost_system at /usr/lib/x86_64-linux-gnu/libboost_system.so
[0.197s] CMake Warning at /opt/openrobots/lib/cmake/hpp-fcl/hpp-fclConfig.cmake:3 (message):
[0.197s]   Please update your CMake from 'hpp-fcl' to 'coal'
[0.197s] Call Stack (most recent call first):
[0.197s]   /usr/share/cmake-3.22/Modules/CMakeFindDependencyMacro.cmake:47 (find_package)
[0.197s]   /opt/openrobots/lib/cmake/pinocchio/pinocchioConfig.cmake:161 (find_dependency)
[0.197s]   /opt/ros/humble/share/ament_cmake_auto/cmake/ament_auto_find_build_dependencies.cmake:67 (find_package)
[0.197s]   CMakeLists.txt:12 (ament_auto_find_build_dependencies)
[0.197s] 
[0.197s] 
[0.197s] -- coal FOUND. coal at /opt/openrobots/lib/libcoal.so
[0.435s] -- Default C++ standard: 201703
[0.435s] -- C++ standard sufficient: Minimal required 11, currently defined: 17
[0.435s] -- CMAKE_CXX_STANDARD was not set: automatically set to currently defined standard 17
[0.435s] -- C++ standard sufficient: Minimal required 11, currently defined: 17
[0.452s] -- Found rosidl_generator_c: 3.1.7 (/opt/ros/humble/share/rosidl_generator_c/cmake)
[0.454s] -- Found rosidl_adapter: 3.1.7 (/opt/ros/humble/share/rosidl_adapter/cmake)
[0.460s] -- Found rosidl_generator_cpp: 3.1.7 (/opt/ros/humble/share/rosidl_generator_cpp/cmake)
[0.468s] -- Using all available rosidl_typesupport_c: rosidl_typesupport_fastrtps_c;rosidl_typesupport_introspection_c
[0.479s] -- Using all available rosidl_typesupport_cpp: rosidl_typesupport_fastrtps_cpp;rosidl_typesupport_introspection_cpp
[0.503s] -- Found rmw_implementation_cmake: 6.1.2 (/opt/ros/humble/share/rmw_implementation_cmake/cmake)
[0.504s] -- Found rmw_fastrtps_cpp: 6.2.9 (/opt/ros/humble/share/rmw_fastrtps_cpp/cmake)
[0.578s] -- Using RMW implementation 'rmw_fastrtps_cpp' as default
[0.628s] -- Found eigen3_cmake_module: 0.1.1 (/opt/ros/humble/share/eigen3_cmake_module/cmake)
[0.629s] -- Ensuring Eigen3 include directory is part of orocos-kdl CMake target
[0.728s] -- Found ament_lint_auto: 0.12.14 (/opt/ros/humble/share/ament_lint_auto/cmake)
[0.731s] In this package, headers install destination is set to `include` by ament_auto_package. It is recommended to install `include/w10_force` instead and will be the default behavior of ament_auto_package from ROS 2 Kilted Kaiju. On distributions before Kilted, ament_auto_package behaves the same way when you use USE_SCOPED_HEADER_INSTALL_DIR option.
[0.739s] -- Added test 'cppcheck' to perform static code analysis on C / C++ code
[0.739s] -- Configured cppcheck include dirs: /home/user/ros2_ws/dynamic_ws/src/w10_force/include;$<BUILD_INTERFACE:/home/user/ros2_ws/dynamic_ws/src/w10_force/include>
[0.739s] -- Configured cppcheck exclude dirs and/or files: 
[0.742s] -- Added test 'lint_cmake' to check CMake code style
[0.748s] -- Added test 'uncrustify' to check C / C++ code style
[0.748s] -- Configured uncrustify additional arguments: 
[0.749s] -- Added test 'xmllint' to check XML markup files
[0.751s] -- Configuring done
[0.778s] -- Generating done
[0.784s] -- Build files have been written to: /home/user/ros2_ws/dynamic_ws/build/w10_force
[0.830s] Consolidate compiler generated dependencies of target w10_force
[0.836s] Consolidate compiler generated dependencies of target force_controller
[0.846s] [ 33%] Built target w10_force
[0.853s] [ 50%] Building CXX object CMakeFiles/force_controller.dir/src/force_controller.cpp.o
[3.254s] In file included from /opt/openrobots/include/hpp/fcl/config.hh:1,
[3.255s]                  from /opt/openrobots/include/pinocchio/serialization/eigen.hpp:20,
[3.255s]                  from /opt/openrobots/include/pinocchio/serialization/fwd.hpp:11,
[3.255s]                  from /opt/openrobots/include/pinocchio/multibody/joint/joint-composite.hpp:14,
[3.255s]                  from /opt/openrobots/include/pinocchio/multibody/joint/joint-generic.hpp:9,
[3.255s]                  from /opt/openrobots/include/pinocchio/multibody/model.hpp:17,
[3.255s]                  from /home/user/ros2_ws/dynamic_ws/src/w10_force/include/w10_force/force_controller.hpp:7,
[3.255s]                  from /home/user/ros2_ws/dynamic_ws/src/w10_force/src/force_controller.cpp:1:
[3.255s] /opt/openrobots/include/hpp/fcl/coal.hpp:10:71: note: ‘#pragma message: Please update your includes from 'hpp/fcl' to 'coal'’
[3.255s]    10 | #pragma message("Please update your includes from 'hpp/fcl' to 'coal'")
[3.255s]       |                                                                       ^
[7.990s] [ 66%] Linking CXX static library libforce_controller.a
[8.040s] [ 66%] Built target force_controller
[8.059s] [ 83%] Building CXX object CMakeFiles/force_control_node.dir/src/force_control_node.cpp.o
[8.215s] /home/user/ros2_ws/dynamic_ws/src/w10_force/src/force_control_node.cpp:2:10: fatal error: std_msgs/msg/float64_multi_array.hpp: No such file or directory
[8.215s]     2 | #include <std_msgs/msg/float64_multi_array.hpp>
[8.216s]       |          ^~~~~~~~~~~~~~~~~~~~~~~~~~~~~~~~~~~~~~
[8.216s] compilation terminated.
[8.218s] gmake[2]: *** [CMakeFiles/force_control_node.dir/build.make:76: CMakeFiles/force_control_node.dir/src/force_control_node.cpp.o] Error 1
[8.218s] gmake[1]: *** [CMakeFiles/Makefile2:167: CMakeFiles/force_control_node.dir/all] Error 2
[8.218s] gmake: *** [Makefile:146: all] Error 2
[8.220s] Invoked command in '/home/user/ros2_ws/dynamic_ws/build/w10_force' returned '2': CMAKE_PREFIX_PATH=/home/user/ros2_ws/dynamic_ws/install/w10_sim:/home/user/ros2_ws/dynamic_ws/install/w10_force:/opt/openrobots:/home/user/ros2_ws/dynamic_ws/install/w10_moveit_kinematics:/home/user/ros2_ws/dynamic_ws/install/w10_kinematics:/home/user/ros2_ws/dynamic_ws/install/vi_2p:/home/user/ros2_ws/dynamic_ws/install/vi:/opt/ros/humble:/home/user/ros2_ws/w10_ws/install/w10-urdf:/home/user/ros2_ws/w10_ws/install/urdf_visualization:/opt/openrobots /usr/bin/cmake --build /home/user/ros2_ws/dynamic_ws/build/w10_force -- -j32 -l32
