[0.011s] Invoking command in '/home/user/ros2_ws/dynamic_ws/build/show_urdf': CMAKE_PREFIX_PATH=/opt/openrobots:/home/user/ros2_ws/dynamic_ws/install/w10_moveit_kinematics:/home/user/ros2_ws/dynamic_ws/install/w10_kinematics:/home/user/ros2_ws/dynamic_ws/install/w10_sim:/home/user/ros2_ws/dynamic_ws/install/w10_force_sim:/home/user/ros2_ws/dynamic_ws/install/vi_2p:/home/user/ros2_ws/dynamic_ws/install/vi:/home/user/ros2_ws/dynamic_ws/install/show_urdf:/home/user/ros2_ws/dynamic_ws/install/marvin_sim:/opt/ros/humble:/home/user/ros2_ws/w10_ws/install/w10-urdf:/home/user/ros2_ws/w10_ws/install/urdf_visualization:/opt/openrobots: /usr/bin/cmake /home/user/ros2_ws/dynamic_ws/src/show_urdf -DCMAKE_INSTALL_PREFIX=/home/user/ros2_ws/dynamic_ws/install/show_urdf
[0.064s] -- The C compiler identification is GNU 11.4.0
[0.104s] -- The CXX compiler identification is GNU 11.4.0
[0.115s] -- Detecting C compiler ABI info
[0.166s] -- Detecting C compiler ABI info - done
[0.170s] -- Check for working C compiler: /usr/bin/cc - skipped
[0.170s] -- Detecting C compile features
[0.170s] -- Detecting C compile features - done
[0.252s] -- Detecting CXX compiler ABI info
[0.323s] -- Detecting CXX compiler ABI info - done
[0.327s] -- Check for working CXX compiler: /usr/bin/c++ - skipped
[0.327s] -- Detecting CXX compile features
[0.327s] -- Detecting CXX compile features - done
[0.342s] -- Found ament_cmake: 1.3.12 (/opt/ros/humble/share/ament_cmake/cmake)
[0.432s] -- Found Python3: /usr/bin/python3 (found version "3.10.12") found components: Interpreter 
[0.599s] -- Configuring done
[0.601s] -- Generating done
[0.601s] -- Build files have been written to: /home/user/ros2_ws/dynamic_ws/build/show_urdf
[0.604s] Invoked command in '/home/user/ros2_ws/dynamic_ws/build/show_urdf' returned '0': CMAKE_PREFIX_PATH=/opt/openrobots:/home/user/ros2_ws/dynamic_ws/install/w10_moveit_kinematics:/home/user/ros2_ws/dynamic_ws/install/w10_kinematics:/home/user/ros2_ws/dynamic_ws/install/w10_sim:/home/user/ros2_ws/dynamic_ws/install/w10_force_sim:/home/user/ros2_ws/dynamic_ws/install/vi_2p:/home/user/ros2_ws/dynamic_ws/install/vi:/home/user/ros2_ws/dynamic_ws/install/show_urdf:/home/user/ros2_ws/dynamic_ws/install/marvin_sim:/opt/ros/humble:/home/user/ros2_ws/w10_ws/install/w10-urdf:/home/user/ros2_ws/w10_ws/install/urdf_visualization:/opt/openrobots: /usr/bin/cmake /home/user/ros2_ws/dynamic_ws/src/show_urdf -DCMAKE_INSTALL_PREFIX=/home/user/ros2_ws/dynamic_ws/install/show_urdf
[0.605s] Invoking command in '/home/user/ros2_ws/dynamic_ws/build/show_urdf': CMAKE_PREFIX_PATH=/opt/openrobots:/home/user/ros2_ws/dynamic_ws/install/w10_moveit_kinematics:/home/user/ros2_ws/dynamic_ws/install/w10_kinematics:/home/user/ros2_ws/dynamic_ws/install/w10_sim:/home/user/ros2_ws/dynamic_ws/install/w10_force_sim:/home/user/ros2_ws/dynamic_ws/install/vi_2p:/home/user/ros2_ws/dynamic_ws/install/vi:/home/user/ros2_ws/dynamic_ws/install/show_urdf:/home/user/ros2_ws/dynamic_ws/install/marvin_sim:/opt/ros/humble:/home/user/ros2_ws/w10_ws/install/w10-urdf:/home/user/ros2_ws/w10_ws/install/urdf_visualization:/opt/openrobots: /usr/bin/cmake --build /home/user/ros2_ws/dynamic_ws/build/show_urdf -- -j32 -l32
[0.627s] Invoked command in '/home/user/ros2_ws/dynamic_ws/build/show_urdf' returned '0': CMAKE_PREFIX_PATH=/opt/openrobots:/home/user/ros2_ws/dynamic_ws/install/w10_moveit_kinematics:/home/user/ros2_ws/dynamic_ws/install/w10_kinematics:/home/user/ros2_ws/dynamic_ws/install/w10_sim:/home/user/ros2_ws/dynamic_ws/install/w10_force_sim:/home/user/ros2_ws/dynamic_ws/install/vi_2p:/home/user/ros2_ws/dynamic_ws/install/vi:/home/user/ros2_ws/dynamic_ws/install/show_urdf:/home/user/ros2_ws/dynamic_ws/install/marvin_sim:/opt/ros/humble:/home/user/ros2_ws/w10_ws/install/w10-urdf:/home/user/ros2_ws/w10_ws/install/urdf_visualization:/opt/openrobots: /usr/bin/cmake --build /home/user/ros2_ws/dynamic_ws/build/show_urdf -- -j32 -l32
[0.633s] Invoking command in '/home/user/ros2_ws/dynamic_ws/build/show_urdf': CMAKE_PREFIX_PATH=/opt/openrobots:/home/user/ros2_ws/dynamic_ws/install/w10_moveit_kinematics:/home/user/ros2_ws/dynamic_ws/install/w10_kinematics:/home/user/ros2_ws/dynamic_ws/install/w10_sim:/home/user/ros2_ws/dynamic_ws/install/w10_force_sim:/home/user/ros2_ws/dynamic_ws/install/vi_2p:/home/user/ros2_ws/dynamic_ws/install/vi:/home/user/ros2_ws/dynamic_ws/install/show_urdf:/home/user/ros2_ws/dynamic_ws/install/marvin_sim:/opt/ros/humble:/home/user/ros2_ws/w10_ws/install/w10-urdf:/home/user/ros2_ws/w10_ws/install/urdf_visualization:/opt/openrobots: /usr/bin/cmake --install /home/user/ros2_ws/dynamic_ws/build/show_urdf
[0.638s] -- Install configuration: ""
[0.638s] -- Installing: /home/user/ros2_ws/dynamic_ws/install/show_urdf/share/show_urdf/launch
[0.638s] -- Installing: /home/user/ros2_ws/dynamic_ws/install/show_urdf/share/show_urdf/launch/show_urdf.launch.py
[0.638s] -- Installing: /home/user/ros2_ws/dynamic_ws/install/show_urdf/share/show_urdf/urdf
[0.638s] -- Installing: /home/user/ros2_ws/dynamic_ws/install/show_urdf/share/show_urdf/urdf/marvin.urdf
[0.638s] -- Installing: /home/user/ros2_ws/dynamic_ws/install/show_urdf/share/show_urdf/meshes
[0.638s] -- Installing: /home/user/ros2_ws/dynamic_ws/install/show_urdf/share/show_urdf/meshes/Link1_L.STL
[0.638s] -- Installing: /home/user/ros2_ws/dynamic_ws/install/show_urdf/share/show_urdf/meshes/Base_L.STL
[0.638s] -- Installing: /home/user/ros2_ws/dynamic_ws/install/show_urdf/share/show_urdf/meshes/Link3_L.STL
[0.639s] -- Installing: /home/user/ros2_ws/dynamic_ws/install/show_urdf/share/show_urdf/meshes/Link2_L.STL
[0.639s] -- Installing: /home/user/ros2_ws/dynamic_ws/install/show_urdf/share/show_urdf/meshes/Link5_L.STL
[0.639s] -- Installing: /home/user/ros2_ws/dynamic_ws/install/show_urdf/share/show_urdf/meshes/Link4_L.STL
[0.639s] -- Installing: /home/user/ros2_ws/dynamic_ws/install/show_urdf/share/show_urdf/meshes/Link7_L.STL
[0.639s] -- Installing: /home/user/ros2_ws/dynamic_ws/install/show_urdf/share/show_urdf/meshes/Link6_L.STL
[0.639s] -- Installing: /home/user/ros2_ws/dynamic_ws/install/show_urdf/share/ament_index/resource_index/package_run_dependencies/show_urdf
[0.640s] -- Installing: /home/user/ros2_ws/dynamic_ws/install/show_urdf/share/ament_index/resource_index/parent_prefix_path/show_urdf
[0.644s] -- Installing: /home/user/ros2_ws/dynamic_ws/install/show_urdf/share/show_urdf/environment/ament_prefix_path.sh
[0.644s] -- Installing: /home/user/ros2_ws/dynamic_ws/install/show_urdf/share/show_urdf/environment/ament_prefix_path.dsv
[0.644s] -- Installing: /home/user/ros2_ws/dynamic_ws/install/show_urdf/share/show_urdf/environment/path.sh
[0.644s] -- Installing: /home/user/ros2_ws/dynamic_ws/install/show_urdf/share/show_urdf/environment/path.dsv
[0.644s] -- Installing: /home/user/ros2_ws/dynamic_ws/install/show_urdf/share/show_urdf/local_setup.bash
[0.644s] -- Installing: /home/user/ros2_ws/dynamic_ws/install/show_urdf/share/show_urdf/local_setup.sh
[0.644s] -- Installing: /home/user/ros2_ws/dynamic_ws/install/show_urdf/share/show_urdf/local_setup.zsh
[0.645s] -- Installing: /home/user/ros2_ws/dynamic_ws/install/show_urdf/share/show_urdf/local_setup.dsv
[0.645s] -- Installing: /home/user/ros2_ws/dynamic_ws/install/show_urdf/share/show_urdf/package.dsv
[0.645s] -- Installing: /home/user/ros2_ws/dynamic_ws/install/show_urdf/share/ament_index/resource_index/packages/show_urdf
[0.645s] -- Installing: /home/user/ros2_ws/dynamic_ws/install/show_urdf/share/show_urdf/cmake/show_urdfConfig.cmake
[0.645s] -- Installing: /home/user/ros2_ws/dynamic_ws/install/show_urdf/share/show_urdf/cmake/show_urdfConfig-version.cmake
[0.645s] -- Installing: /home/user/ros2_ws/dynamic_ws/install/show_urdf/share/show_urdf/package.xml
[0.646s] Invoked command in '/home/user/ros2_ws/dynamic_ws/build/show_urdf' returned '0': CMAKE_PREFIX_PATH=/opt/openrobots:/home/user/ros2_ws/dynamic_ws/install/w10_moveit_kinematics:/home/user/ros2_ws/dynamic_ws/install/w10_kinematics:/home/user/ros2_ws/dynamic_ws/install/w10_sim:/home/user/ros2_ws/dynamic_ws/install/w10_force_sim:/home/user/ros2_ws/dynamic_ws/install/vi_2p:/home/user/ros2_ws/dynamic_ws/install/vi:/home/user/ros2_ws/dynamic_ws/install/show_urdf:/home/user/ros2_ws/dynamic_ws/install/marvin_sim:/opt/ros/humble:/home/user/ros2_ws/w10_ws/install/w10-urdf:/home/user/ros2_ws/w10_ws/install/urdf_visualization:/opt/openrobots: /usr/bin/cmake --install /home/user/ros2_ws/dynamic_ws/build/show_urdf
