[0.022s] Invoking command in '/home/user/ros2_ws/dynamic_ws/build/w10_force_sim': CMAKE_PREFIX_PATH=/opt/openrobots:/home/user/ros2_ws/dynamic_ws/install/w10_moveit_kinematics:/home/user/ros2_ws/dynamic_ws/install/w10_kinematics:/home/user/ros2_ws/dynamic_ws/install/w10_sim:/home/user/ros2_ws/dynamic_ws/install/w10_force_sim:/home/user/ros2_ws/dynamic_ws/install/vi_2p:/home/user/ros2_ws/dynamic_ws/install/vi:/home/user/ros2_ws/dynamic_ws/install/show_urdf:/home/user/ros2_ws/dynamic_ws/install/marvin_sim:/opt/ros/humble:/home/user/ros2_ws/w10_ws/install/w10-urdf:/home/user/ros2_ws/w10_ws/install/urdf_visualization:/opt/openrobots: /usr/bin/cmake --build /home/user/ros2_ws/dynamic_ws/build/w10_force_sim -- -j32 -l32
[0.072s] [ 50%] Built target ctsvi_node
[0.078s] [100%] Built target ctsvi_ad_node
[0.129s] Invoked command in '/home/user/ros2_ws/dynamic_ws/build/w10_force_sim' returned '0': CMAKE_PREFIX_PATH=/opt/openrobots:/home/user/ros2_ws/dynamic_ws/install/w10_moveit_kinematics:/home/user/ros2_ws/dynamic_ws/install/w10_kinematics:/home/user/ros2_ws/dynamic_ws/install/w10_sim:/home/user/ros2_ws/dynamic_ws/install/w10_force_sim:/home/user/ros2_ws/dynamic_ws/install/vi_2p:/home/user/ros2_ws/dynamic_ws/install/vi:/home/user/ros2_ws/dynamic_ws/install/show_urdf:/home/user/ros2_ws/dynamic_ws/install/marvin_sim:/opt/ros/humble:/home/user/ros2_ws/w10_ws/install/w10-urdf:/home/user/ros2_ws/w10_ws/install/urdf_visualization:/opt/openrobots: /usr/bin/cmake --build /home/user/ros2_ws/dynamic_ws/build/w10_force_sim -- -j32 -l32
[0.130s] Invoking command in '/home/user/ros2_ws/dynamic_ws/build/w10_force_sim': CMAKE_PREFIX_PATH=/opt/openrobots:/home/user/ros2_ws/dynamic_ws/install/w10_moveit_kinematics:/home/user/ros2_ws/dynamic_ws/install/w10_kinematics:/home/user/ros2_ws/dynamic_ws/install/w10_sim:/home/user/ros2_ws/dynamic_ws/install/w10_force_sim:/home/user/ros2_ws/dynamic_ws/install/vi_2p:/home/user/ros2_ws/dynamic_ws/install/vi:/home/user/ros2_ws/dynamic_ws/install/show_urdf:/home/user/ros2_ws/dynamic_ws/install/marvin_sim:/opt/ros/humble:/home/user/ros2_ws/w10_ws/install/w10-urdf:/home/user/ros2_ws/w10_ws/install/urdf_visualization:/opt/openrobots: /usr/bin/cmake --install /home/user/ros2_ws/dynamic_ws/build/w10_force_sim
[0.134s] -- Install configuration: ""
[0.134s] -- Up-to-date: /home/user/ros2_ws/dynamic_ws/install/w10_force_sim/share/w10_force_sim/urdf
[0.134s] -- Up-to-date: /home/user/ros2_ws/dynamic_ws/install/w10_force_sim/share/w10_force_sim/urdf/7_pendulum.urdf
[0.134s] -- Up-to-date: /home/user/ros2_ws/dynamic_ws/install/w10_force_sim/share/w10_force_sim/urdf/w10_body.urdf
[0.134s] -- Up-to-date: /home/user/ros2_ws/dynamic_ws/install/w10_force_sim/share/w10_force_sim/urdf/1_pendulum.urdf
[0.134s] -- Up-to-date: /home/user/ros2_ws/dynamic_ws/install/w10_force_sim/share/w10_force_sim/meshes
[0.135s] -- Up-to-date: /home/user/ros2_ws/dynamic_ws/install/w10_force_sim/share/w10_force_sim/meshes/base_link.STL
[0.135s] -- Up-to-date: /home/user/ros2_ws/dynamic_ws/install/w10_force_sim/share/w10_force_sim/meshes/Link1.STL
[0.135s] -- Up-to-date: /home/user/ros2_ws/dynamic_ws/install/w10_force_sim/share/w10_force_sim/meshes/Link6.STL
[0.135s] -- Up-to-date: /home/user/ros2_ws/dynamic_ws/install/w10_force_sim/share/w10_force_sim/meshes/Link7.STL
[0.135s] -- Up-to-date: /home/user/ros2_ws/dynamic_ws/install/w10_force_sim/share/w10_force_sim/meshes/Link3.STL
[0.135s] -- Up-to-date: /home/user/ros2_ws/dynamic_ws/install/w10_force_sim/share/w10_force_sim/meshes/Link4.STL
[0.135s] -- Up-to-date: /home/user/ros2_ws/dynamic_ws/install/w10_force_sim/share/w10_force_sim/meshes/Link5.STL
[0.135s] -- Up-to-date: /home/user/ros2_ws/dynamic_ws/install/w10_force_sim/share/w10_force_sim/meshes/Link2.STL
[0.135s] -- Up-to-date: /home/user/ros2_ws/dynamic_ws/install/w10_force_sim/share/w10_force_sim/launch
[0.135s] -- Up-to-date: /home/user/ros2_ws/dynamic_ws/install/w10_force_sim/share/w10_force_sim/config
[0.135s] -- Up-to-date: /home/user/ros2_ws/dynamic_ws/install/w10_force_sim/share/w10_force_sim/config/vi_params.yaml
[0.135s] -- Up-to-date: /home/user/ros2_ws/dynamic_ws/install/w10_force_sim/share/w10_force_sim/config/plot_config.yaml
[0.135s] -- Up-to-date: /home/user/ros2_ws/dynamic_ws/install/w10_force_sim/share/w10_force_sim/scripts
[0.135s] -- Up-to-date: /home/user/ros2_ws/dynamic_ws/install/w10_force_sim/share/w10_force_sim/scripts/analyze_vi_results.py
[0.136s] -- Up-to-date: /home/user/ros2_ws/dynamic_ws/install/w10_force_sim/share/w10_force_sim/scripts/vi_sim.py
[0.136s] -- Up-to-date: /home/user/ros2_ws/dynamic_ws/install/w10_force_sim/lib/w10_force_sim/vi_sim.py
[0.136s] -- Up-to-date: /home/user/ros2_ws/dynamic_ws/install/w10_force_sim/lib/w10_force_sim/analyze_vi_results.py
[0.136s] -- Up-to-date: /home/user/ros2_ws/dynamic_ws/install/w10_force_sim/include
[0.137s] -- Up-to-date: /home/user/ros2_ws/dynamic_ws/install/w10_force_sim/lib/w10_force_sim/ctsvi_ad_node
[0.137s] -- Up-to-date: /home/user/ros2_ws/dynamic_ws/install/w10_force_sim/lib/w10_force_sim/ctsvi_node
[0.137s] -- Up-to-date: /home/user/ros2_ws/dynamic_ws/install/w10_force_sim/share/ament_index/resource_index/package_run_dependencies/w10_force_sim
[0.137s] -- Up-to-date: /home/user/ros2_ws/dynamic_ws/install/w10_force_sim/share/ament_index/resource_index/parent_prefix_path/w10_force_sim
[0.137s] -- Up-to-date: /home/user/ros2_ws/dynamic_ws/install/w10_force_sim/share/w10_force_sim/environment/ament_prefix_path.sh
[0.137s] -- Up-to-date: /home/user/ros2_ws/dynamic_ws/install/w10_force_sim/share/w10_force_sim/environment/ament_prefix_path.dsv
[0.137s] -- Up-to-date: /home/user/ros2_ws/dynamic_ws/install/w10_force_sim/share/w10_force_sim/environment/path.sh
[0.137s] -- Up-to-date: /home/user/ros2_ws/dynamic_ws/install/w10_force_sim/share/w10_force_sim/environment/path.dsv
[0.137s] -- Up-to-date: /home/user/ros2_ws/dynamic_ws/install/w10_force_sim/share/w10_force_sim/local_setup.bash
[0.137s] -- Up-to-date: /home/user/ros2_ws/dynamic_ws/install/w10_force_sim/share/w10_force_sim/local_setup.sh
[0.137s] -- Up-to-date: /home/user/ros2_ws/dynamic_ws/install/w10_force_sim/share/w10_force_sim/local_setup.zsh
[0.137s] -- Up-to-date: /home/user/ros2_ws/dynamic_ws/install/w10_force_sim/share/w10_force_sim/local_setup.dsv
[0.137s] -- Installing: /home/user/ros2_ws/dynamic_ws/install/w10_force_sim/share/w10_force_sim/package.dsv
[0.137s] -- Up-to-date: /home/user/ros2_ws/dynamic_ws/install/w10_force_sim/share/ament_index/resource_index/packages/w10_force_sim
[0.138s] -- Up-to-date: /home/user/ros2_ws/dynamic_ws/install/w10_force_sim/share/w10_force_sim/cmake/ament_cmake_export_dependencies-extras.cmake
[0.138s] -- Up-to-date: /home/user/ros2_ws/dynamic_ws/install/w10_force_sim/share/w10_force_sim/cmake/ament_cmake_export_include_directories-extras.cmake
[0.138s] -- Up-to-date: /home/user/ros2_ws/dynamic_ws/install/w10_force_sim/share/w10_force_sim/cmake/w10_force_simConfig.cmake
[0.138s] -- Up-to-date: /home/user/ros2_ws/dynamic_ws/install/w10_force_sim/share/w10_force_sim/cmake/w10_force_simConfig-version.cmake
[0.138s] -- Up-to-date: /home/user/ros2_ws/dynamic_ws/install/w10_force_sim/share/w10_force_sim/package.xml
[0.138s] Invoked command in '/home/user/ros2_ws/dynamic_ws/build/w10_force_sim' returned '0': CMAKE_PREFIX_PATH=/opt/openrobots:/home/user/ros2_ws/dynamic_ws/install/w10_moveit_kinematics:/home/user/ros2_ws/dynamic_ws/install/w10_kinematics:/home/user/ros2_ws/dynamic_ws/install/w10_sim:/home/user/ros2_ws/dynamic_ws/install/w10_force_sim:/home/user/ros2_ws/dynamic_ws/install/vi_2p:/home/user/ros2_ws/dynamic_ws/install/vi:/home/user/ros2_ws/dynamic_ws/install/show_urdf:/home/user/ros2_ws/dynamic_ws/install/marvin_sim:/opt/ros/humble:/home/user/ros2_ws/w10_ws/install/w10-urdf:/home/user/ros2_ws/w10_ws/install/urdf_visualization:/opt/openrobots: /usr/bin/cmake --install /home/user/ros2_ws/dynamic_ws/build/w10_force_sim
