[0.014s] Invoking command in '/home/user/ros2_ws/dynamic_ws/build/show_urdf': CMAKE_PREFIX_PATH=/opt/openrobots:/home/user/ros2_ws/dynamic_ws/install/w10_moveit_kinematics:/home/user/ros2_ws/dynamic_ws/install/w10_kinematics:/home/user/ros2_ws/dynamic_ws/install/w10_sim:/home/user/ros2_ws/dynamic_ws/install/w10_force_sim:/home/user/ros2_ws/dynamic_ws/install/vi_2p:/home/user/ros2_ws/dynamic_ws/install/vi:/home/user/ros2_ws/dynamic_ws/install/show_urdf:/home/user/ros2_ws/dynamic_ws/install/marvin_sim:/opt/ros/humble:/home/user/ros2_ws/w10_ws/install/w10-urdf:/home/user/ros2_ws/w10_ws/install/urdf_visualization:/opt/openrobots: /usr/bin/cmake --build /home/user/ros2_ws/dynamic_ws/build/show_urdf -- -j32 -l32
[0.051s] Invoked command in '/home/user/ros2_ws/dynamic_ws/build/show_urdf' returned '0': CMAKE_PREFIX_PATH=/opt/openrobots:/home/user/ros2_ws/dynamic_ws/install/w10_moveit_kinematics:/home/user/ros2_ws/dynamic_ws/install/w10_kinematics:/home/user/ros2_ws/dynamic_ws/install/w10_sim:/home/user/ros2_ws/dynamic_ws/install/w10_force_sim:/home/user/ros2_ws/dynamic_ws/install/vi_2p:/home/user/ros2_ws/dynamic_ws/install/vi:/home/user/ros2_ws/dynamic_ws/install/show_urdf:/home/user/ros2_ws/dynamic_ws/install/marvin_sim:/opt/ros/humble:/home/user/ros2_ws/w10_ws/install/w10-urdf:/home/user/ros2_ws/w10_ws/install/urdf_visualization:/opt/openrobots: /usr/bin/cmake --build /home/user/ros2_ws/dynamic_ws/build/show_urdf -- -j32 -l32
[0.061s] Invoking command in '/home/user/ros2_ws/dynamic_ws/build/show_urdf': CMAKE_PREFIX_PATH=/opt/openrobots:/home/user/ros2_ws/dynamic_ws/install/w10_moveit_kinematics:/home/user/ros2_ws/dynamic_ws/install/w10_kinematics:/home/user/ros2_ws/dynamic_ws/install/w10_sim:/home/user/ros2_ws/dynamic_ws/install/w10_force_sim:/home/user/ros2_ws/dynamic_ws/install/vi_2p:/home/user/ros2_ws/dynamic_ws/install/vi:/home/user/ros2_ws/dynamic_ws/install/show_urdf:/home/user/ros2_ws/dynamic_ws/install/marvin_sim:/opt/ros/humble:/home/user/ros2_ws/w10_ws/install/w10-urdf:/home/user/ros2_ws/w10_ws/install/urdf_visualization:/opt/openrobots: /usr/bin/cmake --install /home/user/ros2_ws/dynamic_ws/build/show_urdf
[0.070s] -- Install configuration: ""
[0.072s] -- Up-to-date: /home/user/ros2_ws/dynamic_ws/install/show_urdf/share/show_urdf/launch
[0.074s] -- Up-to-date: /home/user/ros2_ws/dynamic_ws/install/show_urdf/share/show_urdf/launch/show_urdf.launch.py
[0.076s] -- Up-to-date: /home/user/ros2_ws/dynamic_ws/install/show_urdf/share/show_urdf/urdf
[0.076s] -- Up-to-date: /home/user/ros2_ws/dynamic_ws/install/show_urdf/share/show_urdf/urdf/marvin.urdf
[0.076s] -- Up-to-date: /home/user/ros2_ws/dynamic_ws/install/show_urdf/share/show_urdf/meshes
[0.076s] -- Up-to-date: /home/user/ros2_ws/dynamic_ws/install/show_urdf/share/show_urdf/meshes/Link1_L.STL
[0.076s] -- Up-to-date: /home/user/ros2_ws/dynamic_ws/install/show_urdf/share/show_urdf/meshes/Base_L.STL
[0.076s] -- Up-to-date: /home/user/ros2_ws/dynamic_ws/install/show_urdf/share/show_urdf/meshes/Link3_L.STL
[0.076s] -- Up-to-date: /home/user/ros2_ws/dynamic_ws/install/show_urdf/share/show_urdf/meshes/Link2_L.STL
[0.077s] -- Up-to-date: /home/user/ros2_ws/dynamic_ws/install/show_urdf/share/show_urdf/meshes/Link5_L.STL
[0.077s] -- Up-to-date: /home/user/ros2_ws/dynamic_ws/install/show_urdf/share/show_urdf/meshes/Link4_L.STL
[0.077s] -- Up-to-date: /home/user/ros2_ws/dynamic_ws/install/show_urdf/share/show_urdf/meshes/Link7_L.STL
[0.077s] -- Up-to-date: /home/user/ros2_ws/dynamic_ws/install/show_urdf/share/show_urdf/meshes/Link6_L.STL
[0.077s] -- Up-to-date: /home/user/ros2_ws/dynamic_ws/install/show_urdf/share/ament_index/resource_index/package_run_dependencies/show_urdf
[0.077s] -- Up-to-date: /home/user/ros2_ws/dynamic_ws/install/show_urdf/share/ament_index/resource_index/parent_prefix_path/show_urdf
[0.077s] -- Up-to-date: /home/user/ros2_ws/dynamic_ws/install/show_urdf/share/show_urdf/environment/ament_prefix_path.sh
[0.078s] -- Up-to-date: /home/user/ros2_ws/dynamic_ws/install/show_urdf/share/show_urdf/environment/ament_prefix_path.dsv
[0.078s] -- Up-to-date: /home/user/ros2_ws/dynamic_ws/install/show_urdf/share/show_urdf/environment/path.sh
[0.078s] -- Up-to-date: /home/user/ros2_ws/dynamic_ws/install/show_urdf/share/show_urdf/environment/path.dsv
[0.078s] -- Up-to-date: /home/user/ros2_ws/dynamic_ws/install/show_urdf/share/show_urdf/local_setup.bash
[0.089s] -- Up-to-date: /home/user/ros2_ws/dynamic_ws/install/show_urdf/share/show_urdf/local_setup.sh
[0.089s] -- Up-to-date: /home/user/ros2_ws/dynamic_ws/install/show_urdf/share/show_urdf/local_setup.zsh
[0.090s] -- Up-to-date: /home/user/ros2_ws/dynamic_ws/install/show_urdf/share/show_urdf/local_setup.dsv
[0.092s] -- Installing: /home/user/ros2_ws/dynamic_ws/install/show_urdf/share/show_urdf/package.dsv
[0.092s] -- Up-to-date: /home/user/ros2_ws/dynamic_ws/install/show_urdf/share/ament_index/resource_index/packages/show_urdf
[0.092s] -- Up-to-date: /home/user/ros2_ws/dynamic_ws/install/show_urdf/share/show_urdf/cmake/show_urdfConfig.cmake
[0.093s] -- Up-to-date: /home/user/ros2_ws/dynamic_ws/install/show_urdf/share/show_urdf/cmake/show_urdfConfig-version.cmake
[0.093s] -- Up-to-date: /home/user/ros2_ws/dynamic_ws/install/show_urdf/share/show_urdf/package.xml
[0.093s] Invoked command in '/home/user/ros2_ws/dynamic_ws/build/show_urdf' returned '0': CMAKE_PREFIX_PATH=/opt/openrobots:/home/user/ros2_ws/dynamic_ws/install/w10_moveit_kinematics:/home/user/ros2_ws/dynamic_ws/install/w10_kinematics:/home/user/ros2_ws/dynamic_ws/install/w10_sim:/home/user/ros2_ws/dynamic_ws/install/w10_force_sim:/home/user/ros2_ws/dynamic_ws/install/vi_2p:/home/user/ros2_ws/dynamic_ws/install/vi:/home/user/ros2_ws/dynamic_ws/install/show_urdf:/home/user/ros2_ws/dynamic_ws/install/marvin_sim:/opt/ros/humble:/home/user/ros2_ws/w10_ws/install/w10-urdf:/home/user/ros2_ws/w10_ws/install/urdf_visualization:/opt/openrobots: /usr/bin/cmake --install /home/user/ros2_ws/dynamic_ws/build/show_urdf
