[0.013s] Invoking command in '/home/user/ros2_ws/dynamic_ws/build/w10_moveit_kinematics': CMAKE_PREFIX_PATH=/home/user/ros2_ws/dynamic_ws/install/w10_sim:/opt/openrobots:/home/user/ros2_ws/dynamic_ws/install/w10_moveit_kinematics:/home/user/ros2_ws/dynamic_ws/install/w10_kinematics:/home/user/ros2_ws/dynamic_ws/install/vi_2p:/home/user/ros2_ws/dynamic_ws/install/vi:/opt/ros/humble:/home/user/ros2_ws/w10_ws/install/w10-urdf:/home/user/ros2_ws/w10_ws/install/urdf_visualization:/opt/openrobots /usr/bin/cmake /home/user/ros2_ws/dynamic_ws/src/w10_moveit_kinematics -DCMAKE_INSTALL_PREFIX=/home/user/ros2_ws/dynamic_ws/install/w10_moveit_kinematics
[0.151s] -- The C compiler identification is GNU 11.4.0
[0.255s] -- The CXX compiler identification is GNU 11.4.0
[0.318s] -- Detecting C compiler ABI info
[0.404s] -- Detecting C compiler ABI info - done
[0.409s] -- Check for working C compiler: /usr/bin/cc - skipped
[0.410s] -- Detecting C compile features
[0.410s] -- Detecting C compile features - done
[0.440s] -- Detecting CXX compiler ABI info
[0.533s] -- Detecting CXX compiler ABI info - done
[0.538s] -- Check for working CXX compiler: /usr/bin/c++ - skipped
[0.538s] -- Detecting CXX compile features
[0.539s] -- Detecting CXX compile features - done
[0.645s] -- Found ament_cmake: 1.3.12 (/opt/ros/humble/share/ament_cmake/cmake)
[0.767s] -- Found Python3: /usr/bin/python3 (found version "3.10.12") found components: Interpreter 
[0.881s] -- Found rclpy: 3.3.19 (/opt/ros/humble/share/rclpy/cmake)
[1.047s] -- Configuring done
[1.050s] -- Generating done
[1.053s] -- Build files have been written to: /home/user/ros2_ws/dynamic_ws/build/w10_moveit_kinematics
[1.055s] Invoked command in '/home/user/ros2_ws/dynamic_ws/build/w10_moveit_kinematics' returned '0': CMAKE_PREFIX_PATH=/home/user/ros2_ws/dynamic_ws/install/w10_sim:/opt/openrobots:/home/user/ros2_ws/dynamic_ws/install/w10_moveit_kinematics:/home/user/ros2_ws/dynamic_ws/install/w10_kinematics:/home/user/ros2_ws/dynamic_ws/install/vi_2p:/home/user/ros2_ws/dynamic_ws/install/vi:/opt/ros/humble:/home/user/ros2_ws/w10_ws/install/w10-urdf:/home/user/ros2_ws/w10_ws/install/urdf_visualization:/opt/openrobots /usr/bin/cmake /home/user/ros2_ws/dynamic_ws/src/w10_moveit_kinematics -DCMAKE_INSTALL_PREFIX=/home/user/ros2_ws/dynamic_ws/install/w10_moveit_kinematics
[1.057s] Invoking command in '/home/user/ros2_ws/dynamic_ws/build/w10_moveit_kinematics': CMAKE_PREFIX_PATH=/home/user/ros2_ws/dynamic_ws/install/w10_sim:/opt/openrobots:/home/user/ros2_ws/dynamic_ws/install/w10_moveit_kinematics:/home/user/ros2_ws/dynamic_ws/install/w10_kinematics:/home/user/ros2_ws/dynamic_ws/install/vi_2p:/home/user/ros2_ws/dynamic_ws/install/vi:/opt/ros/humble:/home/user/ros2_ws/w10_ws/install/w10-urdf:/home/user/ros2_ws/w10_ws/install/urdf_visualization:/opt/openrobots /usr/bin/cmake --build /home/user/ros2_ws/dynamic_ws/build/w10_moveit_kinematics -- -j32 -l32
[1.094s] Built target ament_cmake_python_copy_kinematics_experiments
[1.348s] running egg_info
[1.348s] creating kinematics_experiments.egg-info
[1.348s] writing kinematics_experiments.egg-info/PKG-INFO
[1.348s] writing dependency_links to kinematics_experiments.egg-info/dependency_links.txt
[1.348s] writing top-level names to kinematics_experiments.egg-info/top_level.txt
[1.349s] writing manifest file 'kinematics_experiments.egg-info/SOURCES.txt'
[1.351s] reading manifest file 'kinematics_experiments.egg-info/SOURCES.txt'
[1.351s] writing manifest file 'kinematics_experiments.egg-info/SOURCES.txt'
[1.368s] Built target ament_cmake_python_build_kinematics_experiments_egg
[1.375s] Invoked command in '/home/user/ros2_ws/dynamic_ws/build/w10_moveit_kinematics' returned '0': CMAKE_PREFIX_PATH=/home/user/ros2_ws/dynamic_ws/install/w10_sim:/opt/openrobots:/home/user/ros2_ws/dynamic_ws/install/w10_moveit_kinematics:/home/user/ros2_ws/dynamic_ws/install/w10_kinematics:/home/user/ros2_ws/dynamic_ws/install/vi_2p:/home/user/ros2_ws/dynamic_ws/install/vi:/opt/ros/humble:/home/user/ros2_ws/w10_ws/install/w10-urdf:/home/user/ros2_ws/w10_ws/install/urdf_visualization:/opt/openrobots /usr/bin/cmake --build /home/user/ros2_ws/dynamic_ws/build/w10_moveit_kinematics -- -j32 -l32
[1.376s] Invoking command in '/home/user/ros2_ws/dynamic_ws/build/w10_moveit_kinematics': CMAKE_PREFIX_PATH=/home/user/ros2_ws/dynamic_ws/install/w10_sim:/opt/openrobots:/home/user/ros2_ws/dynamic_ws/install/w10_moveit_kinematics:/home/user/ros2_ws/dynamic_ws/install/w10_kinematics:/home/user/ros2_ws/dynamic_ws/install/vi_2p:/home/user/ros2_ws/dynamic_ws/install/vi:/opt/ros/humble:/home/user/ros2_ws/w10_ws/install/w10-urdf:/home/user/ros2_ws/w10_ws/install/urdf_visualization:/opt/openrobots /usr/bin/cmake --install /home/user/ros2_ws/dynamic_ws/build/w10_moveit_kinematics
[1.380s] -- Install configuration: ""
[1.380s] -- Installing: /home/user/ros2_ws/dynamic_ws/install/w10_moveit_kinematics/share/w10_moveit_kinematics/environment/pythonpath.sh
[1.380s] -- Installing: /home/user/ros2_ws/dynamic_ws/install/w10_moveit_kinematics/share/w10_moveit_kinematics/environment/pythonpath.dsv
[1.380s] -- Installing: /home/user/ros2_ws/dynamic_ws/install/w10_moveit_kinematics/local/lib/python3.10/dist-packages/kinematics_experiments-0.1.0-py3.10.egg-info
[1.380s] -- Installing: /home/user/ros2_ws/dynamic_ws/install/w10_moveit_kinematics/local/lib/python3.10/dist-packages/kinematics_experiments-0.1.0-py3.10.egg-info/PKG-INFO
[1.422s] -- Installing: /home/user/ros2_ws/dynamic_ws/install/w10_moveit_kinematics/local/lib/python3.10/dist-packages/kinematics_experiments-0.1.0-py3.10.egg-info/SOURCES.txt
[1.422s] -- Installing: /home/user/ros2_ws/dynamic_ws/install/w10_moveit_kinematics/local/lib/python3.10/dist-packages/kinematics_experiments-0.1.0-py3.10.egg-info/dependency_links.txt
[1.422s] -- Installing: /home/user/ros2_ws/dynamic_ws/install/w10_moveit_kinematics/local/lib/python3.10/dist-packages/kinematics_experiments-0.1.0-py3.10.egg-info/top_level.txt
[1.423s] -- Installing: /home/user/ros2_ws/dynamic_ws/install/w10_moveit_kinematics/local/lib/python3.10/dist-packages/kinematics_experiments
[1.423s] -- Installing: /home/user/ros2_ws/dynamic_ws/install/w10_moveit_kinematics/local/lib/python3.10/dist-packages/kinematics_experiments/src
[1.423s] -- Installing: /home/user/ros2_ws/dynamic_ws/install/w10_moveit_kinematics/local/lib/python3.10/dist-packages/kinematics_experiments/src/kinematics_solver.py
[1.423s] -- Installing: /home/user/ros2_ws/dynamic_ws/install/w10_moveit_kinematics/local/lib/python3.10/dist-packages/kinematics_experiments/scripts
[1.423s] -- Installing: /home/user/ros2_ws/dynamic_ws/install/w10_moveit_kinematics/local/lib/python3.10/dist-packages/kinematics_experiments/scripts/inverse_kinematics_demo.py
[1.423s] -- Installing: /home/user/ros2_ws/dynamic_ws/install/w10_moveit_kinematics/local/lib/python3.10/dist-packages/kinematics_experiments/scripts/forward_kinematics_demo.py
[1.423s] -- Installing: /home/user/ros2_ws/dynamic_ws/install/w10_moveit_kinematics/local/lib/python3.10/dist-packages/kinematics_experiments/scripts/joint_state_publisher.py
[1.423s] -- Installing: /home/user/ros2_ws/dynamic_ws/install/w10_moveit_kinematics/local/lib/python3.10/dist-packages/kinematics_experiments/scripts/motion_planning_demo.py
[1.423s] -- Installing: /home/user/ros2_ws/dynamic_ws/install/w10_moveit_kinematics/local/lib/python3.10/dist-packages/kinematics_experiments/scripts/interactive_kinematics.py
[1.423s] -- Installing: /home/user/ros2_ws/dynamic_ws/install/w10_moveit_kinematics/local/lib/python3.10/dist-packages/kinematics_experiments/__init__.py
[1.466s] Listing '/home/user/ros2_ws/dynamic_ws/install/w10_moveit_kinematics/local/lib/python3.10/dist-packages/kinematics_experiments'...
[1.466s] Compiling '/home/user/ros2_ws/dynamic_ws/install/w10_moveit_kinematics/local/lib/python3.10/dist-packages/kinematics_experiments/__init__.py'...
[1.466s] Listing '/home/user/ros2_ws/dynamic_ws/install/w10_moveit_kinematics/local/lib/python3.10/dist-packages/kinematics_experiments/scripts'...
[1.466s] Compiling '/home/user/ros2_ws/dynamic_ws/install/w10_moveit_kinematics/local/lib/python3.10/dist-packages/kinematics_experiments/scripts/forward_kinematics_demo.py'...
[1.466s] Compiling '/home/user/ros2_ws/dynamic_ws/install/w10_moveit_kinematics/local/lib/python3.10/dist-packages/kinematics_experiments/scripts/interactive_kinematics.py'...
[1.466s] Compiling '/home/user/ros2_ws/dynamic_ws/install/w10_moveit_kinematics/local/lib/python3.10/dist-packages/kinematics_experiments/scripts/inverse_kinematics_demo.py'...
[1.466s] Compiling '/home/user/ros2_ws/dynamic_ws/install/w10_moveit_kinematics/local/lib/python3.10/dist-packages/kinematics_experiments/scripts/joint_state_publisher.py'...
[1.466s] Compiling '/home/user/ros2_ws/dynamic_ws/install/w10_moveit_kinematics/local/lib/python3.10/dist-packages/kinematics_experiments/scripts/motion_planning_demo.py'...
[1.466s] Listing '/home/user/ros2_ws/dynamic_ws/install/w10_moveit_kinematics/local/lib/python3.10/dist-packages/kinematics_experiments/src'...
[1.466s] Compiling '/home/user/ros2_ws/dynamic_ws/install/w10_moveit_kinematics/local/lib/python3.10/dist-packages/kinematics_experiments/src/kinematics_solver.py'...
[1.469s] -- Installing: /home/user/ros2_ws/dynamic_ws/install/w10_moveit_kinematics/lib/w10_moveit_kinematics/forward_kinematics_demo.py
[1.469s] -- Installing: /home/user/ros2_ws/dynamic_ws/install/w10_moveit_kinematics/lib/w10_moveit_kinematics/inverse_kinematics_demo.py
[1.469s] -- Installing: /home/user/ros2_ws/dynamic_ws/install/w10_moveit_kinematics/lib/w10_moveit_kinematics/motion_planning_demo.py
[1.469s] -- Installing: /home/user/ros2_ws/dynamic_ws/install/w10_moveit_kinematics/lib/w10_moveit_kinematics/interactive_kinematics.py
[1.470s] -- Installing: /home/user/ros2_ws/dynamic_ws/install/w10_moveit_kinematics/lib/w10_moveit_kinematics/joint_state_publisher.py
[1.470s] -- Installing: /home/user/ros2_ws/dynamic_ws/install/w10_moveit_kinematics/share/w10_moveit_kinematics/launch
[1.470s] -- Installing: /home/user/ros2_ws/dynamic_ws/install/w10_moveit_kinematics/share/w10_moveit_kinematics/launch/move_group.launch.py
[1.470s] -- Installing: /home/user/ros2_ws/dynamic_ws/install/w10_moveit_kinematics/share/w10_moveit_kinematics/launch/move_group_minimal.launch.py
[1.470s] -- Installing: /home/user/ros2_ws/dynamic_ws/install/w10_moveit_kinematics/share/w10_moveit_kinematics/config
[1.470s] -- Installing: /home/user/ros2_ws/dynamic_ws/install/w10_moveit_kinematics/share/w10_moveit_kinematics/config/moveit_planning_adapters.yaml
[1.470s] -- Installing: /home/user/ros2_ws/dynamic_ws/install/w10_moveit_kinematics/share/w10_moveit_kinematics/config/kinematics.yaml
[1.470s] -- Installing: /home/user/ros2_ws/dynamic_ws/install/w10_moveit_kinematics/share/w10_moveit_kinematics/config/w10_sim.srdf
[1.470s] -- Installing: /home/user/ros2_ws/dynamic_ws/install/w10_moveit_kinematics/share/w10_moveit_kinematics/config/joint_limits.yaml
[1.470s] -- Installing: /home/user/ros2_ws/dynamic_ws/install/w10_moveit_kinematics/share/ament_index/resource_index/package_run_dependencies/w10_moveit_kinematics
[1.470s] -- Installing: /home/user/ros2_ws/dynamic_ws/install/w10_moveit_kinematics/share/ament_index/resource_index/parent_prefix_path/w10_moveit_kinematics
[1.470s] -- Installing: /home/user/ros2_ws/dynamic_ws/install/w10_moveit_kinematics/share/w10_moveit_kinematics/environment/ament_prefix_path.sh
[1.470s] -- Installing: /home/user/ros2_ws/dynamic_ws/install/w10_moveit_kinematics/share/w10_moveit_kinematics/environment/ament_prefix_path.dsv
[1.470s] -- Installing: /home/user/ros2_ws/dynamic_ws/install/w10_moveit_kinematics/share/w10_moveit_kinematics/environment/path.sh
[1.471s] -- Installing: /home/user/ros2_ws/dynamic_ws/install/w10_moveit_kinematics/share/w10_moveit_kinematics/environment/path.dsv
[1.471s] -- Installing: /home/user/ros2_ws/dynamic_ws/install/w10_moveit_kinematics/share/w10_moveit_kinematics/local_setup.bash
[1.471s] -- Installing: /home/user/ros2_ws/dynamic_ws/install/w10_moveit_kinematics/share/w10_moveit_kinematics/local_setup.sh
[1.471s] -- Installing: /home/user/ros2_ws/dynamic_ws/install/w10_moveit_kinematics/share/w10_moveit_kinematics/local_setup.zsh
[1.471s] -- Installing: /home/user/ros2_ws/dynamic_ws/install/w10_moveit_kinematics/share/w10_moveit_kinematics/local_setup.dsv
[1.471s] -- Installing: /home/user/ros2_ws/dynamic_ws/install/w10_moveit_kinematics/share/w10_moveit_kinematics/package.dsv
[1.471s] -- Installing: /home/user/ros2_ws/dynamic_ws/install/w10_moveit_kinematics/share/ament_index/resource_index/packages/w10_moveit_kinematics
[1.471s] -- Installing: /home/user/ros2_ws/dynamic_ws/install/w10_moveit_kinematics/share/w10_moveit_kinematics/cmake/w10_moveit_kinematicsConfig.cmake
[1.471s] -- Installing: /home/user/ros2_ws/dynamic_ws/install/w10_moveit_kinematics/share/w10_moveit_kinematics/cmake/w10_moveit_kinematicsConfig-version.cmake
[1.471s] -- Installing: /home/user/ros2_ws/dynamic_ws/install/w10_moveit_kinematics/share/w10_moveit_kinematics/package.xml
[1.473s] Invoked command in '/home/user/ros2_ws/dynamic_ws/build/w10_moveit_kinematics' returned '0': CMAKE_PREFIX_PATH=/home/user/ros2_ws/dynamic_ws/install/w10_sim:/opt/openrobots:/home/user/ros2_ws/dynamic_ws/install/w10_moveit_kinematics:/home/user/ros2_ws/dynamic_ws/install/w10_kinematics:/home/user/ros2_ws/dynamic_ws/install/vi_2p:/home/user/ros2_ws/dynamic_ws/install/vi:/opt/ros/humble:/home/user/ros2_ws/w10_ws/install/w10-urdf:/home/user/ros2_ws/w10_ws/install/urdf_visualization:/opt/openrobots /usr/bin/cmake --install /home/user/ros2_ws/dynamic_ws/build/w10_moveit_kinematics
