[0.012s] Invoking command in '/home/user/ros2_ws/dynamic_ws/build/w10_force_sim': CMAKE_PREFIX_PATH=/opt/openrobots:/home/user/ros2_ws/dynamic_ws/install/w10_moveit_kinematics:/home/user/ros2_ws/dynamic_ws/install/w10_kinematics:/home/user/ros2_ws/dynamic_ws/install/w10_sim:/home/user/ros2_ws/dynamic_ws/install/vi_2p:/home/user/ros2_ws/dynamic_ws/install/vi:/opt/ros/humble:/home/user/ros2_ws/w10_ws/install/w10-urdf:/home/user/ros2_ws/w10_ws/install/urdf_visualization:/opt/openrobots: /usr/bin/cmake /home/user/ros2_ws/dynamic_ws/src/w10_force_sim -DCMAKE_INSTALL_PREFIX=/home/user/ros2_ws/dynamic_ws/install/w10_force_sim
[0.074s] -- The C compiler identification is GNU 11.4.0
[0.128s] -- The CXX compiler identification is GNU 11.4.0
[0.147s] -- Detecting C compiler ABI info
[0.212s] -- Detecting C compiler ABI info - done
[0.216s] -- Check for working C compiler: /usr/bin/cc - skipped
[0.217s] -- Detecting C compile features
[0.217s] -- Detecting C compile features - done
[0.237s] -- Detecting CXX compiler ABI info
[0.322s] -- Detecting CXX compiler ABI info - done
[0.327s] -- Check for working CXX compiler: /usr/bin/c++ - skipped
[0.328s] -- Detecting CXX compile features
[0.328s] -- Detecting CXX compile features - done
[0.341s] -- Found ament_cmake_auto: 1.3.12 (/opt/ros/humble/share/ament_cmake_auto/cmake)
[0.466s] -- Found Python3: /usr/bin/python3 (found version "3.10.12") found components: Interpreter 
[0.739s] -- Found rosidl_generator_c: 3.1.7 (/opt/ros/humble/share/rosidl_generator_c/cmake)
[0.741s] -- Found rosidl_adapter: 3.1.7 (/opt/ros/humble/share/rosidl_adapter/cmake)
[0.754s] -- Found rosidl_generator_cpp: 3.1.7 (/opt/ros/humble/share/rosidl_generator_cpp/cmake)
[0.788s] -- Using all available rosidl_typesupport_c: rosidl_typesupport_fastrtps_c;rosidl_typesupport_introspection_c
[0.805s] -- Using all available rosidl_typesupport_cpp: rosidl_typesupport_fastrtps_cpp;rosidl_typesupport_introspection_cpp
[0.895s] -- Found rmw_implementation_cmake: 6.1.2 (/opt/ros/humble/share/rmw_implementation_cmake/cmake)
[0.898s] -- Found rmw_fastrtps_cpp: 6.2.9 (/opt/ros/humble/share/rmw_fastrtps_cpp/cmake)
[0.967s] -- Found OpenSSL: /usr/lib/x86_64-linux-gnu/libcrypto.so (found version "3.0.2")  
[0.989s] -- Found FastRTPS: /opt/ros/humble/include  
[1.018s] -- Using RMW implementation 'rmw_fastrtps_cpp' as default
[1.035s] -- Looking for pthread.h
[1.093s] -- Looking for pthread.h - found
[1.093s] -- Performing Test CMAKE_HAVE_LIBC_PTHREAD
[1.147s] -- Performing Test CMAKE_HAVE_LIBC_PTHREAD - Success
[1.148s] -- Found Threads: TRUE  
[1.272s] -- pinocchio_default FOUND. pinocchio_default at /opt/openrobots/lib/libpinocchio_default.so
[1.272s] -- pinocchio_parsers FOUND. pinocchio_parsers at /opt/openrobots/lib/libpinocchio_parsers.so
[1.272s] -- pinocchio_casadi FOUND. pinocchio_casadi at /opt/openrobots/lib/libpinocchio_casadi.so
[1.273s] -- boost_filesystem FOUND. boost_filesystem at /usr/lib/x86_64-linux-gnu/libboost_filesystem.so
[1.273s] -- boost_serialization FOUND. boost_serialization at /usr/lib/x86_64-linux-gnu/libboost_serialization.so
[1.274s] -- boost_system FOUND. boost_system at /usr/lib/x86_64-linux-gnu/libboost_system.so
[1.318s] [33mCMake Warning at /opt/openrobots/lib/cmake/hpp-fcl/hpp-fclConfig.cmake:3 (message):
[1.319s]   Please update your CMake from 'hpp-fcl' to 'coal'
[1.319s] Call Stack (most recent call first):
[1.319s]   /usr/share/cmake-3.22/Modules/CMakeFindDependencyMacro.cmake:47 (find_package)
[1.319s]   /opt/openrobots/lib/cmake/pinocchio/pinocchioConfig.cmake:161 (find_dependency)
[1.319s]   /opt/ros/humble/share/ament_cmake_auto/cmake/ament_auto_find_build_dependencies.cmake:67 (find_package)
[1.319s]   CMakeLists.txt:12 (ament_auto_find_build_dependencies)
[1.319s] 
[1.319s] [0m
[1.319s] -- coal FOUND. coal at /opt/openrobots/lib/libcoal.so
[1.336s] -- Found Boost: /usr/include (found version "1.74.0") found components: chrono thread date_time serialization filesystem atomic 
[1.578s] -- Default C++ standard: 201703
[1.578s] -- Minimal C++ standard upgraded to 11
[1.578s] -- C++ standard sufficient: Minimal required 11, currently defined: 17
[1.578s] -- CMAKE_CXX_STANDARD was not set: automatically set to currently defined standard 17
[1.579s] -- C++ standard sufficient: Minimal required 11, currently defined: 17
[1.611s] -- Found eigen3_cmake_module: 0.1.1 (/opt/ros/humble/share/eigen3_cmake_module/cmake)
[1.613s] -- Found Eigen3: TRUE (found version "3.4.0") 
[1.613s] -- Ensuring Eigen3 include directory is part of orocos-kdl CMake target
[1.877s] -- Configuring done
[1.893s] -- Generating done
[1.897s] -- Build files have been written to: /home/user/ros2_ws/dynamic_ws/build/w10_force_sim
[1.906s] Invoked command in '/home/user/ros2_ws/dynamic_ws/build/w10_force_sim' returned '0': CMAKE_PREFIX_PATH=/opt/openrobots:/home/user/ros2_ws/dynamic_ws/install/w10_moveit_kinematics:/home/user/ros2_ws/dynamic_ws/install/w10_kinematics:/home/user/ros2_ws/dynamic_ws/install/w10_sim:/home/user/ros2_ws/dynamic_ws/install/vi_2p:/home/user/ros2_ws/dynamic_ws/install/vi:/opt/ros/humble:/home/user/ros2_ws/w10_ws/install/w10-urdf:/home/user/ros2_ws/w10_ws/install/urdf_visualization:/opt/openrobots: /usr/bin/cmake /home/user/ros2_ws/dynamic_ws/src/w10_force_sim -DCMAKE_INSTALL_PREFIX=/home/user/ros2_ws/dynamic_ws/install/w10_force_sim
[1.907s] Invoking command in '/home/user/ros2_ws/dynamic_ws/build/w10_force_sim': CMAKE_PREFIX_PATH=/opt/openrobots:/home/user/ros2_ws/dynamic_ws/install/w10_moveit_kinematics:/home/user/ros2_ws/dynamic_ws/install/w10_kinematics:/home/user/ros2_ws/dynamic_ws/install/w10_sim:/home/user/ros2_ws/dynamic_ws/install/vi_2p:/home/user/ros2_ws/dynamic_ws/install/vi:/opt/ros/humble:/home/user/ros2_ws/w10_ws/install/w10-urdf:/home/user/ros2_ws/w10_ws/install/urdf_visualization:/opt/openrobots: /usr/bin/cmake --build /home/user/ros2_ws/dynamic_ws/build/w10_force_sim -- -j32 -l32
[1.947s] [ 50%] [32mBuilding CXX object CMakeFiles/ctsvi_ad_node.dir/src/ctsvi_ad_node.cpp.o[0m
[317.386s] [100%] [32m[1mLinking CXX executable ctsvi_ad_node[0m
[321.744s] [100%] Built target ctsvi_ad_node
[321.762s] Invoked command in '/home/user/ros2_ws/dynamic_ws/build/w10_force_sim' returned '0': CMAKE_PREFIX_PATH=/opt/openrobots:/home/user/ros2_ws/dynamic_ws/install/w10_moveit_kinematics:/home/user/ros2_ws/dynamic_ws/install/w10_kinematics:/home/user/ros2_ws/dynamic_ws/install/w10_sim:/home/user/ros2_ws/dynamic_ws/install/vi_2p:/home/user/ros2_ws/dynamic_ws/install/vi:/opt/ros/humble:/home/user/ros2_ws/w10_ws/install/w10-urdf:/home/user/ros2_ws/w10_ws/install/urdf_visualization:/opt/openrobots: /usr/bin/cmake --build /home/user/ros2_ws/dynamic_ws/build/w10_force_sim -- -j32 -l32
[321.775s] Invoking command in '/home/user/ros2_ws/dynamic_ws/build/w10_force_sim': CMAKE_PREFIX_PATH=/opt/openrobots:/home/user/ros2_ws/dynamic_ws/install/w10_moveit_kinematics:/home/user/ros2_ws/dynamic_ws/install/w10_kinematics:/home/user/ros2_ws/dynamic_ws/install/w10_sim:/home/user/ros2_ws/dynamic_ws/install/vi_2p:/home/user/ros2_ws/dynamic_ws/install/vi:/opt/ros/humble:/home/user/ros2_ws/w10_ws/install/w10-urdf:/home/user/ros2_ws/w10_ws/install/urdf_visualization:/opt/openrobots: /usr/bin/cmake --install /home/user/ros2_ws/dynamic_ws/build/w10_force_sim
[321.782s] -- Install configuration: ""
[321.782s] -- Installing: /home/user/ros2_ws/dynamic_ws/install/w10_force_sim/share/w10_force_sim/urdf
[321.782s] -- Installing: /home/user/ros2_ws/dynamic_ws/install/w10_force_sim/share/w10_force_sim/launch
[321.782s] -- Installing: /home/user/ros2_ws/dynamic_ws/install/w10_force_sim/share/w10_force_sim/config
[321.782s] -- Installing: /home/user/ros2_ws/dynamic_ws/install/w10_force_sim/share/w10_force_sim/config/vi_params.yaml
[321.782s] -- Installing: /home/user/ros2_ws/dynamic_ws/install/w10_force_sim/include/include
[321.782s] -- Installing: /home/user/ros2_ws/dynamic_ws/install/w10_force_sim/lib/w10_force_sim/vi_sim.py
[321.783s] -- Installing: /home/user/ros2_ws/dynamic_ws/install/w10_force_sim/lib/w10_force_sim/analyze_vi_results.py
[321.783s] -- Installing: /home/user/ros2_ws/dynamic_ws/install/w10_force_sim/share/ament_index/resource_index/package_run_dependencies/w10_force_sim
[321.783s] -- Installing: /home/user/ros2_ws/dynamic_ws/install/w10_force_sim/share/ament_index/resource_index/parent_prefix_path/w10_force_sim
[321.785s] -- Installing: /home/user/ros2_ws/dynamic_ws/install/w10_force_sim/share/w10_force_sim/environment/ament_prefix_path.sh
[321.785s] -- Installing: /home/user/ros2_ws/dynamic_ws/install/w10_force_sim/share/w10_force_sim/environment/ament_prefix_path.dsv
[321.785s] -- Installing: /home/user/ros2_ws/dynamic_ws/install/w10_force_sim/share/w10_force_sim/environment/path.sh
[321.786s] -- Installing: /home/user/ros2_ws/dynamic_ws/install/w10_force_sim/share/w10_force_sim/environment/path.dsv
[321.786s] -- Installing: /home/user/ros2_ws/dynamic_ws/install/w10_force_sim/share/w10_force_sim/local_setup.bash
[321.786s] -- Installing: /home/user/ros2_ws/dynamic_ws/install/w10_force_sim/share/w10_force_sim/local_setup.sh
[321.786s] -- Installing: /home/user/ros2_ws/dynamic_ws/install/w10_force_sim/share/w10_force_sim/local_setup.zsh
[321.786s] -- Installing: /home/user/ros2_ws/dynamic_ws/install/w10_force_sim/share/w10_force_sim/local_setup.dsv
[321.786s] -- Installing: /home/user/ros2_ws/dynamic_ws/install/w10_force_sim/share/w10_force_sim/package.dsv
[321.786s] -- Installing: /home/user/ros2_ws/dynamic_ws/install/w10_force_sim/share/ament_index/resource_index/packages/w10_force_sim
[321.786s] -- Installing: /home/user/ros2_ws/dynamic_ws/install/w10_force_sim/share/w10_force_sim/cmake/w10_force_simConfig.cmake
[321.786s] -- Installing: /home/user/ros2_ws/dynamic_ws/install/w10_force_sim/share/w10_force_sim/cmake/w10_force_simConfig-version.cmake
[321.786s] -- Installing: /home/user/ros2_ws/dynamic_ws/install/w10_force_sim/share/w10_force_sim/package.xml
[321.789s] Invoked command in '/home/user/ros2_ws/dynamic_ws/build/w10_force_sim' returned '0': CMAKE_PREFIX_PATH=/opt/openrobots:/home/user/ros2_ws/dynamic_ws/install/w10_moveit_kinematics:/home/user/ros2_ws/dynamic_ws/install/w10_kinematics:/home/user/ros2_ws/dynamic_ws/install/w10_sim:/home/user/ros2_ws/dynamic_ws/install/vi_2p:/home/user/ros2_ws/dynamic_ws/install/vi:/opt/ros/humble:/home/user/ros2_ws/w10_ws/install/w10-urdf:/home/user/ros2_ws/w10_ws/install/urdf_visualization:/opt/openrobots: /usr/bin/cmake --install /home/user/ros2_ws/dynamic_ws/build/w10_force_sim
