-- Found ament_cmake_auto: 1.3.12 (/opt/ros/humble/share/ament_cmake_auto/cmake)
-- Found rosidl_generator_c: 3.1.7 (/opt/ros/humble/share/rosidl_generator_c/cmake)
-- Found rosidl_adapter: 3.1.7 (/opt/ros/humble/share/rosidl_adapter/cmake)
-- Found rosidl_generator_cpp: 3.1.7 (/opt/ros/humble/share/rosidl_generator_cpp/cmake)
-- Using all available rosidl_typesupport_c: rosidl_typesupport_fastrtps_c;rosidl_typesupport_introspection_c
-- Using all available rosidl_typesupport_cpp: rosidl_typesupport_fastrtps_cpp;rosidl_typesupport_introspection_cpp
-- Found rmw_implementation_cmake: 6.1.2 (/opt/ros/humble/share/rmw_implementation_cmake/cmake)
-- Found rmw_fastrtps_cpp: 6.2.9 (/opt/ros/humble/share/rmw_fastrtps_cpp/cmake)
-- Using RMW implementation 'rmw_fastrtps_cpp' as default
-- pinocchio_default FOUND. pinocchio_default at /opt/openrobots/lib/libpinocchio_default.so
-- pinocchio_parsers FOUND. pinocchio_parsers at /opt/openrobots/lib/libpinocchio_parsers.so
-- pinocchio_casadi FOUND. pinocchio_casadi at /opt/openrobots/lib/libpinocchio_casadi.so
-- boost_filesystem FOUND. boost_filesystem at /usr/lib/x86_64-linux-gnu/libboost_filesystem.so
-- boost_serialization FOUND. boost_serialization at /usr/lib/x86_64-linux-gnu/libboost_serialization.so
-- boost_system FOUND. boost_system at /usr/lib/x86_64-linux-gnu/libboost_system.so
[33mCMake Warning at /opt/openrobots/lib/cmake/hpp-fcl/hpp-fclConfig.cmake:3 (message):
  Please update your CMake from 'hpp-fcl' to 'coal'
Call Stack (most recent call first):
  /usr/share/cmake-3.22/Modules/CMakeFindDependencyMacro.cmake:47 (find_package)
  /opt/openrobots/lib/cmake/pinocchio/pinocchioConfig.cmake:161 (find_dependency)
  /opt/ros/humble/share/ament_cmake_auto/cmake/ament_auto_find_build_dependencies.cmake:67 (find_package)
  CMakeLists.txt:12 (ament_auto_find_build_dependencies)

[0m
-- coal FOUND. coal at /opt/openrobots/lib/libcoal.so
-- Default C++ standard: 201703
-- C++ standard sufficient: Minimal required 11, currently defined: 17
-- CMAKE_CXX_STANDARD was not set: automatically set to currently defined standard 17
-- C++ standard sufficient: Minimal required 11, currently defined: 17
-- Found eigen3_cmake_module: 0.1.1 (/opt/ros/humble/share/eigen3_cmake_module/cmake)
-- Ensuring Eigen3 include directory is part of orocos-kdl CMake target
-- Found ament_lint_auto: 0.12.14 (/opt/ros/humble/share/ament_lint_auto/cmake)
[0mIn this package, headers install destination is set to `include` by ament_auto_package. It is recommended to install `include/w10_force_sim` instead and will be the default behavior of ament_auto_package from ROS 2 Kilted Kaiju. On distributions before Kilted, ament_auto_package behaves the same way when you use USE_SCOPED_HEADER_INSTALL_DIR option.[0m
-- Added test 'cppcheck' to perform static code analysis on C / C++ code
-- Configured cppcheck include dirs: /home/user/ros2_ws/dynamic_ws/src/w10_force_sim/include
-- Configured cppcheck exclude dirs and/or files: 
-- Added test 'flake8' to check Python code syntax and style conventions
-- Added test 'lint_cmake' to check CMake code style
-- Added test 'pep257' to check Python code against some of the docstring style conventions in PEP 257
-- Added test 'uncrustify' to check C / C++ code style
-- Configured uncrustify additional arguments: 
-- Added test 'xmllint' to check XML markup files
-- Configuring done
-- Generating done
-- Build files have been written to: /home/user/ros2_ws/dynamic_ws/build/w10_force_sim
[35m[1mConsolidate compiler generated dependencies of target ctsvi_ad_node[0m
[35m[1mConsolidate compiler generated dependencies of target ctsvi_node[0m
[ 50%] Built target ctsvi_node
[100%] Built target ctsvi_ad_node
-- Install configuration: "Release"
-- Up-to-date: /home/user/ros2_ws/dynamic_ws/install/w10_force_sim/share/w10_force_sim/urdf
-- Up-to-date: /home/user/ros2_ws/dynamic_ws/install/w10_force_sim/share/w10_force_sim/urdf/w10_body.urdf
-- Up-to-date: /home/user/ros2_ws/dynamic_ws/install/w10_force_sim/share/w10_force_sim/meshes
-- Up-to-date: /home/user/ros2_ws/dynamic_ws/install/w10_force_sim/share/w10_force_sim/meshes/base_link.STL
-- Up-to-date: /home/user/ros2_ws/dynamic_ws/install/w10_force_sim/share/w10_force_sim/meshes/Link1.STL
-- Up-to-date: /home/user/ros2_ws/dynamic_ws/install/w10_force_sim/share/w10_force_sim/meshes/Link6.STL
-- Up-to-date: /home/user/ros2_ws/dynamic_ws/install/w10_force_sim/share/w10_force_sim/meshes/Link7.STL
-- Up-to-date: /home/user/ros2_ws/dynamic_ws/install/w10_force_sim/share/w10_force_sim/meshes/Link3.STL
-- Up-to-date: /home/user/ros2_ws/dynamic_ws/install/w10_force_sim/share/w10_force_sim/meshes/Link4.STL
-- Up-to-date: /home/user/ros2_ws/dynamic_ws/install/w10_force_sim/share/w10_force_sim/meshes/Link5.STL
-- Up-to-date: /home/user/ros2_ws/dynamic_ws/install/w10_force_sim/share/w10_force_sim/meshes/Link2.STL
-- Up-to-date: /home/user/ros2_ws/dynamic_ws/install/w10_force_sim/share/w10_force_sim/launch
-- Up-to-date: /home/user/ros2_ws/dynamic_ws/install/w10_force_sim/share/w10_force_sim/config
-- Installing: /home/user/ros2_ws/dynamic_ws/install/w10_force_sim/share/w10_force_sim/config/vi_params.yaml
-- Up-to-date: /home/user/ros2_ws/dynamic_ws/install/w10_force_sim/share/w10_force_sim/config/plot_config.yaml
-- Up-to-date: /home/user/ros2_ws/dynamic_ws/install/w10_force_sim/share/w10_force_sim/scripts
-- Up-to-date: /home/user/ros2_ws/dynamic_ws/install/w10_force_sim/share/w10_force_sim/scripts/analyze_vi_results.py
-- Up-to-date: /home/user/ros2_ws/dynamic_ws/install/w10_force_sim/share/w10_force_sim/scripts/vi_sim.py
-- Up-to-date: /home/user/ros2_ws/dynamic_ws/install/w10_force_sim/lib/w10_force_sim/vi_sim.py
-- Up-to-date: /home/user/ros2_ws/dynamic_ws/install/w10_force_sim/lib/w10_force_sim/analyze_vi_results.py
-- Up-to-date: /home/user/ros2_ws/dynamic_ws/install/w10_force_sim/include
-- Up-to-date: /home/user/ros2_ws/dynamic_ws/install/w10_force_sim/lib/w10_force_sim/ctsvi_ad_node
-- Up-to-date: /home/user/ros2_ws/dynamic_ws/install/w10_force_sim/lib/w10_force_sim/ctsvi_node
-- Up-to-date: /home/user/ros2_ws/dynamic_ws/install/w10_force_sim/share/ament_index/resource_index/package_run_dependencies/w10_force_sim
-- Up-to-date: /home/user/ros2_ws/dynamic_ws/install/w10_force_sim/share/ament_index/resource_index/parent_prefix_path/w10_force_sim
-- Up-to-date: /home/user/ros2_ws/dynamic_ws/install/w10_force_sim/share/w10_force_sim/environment/ament_prefix_path.sh
-- Installing: /home/user/ros2_ws/dynamic_ws/install/w10_force_sim/share/w10_force_sim/environment/ament_prefix_path.dsv
-- Up-to-date: /home/user/ros2_ws/dynamic_ws/install/w10_force_sim/share/w10_force_sim/environment/path.sh
-- Installing: /home/user/ros2_ws/dynamic_ws/install/w10_force_sim/share/w10_force_sim/environment/path.dsv
-- Up-to-date: /home/user/ros2_ws/dynamic_ws/install/w10_force_sim/share/w10_force_sim/local_setup.bash
-- Up-to-date: /home/user/ros2_ws/dynamic_ws/install/w10_force_sim/share/w10_force_sim/local_setup.sh
-- Up-to-date: /home/user/ros2_ws/dynamic_ws/install/w10_force_sim/share/w10_force_sim/local_setup.zsh
-- Installing: /home/user/ros2_ws/dynamic_ws/install/w10_force_sim/share/w10_force_sim/local_setup.dsv
-- Installing: /home/user/ros2_ws/dynamic_ws/install/w10_force_sim/share/w10_force_sim/package.dsv
-- Up-to-date: /home/user/ros2_ws/dynamic_ws/install/w10_force_sim/share/ament_index/resource_index/packages/w10_force_sim
-- Up-to-date: /home/user/ros2_ws/dynamic_ws/install/w10_force_sim/share/w10_force_sim/cmake/ament_cmake_export_dependencies-extras.cmake
-- Up-to-date: /home/user/ros2_ws/dynamic_ws/install/w10_force_sim/share/w10_force_sim/cmake/ament_cmake_export_include_directories-extras.cmake
-- Up-to-date: /home/user/ros2_ws/dynamic_ws/install/w10_force_sim/share/w10_force_sim/cmake/w10_force_simConfig.cmake
-- Up-to-date: /home/user/ros2_ws/dynamic_ws/install/w10_force_sim/share/w10_force_sim/cmake/w10_force_simConfig-version.cmake
-- Up-to-date: /home/user/ros2_ws/dynamic_ws/install/w10_force_sim/share/w10_force_sim/package.xml
