[0.020s] Invoking command in '/home/user/ros2_ws/dynamic_ws/build/marvin_sim': CMAKE_PREFIX_PATH=/opt/openrobots:/home/user/ros2_ws/dynamic_ws/install/w10_moveit_kinematics:/home/user/ros2_ws/dynamic_ws/install/w10_kinematics:/home/user/ros2_ws/dynamic_ws/install/w10_sim:/home/user/ros2_ws/dynamic_ws/install/w10_force_sim:/home/user/ros2_ws/dynamic_ws/install/vi_2p:/home/user/ros2_ws/dynamic_ws/install/vi:/home/user/ros2_ws/dynamic_ws/install/show_urdf:/home/user/ros2_ws/dynamic_ws/install/marvin_sim:/opt/ros/humble:/home/user/ros2_ws/w10_ws/install/w10-urdf:/home/user/ros2_ws/w10_ws/install/urdf_visualization:/opt/openrobots: /usr/bin/cmake --build /home/user/ros2_ws/dynamic_ws/build/marvin_sim -- -j32 -l32
[0.049s] [35m[1mConsolidate compiler generated dependencies of target c_atsvi_node[0m
[0.068s] [ 33%] Built target ctsvi_node
[0.070s] [ 66%] Built target atsvi_node
[0.104s] [ 83%] [32mBuilding CXX object CMakeFiles/c_atsvi_node.dir/src/c_atsvi_node.cpp.o[0m
[4.714s] [01m[K/home/user/ros2_ws/dynamic_ws/src/marvin_sim/src/c_atsvi_node.cpp:[m[K In function ‘[01m[Kstd::pair<Eigen::Matrix<double, -1, 1>, SolverInfo> solve_q_next(const ModelAD&, DataAD&, const Vec&, const Vec&, const Vec&, double, double, int, double)[m[K’:
[4.714s] [01m[K/home/user/ros2_ws/dynamic_ws/src/marvin_sim/src/c_atsvi_node.cpp:269:48:[m[K [01;35m[Kwarning: [m[Kunused parameter ‘[01m[Kh_prev[m[K’ [[01;35m[K]8;;https://gcc.gnu.org/onlinedocs/gcc/Warning-Options.html#index-Wunused-parameter-Wunused-parameter]8;;[m[K]
[4.714s]   269 |                                         [01;35m[Kdouble h_prev[m[K,    // q_prev→q_curr 区间的步长
[4.714s]       |                                         [01;35m[K~~~~~~~^~~~~~[m[K
[4.750s] [01m[K/home/user/ros2_ws/dynamic_ws/src/marvin_sim/src/c_atsvi_node.cpp:[m[K In function ‘[01m[Kint main(int, char**)[m[K’:
[4.750s] [01m[K/home/user/ros2_ws/dynamic_ws/src/marvin_sim/src/c_atsvi_node.cpp:584:9:[m[K [01;31m[Kerror: [m[K‘[01m[K改进版[m[K’ was not declared in this scope
[4.750s]   584 |         [01;31m[K改进版[m[K
[4.750s]       |         [01;31m[K^~~~~~[m[K
[4.751s] [01m[K/home/user/ros2_ws/dynamic_ws/src/marvin_sim/src/c_atsvi_node.cpp:610:11:[m[K [01;31m[Kerror: [m[K‘[01m[Kelse[m[K’ without a previous ‘[01m[Kif[m[K’
[4.751s]   610 |         } [01;31m[Kelse[m[K {
[4.751s]       |           [01;31m[K^~~~[m[K
[39.170s] gmake[2]: *** [CMakeFiles/c_atsvi_node.dir/build.make:76: CMakeFiles/c_atsvi_node.dir/src/c_atsvi_node.cpp.o] Error 1
[39.170s] gmake[1]: *** [CMakeFiles/Makefile2:193: CMakeFiles/c_atsvi_node.dir/all] Error 2
[39.170s] gmake: *** [Makefile:146: all] Error 2
[39.172s] Invoked command in '/home/user/ros2_ws/dynamic_ws/build/marvin_sim' returned '2': CMAKE_PREFIX_PATH=/opt/openrobots:/home/user/ros2_ws/dynamic_ws/install/w10_moveit_kinematics:/home/user/ros2_ws/dynamic_ws/install/w10_kinematics:/home/user/ros2_ws/dynamic_ws/install/w10_sim:/home/user/ros2_ws/dynamic_ws/install/w10_force_sim:/home/user/ros2_ws/dynamic_ws/install/vi_2p:/home/user/ros2_ws/dynamic_ws/install/vi:/home/user/ros2_ws/dynamic_ws/install/show_urdf:/home/user/ros2_ws/dynamic_ws/install/marvin_sim:/opt/ros/humble:/home/user/ros2_ws/w10_ws/install/w10-urdf:/home/user/ros2_ws/w10_ws/install/urdf_visualization:/opt/openrobots: /usr/bin/cmake --build /home/user/ros2_ws/dynamic_ws/build/marvin_sim -- -j32 -l32
