[0.088s] DEBUG:colcon:Command line arguments: ['/usr/bin/colcon', 'build', '--packages-select', 'w10_force']
[0.088s] DEBUG:colcon:Parsed command line arguments: Namespace(log_base=None, log_level=None, verb_name='build', build_base='build', install_base='install', merge_install=False, symlink_install=False, test_result_base=None, continue_on_error=False, executor='parallel', parallel_workers=32, event_handlers=None, ignore_user_meta=False, metas=['./colcon.meta'], base_paths=['.'], packages_ignore=None, packages_ignore_regex=None, paths=None, packages_up_to=None, packages_up_to_regex=None, packages_above=None, packages_above_and_dependencies=None, packages_above_depth=None, packages_select_by_dep=None, packages_skip_by_dep=None, packages_skip_up_to=None, packages_select_build_failed=False, packages_skip_build_finished=False, packages_select_test_failures=False, packages_skip_test_passed=False, packages_select=['w10_force'], packages_skip=None, packages_select_regex=None, packages_skip_regex=None, packages_start=None, packages_end=None, allow_overriding=[], cmake_args=None, cmake_target=None, cmake_target_skip_unavailable=False, cmake_clean_cache=False, cmake_clean_first=False, cmake_force_configure=False, ament_cmake_args=None, catkin_cmake_args=None, catkin_skip_building_tests=False, verb_parser=<colcon_defaults.argument_parser.defaults.DefaultArgumentsDecorator object at 0x7a31b0707d60>, verb_extension=<colcon_core.verb.build.BuildVerb object at 0x7a31b08b9120>, main=<bound method BuildVerb.main of <colcon_core.verb.build.BuildVerb object at 0x7a31b08b9120>>)
[0.211s] Level 1:colcon.colcon_core.package_discovery:discover_packages(colcon_meta) check parameters
[0.211s] Level 1:colcon.colcon_core.package_discovery:discover_packages(recursive) check parameters
[0.211s] Level 1:colcon.colcon_core.package_discovery:discover_packages(ignore) check parameters
[0.211s] Level 1:colcon.colcon_core.package_discovery:discover_packages(path) check parameters
[0.211s] Level 1:colcon.colcon_core.package_discovery:discover_packages(colcon_meta) discover
[0.211s] Level 1:colcon.colcon_core.package_discovery:discover_packages(recursive) discover
[0.211s] INFO:colcon.colcon_core.package_discovery:Crawling recursively for packages in '/home/user/ros2_ws/dynamic_ws/src'
[0.211s] Level 1:colcon.colcon_core.package_identification:_identify(.) by extensions ['ignore', 'ignore_ament_install']
[0.211s] Level 1:colcon.colcon_core.package_identification:_identify(.) by extension 'ignore'
[0.211s] Level 1:colcon.colcon_core.package_identification:_identify(.) by extension 'ignore_ament_install'
[0.211s] Level 1:colcon.colcon_core.package_identification:_identify(.) by extensions ['colcon_pkg']
[0.211s] Level 1:colcon.colcon_core.package_identification:_identify(.) by extension 'colcon_pkg'
[0.211s] Level 1:colcon.colcon_core.package_identification:_identify(.) by extensions ['colcon_meta']
[0.211s] Level 1:colcon.colcon_core.package_identification:_identify(.) by extension 'colcon_meta'
[0.211s] Level 1:colcon.colcon_core.package_identification:_identify(.) by extensions ['ros']
[0.211s] Level 1:colcon.colcon_core.package_identification:_identify(.) by extension 'ros'
[0.220s] Level 1:colcon.colcon_core.package_identification:_identify(.) by extensions ['cmake', 'python']
[0.220s] Level 1:colcon.colcon_core.package_identification:_identify(.) by extension 'cmake'
[0.220s] Level 1:colcon.colcon_core.package_identification:_identify(.) by extension 'python'
[0.220s] Level 1:colcon.colcon_core.package_identification:_identify(.) by extensions ['python_setup_py']
[0.220s] Level 1:colcon.colcon_core.package_identification:_identify(.) by extension 'python_setup_py'
[0.220s] Level 1:colcon.colcon_core.package_identification:_identify(build) by extensions ['ignore', 'ignore_ament_install']
[0.220s] Level 1:colcon.colcon_core.package_identification:_identify(build) by extension 'ignore'
[0.220s] Level 1:colcon.colcon_core.package_identification:_identify(build) ignored
[0.220s] Level 1:colcon.colcon_core.package_identification:_identify(install) by extensions ['ignore', 'ignore_ament_install']
[0.220s] Level 1:colcon.colcon_core.package_identification:_identify(install) by extension 'ignore'
[0.220s] Level 1:colcon.colcon_core.package_identification:_identify(install) ignored
[0.221s] Level 1:colcon.colcon_core.package_identification:_identify(log) by extensions ['ignore', 'ignore_ament_install']
[0.221s] Level 1:colcon.colcon_core.package_identification:_identify(log) by extension 'ignore'
[0.221s] Level 1:colcon.colcon_core.package_identification:_identify(log) ignored
[0.221s] Level 1:colcon.colcon_core.package_identification:_identify(vi) by extensions ['ignore', 'ignore_ament_install']
[0.221s] Level 1:colcon.colcon_core.package_identification:_identify(vi) by extension 'ignore'
[0.221s] Level 1:colcon.colcon_core.package_identification:_identify(vi) by extension 'ignore_ament_install'
[0.221s] Level 1:colcon.colcon_core.package_identification:_identify(vi) by extensions ['colcon_pkg']
[0.221s] Level 1:colcon.colcon_core.package_identification:_identify(vi) by extension 'colcon_pkg'
[0.221s] Level 1:colcon.colcon_core.package_identification:_identify(vi) by extensions ['colcon_meta']
[0.221s] Level 1:colcon.colcon_core.package_identification:_identify(vi) by extension 'colcon_meta'
[0.221s] Level 1:colcon.colcon_core.package_identification:_identify(vi) by extensions ['ros']
[0.221s] Level 1:colcon.colcon_core.package_identification:_identify(vi) by extension 'ros'
[0.223s] DEBUG:colcon.colcon_core.package_identification:Package 'vi' with type 'ros.ament_cmake' and name 'vi'
[0.223s] Level 1:colcon.colcon_core.package_identification:_identify(vi_2p) by extensions ['ignore', 'ignore_ament_install']
[0.223s] Level 1:colcon.colcon_core.package_identification:_identify(vi_2p) by extension 'ignore'
[0.223s] Level 1:colcon.colcon_core.package_identification:_identify(vi_2p) by extension 'ignore_ament_install'
[0.223s] Level 1:colcon.colcon_core.package_identification:_identify(vi_2p) by extensions ['colcon_pkg']
[0.223s] Level 1:colcon.colcon_core.package_identification:_identify(vi_2p) by extension 'colcon_pkg'
[0.223s] Level 1:colcon.colcon_core.package_identification:_identify(vi_2p) by extensions ['colcon_meta']
[0.223s] Level 1:colcon.colcon_core.package_identification:_identify(vi_2p) by extension 'colcon_meta'
[0.223s] Level 1:colcon.colcon_core.package_identification:_identify(vi_2p) by extensions ['ros']
[0.223s] Level 1:colcon.colcon_core.package_identification:_identify(vi_2p) by extension 'ros'
[0.224s] DEBUG:colcon.colcon_core.package_identification:Package 'vi_2p' with type 'ros.ament_cmake' and name 'vi_2p'
[0.224s] Level 1:colcon.colcon_core.package_identification:_identify(w10_force) by extensions ['ignore', 'ignore_ament_install']
[0.224s] Level 1:colcon.colcon_core.package_identification:_identify(w10_force) by extension 'ignore'
[0.224s] Level 1:colcon.colcon_core.package_identification:_identify(w10_force) by extension 'ignore_ament_install'
[0.224s] Level 1:colcon.colcon_core.package_identification:_identify(w10_force) by extensions ['colcon_pkg']
[0.224s] Level 1:colcon.colcon_core.package_identification:_identify(w10_force) by extension 'colcon_pkg'
[0.224s] Level 1:colcon.colcon_core.package_identification:_identify(w10_force) by extensions ['colcon_meta']
[0.224s] Level 1:colcon.colcon_core.package_identification:_identify(w10_force) by extension 'colcon_meta'
[0.224s] Level 1:colcon.colcon_core.package_identification:_identify(w10_force) by extensions ['ros']
[0.224s] Level 1:colcon.colcon_core.package_identification:_identify(w10_force) by extension 'ros'
[0.225s] DEBUG:colcon.colcon_core.package_identification:Package 'w10_force' with type 'ros.ament_cmake' and name 'w10_force'
[0.225s] Level 1:colcon.colcon_core.package_identification:_identify(w10_kinematics) by extensions ['ignore', 'ignore_ament_install']
[0.225s] Level 1:colcon.colcon_core.package_identification:_identify(w10_kinematics) by extension 'ignore'
[0.225s] Level 1:colcon.colcon_core.package_identification:_identify(w10_kinematics) by extension 'ignore_ament_install'
[0.225s] Level 1:colcon.colcon_core.package_identification:_identify(w10_kinematics) by extensions ['colcon_pkg']
[0.225s] Level 1:colcon.colcon_core.package_identification:_identify(w10_kinematics) by extension 'colcon_pkg'
[0.225s] Level 1:colcon.colcon_core.package_identification:_identify(w10_kinematics) by extensions ['colcon_meta']
[0.225s] Level 1:colcon.colcon_core.package_identification:_identify(w10_kinematics) by extension 'colcon_meta'
[0.225s] Level 1:colcon.colcon_core.package_identification:_identify(w10_kinematics) by extensions ['ros']
[0.225s] Level 1:colcon.colcon_core.package_identification:_identify(w10_kinematics) by extension 'ros'
[0.226s] DEBUG:colcon.colcon_core.package_identification:Package 'w10_kinematics' with type 'ros.ament_cmake' and name 'w10_kinematics'
[0.226s] Level 1:colcon.colcon_core.package_identification:_identify(w10_moveit_kinematics) by extensions ['ignore', 'ignore_ament_install']
[0.226s] Level 1:colcon.colcon_core.package_identification:_identify(w10_moveit_kinematics) by extension 'ignore'
[0.226s] Level 1:colcon.colcon_core.package_identification:_identify(w10_moveit_kinematics) by extension 'ignore_ament_install'
[0.226s] Level 1:colcon.colcon_core.package_identification:_identify(w10_moveit_kinematics) by extensions ['colcon_pkg']
[0.226s] Level 1:colcon.colcon_core.package_identification:_identify(w10_moveit_kinematics) by extension 'colcon_pkg'
[0.226s] Level 1:colcon.colcon_core.package_identification:_identify(w10_moveit_kinematics) by extensions ['colcon_meta']
[0.226s] Level 1:colcon.colcon_core.package_identification:_identify(w10_moveit_kinematics) by extension 'colcon_meta'
[0.226s] Level 1:colcon.colcon_core.package_identification:_identify(w10_moveit_kinematics) by extensions ['ros']
[0.226s] Level 1:colcon.colcon_core.package_identification:_identify(w10_moveit_kinematics) by extension 'ros'
[0.227s] DEBUG:colcon.colcon_core.package_identification:Package 'w10_moveit_kinematics' with type 'ros.ament_cmake' and name 'w10_moveit_kinematics'
[0.227s] Level 1:colcon.colcon_core.package_identification:_identify(w10_sim) by extensions ['ignore', 'ignore_ament_install']
[0.227s] Level 1:colcon.colcon_core.package_identification:_identify(w10_sim) by extension 'ignore'
[0.227s] Level 1:colcon.colcon_core.package_identification:_identify(w10_sim) by extension 'ignore_ament_install'
[0.227s] Level 1:colcon.colcon_core.package_identification:_identify(w10_sim) by extensions ['colcon_pkg']
[0.227s] Level 1:colcon.colcon_core.package_identification:_identify(w10_sim) by extension 'colcon_pkg'
[0.227s] Level 1:colcon.colcon_core.package_identification:_identify(w10_sim) by extensions ['colcon_meta']
[0.227s] Level 1:colcon.colcon_core.package_identification:_identify(w10_sim) by extension 'colcon_meta'
[0.227s] Level 1:colcon.colcon_core.package_identification:_identify(w10_sim) by extensions ['ros']
[0.227s] Level 1:colcon.colcon_core.package_identification:_identify(w10_sim) by extension 'ros'
[0.228s] DEBUG:colcon.colcon_core.package_identification:Package 'w10_sim' with type 'ros.ament_cmake' and name 'w10_sim'
[0.228s] Level 1:colcon.colcon_core.package_discovery:discover_packages(recursive) using defaults
[0.228s] Level 1:colcon.colcon_core.package_discovery:discover_packages(ignore) discover
[0.228s] Level 1:colcon.colcon_core.package_discovery:discover_packages(ignore) using defaults
[0.228s] Level 1:colcon.colcon_core.package_discovery:discover_packages(path) discover
[0.228s] Level 1:colcon.colcon_core.package_discovery:discover_packages(path) using defaults
[0.255s] INFO:colcon.colcon_core.package_selection:Skipping not selected package 'vi' in 'vi'
[0.255s] INFO:colcon.colcon_core.package_selection:Skipping not selected package 'vi_2p' in 'vi_2p'
[0.255s] INFO:colcon.colcon_core.package_selection:Skipping not selected package 'w10_sim' in 'w10_sim'
[0.255s] INFO:colcon.colcon_core.package_selection:Skipping not selected package 'w10_kinematics' in 'w10_kinematics'
[0.255s] INFO:colcon.colcon_core.package_selection:Skipping not selected package 'w10_moveit_kinematics' in 'w10_moveit_kinematics'
[0.255s] Level 1:colcon.colcon_core.package_discovery:discover_packages(prefix_path) check parameters
[0.255s] Level 1:colcon.colcon_core.package_discovery:discover_packages(prefix_path) discover
[0.257s] DEBUG:colcon.colcon_installed_package_information.package_discovery:Found 4 installed packages in /home/user/ros2_ws/w10_ws/install
[0.257s] DEBUG:colcon.colcon_installed_package_information.package_discovery:Found 6 installed packages in /home/user/ros2_ws/dynamic_ws/install
[0.258s] DEBUG:colcon.colcon_installed_package_information.package_discovery:Found 320 installed packages in /opt/ros/humble
[0.259s] Level 1:colcon.colcon_core.package_discovery:discover_packages(prefix_path) using defaults
[0.292s] Level 5:colcon.colcon_core.verb:set package 'w10_force' build argument 'cmake_args' from command line to 'None'
[0.292s] Level 5:colcon.colcon_core.verb:set package 'w10_force' build argument 'cmake_target' from command line to 'None'
[0.292s] Level 5:colcon.colcon_core.verb:set package 'w10_force' build argument 'cmake_target_skip_unavailable' from command line to 'False'
[0.292s] Level 5:colcon.colcon_core.verb:set package 'w10_force' build argument 'cmake_clean_cache' from command line to 'False'
[0.292s] Level 5:colcon.colcon_core.verb:set package 'w10_force' build argument 'cmake_clean_first' from command line to 'False'
[0.292s] Level 5:colcon.colcon_core.verb:set package 'w10_force' build argument 'cmake_force_configure' from command line to 'False'
[0.292s] Level 5:colcon.colcon_core.verb:set package 'w10_force' build argument 'ament_cmake_args' from command line to 'None'
[0.292s] Level 5:colcon.colcon_core.verb:set package 'w10_force' build argument 'catkin_cmake_args' from command line to 'None'
[0.292s] Level 5:colcon.colcon_core.verb:set package 'w10_force' build argument 'catkin_skip_building_tests' from command line to 'False'
[0.292s] DEBUG:colcon.colcon_core.verb:Building package 'w10_force' with the following arguments: {'ament_cmake_args': None, 'build_base': '/home/user/ros2_ws/dynamic_ws/src/build/w10_force', 'catkin_cmake_args': None, 'catkin_skip_building_tests': False, 'cmake_args': None, 'cmake_clean_cache': False, 'cmake_clean_first': False, 'cmake_force_configure': False, 'cmake_target': None, 'cmake_target_skip_unavailable': False, 'install_base': '/home/user/ros2_ws/dynamic_ws/src/install/w10_force', 'merge_install': False, 'path': '/home/user/ros2_ws/dynamic_ws/src/w10_force', 'symlink_install': False, 'test_result_base': None}
[0.292s] INFO:colcon.colcon_core.executor:Executing jobs using 'parallel' executor
[0.293s] DEBUG:colcon.colcon_parallel_executor.executor.parallel:run_until_complete
[0.294s] INFO:colcon.colcon_ros.task.ament_cmake.build:Building ROS package in '/home/user/ros2_ws/dynamic_ws/src/w10_force' with build type 'ament_cmake'
[0.294s] INFO:colcon.colcon_cmake.task.cmake.build:Building CMake package in '/home/user/ros2_ws/dynamic_ws/src/w10_force'
[0.295s] INFO:colcon.colcon_core.plugin_system:Skipping extension 'colcon_core.shell.bat': Not used on non-Windows systems
[0.296s] INFO:colcon.colcon_core.shell:Skip shell extension 'powershell' for command environment: Not usable outside of PowerShell
[0.296s] DEBUG:colcon.colcon_core.shell:Skip shell extension 'dsv' for command environment
[0.298s] WARNING:colcon.colcon_core.shell:The following packages are in the workspace but haven't been built:
- w10_sim
They are being used from the following locations instead:
- /home/user/ros2_ws/dynamic_ws/install/w10_sim
To suppress this warning ignore these packages in the workspace:
--packages-ignore w10_sim
[0.303s] DEBUG:colcon.colcon_core.event_handler.log_command:Invoking command in '/home/user/ros2_ws/dynamic_ws/src/build/w10_force': CMAKE_PREFIX_PATH=/home/user/ros2_ws/dynamic_ws/install/w10_force:/opt/openrobots:/home/user/ros2_ws/dynamic_ws/install/w10_moveit_kinematics:/home/user/ros2_ws/dynamic_ws/install/w10_kinematics:/home/user/ros2_ws/dynamic_ws/install/w10_sim:/home/user/ros2_ws/dynamic_ws/install/vi_2p:/home/user/ros2_ws/dynamic_ws/install/vi:/opt/ros/humble:/home/user/ros2_ws/w10_ws/install/w10-urdf:/home/user/ros2_ws/w10_ws/install/urdf_visualization:/opt/openrobots: /usr/bin/cmake /home/user/ros2_ws/dynamic_ws/src/w10_force -DCMAKE_INSTALL_PREFIX=/home/user/ros2_ws/dynamic_ws/src/install/w10_force
[1.942s] DEBUG:colcon.colcon_core.event_handler.log_command:Invoked command in '/home/user/ros2_ws/dynamic_ws/src/build/w10_force' returned '0': CMAKE_PREFIX_PATH=/home/user/ros2_ws/dynamic_ws/install/w10_force:/opt/openrobots:/home/user/ros2_ws/dynamic_ws/install/w10_moveit_kinematics:/home/user/ros2_ws/dynamic_ws/install/w10_kinematics:/home/user/ros2_ws/dynamic_ws/install/w10_sim:/home/user/ros2_ws/dynamic_ws/install/vi_2p:/home/user/ros2_ws/dynamic_ws/install/vi:/opt/ros/humble:/home/user/ros2_ws/w10_ws/install/w10-urdf:/home/user/ros2_ws/w10_ws/install/urdf_visualization:/opt/openrobots: /usr/bin/cmake /home/user/ros2_ws/dynamic_ws/src/w10_force -DCMAKE_INSTALL_PREFIX=/home/user/ros2_ws/dynamic_ws/src/install/w10_force
[1.944s] DEBUG:colcon.colcon_core.event_handler.log_command:Invoking command in '/home/user/ros2_ws/dynamic_ws/src/build/w10_force': CMAKE_PREFIX_PATH=/home/user/ros2_ws/dynamic_ws/install/w10_force:/opt/openrobots:/home/user/ros2_ws/dynamic_ws/install/w10_moveit_kinematics:/home/user/ros2_ws/dynamic_ws/install/w10_kinematics:/home/user/ros2_ws/dynamic_ws/install/w10_sim:/home/user/ros2_ws/dynamic_ws/install/vi_2p:/home/user/ros2_ws/dynamic_ws/install/vi:/opt/ros/humble:/home/user/ros2_ws/w10_ws/install/w10-urdf:/home/user/ros2_ws/w10_ws/install/urdf_visualization:/opt/openrobots: /usr/bin/cmake --build /home/user/ros2_ws/dynamic_ws/src/build/w10_force -- -j32 -l32
[4.952s] DEBUG:colcon.colcon_parallel_executor.executor.parallel:run_until_complete was interrupted
[4.952s] DEBUG:colcon.colcon_parallel_executor.executor.parallel:run_until_complete again
[4.987s] Level 1:colcon.colcon_core.environment:create_environment_scripts_only(w10_force)
[4.987s] DEBUG:colcon.colcon_core.event_handler.log_command:Invoked command in '/home/user/ros2_ws/dynamic_ws/src/build/w10_force' returned '-2': CMAKE_PREFIX_PATH=/home/user/ros2_ws/dynamic_ws/install/w10_force:/opt/openrobots:/home/user/ros2_ws/dynamic_ws/install/w10_moveit_kinematics:/home/user/ros2_ws/dynamic_ws/install/w10_kinematics:/home/user/ros2_ws/dynamic_ws/install/w10_sim:/home/user/ros2_ws/dynamic_ws/install/vi_2p:/home/user/ros2_ws/dynamic_ws/install/vi:/opt/ros/humble:/home/user/ros2_ws/w10_ws/install/w10-urdf:/home/user/ros2_ws/w10_ws/install/urdf_visualization:/opt/openrobots: /usr/bin/cmake --build /home/user/ros2_ws/dynamic_ws/src/build/w10_force -- -j32 -l32
[4.989s] Level 1:colcon.colcon_core.environment:checking '/home/user/ros2_ws/dynamic_ws/src/install/w10_force' for CMake module files
[4.990s] Level 1:colcon.colcon_core.environment:checking '/home/user/ros2_ws/dynamic_ws/src/install/w10_force' for CMake config files
[4.990s] Level 1:colcon.colcon_core.environment:checking '/home/user/ros2_ws/dynamic_ws/src/install/w10_force/bin'
[4.990s] Level 1:colcon.colcon_core.environment:checking '/home/user/ros2_ws/dynamic_ws/src/install/w10_force/lib/pkgconfig/w10_force.pc'
[4.990s] Level 1:colcon.colcon_core.environment:checking '/home/user/ros2_ws/dynamic_ws/src/install/w10_force/lib/python3.10/site-packages'
[4.990s] Level 1:colcon.colcon_core.environment:checking '/home/user/ros2_ws/dynamic_ws/src/install/w10_force/bin'
[4.990s] INFO:colcon.colcon_core.shell:Creating package script '/home/user/ros2_ws/dynamic_ws/src/install/w10_force/share/w10_force/package.ps1'
[4.991s] INFO:colcon.colcon_core.shell:Creating package descriptor '/home/user/ros2_ws/dynamic_ws/src/install/w10_force/share/w10_force/package.dsv'
[4.991s] INFO:colcon.colcon_core.shell:Creating package script '/home/user/ros2_ws/dynamic_ws/src/install/w10_force/share/w10_force/package.sh'
[4.992s] INFO:colcon.colcon_core.shell:Creating package script '/home/user/ros2_ws/dynamic_ws/src/install/w10_force/share/w10_force/package.bash'
[4.992s] INFO:colcon.colcon_core.shell:Creating package script '/home/user/ros2_ws/dynamic_ws/src/install/w10_force/share/w10_force/package.zsh'
[4.993s] Level 1:colcon.colcon_core.environment:create_file_with_runtime_dependencies(/home/user/ros2_ws/dynamic_ws/src/install/w10_force/share/colcon-core/packages/w10_force)
[4.995s] ERROR:colcon.colcon_core.event_reactor:Exception in event handler extension 'console_start_end': [Errno 32] Broken pipe
Traceback (most recent call last):
  File "/usr/lib/python3/dist-packages/colcon_core/event_reactor.py", line 78, in _notify_observers
    retval = observer(event)
  File "/usr/lib/python3/dist-packages/colcon_core/event_handler/console_start_end.py", line 72, in __call__
    print(Style.SectionEnd(msg), file=writable, flush=True)
BrokenPipeError: [Errno 32] Broken pipe

[5.003s] DEBUG:colcon.colcon_parallel_executor.executor.parallel:run_until_complete finished
[5.003s] DEBUG:colcon.colcon_parallel_executor.executor.parallel:closing loop
[5.003s] DEBUG:colcon.colcon_parallel_executor.executor.parallel:loop closed
[5.003s] DEBUG:colcon.colcon_core.event_reactor:joining thread
[5.007s] INFO:colcon.colcon_core.plugin_system:Skipping extension 'colcon_notification.desktop_notification.terminal_notifier': Not used on non-Darwin systems
[5.007s] INFO:colcon.colcon_core.plugin_system:Skipping extension 'colcon_notification.desktop_notification.win32': Not used on non-Windows systems
[5.007s] INFO:colcon.colcon_notification.desktop_notification:Sending desktop notification using 'notify2'
[5.012s] DEBUG:colcon.colcon_core.event_reactor:joined thread
[5.012s] INFO:colcon.colcon_core.shell:Creating prefix script '/home/user/ros2_ws/dynamic_ws/src/install/local_setup.ps1'
[5.013s] INFO:colcon.colcon_core.shell:Creating prefix util module '/home/user/ros2_ws/dynamic_ws/src/install/_local_setup_util_ps1.py'
[5.014s] INFO:colcon.colcon_core.shell:Creating prefix chain script '/home/user/ros2_ws/dynamic_ws/src/install/setup.ps1'
[5.015s] INFO:colcon.colcon_core.shell:Creating prefix script '/home/user/ros2_ws/dynamic_ws/src/install/local_setup.sh'
[5.015s] INFO:colcon.colcon_core.shell:Creating prefix util module '/home/user/ros2_ws/dynamic_ws/src/install/_local_setup_util_sh.py'
[5.016s] INFO:colcon.colcon_core.shell:Creating prefix chain script '/home/user/ros2_ws/dynamic_ws/src/install/setup.sh'
[5.017s] INFO:colcon.colcon_core.shell:Creating prefix script '/home/user/ros2_ws/dynamic_ws/src/install/local_setup.bash'
[5.018s] INFO:colcon.colcon_core.shell:Creating prefix chain script '/home/user/ros2_ws/dynamic_ws/src/install/setup.bash'
[5.018s] INFO:colcon.colcon_core.shell:Creating prefix script '/home/user/ros2_ws/dynamic_ws/src/install/local_setup.zsh'
[5.019s] INFO:colcon.colcon_core.shell:Creating prefix chain script '/home/user/ros2_ws/dynamic_ws/src/install/setup.zsh'
