[ 66%] Built target force_controller
[ 66%] Built target w10_force
[ 83%] Building CXX object CMakeFiles/force_control_node.dir/src/force_control_node.cpp.o
[100%] Linking CXX executable force_control_node
[100%] Built target force_control_node
-- Install configuration: ""
-- Installing: /home/user/ros2_ws/dynamic_ws/install/w10_force/lib/w10_force/force_control_node
-- Set runtime path of "/home/user/ros2_ws/dynamic_ws/install/w10_force/lib/w10_force/force_control_node" to ""
-- Up-to-date: /home/user/ros2_ws/dynamic_ws/install/w10_force/include
-- Up-to-date: /home/user/ros2_ws/dynamic_ws/install/w10_force/include/w10_force
-- Installing: /home/user/ros2_ws/dynamic_ws/install/w10_force/include/w10_force/force_controller.hpp
-- Up-to-date: /home/user/ros2_ws/dynamic_ws/install/w10_force/include
-- Up-to-date: /home/user/ros2_ws/dynamic_ws/install/w10_force/include/w10_force
-- Up-to-date: /home/user/ros2_ws/dynamic_ws/install/w10_force/include/w10_force/force_controller.hpp
-- Installing: /home/user/ros2_ws/dynamic_ws/install/w10_force/share/w10_force/environment/library_path.sh
-- Installing: /home/user/ros2_ws/dynamic_ws/install/w10_force/share/w10_force/environment/library_path.dsv
-- Installing: /home/user/ros2_ws/dynamic_ws/install/w10_force/lib/libw10_force.a
-- Installing: /home/user/ros2_ws/dynamic_ws/install/w10_force/share/ament_index/resource_index/package_run_dependencies/w10_force
-- Installing: /home/user/ros2_ws/dynamic_ws/install/w10_force/share/ament_index/resource_index/parent_prefix_path/w10_force
-- Up-to-date: /home/user/ros2_ws/dynamic_ws/install/w10_force/share/w10_force/environment/ament_prefix_path.sh
-- Installing: /home/user/ros2_ws/dynamic_ws/install/w10_force/share/w10_force/environment/ament_prefix_path.dsv
-- Up-to-date: /home/user/ros2_ws/dynamic_ws/install/w10_force/share/w10_force/environment/path.sh
-- Installing: /home/user/ros2_ws/dynamic_ws/install/w10_force/share/w10_force/environment/path.dsv
-- Up-to-date: /home/user/ros2_ws/dynamic_ws/install/w10_force/share/w10_force/local_setup.bash
-- Installing: /home/user/ros2_ws/dynamic_ws/install/w10_force/share/w10_force/local_setup.sh
-- Up-to-date: /home/user/ros2_ws/dynamic_ws/install/w10_force/share/w10_force/local_setup.zsh
-- Installing: /home/user/ros2_ws/dynamic_ws/install/w10_force/share/w10_force/local_setup.dsv
-- Installing: /home/user/ros2_ws/dynamic_ws/install/w10_force/share/w10_force/package.dsv
-- Up-to-date: /home/user/ros2_ws/dynamic_ws/install/w10_force/share/ament_index/resource_index/packages/w10_force
-- Installing: /home/user/ros2_ws/dynamic_ws/install/w10_force/share/w10_force/cmake/ament_cmake_export_dependencies-extras.cmake
-- Up-to-date: /home/user/ros2_ws/dynamic_ws/install/w10_force/share/w10_force/cmake/ament_cmake_export_include_directories-extras.cmake
-- Installing: /home/user/ros2_ws/dynamic_ws/install/w10_force/share/w10_force/cmake/ament_cmake_export_libraries-extras.cmake
-- Installing: /home/user/ros2_ws/dynamic_ws/install/w10_force/share/w10_force/cmake/w10_forceConfig.cmake
-- Up-to-date: /home/user/ros2_ws/dynamic_ws/install/w10_force/share/w10_force/cmake/w10_forceConfig-version.cmake
-- Installing: /home/user/ros2_ws/dynamic_ws/install/w10_force/share/w10_force/package.xml
