[0.009s] Invoking command in '/home/user/ros2_ws/dynamic_ws/build/w10_force': CMAKE_PREFIX_PATH=/home/user/ros2_ws/dynamic_ws/install/w10_sim:/home/user/ros2_ws/dynamic_ws/install/w10_force:/opt/openrobots:/home/user/ros2_ws/dynamic_ws/install/w10_moveit_kinematics:/home/user/ros2_ws/dynamic_ws/install/w10_kinematics:/home/user/ros2_ws/dynamic_ws/install/vi_2p:/home/user/ros2_ws/dynamic_ws/install/vi:/opt/ros/humble:/home/user/ros2_ws/w10_ws/install/w10-urdf:/home/user/ros2_ws/w10_ws/install/urdf_visualization:/opt/openrobots /usr/bin/cmake --build /home/user/ros2_ws/dynamic_ws/build/w10_force -- -j32 -l32
[0.070s] [ 66%] Built target force_controller
[0.070s] [ 66%] Built target w10_force
[0.086s] [ 83%] Building CXX object CMakeFiles/force_control_node.dir/src/force_control_node.cpp.o
[4.109s] In file included from /opt/openrobots/include/hpp/fcl/config.hh:1,
[4.109s]                  from /opt/openrobots/include/pinocchio/serialization/eigen.hpp:20,
[4.110s]                  from /opt/openrobots/include/pinocchio/serialization/fwd.hpp:11,
[4.110s]                  from /opt/openrobots/include/pinocchio/multibody/joint/joint-composite.hpp:14,
[4.110s]                  from /opt/openrobots/include/pinocchio/multibody/joint/joint-generic.hpp:9,
[4.110s]                  from /opt/openrobots/include/pinocchio/multibody/model.hpp:17,
[4.110s]                  from /home/user/ros2_ws/dynamic_ws/src/w10_force/include/w10_force/force_controller.hpp:7,
[4.110s]                  from /home/user/ros2_ws/dynamic_ws/src/w10_force/src/force_control_node.cpp:2:
[4.110s] /opt/openrobots/include/hpp/fcl/coal.hpp:10:71: note: ‘#pragma message: Please update your includes from 'hpp/fcl' to 'coal'’
[4.110s]    10 | #pragma message("Please update your includes from 'hpp/fcl' to 'coal'")
[4.110s]       |                                                                       ^
[5.631s] [100%] Linking CXX executable force_control_node
[5.833s] [100%] Built target force_control_node
[5.842s] Invoked command in '/home/user/ros2_ws/dynamic_ws/build/w10_force' returned '0': CMAKE_PREFIX_PATH=/home/user/ros2_ws/dynamic_ws/install/w10_sim:/home/user/ros2_ws/dynamic_ws/install/w10_force:/opt/openrobots:/home/user/ros2_ws/dynamic_ws/install/w10_moveit_kinematics:/home/user/ros2_ws/dynamic_ws/install/w10_kinematics:/home/user/ros2_ws/dynamic_ws/install/vi_2p:/home/user/ros2_ws/dynamic_ws/install/vi:/opt/ros/humble:/home/user/ros2_ws/w10_ws/install/w10-urdf:/home/user/ros2_ws/w10_ws/install/urdf_visualization:/opt/openrobots /usr/bin/cmake --build /home/user/ros2_ws/dynamic_ws/build/w10_force -- -j32 -l32
[5.848s] Invoking command in '/home/user/ros2_ws/dynamic_ws/build/w10_force': CMAKE_PREFIX_PATH=/home/user/ros2_ws/dynamic_ws/install/w10_sim:/home/user/ros2_ws/dynamic_ws/install/w10_force:/opt/openrobots:/home/user/ros2_ws/dynamic_ws/install/w10_moveit_kinematics:/home/user/ros2_ws/dynamic_ws/install/w10_kinematics:/home/user/ros2_ws/dynamic_ws/install/vi_2p:/home/user/ros2_ws/dynamic_ws/install/vi:/opt/ros/humble:/home/user/ros2_ws/w10_ws/install/w10-urdf:/home/user/ros2_ws/w10_ws/install/urdf_visualization:/opt/openrobots /usr/bin/cmake --install /home/user/ros2_ws/dynamic_ws/build/w10_force
[5.854s] -- Install configuration: ""
[5.854s] -- Installing: /home/user/ros2_ws/dynamic_ws/install/w10_force/lib/w10_force/force_control_node
[5.868s] -- Set runtime path of "/home/user/ros2_ws/dynamic_ws/install/w10_force/lib/w10_force/force_control_node" to ""
[5.868s] -- Up-to-date: /home/user/ros2_ws/dynamic_ws/install/w10_force/include
[5.868s] -- Up-to-date: /home/user/ros2_ws/dynamic_ws/install/w10_force/include/w10_force
[5.868s] -- Installing: /home/user/ros2_ws/dynamic_ws/install/w10_force/include/w10_force/force_controller.hpp
[5.868s] -- Up-to-date: /home/user/ros2_ws/dynamic_ws/install/w10_force/include
[5.868s] -- Up-to-date: /home/user/ros2_ws/dynamic_ws/install/w10_force/include/w10_force
[5.868s] -- Up-to-date: /home/user/ros2_ws/dynamic_ws/install/w10_force/include/w10_force/force_controller.hpp
[5.868s] -- Installing: /home/user/ros2_ws/dynamic_ws/install/w10_force/share/w10_force/environment/library_path.sh
[5.868s] -- Installing: /home/user/ros2_ws/dynamic_ws/install/w10_force/share/w10_force/environment/library_path.dsv
[5.868s] -- Installing: /home/user/ros2_ws/dynamic_ws/install/w10_force/lib/libw10_force.a
[5.868s] -- Installing: /home/user/ros2_ws/dynamic_ws/install/w10_force/share/ament_index/resource_index/package_run_dependencies/w10_force
[5.868s] -- Installing: /home/user/ros2_ws/dynamic_ws/install/w10_force/share/ament_index/resource_index/parent_prefix_path/w10_force
[5.868s] -- Up-to-date: /home/user/ros2_ws/dynamic_ws/install/w10_force/share/w10_force/environment/ament_prefix_path.sh
[5.869s] -- Installing: /home/user/ros2_ws/dynamic_ws/install/w10_force/share/w10_force/environment/ament_prefix_path.dsv
[5.869s] -- Up-to-date: /home/user/ros2_ws/dynamic_ws/install/w10_force/share/w10_force/environment/path.sh
[5.869s] -- Installing: /home/user/ros2_ws/dynamic_ws/install/w10_force/share/w10_force/environment/path.dsv
[5.869s] -- Up-to-date: /home/user/ros2_ws/dynamic_ws/install/w10_force/share/w10_force/local_setup.bash
[5.869s] -- Installing: /home/user/ros2_ws/dynamic_ws/install/w10_force/share/w10_force/local_setup.sh
[5.869s] -- Up-to-date: /home/user/ros2_ws/dynamic_ws/install/w10_force/share/w10_force/local_setup.zsh
[5.869s] -- Installing: /home/user/ros2_ws/dynamic_ws/install/w10_force/share/w10_force/local_setup.dsv
[5.869s] -- Installing: /home/user/ros2_ws/dynamic_ws/install/w10_force/share/w10_force/package.dsv
[5.869s] -- Up-to-date: /home/user/ros2_ws/dynamic_ws/install/w10_force/share/ament_index/resource_index/packages/w10_force
[5.869s] -- Installing: /home/user/ros2_ws/dynamic_ws/install/w10_force/share/w10_force/cmake/ament_cmake_export_dependencies-extras.cmake
[5.869s] -- Up-to-date: /home/user/ros2_ws/dynamic_ws/install/w10_force/share/w10_force/cmake/ament_cmake_export_include_directories-extras.cmake
[5.869s] -- Installing: /home/user/ros2_ws/dynamic_ws/install/w10_force/share/w10_force/cmake/ament_cmake_export_libraries-extras.cmake
[5.869s] -- Installing: /home/user/ros2_ws/dynamic_ws/install/w10_force/share/w10_force/cmake/w10_forceConfig.cmake
[5.869s] -- Up-to-date: /home/user/ros2_ws/dynamic_ws/install/w10_force/share/w10_force/cmake/w10_forceConfig-version.cmake
[5.870s] -- Installing: /home/user/ros2_ws/dynamic_ws/install/w10_force/share/w10_force/package.xml
[5.871s] Invoked command in '/home/user/ros2_ws/dynamic_ws/build/w10_force' returned '0': CMAKE_PREFIX_PATH=/home/user/ros2_ws/dynamic_ws/install/w10_sim:/home/user/ros2_ws/dynamic_ws/install/w10_force:/opt/openrobots:/home/user/ros2_ws/dynamic_ws/install/w10_moveit_kinematics:/home/user/ros2_ws/dynamic_ws/install/w10_kinematics:/home/user/ros2_ws/dynamic_ws/install/vi_2p:/home/user/ros2_ws/dynamic_ws/install/vi:/opt/ros/humble:/home/user/ros2_ws/w10_ws/install/w10-urdf:/home/user/ros2_ws/w10_ws/install/urdf_visualization:/opt/openrobots /usr/bin/cmake --install /home/user/ros2_ws/dynamic_ws/build/w10_force
