-- The C compiler identification is GNU 11.4.0
-- The CXX compiler identification is GNU 11.4.0
-- Detecting C compiler ABI info
-- Detecting C compiler ABI info - done
-- Check for working C compiler: /usr/bin/cc - skipped
-- Detecting C compile features
-- Detecting C compile features - done
-- Detecting CXX compiler ABI info
-- Detecting CXX compiler ABI info - done
-- Check for working CXX compiler: /usr/bin/c++ - skipped
-- Detecting CXX compile features
-- Detecting CXX compile features - done
-- Found ament_cmake_auto: 1.3.12 (/opt/ros/humble/share/ament_cmake_auto/cmake)
-- Found Python3: /usr/bin/python3 (found version "3.10.12") found components: Interpreter 
-- Found rosidl_generator_c: 3.1.7 (/opt/ros/humble/share/rosidl_generator_c/cmake)
-- Found rosidl_adapter: 3.1.7 (/opt/ros/humble/share/rosidl_adapter/cmake)
-- Found rosidl_generator_cpp: 3.1.7 (/opt/ros/humble/share/rosidl_generator_cpp/cmake)
-- Using all available rosidl_typesupport_c: rosidl_typesupport_fastrtps_c;rosidl_typesupport_introspection_c
-- Using all available rosidl_typesupport_cpp: rosidl_typesupport_fastrtps_cpp;rosidl_typesupport_introspection_cpp
-- Found rmw_implementation_cmake: 6.1.2 (/opt/ros/humble/share/rmw_implementation_cmake/cmake)
-- Found rmw_fastrtps_cpp: 6.2.9 (/opt/ros/humble/share/rmw_fastrtps_cpp/cmake)
-- Found OpenSSL: /usr/lib/x86_64-linux-gnu/libcrypto.so (found version "3.0.2")  
-- Found FastRTPS: /opt/ros/humble/include  
-- Using RMW implementation 'rmw_fastrtps_cpp' as default
-- Looking for pthread.h
-- Looking for pthread.h - found
-- Performing Test CMAKE_HAVE_LIBC_PTHREAD
-- Performing Test CMAKE_HAVE_LIBC_PTHREAD - Success
-- Found Threads: TRUE  
-- Found ament_lint_auto: 0.12.14 (/opt/ros/humble/share/ament_lint_auto/cmake)
In this package, headers install destination is set to `include` by ament_auto_package. It is recommended to install `include/w10_force` instead and will be the default behavior of ament_auto_package from ROS 2 Kilted Kaiju. On distributions before Kilted, ament_auto_package behaves the same way when you use USE_SCOPED_HEADER_INSTALL_DIR option.
-- Added test 'cppcheck' to perform static code analysis on C / C++ code
-- Configured cppcheck include dirs: /home/user/ros2_ws/dynamic_ws/src/w10_force/include
-- Configured cppcheck exclude dirs and/or files: 
-- Added test 'lint_cmake' to check CMake code style
-- Added test 'uncrustify' to check C / C++ code style
-- Configured uncrustify additional arguments: 
-- Added test 'xmllint' to check XML markup files
-- Configuring done
-- Generating done
-- Build files have been written to: /home/user/ros2_ws/dynamic_ws/build/w10_force
-- Install configuration: ""
-- Installing: /home/user/ros2_ws/dynamic_ws/install/w10_force/include
-- Installing: /home/user/ros2_ws/dynamic_ws/install/w10_force/include/w10_force
-- Installing: /home/user/ros2_ws/dynamic_ws/install/w10_force/include/w10_force/force_control.hpp
-- Installing: /home/user/ros2_ws/dynamic_ws/install/w10_force/share/w10_force/config
-- Installing: /home/user/ros2_ws/dynamic_ws/install/w10_force/share/w10_force/launch
-- Up-to-date: /home/user/ros2_ws/dynamic_ws/install/w10_force/include
-- Up-to-date: /home/user/ros2_ws/dynamic_ws/install/w10_force/include/w10_force
-- Up-to-date: /home/user/ros2_ws/dynamic_ws/install/w10_force/include/w10_force/force_control.hpp
-- Installing: /home/user/ros2_ws/dynamic_ws/install/w10_force/share/ament_index/resource_index/package_run_dependencies/w10_force
-- Installing: /home/user/ros2_ws/dynamic_ws/install/w10_force/share/ament_index/resource_index/parent_prefix_path/w10_force
-- Installing: /home/user/ros2_ws/dynamic_ws/install/w10_force/share/w10_force/environment/ament_prefix_path.sh
-- Installing: /home/user/ros2_ws/dynamic_ws/install/w10_force/share/w10_force/environment/ament_prefix_path.dsv
-- Installing: /home/user/ros2_ws/dynamic_ws/install/w10_force/share/w10_force/environment/path.sh
-- Installing: /home/user/ros2_ws/dynamic_ws/install/w10_force/share/w10_force/environment/path.dsv
-- Installing: /home/user/ros2_ws/dynamic_ws/install/w10_force/share/w10_force/local_setup.bash
-- Installing: /home/user/ros2_ws/dynamic_ws/install/w10_force/share/w10_force/local_setup.sh
-- Installing: /home/user/ros2_ws/dynamic_ws/install/w10_force/share/w10_force/local_setup.zsh
-- Installing: /home/user/ros2_ws/dynamic_ws/install/w10_force/share/w10_force/local_setup.dsv
-- Installing: /home/user/ros2_ws/dynamic_ws/install/w10_force/share/w10_force/package.dsv
-- Installing: /home/user/ros2_ws/dynamic_ws/install/w10_force/share/ament_index/resource_index/packages/w10_force
-- Installing: /home/user/ros2_ws/dynamic_ws/install/w10_force/share/w10_force/cmake/ament_cmake_export_dependencies-extras.cmake
-- Installing: /home/user/ros2_ws/dynamic_ws/install/w10_force/share/w10_force/cmake/ament_cmake_export_include_directories-extras.cmake
-- Installing: /home/user/ros2_ws/dynamic_ws/install/w10_force/share/w10_force/cmake/w10_forceConfig.cmake
-- Installing: /home/user/ros2_ws/dynamic_ws/install/w10_force/share/w10_force/cmake/w10_forceConfig-version.cmake
-- Installing: /home/user/ros2_ws/dynamic_ws/install/w10_force/share/w10_force/package.xml
