-- The C compiler identification is GNU 11.4.0
-- The CXX compiler identification is GNU 11.4.0
-- Detecting C compiler ABI info
-- Detecting C compiler ABI info - done
-- Check for working C compiler: /usr/bin/cc - skipped
-- Detecting C compile features
-- Detecting C compile features - done
-- Detecting CXX compiler ABI info
-- Detecting CXX compiler ABI info - done
-- Check for working CXX compiler: /usr/bin/c++ - skipped
-- Detecting CXX compile features
-- Detecting CXX compile features - done
-- Found ament_cmake_auto: 1.3.12 (/opt/ros/humble/share/ament_cmake_auto/cmake)
-- Found Python3: /usr/bin/python3 (found version "3.10.12") found components: Interpreter 
-- pinocchio_default FOUND. pinocchio_default at /opt/openrobots/lib/libpinocchio_default.so
-- pinocchio_parsers FOUND. pinocchio_parsers at /opt/openrobots/lib/libpinocchio_parsers.so
-- pinocchio_casadi FOUND. pinocchio_casadi at /opt/openrobots/lib/libpinocchio_casadi.so
-- boost_filesystem FOUND. boost_filesystem at /usr/lib/x86_64-linux-gnu/libboost_filesystem.so
-- boost_serialization FOUND. boost_serialization at /usr/lib/x86_64-linux-gnu/libboost_serialization.so
-- boost_system FOUND. boost_system at /usr/lib/x86_64-linux-gnu/libboost_system.so
[33mCMake Warning at /opt/openrobots/lib/cmake/hpp-fcl/hpp-fclConfig.cmake:3 (message):
  Please update your CMake from 'hpp-fcl' to 'coal'
Call Stack (most recent call first):
  /usr/share/cmake-3.22/Modules/CMakeFindDependencyMacro.cmake:47 (find_package)
  /opt/openrobots/lib/cmake/pinocchio/pinocchioConfig.cmake:161 (find_dependency)
  /opt/ros/humble/share/ament_cmake_auto/cmake/ament_auto_find_build_dependencies.cmake:67 (find_package)
  CMakeLists.txt:12 (ament_auto_find_build_dependencies)

[0m
-- coal FOUND. coal at /opt/openrobots/lib/libcoal.so
-- Looking for pthread.h
-- Looking for pthread.h - found
-- Performing Test CMAKE_HAVE_LIBC_PTHREAD
-- Performing Test CMAKE_HAVE_LIBC_PTHREAD - Success
-- Found Threads: TRUE  
-- Found Boost: /usr/include (found version "1.74.0") found components: chrono thread date_time serialization filesystem atomic 
-- Default C++ standard: 201703
-- Minimal C++ standard upgraded to 11
-- C++ standard sufficient: Minimal required 11, currently defined: 17
-- CMAKE_CXX_STANDARD was not set: automatically set to currently defined standard 17
-- C++ standard sufficient: Minimal required 11, currently defined: 17
-- Found rosidl_generator_c: 3.1.7 (/opt/ros/humble/share/rosidl_generator_c/cmake)
-- Found rosidl_adapter: 3.1.7 (/opt/ros/humble/share/rosidl_adapter/cmake)
-- Found rosidl_generator_cpp: 3.1.7 (/opt/ros/humble/share/rosidl_generator_cpp/cmake)
-- Using all available rosidl_typesupport_c: rosidl_typesupport_fastrtps_c;rosidl_typesupport_introspection_c
-- Using all available rosidl_typesupport_cpp: rosidl_typesupport_fastrtps_cpp;rosidl_typesupport_introspection_cpp
-- Found rmw_implementation_cmake: 6.1.2 (/opt/ros/humble/share/rmw_implementation_cmake/cmake)
-- Found rmw_fastrtps_cpp: 6.2.9 (/opt/ros/humble/share/rmw_fastrtps_cpp/cmake)
-- Found OpenSSL: /usr/lib/x86_64-linux-gnu/libcrypto.so (found version "3.0.2")  
-- Found FastRTPS: /opt/ros/humble/include  
-- Using RMW implementation 'rmw_fastrtps_cpp' as default
-- Found eigen3_cmake_module: 0.1.1 (/opt/ros/humble/share/eigen3_cmake_module/cmake)
-- Found Eigen3: TRUE (found version "3.4.0") 
-- Ensuring Eigen3 include directory is part of orocos-kdl CMake target
-- Configuring done
-- Generating done
-- Build files have been written to: /home/user/ros2_ws/dynamic_ws/build/w10_kinematics
[  5%] [32mBuilding CXX object CMakeFiles/arm_angle_ik.dir/src/arm_angle_ik.cpp.o[0m
In file included from [01m[K/opt/openrobots/include/hpp/fcl/config.hh:1[m[K,
                 from [01m[K/opt/openrobots/include/pinocchio/serialization/eigen.hpp:20[m[K,
                 from [01m[K/opt/openrobots/include/pinocchio/serialization/fwd.hpp:11[m[K,
                 from [01m[K/opt/openrobots/include/pinocchio/multibody/joint/joint-composite.hpp:14[m[K,
                 from [01m[K/opt/openrobots/include/pinocchio/multibody/joint/joint-generic.hpp:9[m[K,
                 from [01m[K/opt/openrobots/include/pinocchio/multibody/model.hpp:17[m[K,
                 from [01m[K/opt/openrobots/include/pinocchio/algorithm/kinematics.hpp:8[m[K,
                 from [01m[K/home/user/ros2_ws/dynamic_ws/src/w10_kinematics/include/w10_kinematics/arm_angle_ik.hpp:6[m[K,
                 from [01m[K/home/user/ros2_ws/dynamic_ws/src/w10_kinematics/src/arm_angle_ik.cpp:1[m[K:
[01m[K/opt/openrobots/include/hpp/fcl/coal.hpp:10:71:[m[K [01;36m[Knote: [m[K‘[01m[K#pragma message: Please update your includes from 'hpp/fcl' to 'coal'[m[K’
   10 | #pragma message("Please update your includes from 'hpp/fcl' to 'coal'"[01;36m[K)[m[K
      |                                                                       [01;36m[K^[m[K
[ 11%] [32m[1mLinking CXX static library libarm_angle_ik.a[0m
[ 11%] Built target arm_angle_ik
[ 27%] [32mBuilding CXX object CMakeFiles/find_arm_angle.dir/src/find_arm_angle.cpp.o[0m
[ 27%] [32mBuilding CXX object CMakeFiles/debug_q_mapping.dir/src/debug_q_mapping.cpp.o[0m
[ 27%] [32mBuilding CXX object CMakeFiles/test_q_indices.dir/src/test_q_indices.cpp.o[0m
[ 38%] [32mBuilding CXX object CMakeFiles/ik_test.dir/src/ik_test.cpp.o[0m
[ 38%] [32mBuilding CXX object CMakeFiles/debug_positions.dir/src/debug_positions.cpp.o[0m
[ 50%] [32mBuilding CXX object CMakeFiles/test_all_q.dir/src/test_all_q.cpp.o[0m
[ 50%] [32mBuilding CXX object CMakeFiles/debug_joints.dir/src/debug_joints.cpp.o[0m
[ 55%] [32mBuilding CXX object CMakeFiles/ik_visualize.dir/src/ik_visualize.cpp.o[0m
In file included from [01m[K/opt/openrobots/include/hpp/fcl/config.hh:1[m[K,
                 from [01m[K/opt/openrobots/include/pinocchio/serialization/eigen.hpp:20[m[K,
                 from [01m[K/opt/openrobots/include/pinocchio/serialization/fwd.hpp:11[m[K,
                 from [01m[K/opt/openrobots/include/pinocchio/multibody/joint/joint-composite.hpp:14[m[K,
                 from [01m[K/opt/openrobots/include/pinocchio/multibody/joint/joint-generic.hpp:9[m[K,
                 from [01m[K/opt/openrobots/include/pinocchio/multibody/model.hpp:17[m[K,
                 from [01m[K/opt/openrobots/include/pinocchio/algorithm/kinematics.hpp:8[m[K,
                 from [01m[K/home/user/ros2_ws/dynamic_ws/src/w10_kinematics/include/w10_kinematics/arm_angle_ik.hpp:6[m[K,
                 from [01m[K/home/user/ros2_ws/dynamic_ws/src/w10_kinematics/src/debug_positions.cpp:1[m[K:
[01m[K/opt/openrobots/include/hpp/fcl/coal.hpp:10:71:[m[K [01;36m[Knote: [m[K‘[01m[K#pragma message: Please update your includes from 'hpp/fcl' to 'coal'[m[K’
   10 | #pragma message("Please update your includes from 'hpp/fcl' to 'coal'"[01;36m[K)[m[K
      |                                                                       [01;36m[K^[m[K
In file included from [01m[K/opt/openrobots/include/hpp/fcl/config.hh:1[m[K,
                 from [01m[K/opt/openrobots/include/pinocchio/serialization/eigen.hpp:20[m[K,
                 from [01m[K/opt/openrobots/include/pinocchio/serialization/fwd.hpp:11[m[K,
                 from [01m[K/opt/openrobots/include/pinocchio/multibody/joint/joint-composite.hpp:14[m[K,
                 from [01m[K/opt/openrobots/include/pinocchio/multibody/joint/joint-generic.hpp:9[m[K,
                 from [01m[K/opt/openrobots/include/pinocchio/multibody/model.hpp:17[m[K,
                 from [01m[K/opt/openrobots/include/pinocchio/algorithm/kinematics.hpp:8[m[K,
                 from [01m[K/home/user/ros2_ws/dynamic_ws/src/w10_kinematics/include/w10_kinematics/arm_angle_ik.hpp:6[m[K,
                 from [01m[K/home/user/ros2_ws/dynamic_ws/src/w10_kinematics/src/find_arm_angle.cpp:1[m[K:
[01m[K/opt/openrobots/include/hpp/fcl/coal.hpp:10:71:[m[K [01;36m[Knote: [m[K‘[01m[K#pragma message: Please update your includes from 'hpp/fcl' to 'coal'[m[K’
   10 | #pragma message("Please update your includes from 'hpp/fcl' to 'coal'"[01;36m[K)[m[K
      |                                                                       [01;36m[K^[m[K
In file included from [01m[K/opt/openrobots/include/hpp/fcl/config.hh:1[m[K,
                 from [01m[K/opt/openrobots/include/pinocchio/serialization/eigen.hpp:20[m[K,
                 from [01m[K/opt/openrobots/include/pinocchio/serialization/fwd.hpp:11[m[K,
                 from [01m[K/opt/openrobots/include/pinocchio/multibody/joint/joint-composite.hpp:14[m[K,
                 from [01m[K/opt/openrobots/include/pinocchio/multibody/joint/joint-generic.hpp:9[m[K,
                 from [01m[K/opt/openrobots/include/pinocchio/multibody/model.hpp:17[m[K,
                 from [01m[K/opt/openrobots/include/pinocchio/algorithm/kinematics.hpp:8[m[K,
                 from [01m[K/home/user/ros2_ws/dynamic_ws/src/w10_kinematics/include/w10_kinematics/arm_angle_ik.hpp:6[m[K,
                 from [01m[K/home/user/ros2_ws/dynamic_ws/src/w10_kinematics/src/ik_test.cpp:1[m[K:
[01m[K/opt/openrobots/include/hpp/fcl/coal.hpp:10:71:[m[K [01;36m[Knote: [m[K‘[01m[K#pragma message: Please update your includes from 'hpp/fcl' to 'coal'[m[K’
   10 | #pragma message("Please update your includes from 'hpp/fcl' to 'coal'"[01;36m[K)[m[K
      |                                                                       [01;36m[K^[m[K
In file included from [01m[K/opt/openrobots/include/hpp/fcl/config.hh:1[m[K,
                 from [01m[K/opt/openrobots/include/pinocchio/serialization/eigen.hpp:20[m[K,
                 from [01m[K/opt/openrobots/include/pinocchio/serialization/fwd.hpp:11[m[K,
                 from [01m[K/opt/openrobots/include/pinocchio/multibody/joint/joint-composite.hpp:14[m[K,
                 from [01m[K/opt/openrobots/include/pinocchio/multibody/joint/joint-generic.hpp:9[m[K,
                 from [01m[K/opt/openrobots/include/pinocchio/multibody/model.hpp:17[m[K,
                 from [01m[K/opt/openrobots/include/pinocchio/algorithm/kinematics.hpp:8[m[K,
                 from [01m[K/home/user/ros2_ws/dynamic_ws/src/w10_kinematics/include/w10_kinematics/arm_angle_ik.hpp:6[m[K,
                 from [01m[K/home/user/ros2_ws/dynamic_ws/src/w10_kinematics/src/test_q_indices.cpp:1[m[K:
[01m[K/opt/openrobots/include/hpp/fcl/coal.hpp:10:71:[m[K [01;36m[Knote: [m[K‘[01m[K#pragma message: Please update your includes from 'hpp/fcl' to 'coal'[m[K’
   10 | #pragma message("Please update your includes from 'hpp/fcl' to 'coal'"[01;36m[K)[m[K
      |                                                                       [01;36m[K^[m[K
In file included from [01m[K/opt/openrobots/include/hpp/fcl/config.hh:1[m[K,
                 from [01m[K/opt/openrobots/include/pinocchio/serialization/eigen.hpp:20[m[K,
                 from [01m[K/opt/openrobots/include/pinocchio/serialization/fwd.hpp:11[m[K,
                 from [01m[K/opt/openrobots/include/pinocchio/multibody/joint/joint-composite.hpp:14[m[K,
                 from [01m[K/opt/openrobots/include/pinocchio/multibody/joint/joint-generic.hpp:9[m[K,
                 from [01m[K/opt/openrobots/include/pinocchio/multibody/model.hpp:17[m[K,
                 from [01m[K/opt/openrobots/include/pinocchio/algorithm/kinematics.hpp:8[m[K,
                 from [01m[K/home/user/ros2_ws/dynamic_ws/src/w10_kinematics/include/w10_kinematics/arm_angle_ik.hpp:6[m[K,
                 from [01m[K/home/user/ros2_ws/dynamic_ws/src/w10_kinematics/src/debug_q_mapping.cpp:1[m[K:
[01m[K/opt/openrobots/include/hpp/fcl/coal.hpp:10:71:[m[K [01;36m[Knote: [m[K‘[01m[K#pragma message: Please update your includes from 'hpp/fcl' to 'coal'[m[K’
   10 | #pragma message("Please update your includes from 'hpp/fcl' to 'coal'"[01;36m[K)[m[K
      |                                                                       [01;36m[K^[m[K
In file included from [01m[K/opt/openrobots/include/hpp/fcl/config.hh:1[m[K,
                 from [01m[K/opt/openrobots/include/pinocchio/serialization/eigen.hpp:20[m[K,
                 from [01m[K/opt/openrobots/include/pinocchio/serialization/fwd.hpp:11[m[K,
                 from [01m[K/opt/openrobots/include/pinocchio/multibody/joint/joint-composite.hpp:14[m[K,
                 from [01m[K/opt/openrobots/include/pinocchio/multibody/joint/joint-generic.hpp:9[m[K,
                 from [01m[K/opt/openrobots/include/pinocchio/multibody/model.hpp:17[m[K,
                 from [01m[K/opt/openrobots/include/pinocchio/algorithm/kinematics.hpp:8[m[K,
                 from [01m[K/home/user/ros2_ws/dynamic_ws/src/w10_kinematics/include/w10_kinematics/arm_angle_ik.hpp:6[m[K,
                 from [01m[K/home/user/ros2_ws/dynamic_ws/src/w10_kinematics/src/debug_joints.cpp:1[m[K:
[01m[K/opt/openrobots/include/hpp/fcl/coal.hpp:10:71:[m[K [01;36m[Knote: [m[K‘[01m[K#pragma message: Please update your includes from 'hpp/fcl' to 'coal'[m[K’
   10 | #pragma message("Please update your includes from 'hpp/fcl' to 'coal'"[01;36m[K)[m[K
      |                                                                       [01;36m[K^[m[K
In file included from [01m[K/opt/openrobots/include/hpp/fcl/config.hh:1[m[K,
                 from [01m[K/opt/openrobots/include/pinocchio/serialization/eigen.hpp:20[m[K,
                 from [01m[K/opt/openrobots/include/pinocchio/serialization/fwd.hpp:11[m[K,
                 from [01m[K/opt/openrobots/include/pinocchio/multibody/joint/joint-composite.hpp:14[m[K,
                 from [01m[K/opt/openrobots/include/pinocchio/multibody/joint/joint-generic.hpp:9[m[K,
                 from [01m[K/opt/openrobots/include/pinocchio/multibody/model.hpp:17[m[K,
                 from [01m[K/opt/openrobots/include/pinocchio/algorithm/kinematics.hpp:8[m[K,
                 from [01m[K/home/user/ros2_ws/dynamic_ws/src/w10_kinematics/include/w10_kinematics/arm_angle_ik.hpp:6[m[K,
                 from [01m[K/home/user/ros2_ws/dynamic_ws/src/w10_kinematics/src/test_all_q.cpp:1[m[K:
[01m[K/opt/openrobots/include/hpp/fcl/coal.hpp:10:71:[m[K [01;36m[Knote: [m[K‘[01m[K#pragma message: Please update your includes from 'hpp/fcl' to 'coal'[m[K’
   10 | #pragma message("Please update your includes from 'hpp/fcl' to 'coal'"[01;36m[K)[m[K
      |                                                                       [01;36m[K^[m[K
In file included from [01m[K/opt/openrobots/include/hpp/fcl/config.hh:1[m[K,
                 from [01m[K/opt/openrobots/include/pinocchio/serialization/eigen.hpp:20[m[K,
                 from [01m[K/opt/openrobots/include/pinocchio/serialization/fwd.hpp:11[m[K,
                 from [01m[K/opt/openrobots/include/pinocchio/multibody/joint/joint-composite.hpp:14[m[K,
                 from [01m[K/opt/openrobots/include/pinocchio/multibody/joint/joint-generic.hpp:9[m[K,
                 from [01m[K/opt/openrobots/include/pinocchio/multibody/model.hpp:17[m[K,
                 from [01m[K/opt/openrobots/include/pinocchio/algorithm/kinematics.hpp:8[m[K,
                 from [01m[K/home/user/ros2_ws/dynamic_ws/src/w10_kinematics/include/w10_kinematics/arm_angle_ik.hpp:6[m[K,
                 from [01m[K/home/user/ros2_ws/dynamic_ws/src/w10_kinematics/src/ik_visualize.cpp:1[m[K:
[01m[K/opt/openrobots/include/hpp/fcl/coal.hpp:10:71:[m[K [01;36m[Knote: [m[K‘[01m[K#pragma message: Please update your includes from 'hpp/fcl' to 'coal'[m[K’
   10 | #pragma message("Please update your includes from 'hpp/fcl' to 'coal'"[01;36m[K)[m[K
      |                                                                       [01;36m[K^[m[K
[ 61%] [32m[1mLinking CXX executable find_arm_angle[0m
[ 66%] [32m[1mLinking CXX executable debug_positions[0m
[ 72%] [32m[1mLinking CXX executable debug_joints[0m
[ 77%] [32m[1mLinking CXX executable debug_q_mapping[0m
[ 83%] [32m[1mLinking CXX executable ik_test[0m
[ 88%] [32m[1mLinking CXX executable test_q_indices[0m
[ 88%] Built target debug_positions
[ 88%] Built target find_arm_angle
[ 88%] Built target debug_joints
[ 88%] Built target debug_q_mapping
[ 88%] Built target ik_test
[ 88%] Built target test_q_indices
[ 94%] [32m[1mLinking CXX executable test_all_q[0m
[ 94%] Built target test_all_q
[100%] [32m[1mLinking CXX executable ik_visualize[0m
[100%] Built target ik_visualize
-- Install configuration: ""
-- Installing: /home/user/ros2_ws/dynamic_ws/install/w10_kinematics/lib/libarm_angle_ik.a
-- Installing: /home/user/ros2_ws/dynamic_ws/install/w10_kinematics/include
-- Installing: /home/user/ros2_ws/dynamic_ws/install/w10_kinematics/include/w10_kinematics
-- Installing: /home/user/ros2_ws/dynamic_ws/install/w10_kinematics/include/w10_kinematics/arm_angle_ik.hpp
-- Installing: /home/user/ros2_ws/dynamic_ws/install/w10_kinematics/share/w10_kinematics/launch
-- Installing: /home/user/ros2_ws/dynamic_ws/install/w10_kinematics/share/w10_kinematics/launch/start_ik_visualization.sh
-- Installing: /home/user/ros2_ws/dynamic_ws/install/w10_kinematics/share/w10_kinematics/launch/ik_visualize.launch.py
-- Installing: /home/user/ros2_ws/dynamic_ws/install/w10_kinematics/lib/w10_kinematics/ik_test
-- Set runtime path of "/home/user/ros2_ws/dynamic_ws/install/w10_kinematics/lib/w10_kinematics/ik_test" to ""
-- Installing: /home/user/ros2_ws/dynamic_ws/install/w10_kinematics/lib/w10_kinematics/ik_visualize
-- Set runtime path of "/home/user/ros2_ws/dynamic_ws/install/w10_kinematics/lib/w10_kinematics/ik_visualize" to ""
-- Installing: /home/user/ros2_ws/dynamic_ws/install/w10_kinematics/lib/w10_kinematics/debug_joints
-- Set runtime path of "/home/user/ros2_ws/dynamic_ws/install/w10_kinematics/lib/w10_kinematics/debug_joints" to ""
-- Installing: /home/user/ros2_ws/dynamic_ws/install/w10_kinematics/lib/w10_kinematics/debug_q_mapping
-- Set runtime path of "/home/user/ros2_ws/dynamic_ws/install/w10_kinematics/lib/w10_kinematics/debug_q_mapping" to ""
-- Installing: /home/user/ros2_ws/dynamic_ws/install/w10_kinematics/lib/w10_kinematics/test_q_indices
-- Set runtime path of "/home/user/ros2_ws/dynamic_ws/install/w10_kinematics/lib/w10_kinematics/test_q_indices" to ""
-- Installing: /home/user/ros2_ws/dynamic_ws/install/w10_kinematics/lib/w10_kinematics/test_all_q
-- Set runtime path of "/home/user/ros2_ws/dynamic_ws/install/w10_kinematics/lib/w10_kinematics/test_all_q" to ""
-- Installing: /home/user/ros2_ws/dynamic_ws/install/w10_kinematics/lib/w10_kinematics/debug_positions
-- Set runtime path of "/home/user/ros2_ws/dynamic_ws/install/w10_kinematics/lib/w10_kinematics/debug_positions" to ""
-- Installing: /home/user/ros2_ws/dynamic_ws/install/w10_kinematics/lib/w10_kinematics/find_arm_angle
-- Set runtime path of "/home/user/ros2_ws/dynamic_ws/install/w10_kinematics/lib/w10_kinematics/find_arm_angle" to ""
-- Installing: /home/user/ros2_ws/dynamic_ws/install/w10_kinematics/share/ament_index/resource_index/package_run_dependencies/w10_kinematics
-- Installing: /home/user/ros2_ws/dynamic_ws/install/w10_kinematics/share/ament_index/resource_index/parent_prefix_path/w10_kinematics
-- Installing: /home/user/ros2_ws/dynamic_ws/install/w10_kinematics/share/w10_kinematics/environment/ament_prefix_path.sh
-- Installing: /home/user/ros2_ws/dynamic_ws/install/w10_kinematics/share/w10_kinematics/environment/ament_prefix_path.dsv
-- Installing: /home/user/ros2_ws/dynamic_ws/install/w10_kinematics/share/w10_kinematics/environment/path.sh
-- Installing: /home/user/ros2_ws/dynamic_ws/install/w10_kinematics/share/w10_kinematics/environment/path.dsv
-- Installing: /home/user/ros2_ws/dynamic_ws/install/w10_kinematics/share/w10_kinematics/local_setup.bash
-- Installing: /home/user/ros2_ws/dynamic_ws/install/w10_kinematics/share/w10_kinematics/local_setup.sh
-- Installing: /home/user/ros2_ws/dynamic_ws/install/w10_kinematics/share/w10_kinematics/local_setup.zsh
-- Installing: /home/user/ros2_ws/dynamic_ws/install/w10_kinematics/share/w10_kinematics/local_setup.dsv
-- Installing: /home/user/ros2_ws/dynamic_ws/install/w10_kinematics/share/w10_kinematics/package.dsv
-- Installing: /home/user/ros2_ws/dynamic_ws/install/w10_kinematics/share/ament_index/resource_index/packages/w10_kinematics
-- Installing: /home/user/ros2_ws/dynamic_ws/install/w10_kinematics/share/w10_kinematics/cmake/w10_kinematicsConfig.cmake
-- Installing: /home/user/ros2_ws/dynamic_ws/install/w10_kinematics/share/w10_kinematics/cmake/w10_kinematicsConfig-version.cmake
-- Installing: /home/user/ros2_ws/dynamic_ws/install/w10_kinematics/share/w10_kinematics/package.xml
