[0.011s] Invoking command in '/home/user/ros2_ws/dynamic_ws/build/w10_kinematics': CMAKE_PREFIX_PATH=/home/user/ros2_ws/dynamic_ws/install/w10_sim:/opt/openrobots:/home/user/ros2_ws/dynamic_ws/install/w10_moveit_kinematics:/home/user/ros2_ws/dynamic_ws/install/w10_kinematics:/home/user/ros2_ws/dynamic_ws/install/vi_2p:/home/user/ros2_ws/dynamic_ws/install/vi:/opt/ros/humble:/home/user/ros2_ws/w10_ws/install/w10-urdf:/home/user/ros2_ws/w10_ws/install/urdf_visualization:/opt/openrobots /usr/bin/cmake /home/user/ros2_ws/dynamic_ws/src/w10_kinematics -DCMAKE_INSTALL_PREFIX=/home/user/ros2_ws/dynamic_ws/install/w10_kinematics
[0.100s] -- The C compiler identification is GNU 11.4.0
[0.160s] -- The CXX compiler identification is GNU 11.4.0
[0.177s] -- Detecting C compiler ABI info
[0.245s] -- Detecting C compiler ABI info - done
[0.249s] -- Check for working C compiler: /usr/bin/cc - skipped
[0.250s] -- Detecting C compile features
[0.250s] -- Detecting C compile features - done
[0.264s] -- Detecting CXX compiler ABI info
[0.334s] -- Detecting CXX compiler ABI info - done
[0.339s] -- Check for working CXX compiler: /usr/bin/c++ - skipped
[0.339s] -- Detecting CXX compile features
[0.339s] -- Detecting CXX compile features - done
[0.353s] -- Found ament_cmake_auto: 1.3.12 (/opt/ros/humble/share/ament_cmake_auto/cmake)
[0.489s] -- Found Python3: /usr/bin/python3 (found version "3.10.12") found components: Interpreter 
[0.640s] -- pinocchio_default FOUND. pinocchio_default at /opt/openrobots/lib/libpinocchio_default.so
[0.641s] -- pinocchio_parsers FOUND. pinocchio_parsers at /opt/openrobots/lib/libpinocchio_parsers.so
[0.641s] -- pinocchio_casadi FOUND. pinocchio_casadi at /opt/openrobots/lib/libpinocchio_casadi.so
[0.646s] -- boost_filesystem FOUND. boost_filesystem at /usr/lib/x86_64-linux-gnu/libboost_filesystem.so
[0.646s] -- boost_serialization FOUND. boost_serialization at /usr/lib/x86_64-linux-gnu/libboost_serialization.so
[0.647s] -- boost_system FOUND. boost_system at /usr/lib/x86_64-linux-gnu/libboost_system.so
[0.696s] [33mCMake Warning at /opt/openrobots/lib/cmake/hpp-fcl/hpp-fclConfig.cmake:3 (message):
[0.696s]   Please update your CMake from 'hpp-fcl' to 'coal'
[0.696s] Call Stack (most recent call first):
[0.696s]   /usr/share/cmake-3.22/Modules/CMakeFindDependencyMacro.cmake:47 (find_package)
[0.696s]   /opt/openrobots/lib/cmake/pinocchio/pinocchioConfig.cmake:161 (find_dependency)
[0.697s]   /opt/ros/humble/share/ament_cmake_auto/cmake/ament_auto_find_build_dependencies.cmake:67 (find_package)
[0.697s]   CMakeLists.txt:12 (ament_auto_find_build_dependencies)
[0.697s] 
[0.697s] [0m
[0.697s] -- coal FOUND. coal at /opt/openrobots/lib/libcoal.so
[0.711s] -- Looking for pthread.h
[0.766s] -- Looking for pthread.h - found
[0.766s] -- Performing Test CMAKE_HAVE_LIBC_PTHREAD
[0.823s] -- Performing Test CMAKE_HAVE_LIBC_PTHREAD - Success
[0.824s] -- Found Threads: TRUE  
[0.834s] -- Found Boost: /usr/include (found version "1.74.0") found components: chrono thread date_time serialization filesystem atomic 
[1.063s] -- Default C++ standard: 201703
[1.064s] -- Minimal C++ standard upgraded to 11
[1.064s] -- C++ standard sufficient: Minimal required 11, currently defined: 17
[1.064s] -- CMAKE_CXX_STANDARD was not set: automatically set to currently defined standard 17
[1.064s] -- C++ standard sufficient: Minimal required 11, currently defined: 17
[1.106s] -- Found rosidl_generator_c: 3.1.7 (/opt/ros/humble/share/rosidl_generator_c/cmake)
[1.112s] -- Found rosidl_adapter: 3.1.7 (/opt/ros/humble/share/rosidl_adapter/cmake)
[1.122s] -- Found rosidl_generator_cpp: 3.1.7 (/opt/ros/humble/share/rosidl_generator_cpp/cmake)
[1.136s] -- Using all available rosidl_typesupport_c: rosidl_typesupport_fastrtps_c;rosidl_typesupport_introspection_c
[1.155s] -- Using all available rosidl_typesupport_cpp: rosidl_typesupport_fastrtps_cpp;rosidl_typesupport_introspection_cpp
[1.202s] -- Found rmw_implementation_cmake: 6.1.2 (/opt/ros/humble/share/rmw_implementation_cmake/cmake)
[1.204s] -- Found rmw_fastrtps_cpp: 6.2.9 (/opt/ros/humble/share/rmw_fastrtps_cpp/cmake)
[1.283s] -- Found OpenSSL: /usr/lib/x86_64-linux-gnu/libcrypto.so (found version "3.0.2")  
[1.301s] -- Found FastRTPS: /opt/ros/humble/include  
[1.327s] -- Using RMW implementation 'rmw_fastrtps_cpp' as default
[1.395s] -- Found eigen3_cmake_module: 0.1.1 (/opt/ros/humble/share/eigen3_cmake_module/cmake)
[1.396s] -- Found Eigen3: TRUE (found version "3.4.0") 
[1.396s] -- Ensuring Eigen3 include directory is part of orocos-kdl CMake target
[1.556s] -- Configuring done
[1.589s] -- Generating done
[1.595s] -- Build files have been written to: /home/user/ros2_ws/dynamic_ws/build/w10_kinematics
[1.602s] Invoked command in '/home/user/ros2_ws/dynamic_ws/build/w10_kinematics' returned '0': CMAKE_PREFIX_PATH=/home/user/ros2_ws/dynamic_ws/install/w10_sim:/opt/openrobots:/home/user/ros2_ws/dynamic_ws/install/w10_moveit_kinematics:/home/user/ros2_ws/dynamic_ws/install/w10_kinematics:/home/user/ros2_ws/dynamic_ws/install/vi_2p:/home/user/ros2_ws/dynamic_ws/install/vi:/opt/ros/humble:/home/user/ros2_ws/w10_ws/install/w10-urdf:/home/user/ros2_ws/w10_ws/install/urdf_visualization:/opt/openrobots /usr/bin/cmake /home/user/ros2_ws/dynamic_ws/src/w10_kinematics -DCMAKE_INSTALL_PREFIX=/home/user/ros2_ws/dynamic_ws/install/w10_kinematics
[1.603s] Invoking command in '/home/user/ros2_ws/dynamic_ws/build/w10_kinematics': CMAKE_PREFIX_PATH=/home/user/ros2_ws/dynamic_ws/install/w10_sim:/opt/openrobots:/home/user/ros2_ws/dynamic_ws/install/w10_moveit_kinematics:/home/user/ros2_ws/dynamic_ws/install/w10_kinematics:/home/user/ros2_ws/dynamic_ws/install/vi_2p:/home/user/ros2_ws/dynamic_ws/install/vi:/opt/ros/humble:/home/user/ros2_ws/w10_ws/install/w10-urdf:/home/user/ros2_ws/w10_ws/install/urdf_visualization:/opt/openrobots /usr/bin/cmake --build /home/user/ros2_ws/dynamic_ws/build/w10_kinematics -- -j32 -l32
[1.646s] [  5%] [32mBuilding CXX object CMakeFiles/arm_angle_ik.dir/src/arm_angle_ik.cpp.o[0m
[3.772s] In file included from [01m[K/opt/openrobots/include/hpp/fcl/config.hh:1[m[K,
[3.772s]                  from [01m[K/opt/openrobots/include/pinocchio/serialization/eigen.hpp:20[m[K,
[3.772s]                  from [01m[K/opt/openrobots/include/pinocchio/serialization/fwd.hpp:11[m[K,
[3.772s]                  from [01m[K/opt/openrobots/include/pinocchio/multibody/joint/joint-composite.hpp:14[m[K,
[3.772s]                  from [01m[K/opt/openrobots/include/pinocchio/multibody/joint/joint-generic.hpp:9[m[K,
[3.772s]                  from [01m[K/opt/openrobots/include/pinocchio/multibody/model.hpp:17[m[K,
[3.772s]                  from [01m[K/opt/openrobots/include/pinocchio/algorithm/kinematics.hpp:8[m[K,
[3.772s]                  from [01m[K/home/user/ros2_ws/dynamic_ws/src/w10_kinematics/include/w10_kinematics/arm_angle_ik.hpp:6[m[K,
[3.772s]                  from [01m[K/home/user/ros2_ws/dynamic_ws/src/w10_kinematics/src/arm_angle_ik.cpp:1[m[K:
[3.772s] [01m[K/opt/openrobots/include/hpp/fcl/coal.hpp:10:71:[m[K [01;36m[Knote: [m[K‘[01m[K#pragma message: Please update your includes from 'hpp/fcl' to 'coal'[m[K’
[3.772s]    10 | #pragma message("Please update your includes from 'hpp/fcl' to 'coal'"[01;36m[K)[m[K
[3.772s]       |                                                                       [01;36m[K^[m[K
[18.497s] [ 11%] [32m[1mLinking CXX static library libarm_angle_ik.a[0m
[18.714s] [ 11%] Built target arm_angle_ik
[18.730s] [ 27%] [32mBuilding CXX object CMakeFiles/find_arm_angle.dir/src/find_arm_angle.cpp.o[0m
[18.730s] [ 27%] [32mBuilding CXX object CMakeFiles/debug_q_mapping.dir/src/debug_q_mapping.cpp.o[0m
[18.730s] [ 27%] [32mBuilding CXX object CMakeFiles/test_q_indices.dir/src/test_q_indices.cpp.o[0m
[18.730s] [ 38%] [32mBuilding CXX object CMakeFiles/ik_test.dir/src/ik_test.cpp.o[0m
[18.730s] [ 38%] [32mBuilding CXX object CMakeFiles/debug_positions.dir/src/debug_positions.cpp.o[0m
[18.730s] [ 50%] [32mBuilding CXX object CMakeFiles/test_all_q.dir/src/test_all_q.cpp.o[0m
[18.730s] [ 50%] [32mBuilding CXX object CMakeFiles/debug_joints.dir/src/debug_joints.cpp.o[0m
[18.731s] [ 55%] [32mBuilding CXX object CMakeFiles/ik_visualize.dir/src/ik_visualize.cpp.o[0m
[20.903s] In file included from [01m[K/opt/openrobots/include/hpp/fcl/config.hh:1[m[K,
[20.903s]                  from [01m[K/opt/openrobots/include/pinocchio/serialization/eigen.hpp:20[m[K,
[20.903s]                  from [01m[K/opt/openrobots/include/pinocchio/serialization/fwd.hpp:11[m[K,
[20.903s]                  from [01m[K/opt/openrobots/include/pinocchio/multibody/joint/joint-composite.hpp:14[m[K,
[20.903s]                  from [01m[K/opt/openrobots/include/pinocchio/multibody/joint/joint-generic.hpp:9[m[K,
[20.903s]                  from [01m[K/opt/openrobots/include/pinocchio/multibody/model.hpp:17[m[K,
[20.903s]                  from [01m[K/opt/openrobots/include/pinocchio/algorithm/kinematics.hpp:8[m[K,
[20.904s]                  from [01m[K/home/user/ros2_ws/dynamic_ws/src/w10_kinematics/include/w10_kinematics/arm_angle_ik.hpp:6[m[K,
[20.904s]                  from [01m[K/home/user/ros2_ws/dynamic_ws/src/w10_kinematics/src/debug_positions.cpp:1[m[K:
[20.904s] [01m[K/opt/openrobots/include/hpp/fcl/coal.hpp:10:71:[m[K [01;36m[Knote: [m[K‘[01m[K#pragma message: Please update your includes from 'hpp/fcl' to 'coal'[m[K’
[20.904s]    10 | #pragma message("Please update your includes from 'hpp/fcl' to 'coal'"[01;36m[K)[m[K
[20.904s]       |                                                                       [01;36m[K^[m[K
[20.916s] In file included from [01m[K/opt/openrobots/include/hpp/fcl/config.hh:1[m[K,
[20.916s]                  from [01m[K/opt/openrobots/include/pinocchio/serialization/eigen.hpp:20[m[K,
[20.916s]                  from [01m[K/opt/openrobots/include/pinocchio/serialization/fwd.hpp:11[m[K,
[20.916s]                  from [01m[K/opt/openrobots/include/pinocchio/multibody/joint/joint-composite.hpp:14[m[K,
[20.916s]                  from [01m[K/opt/openrobots/include/pinocchio/multibody/joint/joint-generic.hpp:9[m[K,
[20.916s]                  from [01m[K/opt/openrobots/include/pinocchio/multibody/model.hpp:17[m[K,
[20.917s]                  from [01m[K/opt/openrobots/include/pinocchio/algorithm/kinematics.hpp:8[m[K,
[20.917s]                  from [01m[K/home/user/ros2_ws/dynamic_ws/src/w10_kinematics/include/w10_kinematics/arm_angle_ik.hpp:6[m[K,
[20.917s]                  from [01m[K/home/user/ros2_ws/dynamic_ws/src/w10_kinematics/src/find_arm_angle.cpp:1[m[K:
[20.917s] [01m[K/opt/openrobots/include/hpp/fcl/coal.hpp:10:71:[m[K [01;36m[Knote: [m[K‘[01m[K#pragma message: Please update your includes from 'hpp/fcl' to 'coal'[m[K’
[20.917s]    10 | #pragma message("Please update your includes from 'hpp/fcl' to 'coal'"[01;36m[K)[m[K
[20.917s]       |                                                                       [01;36m[K^[m[K
[20.998s] In file included from [01m[K/opt/openrobots/include/hpp/fcl/config.hh:1[m[K,
[20.998s]                  from [01m[K/opt/openrobots/include/pinocchio/serialization/eigen.hpp:20[m[K,
[20.998s]                  from [01m[K/opt/openrobots/include/pinocchio/serialization/fwd.hpp:11[m[K,
[20.998s]                  from [01m[K/opt/openrobots/include/pinocchio/multibody/joint/joint-composite.hpp:14[m[K,
[20.999s]                  from [01m[K/opt/openrobots/include/pinocchio/multibody/joint/joint-generic.hpp:9[m[K,
[20.999s]                  from [01m[K/opt/openrobots/include/pinocchio/multibody/model.hpp:17[m[K,
[20.999s]                  from [01m[K/opt/openrobots/include/pinocchio/algorithm/kinematics.hpp:8[m[K,
[20.999s]                  from [01m[K/home/user/ros2_ws/dynamic_ws/src/w10_kinematics/include/w10_kinematics/arm_angle_ik.hpp:6[m[K,
[20.999s]                  from [01m[K/home/user/ros2_ws/dynamic_ws/src/w10_kinematics/src/ik_test.cpp:1[m[K:
[20.999s] [01m[K/opt/openrobots/include/hpp/fcl/coal.hpp:10:71:[m[K [01;36m[Knote: [m[K‘[01m[K#pragma message: Please update your includes from 'hpp/fcl' to 'coal'[m[K’
[20.999s]    10 | #pragma message("Please update your includes from 'hpp/fcl' to 'coal'"[01;36m[K)[m[K
[20.999s]       |                                                                       [01;36m[K^[m[K
[21.035s] In file included from [01m[K/opt/openrobots/include/hpp/fcl/config.hh:1[m[K,
[21.035s]                  from [01m[K/opt/openrobots/include/pinocchio/serialization/eigen.hpp:20[m[K,
[21.036s]                  from [01m[K/opt/openrobots/include/pinocchio/serialization/fwd.hpp:11[m[K,
[21.036s]                  from [01m[K/opt/openrobots/include/pinocchio/multibody/joint/joint-composite.hpp:14[m[K,
[21.036s]                  from [01m[K/opt/openrobots/include/pinocchio/multibody/joint/joint-generic.hpp:9[m[K,
[21.036s]                  from [01m[K/opt/openrobots/include/pinocchio/multibody/model.hpp:17[m[K,
[21.036s]                  from [01m[K/opt/openrobots/include/pinocchio/algorithm/kinematics.hpp:8[m[K,
[21.036s]                  from [01m[K/home/user/ros2_ws/dynamic_ws/src/w10_kinematics/include/w10_kinematics/arm_angle_ik.hpp:6[m[K,
[21.036s]                  from [01m[K/home/user/ros2_ws/dynamic_ws/src/w10_kinematics/src/test_q_indices.cpp:1[m[K:
[21.036s] [01m[K/opt/openrobots/include/hpp/fcl/coal.hpp:10:71:[m[K [01;36m[Knote: [m[K‘[01m[K#pragma message: Please update your includes from 'hpp/fcl' to 'coal'[m[K’
[21.036s]    10 | #pragma message("Please update your includes from 'hpp/fcl' to 'coal'"[01;36m[K)[m[K
[21.036s]       |                                                                       [01;36m[K^[m[K
[21.067s] In file included from [01m[K/opt/openrobots/include/hpp/fcl/config.hh:1[m[K,
[21.068s]                  from [01m[K/opt/openrobots/include/pinocchio/serialization/eigen.hpp:20[m[K,
[21.068s]                  from [01m[K/opt/openrobots/include/pinocchio/serialization/fwd.hpp:11[m[K,
[21.068s]                  from [01m[K/opt/openrobots/include/pinocchio/multibody/joint/joint-composite.hpp:14[m[K,
[21.068s]                  from [01m[K/opt/openrobots/include/pinocchio/multibody/joint/joint-generic.hpp:9[m[K,
[21.068s]                  from [01m[K/opt/openrobots/include/pinocchio/multibody/model.hpp:17[m[K,
[21.068s]                  from [01m[K/opt/openrobots/include/pinocchio/algorithm/kinematics.hpp:8[m[K,
[21.068s]                  from [01m[K/home/user/ros2_ws/dynamic_ws/src/w10_kinematics/include/w10_kinematics/arm_angle_ik.hpp:6[m[K,
[21.068s]                  from [01m[K/home/user/ros2_ws/dynamic_ws/src/w10_kinematics/src/debug_q_mapping.cpp:1[m[K:
[21.068s] [01m[K/opt/openrobots/include/hpp/fcl/coal.hpp:10:71:[m[K [01;36m[Knote: [m[K‘[01m[K#pragma message: Please update your includes from 'hpp/fcl' to 'coal'[m[K’
[21.068s]    10 | #pragma message("Please update your includes from 'hpp/fcl' to 'coal'"[01;36m[K)[m[K
[21.068s]       |                                                                       [01;36m[K^[m[K
[21.081s] In file included from [01m[K/opt/openrobots/include/hpp/fcl/config.hh:1[m[K,
[21.081s]                  from [01m[K/opt/openrobots/include/pinocchio/serialization/eigen.hpp:20[m[K,
[21.081s]                  from [01m[K/opt/openrobots/include/pinocchio/serialization/fwd.hpp:11[m[K,
[21.081s]                  from [01m[K/opt/openrobots/include/pinocchio/multibody/joint/joint-composite.hpp:14[m[K,
[21.081s]                  from [01m[K/opt/openrobots/include/pinocchio/multibody/joint/joint-generic.hpp:9[m[K,
[21.081s]                  from [01m[K/opt/openrobots/include/pinocchio/multibody/model.hpp:17[m[K,
[21.081s]                  from [01m[K/opt/openrobots/include/pinocchio/algorithm/kinematics.hpp:8[m[K,
[21.082s]                  from [01m[K/home/user/ros2_ws/dynamic_ws/src/w10_kinematics/include/w10_kinematics/arm_angle_ik.hpp:6[m[K,
[21.082s]                  from [01m[K/home/user/ros2_ws/dynamic_ws/src/w10_kinematics/src/debug_joints.cpp:1[m[K:
[21.082s] [01m[K/opt/openrobots/include/hpp/fcl/coal.hpp:10:71:[m[K [01;36m[Knote: [m[K‘[01m[K#pragma message: Please update your includes from 'hpp/fcl' to 'coal'[m[K’
[21.082s]    10 | #pragma message("Please update your includes from 'hpp/fcl' to 'coal'"[01;36m[K)[m[K
[21.082s]       |                                                                       [01;36m[K^[m[K
[21.252s] In file included from [01m[K/opt/openrobots/include/hpp/fcl/config.hh:1[m[K,
[21.252s]                  from [01m[K/opt/openrobots/include/pinocchio/serialization/eigen.hpp:20[m[K,
[21.252s]                  from [01m[K/opt/openrobots/include/pinocchio/serialization/fwd.hpp:11[m[K,
[21.252s]                  from [01m[K/opt/openrobots/include/pinocchio/multibody/joint/joint-composite.hpp:14[m[K,
[21.252s]                  from [01m[K/opt/openrobots/include/pinocchio/multibody/joint/joint-generic.hpp:9[m[K,
[21.252s]                  from [01m[K/opt/openrobots/include/pinocchio/multibody/model.hpp:17[m[K,
[21.252s]                  from [01m[K/opt/openrobots/include/pinocchio/algorithm/kinematics.hpp:8[m[K,
[21.252s]                  from [01m[K/home/user/ros2_ws/dynamic_ws/src/w10_kinematics/include/w10_kinematics/arm_angle_ik.hpp:6[m[K,
[21.252s]                  from [01m[K/home/user/ros2_ws/dynamic_ws/src/w10_kinematics/src/test_all_q.cpp:1[m[K:
[21.252s] [01m[K/opt/openrobots/include/hpp/fcl/coal.hpp:10:71:[m[K [01;36m[Knote: [m[K‘[01m[K#pragma message: Please update your includes from 'hpp/fcl' to 'coal'[m[K’
[21.252s]    10 | #pragma message("Please update your includes from 'hpp/fcl' to 'coal'"[01;36m[K)[m[K
[21.253s]       |                                                                       [01;36m[K^[m[K
[21.323s] In file included from [01m[K/opt/openrobots/include/hpp/fcl/config.hh:1[m[K,
[21.323s]                  from [01m[K/opt/openrobots/include/pinocchio/serialization/eigen.hpp:20[m[K,
[21.323s]                  from [01m[K/opt/openrobots/include/pinocchio/serialization/fwd.hpp:11[m[K,
[21.323s]                  from [01m[K/opt/openrobots/include/pinocchio/multibody/joint/joint-composite.hpp:14[m[K,
[21.323s]                  from [01m[K/opt/openrobots/include/pinocchio/multibody/joint/joint-generic.hpp:9[m[K,
[21.323s]                  from [01m[K/opt/openrobots/include/pinocchio/multibody/model.hpp:17[m[K,
[21.323s]                  from [01m[K/opt/openrobots/include/pinocchio/algorithm/kinematics.hpp:8[m[K,
[21.323s]                  from [01m[K/home/user/ros2_ws/dynamic_ws/src/w10_kinematics/include/w10_kinematics/arm_angle_ik.hpp:6[m[K,
[21.323s]                  from [01m[K/home/user/ros2_ws/dynamic_ws/src/w10_kinematics/src/ik_visualize.cpp:1[m[K:
[21.323s] [01m[K/opt/openrobots/include/hpp/fcl/coal.hpp:10:71:[m[K [01;36m[Knote: [m[K‘[01m[K#pragma message: Please update your includes from 'hpp/fcl' to 'coal'[m[K’
[21.323s]    10 | #pragma message("Please update your includes from 'hpp/fcl' to 'coal'"[01;36m[K)[m[K
[21.323s]       |                                                                       [01;36m[K^[m[K
[24.246s] [ 61%] [32m[1mLinking CXX executable find_arm_angle[0m
[24.249s] [ 66%] [32m[1mLinking CXX executable debug_positions[0m
[24.368s] [ 72%] [32m[1mLinking CXX executable debug_joints[0m
[24.447s] [ 77%] [32m[1mLinking CXX executable debug_q_mapping[0m
[24.475s] [ 83%] [32m[1mLinking CXX executable ik_test[0m
[24.545s] [ 88%] [32m[1mLinking CXX executable test_q_indices[0m
[24.947s] [ 88%] Built target debug_positions
[24.984s] [ 88%] Built target find_arm_angle
[25.134s] [ 88%] Built target debug_joints
[25.185s] [ 88%] Built target debug_q_mapping
[25.188s] [ 88%] Built target ik_test
[25.284s] [ 88%] Built target test_q_indices
[25.440s] [ 94%] [32m[1mLinking CXX executable test_all_q[0m
[26.013s] [ 94%] Built target test_all_q
[27.553s] [100%] [32m[1mLinking CXX executable ik_visualize[0m
[28.309s] [100%] Built target ik_visualize
[28.318s] Invoked command in '/home/user/ros2_ws/dynamic_ws/build/w10_kinematics' returned '0': CMAKE_PREFIX_PATH=/home/user/ros2_ws/dynamic_ws/install/w10_sim:/opt/openrobots:/home/user/ros2_ws/dynamic_ws/install/w10_moveit_kinematics:/home/user/ros2_ws/dynamic_ws/install/w10_kinematics:/home/user/ros2_ws/dynamic_ws/install/vi_2p:/home/user/ros2_ws/dynamic_ws/install/vi:/opt/ros/humble:/home/user/ros2_ws/w10_ws/install/w10-urdf:/home/user/ros2_ws/w10_ws/install/urdf_visualization:/opt/openrobots /usr/bin/cmake --build /home/user/ros2_ws/dynamic_ws/build/w10_kinematics -- -j32 -l32
[28.320s] Invoking command in '/home/user/ros2_ws/dynamic_ws/build/w10_kinematics': CMAKE_PREFIX_PATH=/home/user/ros2_ws/dynamic_ws/install/w10_sim:/opt/openrobots:/home/user/ros2_ws/dynamic_ws/install/w10_moveit_kinematics:/home/user/ros2_ws/dynamic_ws/install/w10_kinematics:/home/user/ros2_ws/dynamic_ws/install/vi_2p:/home/user/ros2_ws/dynamic_ws/install/vi:/opt/ros/humble:/home/user/ros2_ws/w10_ws/install/w10-urdf:/home/user/ros2_ws/w10_ws/install/urdf_visualization:/opt/openrobots /usr/bin/cmake --install /home/user/ros2_ws/dynamic_ws/build/w10_kinematics
[28.326s] -- Install configuration: ""
[28.326s] -- Installing: /home/user/ros2_ws/dynamic_ws/install/w10_kinematics/lib/libarm_angle_ik.a
[28.326s] -- Installing: /home/user/ros2_ws/dynamic_ws/install/w10_kinematics/include
[28.327s] -- Installing: /home/user/ros2_ws/dynamic_ws/install/w10_kinematics/include/w10_kinematics
[28.327s] -- Installing: /home/user/ros2_ws/dynamic_ws/install/w10_kinematics/include/w10_kinematics/arm_angle_ik.hpp
[28.327s] -- Installing: /home/user/ros2_ws/dynamic_ws/install/w10_kinematics/share/w10_kinematics/launch
[28.327s] -- Installing: /home/user/ros2_ws/dynamic_ws/install/w10_kinematics/share/w10_kinematics/launch/start_ik_visualization.sh
[28.327s] -- Installing: /home/user/ros2_ws/dynamic_ws/install/w10_kinematics/share/w10_kinematics/launch/ik_visualize.launch.py
[28.327s] -- Installing: /home/user/ros2_ws/dynamic_ws/install/w10_kinematics/lib/w10_kinematics/ik_test
[28.328s] -- Set runtime path of "/home/user/ros2_ws/dynamic_ws/install/w10_kinematics/lib/w10_kinematics/ik_test" to ""
[28.328s] -- Installing: /home/user/ros2_ws/dynamic_ws/install/w10_kinematics/lib/w10_kinematics/ik_visualize
[28.353s] -- Set runtime path of "/home/user/ros2_ws/dynamic_ws/install/w10_kinematics/lib/w10_kinematics/ik_visualize" to ""
[28.353s] -- Installing: /home/user/ros2_ws/dynamic_ws/install/w10_kinematics/lib/w10_kinematics/debug_joints
[28.354s] -- Set runtime path of "/home/user/ros2_ws/dynamic_ws/install/w10_kinematics/lib/w10_kinematics/debug_joints" to ""
[28.354s] -- Installing: /home/user/ros2_ws/dynamic_ws/install/w10_kinematics/lib/w10_kinematics/debug_q_mapping
[28.354s] -- Set runtime path of "/home/user/ros2_ws/dynamic_ws/install/w10_kinematics/lib/w10_kinematics/debug_q_mapping" to ""
[28.354s] -- Installing: /home/user/ros2_ws/dynamic_ws/install/w10_kinematics/lib/w10_kinematics/test_q_indices
[28.355s] -- Set runtime path of "/home/user/ros2_ws/dynamic_ws/install/w10_kinematics/lib/w10_kinematics/test_q_indices" to ""
[28.356s] -- Installing: /home/user/ros2_ws/dynamic_ws/install/w10_kinematics/lib/w10_kinematics/test_all_q
[28.356s] -- Set runtime path of "/home/user/ros2_ws/dynamic_ws/install/w10_kinematics/lib/w10_kinematics/test_all_q" to ""
[28.356s] -- Installing: /home/user/ros2_ws/dynamic_ws/install/w10_kinematics/lib/w10_kinematics/debug_positions
[28.357s] -- Set runtime path of "/home/user/ros2_ws/dynamic_ws/install/w10_kinematics/lib/w10_kinematics/debug_positions" to ""
[28.357s] -- Installing: /home/user/ros2_ws/dynamic_ws/install/w10_kinematics/lib/w10_kinematics/find_arm_angle
[28.358s] -- Set runtime path of "/home/user/ros2_ws/dynamic_ws/install/w10_kinematics/lib/w10_kinematics/find_arm_angle" to ""
[28.358s] -- Installing: /home/user/ros2_ws/dynamic_ws/install/w10_kinematics/share/ament_index/resource_index/package_run_dependencies/w10_kinematics
[28.358s] -- Installing: /home/user/ros2_ws/dynamic_ws/install/w10_kinematics/share/ament_index/resource_index/parent_prefix_path/w10_kinematics
[28.358s] -- Installing: /home/user/ros2_ws/dynamic_ws/install/w10_kinematics/share/w10_kinematics/environment/ament_prefix_path.sh
[28.358s] -- Installing: /home/user/ros2_ws/dynamic_ws/install/w10_kinematics/share/w10_kinematics/environment/ament_prefix_path.dsv
[28.358s] -- Installing: /home/user/ros2_ws/dynamic_ws/install/w10_kinematics/share/w10_kinematics/environment/path.sh
[28.358s] -- Installing: /home/user/ros2_ws/dynamic_ws/install/w10_kinematics/share/w10_kinematics/environment/path.dsv
[28.358s] -- Installing: /home/user/ros2_ws/dynamic_ws/install/w10_kinematics/share/w10_kinematics/local_setup.bash
[28.358s] -- Installing: /home/user/ros2_ws/dynamic_ws/install/w10_kinematics/share/w10_kinematics/local_setup.sh
[28.358s] -- Installing: /home/user/ros2_ws/dynamic_ws/install/w10_kinematics/share/w10_kinematics/local_setup.zsh
[28.359s] -- Installing: /home/user/ros2_ws/dynamic_ws/install/w10_kinematics/share/w10_kinematics/local_setup.dsv
[28.359s] -- Installing: /home/user/ros2_ws/dynamic_ws/install/w10_kinematics/share/w10_kinematics/package.dsv
[28.359s] -- Installing: /home/user/ros2_ws/dynamic_ws/install/w10_kinematics/share/ament_index/resource_index/packages/w10_kinematics
[28.359s] -- Installing: /home/user/ros2_ws/dynamic_ws/install/w10_kinematics/share/w10_kinematics/cmake/w10_kinematicsConfig.cmake
[28.359s] -- Installing: /home/user/ros2_ws/dynamic_ws/install/w10_kinematics/share/w10_kinematics/cmake/w10_kinematicsConfig-version.cmake
[28.359s] -- Installing: /home/user/ros2_ws/dynamic_ws/install/w10_kinematics/share/w10_kinematics/package.xml
[28.361s] Invoked command in '/home/user/ros2_ws/dynamic_ws/build/w10_kinematics' returned '0': CMAKE_PREFIX_PATH=/home/user/ros2_ws/dynamic_ws/install/w10_sim:/opt/openrobots:/home/user/ros2_ws/dynamic_ws/install/w10_moveit_kinematics:/home/user/ros2_ws/dynamic_ws/install/w10_kinematics:/home/user/ros2_ws/dynamic_ws/install/vi_2p:/home/user/ros2_ws/dynamic_ws/install/vi:/opt/ros/humble:/home/user/ros2_ws/w10_ws/install/w10-urdf:/home/user/ros2_ws/w10_ws/install/urdf_visualization:/opt/openrobots /usr/bin/cmake --install /home/user/ros2_ws/dynamic_ws/build/w10_kinematics
