Built target ament_cmake_python_copy_kinematics_experiments
running egg_info
writing kinematics_experiments.egg-info/PKG-INFO
writing dependency_links to kinematics_experiments.egg-info/dependency_links.txt
writing top-level names to kinematics_experiments.egg-info/top_level.txt
reading manifest file 'kinematics_experiments.egg-info/SOURCES.txt'
writing manifest file 'kinematics_experiments.egg-info/SOURCES.txt'
Built target ament_cmake_python_build_kinematics_experiments_egg
-- Install configuration: ""
-- Up-to-date: /home/user/ros2_ws/dynamic_ws/install/w10_moveit_kinematics/share/w10_moveit_kinematics/environment/pythonpath.sh
-- Up-to-date: /home/user/ros2_ws/dynamic_ws/install/w10_moveit_kinematics/share/w10_moveit_kinematics/environment/pythonpath.dsv
-- Up-to-date: /home/user/ros2_ws/dynamic_ws/install/w10_moveit_kinematics/local/lib/python3.10/dist-packages/kinematics_experiments-0.1.0-py3.10.egg-info
-- Installing: /home/user/ros2_ws/dynamic_ws/install/w10_moveit_kinematics/local/lib/python3.10/dist-packages/kinematics_experiments-0.1.0-py3.10.egg-info/dependency_links.txt
-- Installing: /home/user/ros2_ws/dynamic_ws/install/w10_moveit_kinematics/local/lib/python3.10/dist-packages/kinematics_experiments-0.1.0-py3.10.egg-info/top_level.txt
-- Installing: /home/user/ros2_ws/dynamic_ws/install/w10_moveit_kinematics/local/lib/python3.10/dist-packages/kinematics_experiments-0.1.0-py3.10.egg-info/SOURCES.txt
-- Installing: /home/user/ros2_ws/dynamic_ws/install/w10_moveit_kinematics/local/lib/python3.10/dist-packages/kinematics_experiments-0.1.0-py3.10.egg-info/PKG-INFO
-- Up-to-date: /home/user/ros2_ws/dynamic_ws/install/w10_moveit_kinematics/local/lib/python3.10/dist-packages/kinematics_experiments
-- Up-to-date: /home/user/ros2_ws/dynamic_ws/install/w10_moveit_kinematics/local/lib/python3.10/dist-packages/kinematics_experiments/src
-- Up-to-date: /home/user/ros2_ws/dynamic_ws/install/w10_moveit_kinematics/local/lib/python3.10/dist-packages/kinematics_experiments/src/kinematics_solver.py
-- Up-to-date: /home/user/ros2_ws/dynamic_ws/install/w10_moveit_kinematics/local/lib/python3.10/dist-packages/kinematics_experiments/scripts
-- Up-to-date: /home/user/ros2_ws/dynamic_ws/install/w10_moveit_kinematics/local/lib/python3.10/dist-packages/kinematics_experiments/scripts/inverse_kinematics_demo.py
-- Up-to-date: /home/user/ros2_ws/dynamic_ws/install/w10_moveit_kinematics/local/lib/python3.10/dist-packages/kinematics_experiments/scripts/forward_kinematics_demo.py
-- Up-to-date: /home/user/ros2_ws/dynamic_ws/install/w10_moveit_kinematics/local/lib/python3.10/dist-packages/kinematics_experiments/scripts/joint_state_publisher.py
-- Up-to-date: /home/user/ros2_ws/dynamic_ws/install/w10_moveit_kinematics/local/lib/python3.10/dist-packages/kinematics_experiments/scripts/motion_planning_demo.py
-- Up-to-date: /home/user/ros2_ws/dynamic_ws/install/w10_moveit_kinematics/local/lib/python3.10/dist-packages/kinematics_experiments/scripts/interactive_kinematics.py
-- Up-to-date: /home/user/ros2_ws/dynamic_ws/install/w10_moveit_kinematics/local/lib/python3.10/dist-packages/kinematics_experiments/__init__.py
Listing '/home/user/ros2_ws/dynamic_ws/install/w10_moveit_kinematics/local/lib/python3.10/dist-packages/kinematics_experiments'...
Listing '/home/user/ros2_ws/dynamic_ws/install/w10_moveit_kinematics/local/lib/python3.10/dist-packages/kinematics_experiments/scripts'...
Listing '/home/user/ros2_ws/dynamic_ws/install/w10_moveit_kinematics/local/lib/python3.10/dist-packages/kinematics_experiments/src'...
-- Up-to-date: /home/user/ros2_ws/dynamic_ws/install/w10_moveit_kinematics/lib/w10_moveit_kinematics/forward_kinematics_demo.py
-- Up-to-date: /home/user/ros2_ws/dynamic_ws/install/w10_moveit_kinematics/lib/w10_moveit_kinematics/inverse_kinematics_demo.py
-- Up-to-date: /home/user/ros2_ws/dynamic_ws/install/w10_moveit_kinematics/lib/w10_moveit_kinematics/motion_planning_demo.py
-- Up-to-date: /home/user/ros2_ws/dynamic_ws/install/w10_moveit_kinematics/lib/w10_moveit_kinematics/interactive_kinematics.py
-- Up-to-date: /home/user/ros2_ws/dynamic_ws/install/w10_moveit_kinematics/lib/w10_moveit_kinematics/joint_state_publisher.py
-- Up-to-date: /home/user/ros2_ws/dynamic_ws/install/w10_moveit_kinematics/share/w10_moveit_kinematics/launch
-- Up-to-date: /home/user/ros2_ws/dynamic_ws/install/w10_moveit_kinematics/share/w10_moveit_kinematics/launch/move_group.launch.py
-- Up-to-date: /home/user/ros2_ws/dynamic_ws/install/w10_moveit_kinematics/share/w10_moveit_kinematics/launch/move_group_minimal.launch.py
-- Up-to-date: /home/user/ros2_ws/dynamic_ws/install/w10_moveit_kinematics/share/w10_moveit_kinematics/config
-- Up-to-date: /home/user/ros2_ws/dynamic_ws/install/w10_moveit_kinematics/share/w10_moveit_kinematics/config/moveit_planning_adapters.yaml
-- Up-to-date: /home/user/ros2_ws/dynamic_ws/install/w10_moveit_kinematics/share/w10_moveit_kinematics/config/kinematics.yaml
-- Up-to-date: /home/user/ros2_ws/dynamic_ws/install/w10_moveit_kinematics/share/w10_moveit_kinematics/config/w10_sim.srdf
-- Up-to-date: /home/user/ros2_ws/dynamic_ws/install/w10_moveit_kinematics/share/w10_moveit_kinematics/config/joint_limits.yaml
-- Up-to-date: /home/user/ros2_ws/dynamic_ws/install/w10_moveit_kinematics/share/ament_index/resource_index/package_run_dependencies/w10_moveit_kinematics
-- Up-to-date: /home/user/ros2_ws/dynamic_ws/install/w10_moveit_kinematics/share/ament_index/resource_index/parent_prefix_path/w10_moveit_kinematics
-- Up-to-date: /home/user/ros2_ws/dynamic_ws/install/w10_moveit_kinematics/share/w10_moveit_kinematics/environment/ament_prefix_path.sh
-- Up-to-date: /home/user/ros2_ws/dynamic_ws/install/w10_moveit_kinematics/share/w10_moveit_kinematics/environment/ament_prefix_path.dsv
-- Up-to-date: /home/user/ros2_ws/dynamic_ws/install/w10_moveit_kinematics/share/w10_moveit_kinematics/environment/path.sh
-- Up-to-date: /home/user/ros2_ws/dynamic_ws/install/w10_moveit_kinematics/share/w10_moveit_kinematics/environment/path.dsv
-- Up-to-date: /home/user/ros2_ws/dynamic_ws/install/w10_moveit_kinematics/share/w10_moveit_kinematics/local_setup.bash
-- Up-to-date: /home/user/ros2_ws/dynamic_ws/install/w10_moveit_kinematics/share/w10_moveit_kinematics/local_setup.sh
-- Up-to-date: /home/user/ros2_ws/dynamic_ws/install/w10_moveit_kinematics/share/w10_moveit_kinematics/local_setup.zsh
-- Up-to-date: /home/user/ros2_ws/dynamic_ws/install/w10_moveit_kinematics/share/w10_moveit_kinematics/local_setup.dsv
-- Up-to-date: /home/user/ros2_ws/dynamic_ws/install/w10_moveit_kinematics/share/w10_moveit_kinematics/package.dsv
-- Up-to-date: /home/user/ros2_ws/dynamic_ws/install/w10_moveit_kinematics/share/ament_index/resource_index/packages/w10_moveit_kinematics
-- Up-to-date: /home/user/ros2_ws/dynamic_ws/install/w10_moveit_kinematics/share/w10_moveit_kinematics/cmake/w10_moveit_kinematicsConfig.cmake
-- Up-to-date: /home/user/ros2_ws/dynamic_ws/install/w10_moveit_kinematics/share/w10_moveit_kinematics/cmake/w10_moveit_kinematicsConfig-version.cmake
-- Up-to-date: /home/user/ros2_ws/dynamic_ws/install/w10_moveit_kinematics/share/w10_moveit_kinematics/package.xml
