[0.015s] Invoking command in '/home/user/ros2_ws/dynamic_ws/build/vi_2p': CMAKE_PREFIX_PATH=/opt/openrobots:/home/user/ros2_ws/dynamic_ws/install/w10_moveit_kinematics:/home/user/ros2_ws/dynamic_ws/install/w10_kinematics:/home/user/ros2_ws/dynamic_ws/install/w10_sim:/home/user/ros2_ws/dynamic_ws/install/w10_force_sim:/home/user/ros2_ws/dynamic_ws/install/vi_2p:/home/user/ros2_ws/dynamic_ws/install/vi:/home/user/ros2_ws/dynamic_ws/install/show_urdf:/home/user/ros2_ws/dynamic_ws/install/marvin_sim:/opt/ros/humble:/home/user/ros2_ws/w10_ws/install/w10-urdf:/home/user/ros2_ws/w10_ws/install/urdf_visualization:/opt/openrobots: /usr/bin/cmake --build /home/user/ros2_ws/dynamic_ws/build/vi_2p -- -j32 -l32
[0.066s] [ 25%] Built target atsvi_ad_node
[0.067s] [ 75%] Built target ctsvi_ad_node
[0.067s] [ 75%] Built target rk4_node
[0.067s] [100%] Built target etsvi_node
[0.075s] Invoked command in '/home/user/ros2_ws/dynamic_ws/build/vi_2p' returned '0': CMAKE_PREFIX_PATH=/opt/openrobots:/home/user/ros2_ws/dynamic_ws/install/w10_moveit_kinematics:/home/user/ros2_ws/dynamic_ws/install/w10_kinematics:/home/user/ros2_ws/dynamic_ws/install/w10_sim:/home/user/ros2_ws/dynamic_ws/install/w10_force_sim:/home/user/ros2_ws/dynamic_ws/install/vi_2p:/home/user/ros2_ws/dynamic_ws/install/vi:/home/user/ros2_ws/dynamic_ws/install/show_urdf:/home/user/ros2_ws/dynamic_ws/install/marvin_sim:/opt/ros/humble:/home/user/ros2_ws/w10_ws/install/w10-urdf:/home/user/ros2_ws/w10_ws/install/urdf_visualization:/opt/openrobots: /usr/bin/cmake --build /home/user/ros2_ws/dynamic_ws/build/vi_2p -- -j32 -l32
[0.076s] Invoking command in '/home/user/ros2_ws/dynamic_ws/build/vi_2p': CMAKE_PREFIX_PATH=/opt/openrobots:/home/user/ros2_ws/dynamic_ws/install/w10_moveit_kinematics:/home/user/ros2_ws/dynamic_ws/install/w10_kinematics:/home/user/ros2_ws/dynamic_ws/install/w10_sim:/home/user/ros2_ws/dynamic_ws/install/w10_force_sim:/home/user/ros2_ws/dynamic_ws/install/vi_2p:/home/user/ros2_ws/dynamic_ws/install/vi:/home/user/ros2_ws/dynamic_ws/install/show_urdf:/home/user/ros2_ws/dynamic_ws/install/marvin_sim:/opt/ros/humble:/home/user/ros2_ws/w10_ws/install/w10-urdf:/home/user/ros2_ws/w10_ws/install/urdf_visualization:/opt/openrobots: /usr/bin/cmake --install /home/user/ros2_ws/dynamic_ws/build/vi_2p
[0.081s] -- Install configuration: ""
[0.082s] -- Up-to-date: /home/user/ros2_ws/dynamic_ws/install/vi_2p/lib/vi_2p/pybullet_sim.py
[0.083s] -- Up-to-date: /home/user/ros2_ws/dynamic_ws/install/vi_2p/lib/vi_2p/plot_pendulum.py
[0.083s] -- Up-to-date: /home/user/ros2_ws/dynamic_ws/install/vi_2p/lib/vi_2p/render_pendulum.py
[0.083s] -- Up-to-date: /home/user/ros2_ws/dynamic_ws/install/vi_2p/lib/vi_2p/vi_compare_sim.py
[0.083s] -- Up-to-date: /home/user/ros2_ws/dynamic_ws/install/vi_2p/lib/vi_2p/rk4_vi_compare_sim.py
[0.083s] -- Up-to-date: /home/user/ros2_ws/dynamic_ws/install/vi_2p/lib/vi_2p/etsvi_sweep_heatmap.py
[0.084s] -- Up-to-date: /home/user/ros2_ws/dynamic_ws/install/vi_2p/lib/vi_2p/ctsvi_ad_node
[0.084s] -- Up-to-date: /home/user/ros2_ws/dynamic_ws/install/vi_2p/lib/vi_2p/atsvi_ad_node
[0.085s] -- Up-to-date: /home/user/ros2_ws/dynamic_ws/install/vi_2p/lib/vi_2p/etsvi_node
[0.086s] -- Up-to-date: /home/user/ros2_ws/dynamic_ws/install/vi_2p/lib/vi_2p/rk4_node
[0.086s] -- Up-to-date: /home/user/ros2_ws/dynamic_ws/install/vi_2p/share/ament_index/resource_index/package_run_dependencies/vi_2p
[0.086s] -- Up-to-date: /home/user/ros2_ws/dynamic_ws/install/vi_2p/share/ament_index/resource_index/parent_prefix_path/vi_2p
[0.086s] -- Up-to-date: /home/user/ros2_ws/dynamic_ws/install/vi_2p/share/vi_2p/environment/ament_prefix_path.sh
[0.087s] -- Up-to-date: /home/user/ros2_ws/dynamic_ws/install/vi_2p/share/vi_2p/environment/ament_prefix_path.dsv
[0.087s] -- Up-to-date: /home/user/ros2_ws/dynamic_ws/install/vi_2p/share/vi_2p/environment/path.sh
[0.087s] -- Up-to-date: /home/user/ros2_ws/dynamic_ws/install/vi_2p/share/vi_2p/environment/path.dsv
[0.088s] -- Up-to-date: /home/user/ros2_ws/dynamic_ws/install/vi_2p/share/vi_2p/local_setup.bash
[0.088s] -- Up-to-date: /home/user/ros2_ws/dynamic_ws/install/vi_2p/share/vi_2p/local_setup.sh
[0.088s] -- Up-to-date: /home/user/ros2_ws/dynamic_ws/install/vi_2p/share/vi_2p/local_setup.zsh
[0.088s] -- Up-to-date: /home/user/ros2_ws/dynamic_ws/install/vi_2p/share/vi_2p/local_setup.dsv
[0.089s] -- Installing: /home/user/ros2_ws/dynamic_ws/install/vi_2p/share/vi_2p/package.dsv
[0.089s] -- Up-to-date: /home/user/ros2_ws/dynamic_ws/install/vi_2p/share/ament_index/resource_index/packages/vi_2p
[0.089s] -- Up-to-date: /home/user/ros2_ws/dynamic_ws/install/vi_2p/share/vi_2p/cmake/ament_cmake_export_dependencies-extras.cmake
[0.089s] -- Up-to-date: /home/user/ros2_ws/dynamic_ws/install/vi_2p/share/vi_2p/cmake/vi_2pConfig.cmake
[0.089s] -- Up-to-date: /home/user/ros2_ws/dynamic_ws/install/vi_2p/share/vi_2p/cmake/vi_2pConfig-version.cmake
[0.089s] -- Up-to-date: /home/user/ros2_ws/dynamic_ws/install/vi_2p/share/vi_2p/package.xml
[0.107s] Invoked command in '/home/user/ros2_ws/dynamic_ws/build/vi_2p' returned '0': CMAKE_PREFIX_PATH=/opt/openrobots:/home/user/ros2_ws/dynamic_ws/install/w10_moveit_kinematics:/home/user/ros2_ws/dynamic_ws/install/w10_kinematics:/home/user/ros2_ws/dynamic_ws/install/w10_sim:/home/user/ros2_ws/dynamic_ws/install/w10_force_sim:/home/user/ros2_ws/dynamic_ws/install/vi_2p:/home/user/ros2_ws/dynamic_ws/install/vi:/home/user/ros2_ws/dynamic_ws/install/show_urdf:/home/user/ros2_ws/dynamic_ws/install/marvin_sim:/opt/ros/humble:/home/user/ros2_ws/w10_ws/install/w10-urdf:/home/user/ros2_ws/w10_ws/install/urdf_visualization:/opt/openrobots: /usr/bin/cmake --install /home/user/ros2_ws/dynamic_ws/build/vi_2p
