[0.005s] Invoking command in '/home/user/ros2_ws/dynamic_ws/build/w10_kinematics': CMAKE_PREFIX_PATH=/home/user/ros2_ws/dynamic_ws/install/w10_sim:/opt/openrobots:/home/user/ros2_ws/dynamic_ws/install/w10_moveit_kinematics:/home/user/ros2_ws/dynamic_ws/install/w10_kinematics:/home/user/ros2_ws/dynamic_ws/install/w10_force_sim:/home/user/ros2_ws/dynamic_ws/install/vi_2p:/home/user/ros2_ws/dynamic_ws/install/vi:/home/user/ros2_ws/dynamic_ws/install/show_urdf:/home/user/ros2_ws/dynamic_ws/install/marvin_sim:/opt/ros/humble:/home/user/ros2_ws/w10_ws/install/w10-urdf:/home/user/ros2_ws/w10_ws/install/urdf_visualization:/opt/openrobots /usr/bin/cmake /home/user/ros2_ws/dynamic_ws/src/w10_kinematics -DCMAKE_INSTALL_PREFIX=/home/user/ros2_ws/dynamic_ws/install/w10_kinematics
[0.133s] -- The C compiler identification is GNU 11.4.0
[0.192s] -- The CXX compiler identification is GNU 11.4.0
[0.217s] -- Detecting C compiler ABI info
[0.281s] -- Detecting C compiler ABI info - done
[0.285s] -- Check for working C compiler: /usr/bin/cc - skipped
[0.285s] -- Detecting C compile features
[0.285s] -- Detecting C compile features - done
[0.321s] -- Detecting CXX compiler ABI info
[0.372s] -- Detecting CXX compiler ABI info - done
[0.375s] -- Check for working CXX compiler: /usr/bin/c++ - skipped
[0.375s] -- Detecting CXX compile features
[0.376s] -- Detecting CXX compile features - done
[0.415s] -- Found ament_cmake_auto: 1.3.12 (/opt/ros/humble/share/ament_cmake_auto/cmake)
[0.514s] -- Found Python3: /usr/bin/python3 (found version "3.10.12") found components: Interpreter 
[0.699s] -- pinocchio_default FOUND. pinocchio_default at /opt/openrobots/lib/libpinocchio_default.so
[0.699s] -- pinocchio_parsers FOUND. pinocchio_parsers at /opt/openrobots/lib/libpinocchio_parsers.so
[0.700s] -- pinocchio_casadi FOUND. pinocchio_casadi at /opt/openrobots/lib/libpinocchio_casadi.so
[0.703s] -- boost_filesystem FOUND. boost_filesystem at /usr/lib/x86_64-linux-gnu/libboost_filesystem.so
[0.703s] -- boost_serialization FOUND. boost_serialization at /usr/lib/x86_64-linux-gnu/libboost_serialization.so
[0.703s] -- boost_system FOUND. boost_system at /usr/lib/x86_64-linux-gnu/libboost_system.so
[0.743s] [33mCMake Warning at /opt/openrobots/lib/cmake/hpp-fcl/hpp-fclConfig.cmake:3 (message):
[0.743s]   Please update your CMake from 'hpp-fcl' to 'coal'
[0.743s] Call Stack (most recent call first):
[0.743s]   /usr/share/cmake-3.22/Modules/CMakeFindDependencyMacro.cmake:47 (find_package)
[0.744s]   /opt/openrobots/lib/cmake/pinocchio/pinocchioConfig.cmake:161 (find_dependency)
[0.744s]   /opt/ros/humble/share/ament_cmake_auto/cmake/ament_auto_find_build_dependencies.cmake:67 (find_package)
[0.744s]   CMakeLists.txt:12 (ament_auto_find_build_dependencies)
[0.744s] 
[0.744s] [0m
[0.744s] -- coal FOUND. coal at /opt/openrobots/lib/libcoal.so
[0.767s] -- Looking for pthread.h
[0.812s] -- Looking for pthread.h - found
[0.812s] -- Performing Test CMAKE_HAVE_LIBC_PTHREAD
[0.856s] -- Performing Test CMAKE_HAVE_LIBC_PTHREAD - Success
[0.857s] -- Found Threads: TRUE  
[0.864s] -- Found Boost: /usr/include (found version "1.74.0") found components: chrono thread date_time serialization filesystem atomic 
[1.007s] -- Default C++ standard: 201703
[1.007s] -- Minimal C++ standard upgraded to 11
[1.007s] -- C++ standard sufficient: Minimal required 11, currently defined: 17
[1.007s] -- CMAKE_CXX_STANDARD was not set: automatically set to currently defined standard 17
[1.007s] -- C++ standard sufficient: Minimal required 11, currently defined: 17
[1.032s] -- Found rosidl_generator_c: 3.1.7 (/opt/ros/humble/share/rosidl_generator_c/cmake)
[1.036s] -- Found rosidl_adapter: 3.1.7 (/opt/ros/humble/share/rosidl_adapter/cmake)
[1.041s] -- Found rosidl_generator_cpp: 3.1.7 (/opt/ros/humble/share/rosidl_generator_cpp/cmake)
[1.048s] -- Using all available rosidl_typesupport_c: rosidl_typesupport_fastrtps_c;rosidl_typesupport_introspection_c
[1.057s] -- Using all available rosidl_typesupport_cpp: rosidl_typesupport_fastrtps_cpp;rosidl_typesupport_introspection_cpp
[1.083s] -- Found rmw_implementation_cmake: 6.1.2 (/opt/ros/humble/share/rmw_implementation_cmake/cmake)
[1.085s] -- Found rmw_fastrtps_cpp: 6.2.9 (/opt/ros/humble/share/rmw_fastrtps_cpp/cmake)
[1.144s] -- Found OpenSSL: /usr/lib/x86_64-linux-gnu/libcrypto.so (found version "3.0.2")  
[1.159s] -- Found FastRTPS: /opt/ros/humble/include  
[1.183s] -- Using RMW implementation 'rmw_fastrtps_cpp' as default
[1.246s] -- Found eigen3_cmake_module: 0.1.1 (/opt/ros/humble/share/eigen3_cmake_module/cmake)
[1.247s] -- Found Eigen3: TRUE (found version "3.4.0") 
[1.247s] -- Ensuring Eigen3 include directory is part of orocos-kdl CMake target
[1.365s] -- Configuring done
[1.397s] -- Generating done
[1.400s] -- Build files have been written to: /home/user/ros2_ws/dynamic_ws/build/w10_kinematics
[1.406s] Invoked command in '/home/user/ros2_ws/dynamic_ws/build/w10_kinematics' returned '0': CMAKE_PREFIX_PATH=/home/user/ros2_ws/dynamic_ws/install/w10_sim:/opt/openrobots:/home/user/ros2_ws/dynamic_ws/install/w10_moveit_kinematics:/home/user/ros2_ws/dynamic_ws/install/w10_kinematics:/home/user/ros2_ws/dynamic_ws/install/w10_force_sim:/home/user/ros2_ws/dynamic_ws/install/vi_2p:/home/user/ros2_ws/dynamic_ws/install/vi:/home/user/ros2_ws/dynamic_ws/install/show_urdf:/home/user/ros2_ws/dynamic_ws/install/marvin_sim:/opt/ros/humble:/home/user/ros2_ws/w10_ws/install/w10-urdf:/home/user/ros2_ws/w10_ws/install/urdf_visualization:/opt/openrobots /usr/bin/cmake /home/user/ros2_ws/dynamic_ws/src/w10_kinematics -DCMAKE_INSTALL_PREFIX=/home/user/ros2_ws/dynamic_ws/install/w10_kinematics
[1.407s] Invoking command in '/home/user/ros2_ws/dynamic_ws/build/w10_kinematics': CMAKE_PREFIX_PATH=/home/user/ros2_ws/dynamic_ws/install/w10_sim:/opt/openrobots:/home/user/ros2_ws/dynamic_ws/install/w10_moveit_kinematics:/home/user/ros2_ws/dynamic_ws/install/w10_kinematics:/home/user/ros2_ws/dynamic_ws/install/w10_force_sim:/home/user/ros2_ws/dynamic_ws/install/vi_2p:/home/user/ros2_ws/dynamic_ws/install/vi:/home/user/ros2_ws/dynamic_ws/install/show_urdf:/home/user/ros2_ws/dynamic_ws/install/marvin_sim:/opt/ros/humble:/home/user/ros2_ws/w10_ws/install/w10-urdf:/home/user/ros2_ws/w10_ws/install/urdf_visualization:/opt/openrobots /usr/bin/cmake --build /home/user/ros2_ws/dynamic_ws/build/w10_kinematics -- -j32 -l32
[1.439s] [  5%] [32mBuilding CXX object CMakeFiles/arm_angle_ik.dir/src/arm_angle_ik.cpp.o[0m
[2.891s] In file included from [01m[K/opt/openrobots/include/hpp/fcl/config.hh:1[m[K,
[2.891s]                  from [01m[K/opt/openrobots/include/pinocchio/serialization/eigen.hpp:20[m[K,
[2.891s]                  from [01m[K/opt/openrobots/include/pinocchio/serialization/fwd.hpp:11[m[K,
[2.891s]                  from [01m[K/opt/openrobots/include/pinocchio/multibody/joint/joint-composite.hpp:14[m[K,
[2.891s]                  from [01m[K/opt/openrobots/include/pinocchio/multibody/joint/joint-generic.hpp:9[m[K,
[2.891s]                  from [01m[K/opt/openrobots/include/pinocchio/multibody/model.hpp:17[m[K,
[2.891s]                  from [01m[K/opt/openrobots/include/pinocchio/algorithm/kinematics.hpp:8[m[K,
[2.891s]                  from [01m[K/home/user/ros2_ws/dynamic_ws/src/w10_kinematics/include/w10_kinematics/arm_angle_ik.hpp:6[m[K,
[2.891s]                  from [01m[K/home/user/ros2_ws/dynamic_ws/src/w10_kinematics/src/arm_angle_ik.cpp:1[m[K:
[2.891s] [01m[K/opt/openrobots/include/hpp/fcl/coal.hpp:10:71:[m[K [01;36m[Knote: [m[K‘[01m[K#pragma message: Please update your includes from 'hpp/fcl' to 'coal'[m[K’
[2.891s]    10 | #pragma message("Please update your includes from 'hpp/fcl' to 'coal'"[01;36m[K)[m[K
[2.891s]       |                                                                       [01;36m[K^[m[K
[13.264s] [ 11%] [32m[1mLinking CXX static library libarm_angle_ik.a[0m
[13.441s] [ 11%] Built target arm_angle_ik
[13.457s] [ 50%] [32mBuilding CXX object CMakeFiles/debug_joints.dir/src/debug_joints.cpp.o[0m
[13.457s] [ 50%] [32mBuilding CXX object CMakeFiles/test_all_q.dir/src/test_all_q.cpp.o[0m
[13.457s] [ 50%] [32mBuilding CXX object CMakeFiles/find_arm_angle.dir/src/find_arm_angle.cpp.o[0m
[13.457s] [ 55%] [32mBuilding CXX object CMakeFiles/ik_visualize.dir/src/ik_visualize.cpp.o[0m
[13.458s] [ 55%] [32mBuilding CXX object CMakeFiles/debug_q_mapping.dir/src/debug_q_mapping.cpp.o[0m
[13.458s] [ 55%] [32mBuilding CXX object CMakeFiles/test_q_indices.dir/src/test_q_indices.cpp.o[0m
[13.458s] [ 55%] [32mBuilding CXX object CMakeFiles/ik_test.dir/src/ik_test.cpp.o[0m
[13.458s] [ 55%] [32mBuilding CXX object CMakeFiles/debug_positions.dir/src/debug_positions.cpp.o[0m
[15.040s] In file included from [01m[K/opt/openrobots/include/hpp/fcl/config.hh:1[m[K,
[15.040s]                  from [01m[K/opt/openrobots/include/pinocchio/serialization/eigen.hpp:20[m[K,
[15.040s]                  from [01m[K/opt/openrobots/include/pinocchio/serialization/fwd.hpp:11[m[K,
[15.040s]                  from [01m[K/opt/openrobots/include/pinocchio/multibody/joint/joint-composite.hpp:14[m[K,
[15.040s]                  from [01m[K/opt/openrobots/include/pinocchio/multibody/joint/joint-generic.hpp:9[m[K,
[15.040s]                  from [01m[K/opt/openrobots/include/pinocchio/multibody/model.hpp:17[m[K,
[15.040s]                  from [01m[K/opt/openrobots/include/pinocchio/algorithm/kinematics.hpp:8[m[K,
[15.040s]                  from [01m[K/home/user/ros2_ws/dynamic_ws/src/w10_kinematics/include/w10_kinematics/arm_angle_ik.hpp:6[m[K,
[15.040s]                  from [01m[K/home/user/ros2_ws/dynamic_ws/src/w10_kinematics/src/debug_positions.cpp:1[m[K:
[15.040s] [01m[K/opt/openrobots/include/hpp/fcl/coal.hpp:10:71:[m[K [01;36m[Knote: [m[K‘[01m[K#pragma message: Please update your includes from 'hpp/fcl' to 'coal'[m[K’
[15.040s]    10 | #pragma message("Please update your includes from 'hpp/fcl' to 'coal'"[01;36m[K)[m[K
[15.041s]       |                                                                       [01;36m[K^[m[K
[15.041s] In file included from [01m[K/opt/openrobots/include/hpp/fcl/config.hh:1[m[K,
[15.041s]                  from [01m[K/opt/openrobots/include/pinocchio/serialization/eigen.hpp:20[m[K,
[15.041s]                  from [01m[K/opt/openrobots/include/pinocchio/serialization/fwd.hpp:11[m[K,
[15.041s]                  from [01m[K/opt/openrobots/include/pinocchio/multibody/joint/joint-composite.hpp:14[m[K,
[15.041s]                  from [01m[K/opt/openrobots/include/pinocchio/multibody/joint/joint-generic.hpp:9[m[K,
[15.041s]                  from [01m[K/opt/openrobots/include/pinocchio/multibody/model.hpp:17[m[K,
[15.041s]                  from [01m[K/opt/openrobots/include/pinocchio/algorithm/kinematics.hpp:8[m[K,
[15.041s]                  from [01m[K/home/user/ros2_ws/dynamic_ws/src/w10_kinematics/include/w10_kinematics/arm_angle_ik.hpp:6[m[K,
[15.041s]                  from [01m[K/home/user/ros2_ws/dynamic_ws/src/w10_kinematics/src/test_all_q.cpp:1[m[K:
[15.041s] [01m[K/opt/openrobots/include/hpp/fcl/coal.hpp:10:71:[m[K [01;36m[Knote: [m[K‘[01m[K#pragma message: Please update your includes from 'hpp/fcl' to 'coal'[m[K’
[15.041s]    10 | #pragma message("Please update your includes from 'hpp/fcl' to 'coal'"[01;36m[K)[m[K
[15.041s]       |                                                                       [01;36m[K^[m[K
[15.042s] In file included from [01m[K/opt/openrobots/include/hpp/fcl/config.hh:1[m[K,
[15.042s]                  from [01m[K/opt/openrobots/include/pinocchio/serialization/eigen.hpp:20[m[K,
[15.042s]                  from [01m[K/opt/openrobots/include/pinocchio/serialization/fwd.hpp:11[m[K,
[15.042s]                  from [01m[K/opt/openrobots/include/pinocchio/multibody/joint/joint-composite.hpp:14[m[K,
[15.042s]                  from [01m[K/opt/openrobots/include/pinocchio/multibody/joint/joint-generic.hpp:9[m[K,
[15.042s]                  from [01m[K/opt/openrobots/include/pinocchio/multibody/model.hpp:17[m[K,
[15.042s]                  from [01m[K/opt/openrobots/include/pinocchio/algorithm/kinematics.hpp:8[m[K,
[15.042s]                  from [01m[K/home/user/ros2_ws/dynamic_ws/src/w10_kinematics/include/w10_kinematics/arm_angle_ik.hpp:6[m[K,
[15.042s]                  from [01m[K/home/user/ros2_ws/dynamic_ws/src/w10_kinematics/src/test_q_indices.cpp:1[m[K:
[15.042s] [01m[K/opt/openrobots/include/hpp/fcl/coal.hpp:10:71:[m[K [01;36m[Knote: [m[K‘[01m[K#pragma message: Please update your includes from 'hpp/fcl' to 'coal'[m[K’
[15.042s]    10 | #pragma message("Please update your includes from 'hpp/fcl' to 'coal'"[01;36m[K)[m[K
[15.042s]       |                                                                       [01;36m[K^[m[K
[15.042s] In file included from [01m[K/opt/openrobots/include/hpp/fcl/config.hh:1[m[K,
[15.042s]                  from [01m[K/opt/openrobots/include/pinocchio/serialization/eigen.hpp:20[m[K,
[15.042s]                  from [01m[K/opt/openrobots/include/pinocchio/serialization/fwd.hpp:11[m[K,
[15.042s]                  from [01m[K/opt/openrobots/include/pinocchio/multibody/joint/joint-composite.hpp:14[m[K,
[15.043s]                  from [01m[K/opt/openrobots/include/pinocchio/multibody/joint/joint-generic.hpp:9[m[K,
[15.043s]                  from [01m[K/opt/openrobots/include/pinocchio/multibody/model.hpp:17[m[K,
[15.043s]                  from [01m[K/opt/openrobots/include/pinocchio/algorithm/kinematics.hpp:8[m[K,
[15.043s]                  from [01m[K/home/user/ros2_ws/dynamic_ws/src/w10_kinematics/include/w10_kinematics/arm_angle_ik.hpp:6[m[K,
[15.043s]                  from [01m[K/home/user/ros2_ws/dynamic_ws/src/w10_kinematics/src/debug_joints.cpp:1[m[K:
[15.043s] [01m[K/opt/openrobots/include/hpp/fcl/coal.hpp:10:71:[m[K [01;36m[Knote: [m[K‘[01m[K#pragma message: Please update your includes from 'hpp/fcl' to 'coal'[m[K’
[15.043s]    10 | #pragma message("Please update your includes from 'hpp/fcl' to 'coal'"[01;36m[K)[m[K
[15.043s]       |                                                                       [01;36m[K^[m[K
[15.068s] In file included from [01m[K/opt/openrobots/include/hpp/fcl/config.hh:1[m[K,
[15.068s]                  from [01m[K/opt/openrobots/include/pinocchio/serialization/eigen.hpp:20[m[K,
[15.068s]                  from [01m[K/opt/openrobots/include/pinocchio/serialization/fwd.hpp:11[m[K,
[15.068s]                  from [01m[K/opt/openrobots/include/pinocchio/multibody/joint/joint-composite.hpp:14[m[K,
[15.068s]                  from [01m[K/opt/openrobots/include/pinocchio/multibody/joint/joint-generic.hpp:9[m[K,
[15.068s]                  from [01m[K/opt/openrobots/include/pinocchio/multibody/model.hpp:17[m[K,
[15.068s]                  from [01m[K/opt/openrobots/include/pinocchio/algorithm/kinematics.hpp:8[m[K,
[15.068s]                  from [01m[K/home/user/ros2_ws/dynamic_ws/src/w10_kinematics/include/w10_kinematics/arm_angle_ik.hpp:6[m[K,
[15.068s]                  from [01m[K/home/user/ros2_ws/dynamic_ws/src/w10_kinematics/src/find_arm_angle.cpp:1[m[K:
[15.068s] [01m[K/opt/openrobots/include/hpp/fcl/coal.hpp:10:71:[m[K [01;36m[Knote: [m[K‘[01m[K#pragma message: Please update your includes from 'hpp/fcl' to 'coal'[m[K’
[15.068s]    10 | #pragma message("Please update your includes from 'hpp/fcl' to 'coal'"[01;36m[K)[m[K
[15.068s]       |                                                                       [01;36m[K^[m[K
[15.244s] In file included from [01m[K/opt/openrobots/include/hpp/fcl/config.hh:1[m[K,
[15.244s]                  from [01m[K/opt/openrobots/include/pinocchio/serialization/eigen.hpp:20[m[K,
[15.245s]                  from [01m[K/opt/openrobots/include/pinocchio/serialization/fwd.hpp:11[m[K,
[15.245s]                  from [01m[K/opt/openrobots/include/pinocchio/multibody/joint/joint-composite.hpp:14[m[K,
[15.245s]                  from [01m[K/opt/openrobots/include/pinocchio/multibody/joint/joint-generic.hpp:9[m[K,
[15.245s]                  from [01m[K/opt/openrobots/include/pinocchio/multibody/model.hpp:17[m[K,
[15.245s]                  from [01m[K/opt/openrobots/include/pinocchio/algorithm/kinematics.hpp:8[m[K,
[15.245s]                  from [01m[K/home/user/ros2_ws/dynamic_ws/src/w10_kinematics/include/w10_kinematics/arm_angle_ik.hpp:6[m[K,
[15.245s]                  from [01m[K/home/user/ros2_ws/dynamic_ws/src/w10_kinematics/src/ik_visualize.cpp:1[m[K:
[15.245s] [01m[K/opt/openrobots/include/hpp/fcl/coal.hpp:10:71:[m[K [01;36m[Knote: [m[K‘[01m[K#pragma message: Please update your includes from 'hpp/fcl' to 'coal'[m[K’
[15.245s]    10 | #pragma message("Please update your includes from 'hpp/fcl' to 'coal'"[01;36m[K)[m[K
[15.245s]       |                                                                       [01;36m[K^[m[K
[15.441s] In file included from [01m[K/opt/openrobots/include/hpp/fcl/config.hh:1[m[K,
[15.441s]                  from [01m[K/opt/openrobots/include/pinocchio/serialization/eigen.hpp:20[m[K,
[15.441s]                  from [01m[K/opt/openrobots/include/pinocchio/serialization/fwd.hpp:11[m[K,
[15.441s]                  from [01m[K/opt/openrobots/include/pinocchio/multibody/joint/joint-composite.hpp:14[m[K,
[15.441s]                  from [01m[K/opt/openrobots/include/pinocchio/multibody/joint/joint-generic.hpp:9[m[K,
[15.441s]                  from [01m[K/opt/openrobots/include/pinocchio/multibody/model.hpp:17[m[K,
[15.441s]                  from [01m[K/opt/openrobots/include/pinocchio/algorithm/kinematics.hpp:8[m[K,
[15.441s]                  from [01m[K/home/user/ros2_ws/dynamic_ws/src/w10_kinematics/include/w10_kinematics/arm_angle_ik.hpp:6[m[K,
[15.442s]                  from [01m[K/home/user/ros2_ws/dynamic_ws/src/w10_kinematics/src/debug_q_mapping.cpp:1[m[K:
[15.442s] [01m[K/opt/openrobots/include/hpp/fcl/coal.hpp:10:71:[m[K [01;36m[Knote: [m[K‘[01m[K#pragma message: Please update your includes from 'hpp/fcl' to 'coal'[m[K’
[15.442s]    10 | #pragma message("Please update your includes from 'hpp/fcl' to 'coal'"[01;36m[K)[m[K
[15.442s]       |                                                                       [01;36m[K^[m[K
[15.758s] In file included from [01m[K/opt/openrobots/include/hpp/fcl/config.hh:1[m[K,
[15.758s]                  from [01m[K/opt/openrobots/include/pinocchio/serialization/eigen.hpp:20[m[K,
[15.758s]                  from [01m[K/opt/openrobots/include/pinocchio/serialization/fwd.hpp:11[m[K,
[15.758s]                  from [01m[K/opt/openrobots/include/pinocchio/multibody/joint/joint-composite.hpp:14[m[K,
[15.758s]                  from [01m[K/opt/openrobots/include/pinocchio/multibody/joint/joint-generic.hpp:9[m[K,
[15.758s]                  from [01m[K/opt/openrobots/include/pinocchio/multibody/model.hpp:17[m[K,
[15.758s]                  from [01m[K/opt/openrobots/include/pinocchio/algorithm/kinematics.hpp:8[m[K,
[15.758s]                  from [01m[K/home/user/ros2_ws/dynamic_ws/src/w10_kinematics/include/w10_kinematics/arm_angle_ik.hpp:6[m[K,
[15.758s]                  from [01m[K/home/user/ros2_ws/dynamic_ws/src/w10_kinematics/src/ik_test.cpp:1[m[K:
[15.758s] [01m[K/opt/openrobots/include/hpp/fcl/coal.hpp:10:71:[m[K [01;36m[Knote: [m[K‘[01m[K#pragma message: Please update your includes from 'hpp/fcl' to 'coal'[m[K’
[15.758s]    10 | #pragma message("Please update your includes from 'hpp/fcl' to 'coal'"[01;36m[K)[m[K
[15.758s]       |                                                                       [01;36m[K^[m[K
[17.465s] [ 61%] [32m[1mLinking CXX executable test_all_q[0m
[17.509s] [ 66%] [32m[1mLinking CXX executable debug_positions[0m
[17.548s] [ 72%] [32m[1mLinking CXX executable debug_joints[0m
[17.966s] [ 72%] Built target test_all_q
[17.997s] [ 77%] [32m[1mLinking CXX executable find_arm_angle[0m
[18.039s] [ 77%] Built target debug_positions
[18.046s] [ 77%] Built target debug_joints
[18.181s] [ 83%] [32m[1mLinking CXX executable debug_q_mapping[0m
[18.353s] [ 88%] [32m[1mLinking CXX executable ik_test[0m
[18.448s] [ 88%] Built target find_arm_angle
[18.570s] [ 94%] [32m[1mLinking CXX executable test_q_indices[0m
[18.625s] [ 94%] Built target debug_q_mapping
[18.798s] [ 94%] Built target ik_test
[19.011s] [ 94%] Built target test_q_indices
[19.854s] [100%] [32m[1mLinking CXX executable ik_visualize[0m
[20.403s] [100%] Built target ik_visualize
[20.410s] Invoked command in '/home/user/ros2_ws/dynamic_ws/build/w10_kinematics' returned '0': CMAKE_PREFIX_PATH=/home/user/ros2_ws/dynamic_ws/install/w10_sim:/opt/openrobots:/home/user/ros2_ws/dynamic_ws/install/w10_moveit_kinematics:/home/user/ros2_ws/dynamic_ws/install/w10_kinematics:/home/user/ros2_ws/dynamic_ws/install/w10_force_sim:/home/user/ros2_ws/dynamic_ws/install/vi_2p:/home/user/ros2_ws/dynamic_ws/install/vi:/home/user/ros2_ws/dynamic_ws/install/show_urdf:/home/user/ros2_ws/dynamic_ws/install/marvin_sim:/opt/ros/humble:/home/user/ros2_ws/w10_ws/install/w10-urdf:/home/user/ros2_ws/w10_ws/install/urdf_visualization:/opt/openrobots /usr/bin/cmake --build /home/user/ros2_ws/dynamic_ws/build/w10_kinematics -- -j32 -l32
[20.412s] Invoking command in '/home/user/ros2_ws/dynamic_ws/build/w10_kinematics': CMAKE_PREFIX_PATH=/home/user/ros2_ws/dynamic_ws/install/w10_sim:/opt/openrobots:/home/user/ros2_ws/dynamic_ws/install/w10_moveit_kinematics:/home/user/ros2_ws/dynamic_ws/install/w10_kinematics:/home/user/ros2_ws/dynamic_ws/install/w10_force_sim:/home/user/ros2_ws/dynamic_ws/install/vi_2p:/home/user/ros2_ws/dynamic_ws/install/vi:/home/user/ros2_ws/dynamic_ws/install/show_urdf:/home/user/ros2_ws/dynamic_ws/install/marvin_sim:/opt/ros/humble:/home/user/ros2_ws/w10_ws/install/w10-urdf:/home/user/ros2_ws/w10_ws/install/urdf_visualization:/opt/openrobots /usr/bin/cmake --install /home/user/ros2_ws/dynamic_ws/build/w10_kinematics
[20.416s] -- Install configuration: ""
[20.416s] -- Installing: /home/user/ros2_ws/dynamic_ws/install/w10_kinematics/lib/libarm_angle_ik.a
[20.417s] -- Installing: /home/user/ros2_ws/dynamic_ws/install/w10_kinematics/include
[20.417s] -- Installing: /home/user/ros2_ws/dynamic_ws/install/w10_kinematics/include/w10_kinematics
[20.417s] -- Installing: /home/user/ros2_ws/dynamic_ws/install/w10_kinematics/include/w10_kinematics/arm_angle_ik.hpp
[20.417s] -- Installing: /home/user/ros2_ws/dynamic_ws/install/w10_kinematics/share/w10_kinematics/launch
[20.417s] -- Installing: /home/user/ros2_ws/dynamic_ws/install/w10_kinematics/share/w10_kinematics/launch/start_ik_visualization.sh
[20.418s] -- Installing: /home/user/ros2_ws/dynamic_ws/install/w10_kinematics/share/w10_kinematics/launch/ik_visualize.launch.py
[20.418s] -- Installing: /home/user/ros2_ws/dynamic_ws/install/w10_kinematics/lib/w10_kinematics/ik_test
[20.453s] -- Set runtime path of "/home/user/ros2_ws/dynamic_ws/install/w10_kinematics/lib/w10_kinematics/ik_test" to ""
[20.453s] -- Installing: /home/user/ros2_ws/dynamic_ws/install/w10_kinematics/lib/w10_kinematics/ik_visualize
[20.454s] -- Set runtime path of "/home/user/ros2_ws/dynamic_ws/install/w10_kinematics/lib/w10_kinematics/ik_visualize" to ""
[20.454s] -- Installing: /home/user/ros2_ws/dynamic_ws/install/w10_kinematics/lib/w10_kinematics/debug_joints
[20.455s] -- Set runtime path of "/home/user/ros2_ws/dynamic_ws/install/w10_kinematics/lib/w10_kinematics/debug_joints" to ""
[20.455s] -- Installing: /home/user/ros2_ws/dynamic_ws/install/w10_kinematics/lib/w10_kinematics/debug_q_mapping
[20.456s] -- Set runtime path of "/home/user/ros2_ws/dynamic_ws/install/w10_kinematics/lib/w10_kinematics/debug_q_mapping" to ""
[20.456s] -- Installing: /home/user/ros2_ws/dynamic_ws/install/w10_kinematics/lib/w10_kinematics/test_q_indices
[20.457s] -- Set runtime path of "/home/user/ros2_ws/dynamic_ws/install/w10_kinematics/lib/w10_kinematics/test_q_indices" to ""
[20.457s] -- Installing: /home/user/ros2_ws/dynamic_ws/install/w10_kinematics/lib/w10_kinematics/test_all_q
[20.457s] -- Set runtime path of "/home/user/ros2_ws/dynamic_ws/install/w10_kinematics/lib/w10_kinematics/test_all_q" to ""
[20.457s] -- Installing: /home/user/ros2_ws/dynamic_ws/install/w10_kinematics/lib/w10_kinematics/debug_positions
[20.458s] -- Set runtime path of "/home/user/ros2_ws/dynamic_ws/install/w10_kinematics/lib/w10_kinematics/debug_positions" to ""
[20.458s] -- Installing: /home/user/ros2_ws/dynamic_ws/install/w10_kinematics/lib/w10_kinematics/find_arm_angle
[20.459s] -- Set runtime path of "/home/user/ros2_ws/dynamic_ws/install/w10_kinematics/lib/w10_kinematics/find_arm_angle" to ""
[20.459s] -- Installing: /home/user/ros2_ws/dynamic_ws/install/w10_kinematics/share/ament_index/resource_index/package_run_dependencies/w10_kinematics
[20.459s] -- Installing: /home/user/ros2_ws/dynamic_ws/install/w10_kinematics/share/ament_index/resource_index/parent_prefix_path/w10_kinematics
[20.459s] -- Installing: /home/user/ros2_ws/dynamic_ws/install/w10_kinematics/share/w10_kinematics/environment/ament_prefix_path.sh
[20.460s] -- Installing: /home/user/ros2_ws/dynamic_ws/install/w10_kinematics/share/w10_kinematics/environment/ament_prefix_path.dsv
[20.460s] -- Installing: /home/user/ros2_ws/dynamic_ws/install/w10_kinematics/share/w10_kinematics/environment/path.sh
[20.460s] -- Installing: /home/user/ros2_ws/dynamic_ws/install/w10_kinematics/share/w10_kinematics/environment/path.dsv
[20.460s] -- Installing: /home/user/ros2_ws/dynamic_ws/install/w10_kinematics/share/w10_kinematics/local_setup.bash
[20.460s] -- Installing: /home/user/ros2_ws/dynamic_ws/install/w10_kinematics/share/w10_kinematics/local_setup.sh
[20.460s] -- Installing: /home/user/ros2_ws/dynamic_ws/install/w10_kinematics/share/w10_kinematics/local_setup.zsh
[20.460s] -- Installing: /home/user/ros2_ws/dynamic_ws/install/w10_kinematics/share/w10_kinematics/local_setup.dsv
[20.460s] -- Installing: /home/user/ros2_ws/dynamic_ws/install/w10_kinematics/share/w10_kinematics/package.dsv
[20.460s] -- Installing: /home/user/ros2_ws/dynamic_ws/install/w10_kinematics/share/ament_index/resource_index/packages/w10_kinematics
[20.461s] -- Installing: /home/user/ros2_ws/dynamic_ws/install/w10_kinematics/share/w10_kinematics/cmake/w10_kinematicsConfig.cmake
[20.461s] -- Installing: /home/user/ros2_ws/dynamic_ws/install/w10_kinematics/share/w10_kinematics/cmake/w10_kinematicsConfig-version.cmake
[20.461s] -- Installing: /home/user/ros2_ws/dynamic_ws/install/w10_kinematics/share/w10_kinematics/package.xml
[20.463s] Invoked command in '/home/user/ros2_ws/dynamic_ws/build/w10_kinematics' returned '0': CMAKE_PREFIX_PATH=/home/user/ros2_ws/dynamic_ws/install/w10_sim:/opt/openrobots:/home/user/ros2_ws/dynamic_ws/install/w10_moveit_kinematics:/home/user/ros2_ws/dynamic_ws/install/w10_kinematics:/home/user/ros2_ws/dynamic_ws/install/w10_force_sim:/home/user/ros2_ws/dynamic_ws/install/vi_2p:/home/user/ros2_ws/dynamic_ws/install/vi:/home/user/ros2_ws/dynamic_ws/install/show_urdf:/home/user/ros2_ws/dynamic_ws/install/marvin_sim:/opt/ros/humble:/home/user/ros2_ws/w10_ws/install/w10-urdf:/home/user/ros2_ws/w10_ws/install/urdf_visualization:/opt/openrobots /usr/bin/cmake --install /home/user/ros2_ws/dynamic_ws/build/w10_kinematics
