[ 50%] Built target atsvi_ad_node
[ 50%] Built target etsvi_node
[ 75%] Built target ctsvi_ad_node
[100%] Built target rk4_node
-- Install configuration: ""
-- Up-to-date: /home/user/ros2_ws/dynamic_ws/install/vi/lib/vi/pybullet_sim.py
-- Up-to-date: /home/user/ros2_ws/dynamic_ws/install/vi/lib/vi/plot_7dof_pendulum.py
-- Up-to-date: /home/user/ros2_ws/dynamic_ws/install/vi/lib/vi/render_pendulum.py
-- Up-to-date: /home/user/ros2_ws/dynamic_ws/install/vi/lib/vi/vi_compare_sim.py
-- Up-to-date: /home/user/ros2_ws/dynamic_ws/install/vi/lib/vi/rk4_vi_compare_sim.py
-- Up-to-date: /home/user/ros2_ws/dynamic_ws/install/vi/lib/vi/etsvi_sweep_heatmap.py
-- Up-to-date: /home/user/ros2_ws/dynamic_ws/install/vi/lib/vi/ctsvi_ad_node
-- Up-to-date: /home/user/ros2_ws/dynamic_ws/install/vi/lib/vi/atsvi_ad_node
-- Up-to-date: /home/user/ros2_ws/dynamic_ws/install/vi/lib/vi/etsvi_node
-- Up-to-date: /home/user/ros2_ws/dynamic_ws/install/vi/lib/vi/rk4_node
-- Up-to-date: /home/user/ros2_ws/dynamic_ws/install/vi/share/ament_index/resource_index/package_run_dependencies/vi
-- Up-to-date: /home/user/ros2_ws/dynamic_ws/install/vi/share/ament_index/resource_index/parent_prefix_path/vi
-- Up-to-date: /home/user/ros2_ws/dynamic_ws/install/vi/share/vi/environment/ament_prefix_path.sh
-- Up-to-date: /home/user/ros2_ws/dynamic_ws/install/vi/share/vi/environment/ament_prefix_path.dsv
-- Up-to-date: /home/user/ros2_ws/dynamic_ws/install/vi/share/vi/environment/path.sh
-- Up-to-date: /home/user/ros2_ws/dynamic_ws/install/vi/share/vi/environment/path.dsv
-- Up-to-date: /home/user/ros2_ws/dynamic_ws/install/vi/share/vi/local_setup.bash
-- Up-to-date: /home/user/ros2_ws/dynamic_ws/install/vi/share/vi/local_setup.sh
-- Up-to-date: /home/user/ros2_ws/dynamic_ws/install/vi/share/vi/local_setup.zsh
-- Up-to-date: /home/user/ros2_ws/dynamic_ws/install/vi/share/vi/local_setup.dsv
-- Installing: /home/user/ros2_ws/dynamic_ws/install/vi/share/vi/package.dsv
-- Up-to-date: /home/user/ros2_ws/dynamic_ws/install/vi/share/ament_index/resource_index/packages/vi
-- Up-to-date: /home/user/ros2_ws/dynamic_ws/install/vi/share/vi/cmake/ament_cmake_export_dependencies-extras.cmake
-- Up-to-date: /home/user/ros2_ws/dynamic_ws/install/vi/share/vi/cmake/viConfig.cmake
-- Up-to-date: /home/user/ros2_ws/dynamic_ws/install/vi/share/vi/cmake/viConfig-version.cmake
-- Up-to-date: /home/user/ros2_ws/dynamic_ws/install/vi/share/vi/package.xml
