[0.013s] Invoking command in '/home/user/ros2_ws/dynamic_ws/build/w10_sim': CMAKE_PREFIX_PATH=/opt/openrobots:/home/user/ros2_ws/dynamic_ws/install/w10_moveit_kinematics:/home/user/ros2_ws/dynamic_ws/install/w10_kinematics:/home/user/ros2_ws/dynamic_ws/install/w10_sim:/home/user/ros2_ws/dynamic_ws/install/w10_force_sim:/home/user/ros2_ws/dynamic_ws/install/vi_2p:/home/user/ros2_ws/dynamic_ws/install/vi:/home/user/ros2_ws/dynamic_ws/install/show_urdf:/home/user/ros2_ws/dynamic_ws/install/marvin_sim:/opt/ros/humble:/home/user/ros2_ws/w10_ws/install/w10-urdf:/home/user/ros2_ws/w10_ws/install/urdf_visualization:/opt/openrobots: /usr/bin/cmake /home/user/ros2_ws/dynamic_ws/src/w10_sim -DCMAKE_INSTALL_PREFIX=/home/user/ros2_ws/dynamic_ws/install/w10_sim
[0.058s] -- The C compiler identification is GNU 11.4.0
[0.097s] -- The CXX compiler identification is GNU 11.4.0
[0.112s] -- Detecting C compiler ABI info
[0.163s] -- Detecting C compiler ABI info - done
[0.166s] -- Check for working C compiler: /usr/bin/cc - skipped
[0.166s] -- Detecting C compile features
[0.167s] -- Detecting C compile features - done
[0.220s] -- Detecting CXX compiler ABI info
[0.320s] -- Detecting CXX compiler ABI info - done
[0.323s] -- Check for working CXX compiler: /usr/bin/c++ - skipped
[0.323s] -- Detecting CXX compile features
[0.324s] -- Detecting CXX compile features - done
[0.338s] -- Found ament_cmake_auto: 1.3.12 (/opt/ros/humble/share/ament_cmake_auto/cmake)
[0.431s] -- Found Python3: /usr/bin/python3 (found version "3.10.12") found components: Interpreter 
[0.561s] -- Found rosidl_generator_c: 3.1.7 (/opt/ros/humble/share/rosidl_generator_c/cmake)
[0.563s] -- Found rosidl_adapter: 3.1.7 (/opt/ros/humble/share/rosidl_adapter/cmake)
[0.567s] -- Found rosidl_generator_cpp: 3.1.7 (/opt/ros/humble/share/rosidl_generator_cpp/cmake)
[0.573s] -- Using all available rosidl_typesupport_c: rosidl_typesupport_fastrtps_c;rosidl_typesupport_introspection_c
[0.581s] -- Using all available rosidl_typesupport_cpp: rosidl_typesupport_fastrtps_cpp;rosidl_typesupport_introspection_cpp
[0.604s] -- Found rmw_implementation_cmake: 6.1.2 (/opt/ros/humble/share/rmw_implementation_cmake/cmake)
[0.606s] -- Found rmw_fastrtps_cpp: 6.2.9 (/opt/ros/humble/share/rmw_fastrtps_cpp/cmake)
[0.653s] -- Found OpenSSL: /usr/lib/x86_64-linux-gnu/libcrypto.so (found version "3.0.2")  
[0.665s] -- Found FastRTPS: /opt/ros/humble/include  
[0.685s] -- Using RMW implementation 'rmw_fastrtps_cpp' as default
[0.704s] -- Looking for pthread.h
[0.762s] -- Looking for pthread.h - found
[0.762s] -- Performing Test CMAKE_HAVE_LIBC_PTHREAD
[0.811s] -- Performing Test CMAKE_HAVE_LIBC_PTHREAD - Success
[0.812s] -- Found Threads: TRUE  
[0.846s] -- pinocchio_default FOUND. pinocchio_default at /opt/openrobots/lib/libpinocchio_default.so
[0.846s] -- pinocchio_parsers FOUND. pinocchio_parsers at /opt/openrobots/lib/libpinocchio_parsers.so
[0.846s] -- pinocchio_casadi FOUND. pinocchio_casadi at /opt/openrobots/lib/libpinocchio_casadi.so
[0.847s] -- boost_filesystem FOUND. boost_filesystem at /usr/lib/x86_64-linux-gnu/libboost_filesystem.so
[0.847s] -- boost_serialization FOUND. boost_serialization at /usr/lib/x86_64-linux-gnu/libboost_serialization.so
[0.847s] -- boost_system FOUND. boost_system at /usr/lib/x86_64-linux-gnu/libboost_system.so
[0.873s] [33mCMake Warning at /opt/openrobots/lib/cmake/hpp-fcl/hpp-fclConfig.cmake:3 (message):
[0.873s]   Please update your CMake from 'hpp-fcl' to 'coal'
[0.873s] Call Stack (most recent call first):
[0.873s]   /usr/share/cmake-3.22/Modules/CMakeFindDependencyMacro.cmake:47 (find_package)
[0.873s]   /opt/openrobots/lib/cmake/pinocchio/pinocchioConfig.cmake:161 (find_dependency)
[0.873s]   /opt/ros/humble/share/ament_cmake_auto/cmake/ament_auto_find_build_dependencies.cmake:67 (find_package)
[0.873s]   CMakeLists.txt:12 (ament_auto_find_build_dependencies)
[0.873s] 
[0.873s] [0m
[0.873s] -- coal FOUND. coal at /opt/openrobots/lib/libcoal.so
[0.883s] -- Found Boost: /usr/include (found version "1.74.0") found components: chrono thread date_time serialization filesystem atomic 
[1.035s] -- Default C++ standard: 201703
[1.036s] -- Minimal C++ standard upgraded to 11
[1.036s] -- C++ standard sufficient: Minimal required 11, currently defined: 17
[1.036s] -- CMAKE_CXX_STANDARD was not set: automatically set to currently defined standard 17
[1.036s] -- C++ standard sufficient: Minimal required 11, currently defined: 17
[1.059s] -- Found eigen3_cmake_module: 0.1.1 (/opt/ros/humble/share/eigen3_cmake_module/cmake)
[1.060s] -- Found Eigen3: TRUE (found version "3.4.0") 
[1.060s] -- Ensuring Eigen3 include directory is part of orocos-kdl CMake target
[1.137s] -- Found ament_lint_auto: 0.12.14 (/opt/ros/humble/share/ament_lint_auto/cmake)
[1.143s] [0mIn this package, headers install destination is set to `include` by ament_auto_package. It is recommended to install `include/w10_sim` instead and will be the default behavior of ament_auto_package from ROS 2 Kilted Kaiju. On distributions before Kilted, ament_auto_package behaves the same way when you use USE_SCOPED_HEADER_INSTALL_DIR option.[0m
[1.221s] -- Added test 'cppcheck' to perform static code analysis on C / C++ code
[1.221s] -- Configured cppcheck include dirs: /home/user/ros2_ws/dynamic_ws/src/w10_sim/include
[1.222s] -- Configured cppcheck exclude dirs and/or files: 
[1.223s] -- Added test 'flake8' to check Python code syntax and style conventions
[1.225s] -- Added test 'lint_cmake' to check CMake code style
[1.226s] -- Added test 'pep257' to check Python code against some of the docstring style conventions in PEP 257
[1.235s] -- Added test 'uncrustify' to check C / C++ code style
[1.235s] -- Configured uncrustify additional arguments: 
[1.236s] -- Added test 'xmllint' to check XML markup files
[1.327s] -- Configuring done
[1.353s] -- Generating done
[1.359s] -- Build files have been written to: /home/user/ros2_ws/dynamic_ws/build/w10_sim
[1.366s] Invoked command in '/home/user/ros2_ws/dynamic_ws/build/w10_sim' returned '0': CMAKE_PREFIX_PATH=/opt/openrobots:/home/user/ros2_ws/dynamic_ws/install/w10_moveit_kinematics:/home/user/ros2_ws/dynamic_ws/install/w10_kinematics:/home/user/ros2_ws/dynamic_ws/install/w10_sim:/home/user/ros2_ws/dynamic_ws/install/w10_force_sim:/home/user/ros2_ws/dynamic_ws/install/vi_2p:/home/user/ros2_ws/dynamic_ws/install/vi:/home/user/ros2_ws/dynamic_ws/install/show_urdf:/home/user/ros2_ws/dynamic_ws/install/marvin_sim:/opt/ros/humble:/home/user/ros2_ws/w10_ws/install/w10-urdf:/home/user/ros2_ws/w10_ws/install/urdf_visualization:/opt/openrobots: /usr/bin/cmake /home/user/ros2_ws/dynamic_ws/src/w10_sim -DCMAKE_INSTALL_PREFIX=/home/user/ros2_ws/dynamic_ws/install/w10_sim
[1.367s] Invoking command in '/home/user/ros2_ws/dynamic_ws/build/w10_sim': CMAKE_PREFIX_PATH=/opt/openrobots:/home/user/ros2_ws/dynamic_ws/install/w10_moveit_kinematics:/home/user/ros2_ws/dynamic_ws/install/w10_kinematics:/home/user/ros2_ws/dynamic_ws/install/w10_sim:/home/user/ros2_ws/dynamic_ws/install/w10_force_sim:/home/user/ros2_ws/dynamic_ws/install/vi_2p:/home/user/ros2_ws/dynamic_ws/install/vi:/home/user/ros2_ws/dynamic_ws/install/show_urdf:/home/user/ros2_ws/dynamic_ws/install/marvin_sim:/opt/ros/humble:/home/user/ros2_ws/w10_ws/install/w10-urdf:/home/user/ros2_ws/w10_ws/install/urdf_visualization:/opt/openrobots: /usr/bin/cmake --build /home/user/ros2_ws/dynamic_ws/build/w10_sim -- -j32 -l32
[1.403s] [ 10%] [32mBuilding CXX object CMakeFiles/etsvi_node.dir/src/etsvi_node.cpp.o[0m
[1.406s] [ 20%] [32mBuilding CXX object CMakeFiles/ctsvi_node.dir/src/ctsvi_node.cpp.o[0m
[1.406s] [ 30%] [32mBuilding CXX object CMakeFiles/atsvi_ad_node.dir/src/atsvi_ad_node.cpp.o[0m
[1.406s] [ 50%] [32mBuilding CXX object CMakeFiles/ctsvi_w10_node.dir/src/ctsvi_w10_node.cpp.o[0m
[1.406s] [ 50%] [32mBuilding CXX object CMakeFiles/ctsvi_ad_node.dir/src/ctsvi_ad_node.cpp.o[0m
[8.356s] [01m[K/home/user/ros2_ws/dynamic_ws/src/w10_sim/src/atsvi_ad_node.cpp:[m[K In function ‘[01m[Kstd::tuple<Eigen::Matrix<double, -1, 1, 0, -1, 1>, double, SolverInfo> solve_q_next_sem_ad(const Model&, pinocchio::Data&, const ModelAD&, DataAD&, const Vec&, const Vec&, double, const Vec&, const Vec&, double, double, int, double, double, double)[m[K’:
[8.356s] [01m[K/home/user/ros2_ws/dynamic_ws/src/w10_sim/src/atsvi_ad_node.cpp:291:16:[m[K [01;35m[Kwarning: [m[Kunused parameter ‘[01m[Ktau_k[m[K’ [[01;35m[K]8;;https://gcc.gnu.org/onlinedocs/gcc/Warning-Options.html#index-Wunused-parameter-Wunused-parameter]8;;[m[K]
[8.356s]   291 |     [01;35m[Kconst Vec &tau_k[m[K,
[8.356s]       |     [01;35m[K~~~~~~~~~~~^~~~~[m[K
[93.465s] [ 60%] [32m[1mLinking CXX executable ctsvi_node[0m
[93.731s] [ 70%] [32m[1mLinking CXX executable ctsvi_ad_node[0m
[96.508s] [ 70%] Built target ctsvi_ad_node
[97.004s] [ 70%] Built target ctsvi_node
[101.710s] [ 80%] [32m[1mLinking CXX executable etsvi_node[0m
[101.846s] [ 90%] [32m[1mLinking CXX executable ctsvi_w10_node[0m
[104.028s] [ 90%] Built target etsvi_node
[104.287s] [ 90%] Built target ctsvi_w10_node
[133.615s] [100%] [32m[1mLinking CXX executable atsvi_ad_node[0m
[136.199s] [100%] Built target atsvi_ad_node
