[0.008s] Invoking command in '/home/user/ros2_ws/dynamic_ws/build/w10_force': CMAKE_PREFIX_PATH=/home/user/ros2_ws/dynamic_ws/install/w10_sim:/home/user/ros2_ws/dynamic_ws/install/w10_force:/opt/openrobots:/home/user/ros2_ws/dynamic_ws/install/w10_moveit_kinematics:/home/user/ros2_ws/dynamic_ws/install/w10_kinematics:/home/user/ros2_ws/dynamic_ws/install/vi_2p:/home/user/ros2_ws/dynamic_ws/install/vi:/opt/ros/humble:/home/user/ros2_ws/w10_ws/install/w10-urdf:/home/user/ros2_ws/w10_ws/install/urdf_visualization:/opt/openrobots /usr/bin/cmake --build /home/user/ros2_ws/dynamic_ws/build/w10_force -- -j32 -l32
[0.030s] -- Found ament_cmake_auto: 1.3.12 (/opt/ros/humble/share/ament_cmake_auto/cmake)
[0.186s] -- pinocchio_default FOUND. pinocchio_default at /opt/openrobots/lib/libpinocchio_default.so
[0.186s] -- pinocchio_parsers FOUND. pinocchio_parsers at /opt/openrobots/lib/libpinocchio_parsers.so
[0.186s] -- pinocchio_casadi FOUND. pinocchio_casadi at /opt/openrobots/lib/libpinocchio_casadi.so
[0.190s] -- boost_filesystem FOUND. boost_filesystem at /usr/lib/x86_64-linux-gnu/libboost_filesystem.so
[0.191s] -- boost_serialization FOUND. boost_serialization at /usr/lib/x86_64-linux-gnu/libboost_serialization.so
[0.191s] -- boost_system FOUND. boost_system at /usr/lib/x86_64-linux-gnu/libboost_system.so
[0.239s] CMake Warning at /opt/openrobots/lib/cmake/hpp-fcl/hpp-fclConfig.cmake:3 (message):
[0.239s]   Please update your CMake from 'hpp-fcl' to 'coal'
[0.239s] Call Stack (most recent call first):
[0.239s]   /usr/share/cmake-3.22/Modules/CMakeFindDependencyMacro.cmake:47 (find_package)
[0.239s]   /opt/openrobots/lib/cmake/pinocchio/pinocchioConfig.cmake:161 (find_dependency)
[0.239s]   /opt/ros/humble/share/ament_cmake_auto/cmake/ament_auto_find_build_dependencies.cmake:67 (find_package)
[0.239s]   CMakeLists.txt:12 (ament_auto_find_build_dependencies)
[0.239s] 
[0.239s] 
[0.240s] -- coal FOUND. coal at /opt/openrobots/lib/libcoal.so
[0.255s] -- Found Boost: /usr/include (found version "1.74.0") found components: chrono thread date_time serialization filesystem atomic 
[0.495s] -- Default C++ standard: 201703
[0.495s] -- Minimal C++ standard upgraded to 11
[0.495s] -- C++ standard sufficient: Minimal required 11, currently defined: 17
[0.495s] -- CMAKE_CXX_STANDARD was not set: automatically set to currently defined standard 17
[0.496s] -- C++ standard sufficient: Minimal required 11, currently defined: 17
[0.512s] -- Found rosidl_generator_c: 3.1.7 (/opt/ros/humble/share/rosidl_generator_c/cmake)
[0.514s] -- Found rosidl_adapter: 3.1.7 (/opt/ros/humble/share/rosidl_adapter/cmake)
[0.519s] -- Found rosidl_generator_cpp: 3.1.7 (/opt/ros/humble/share/rosidl_generator_cpp/cmake)
[0.528s] -- Using all available rosidl_typesupport_c: rosidl_typesupport_fastrtps_c;rosidl_typesupport_introspection_c
[0.538s] -- Using all available rosidl_typesupport_cpp: rosidl_typesupport_fastrtps_cpp;rosidl_typesupport_introspection_cpp
[0.564s] -- Found rmw_implementation_cmake: 6.1.2 (/opt/ros/humble/share/rmw_implementation_cmake/cmake)
[0.565s] -- Found rmw_fastrtps_cpp: 6.2.9 (/opt/ros/humble/share/rmw_fastrtps_cpp/cmake)
[0.644s] -- Using RMW implementation 'rmw_fastrtps_cpp' as default
[0.707s] -- Found eigen3_cmake_module: 0.1.1 (/opt/ros/humble/share/eigen3_cmake_module/cmake)
[0.708s] -- Found Eigen3: TRUE (found version "3.4.0") 
[0.708s] -- Ensuring Eigen3 include directory is part of orocos-kdl CMake target
[0.834s] -- Found ament_lint_auto: 0.12.14 (/opt/ros/humble/share/ament_lint_auto/cmake)
[0.838s] In this package, headers install destination is set to `include` by ament_auto_package. It is recommended to install `include/w10_force` instead and will be the default behavior of ament_auto_package from ROS 2 Kilted Kaiju. On distributions before Kilted, ament_auto_package behaves the same way when you use USE_SCOPED_HEADER_INSTALL_DIR option.
[0.860s] -- Added test 'cppcheck' to perform static code analysis on C / C++ code
[0.860s] -- Configured cppcheck include dirs: /home/user/ros2_ws/dynamic_ws/src/w10_force/include;$<BUILD_INTERFACE:/home/user/ros2_ws/dynamic_ws/src/w10_force/include>
[0.860s] -- Configured cppcheck exclude dirs and/or files: 
[0.862s] -- Added test 'lint_cmake' to check CMake code style
[0.868s] -- Added test 'uncrustify' to check C / C++ code style
[0.868s] -- Configured uncrustify additional arguments: 
[0.868s] -- Added test 'xmllint' to check XML markup files
[0.899s] -- Configuring done
[0.971s] -- Generating done
[0.977s] -- Build files have been written to: /home/user/ros2_ws/dynamic_ws/build/w10_force
[1.009s] [ 33%] Building CXX object CMakeFiles/force_controller.dir/src/force_controller.cpp.o
[1.010s] [ 33%] Building CXX object CMakeFiles/w10_force.dir/src/force_controller.cpp.o
[3.638s] In file included from /opt/openrobots/include/hpp/fcl/config.hh:1,
[3.638s]                  from /opt/openrobots/include/pinocchio/serialization/eigen.hpp:20,
[3.638s]                  from /opt/openrobots/include/pinocchio/serialization/fwd.hpp:11,
[3.638s]                  from /opt/openrobots/include/pinocchio/multibody/joint/joint-composite.hpp:14,
[3.638s]                  from /opt/openrobots/include/pinocchio/multibody/joint/joint-generic.hpp:9,
[3.638s]                  from /opt/openrobots/include/pinocchio/multibody/model.hpp:17,
[3.638s]                  from /home/user/ros2_ws/dynamic_ws/src/w10_force/include/w10_force/force_controller.hpp:8,
[3.638s]                  from /home/user/ros2_ws/dynamic_ws/src/w10_force/src/force_controller.cpp:1:
[3.638s] /opt/openrobots/include/hpp/fcl/coal.hpp:10:71: note: ‘#pragma message: Please update your includes from 'hpp/fcl' to 'coal'’
[3.638s]    10 | #pragma message("Please update your includes from 'hpp/fcl' to 'coal'")
[3.639s]       |                                                                       ^
[3.868s] /home/user/ros2_ws/dynamic_ws/src/w10_force/src/force_controller.cpp: In destructor ‘w10_force::ForceController::~ForceController()’:
[3.869s] /home/user/ros2_ws/dynamic_ws/src/w10_force/src/force_controller.cpp:11:5: warning: possible problem detected in invocation of ‘operator delete’ [-Wdelete-incomplete]
[3.869s]    11 |     delete data_;
[3.869s]       |     ^~~~~~~~~~~~
[3.869s] /home/user/ros2_ws/dynamic_ws/src/w10_force/src/force_controller.cpp:11:12: warning: invalid use of incomplete type ‘struct pinocchio::DataTpl<double, 0>’
[3.869s]    11 |     delete data_;
[3.869s]       |            ^~~~~
[3.869s] In file included from /opt/openrobots/include/pinocchio/context/default.hpp:10,
[3.869s]                  from /opt/openrobots/include/pinocchio/context.hpp:16,
[3.869s]                  from /opt/openrobots/include/pinocchio/fwd.hpp:149,
[3.870s]                  from /home/user/ros2_ws/dynamic_ws/src/w10_force/include/w10_force/force_controller.hpp:7,
[3.870s]                  from /home/user/ros2_ws/dynamic_ws/src/w10_force/src/force_controller.cpp:1:
[3.870s] /opt/openrobots/include/pinocchio/context/generic.hpp:25:10: note: declaration of ‘struct pinocchio::DataTpl<double, 0>’
[3.870s]    25 |   struct DataTpl;
[3.870s]       |          ^~~~~~~
[3.870s] /home/user/ros2_ws/dynamic_ws/src/w10_force/src/force_controller.cpp:11:5: note: neither the destructor nor the class-specific ‘operator delete’ will be called, even if they are declared when the class is defined
[3.870s]    11 |     delete data_;
[3.870s]       |     ^~~~~~~~~~~~
[3.870s] /home/user/ros2_ws/dynamic_ws/src/w10_force/src/force_controller.cpp: In member function ‘void w10_force::ForceController::initialize(const string&)’:
[3.870s] /home/user/ros2_ws/dynamic_ws/src/w10_force/src/force_controller.cpp:17:14: error: ‘pinocchio::urdf’ has not been declared
[3.870s]    17 |   pinocchio::urdf::buildModel(urdf_path, model_);
[3.870s]       |              ^~~~
[3.870s] /home/user/ros2_ws/dynamic_ws/src/w10_force/src/force_controller.cpp:18:37: error: invalid use of incomplete type ‘pinocchio::Data’ {aka ‘struct pinocchio::DataTpl<double, 0>’}
[3.871s]    18 |   data_ = new pinocchio::Data(model_);
[3.871s]       |                                     ^
[3.871s] In file included from /opt/openrobots/include/pinocchio/context/default.hpp:10,
[3.871s]                  from /opt/openrobots/include/pinocchio/context.hpp:16,
[3.871s]                  from /opt/openrobots/include/pinocchio/fwd.hpp:149,
[3.871s]                  from /home/user/ros2_ws/dynamic_ws/src/w10_force/include/w10_force/force_controller.hpp:7,
[3.871s]                  from /home/user/ros2_ws/dynamic_ws/src/w10_force/src/force_controller.cpp:1:
[3.871s] /opt/openrobots/include/pinocchio/context/generic.hpp:25:10: note: declaration of ‘pinocchio::Data’ {aka ‘struct pinocchio::DataTpl<double, 0>’}
[3.871s]    25 |   struct DataTpl;
[3.871s]       |          ^~~~~~~
[3.871s] /home/user/ros2_ws/dynamic_ws/src/w10_force/src/force_controller.cpp: In member function ‘Eigen::VectorXd w10_force::ForceController::computeForceTorque(const VectorXd&, const Vector3d&)’:
[3.871s] /home/user/ros2_ws/dynamic_ws/src/w10_force/src/force_controller.cpp:22:28: warning: unused parameter ‘desired_force’ [-Wunused-parameter]
[3.871s]    22 |     const Eigen::VectorXd& desired_force,
[3.872s]       |     ~~~~~~~~~~~~~~~~~~~~~~~^~~~~~~~~~~~~
[3.872s] /home/user/ros2_ws/dynamic_ws/src/w10_force/src/force_controller.cpp: In destructor ‘w10_force::ForceController::~ForceController()’:
[3.872s] /home/user/ros2_ws/dynamic_ws/src/w10_force/src/force_controller.cpp:11:5: warning: possible problem detected in invocation of ‘operator delete’ [-Wdelete-incomplete]
[3.872s]    11 |     delete data_;
[3.872s]       |     ^~~~~~~~~~~~
[3.872s] /home/user/ros2_ws/dynamic_ws/src/w10_force/src/force_controller.cpp:23:28: warning: unused parameter ‘contact_position’ [-Wunused-parameter]
[3.872s]    23 |     const Eigen::Vector3d& contact_position) {
[3.872s]       |     ~~~~~~~~~~~~~~~~~~~~~~~^~~~~~~~~~~~~~~~
[3.872s] /home/user/ros2_ws/dynamic_ws/src/w10_force/src/force_controller.cpp:11:12: warning: invalid use of incomplete type ‘struct pinocchio::DataTpl<double, 0>’
[3.872s]    11 |     delete data_;
[3.872s]       |            ^~~~~
[3.872s] In file included from /opt/openrobots/include/pinocchio/context/default.hpp:10,
[3.872s]                  from /opt/openrobots/include/pinocchio/context.hpp:16,
[3.873s]                  from /opt/openrobots/include/pinocchio/fwd.hpp:149,
[3.873s]                  from /home/user/ros2_ws/dynamic_ws/src/w10_force/include/w10_force/force_controller.hpp:7,
[3.873s]                  from /home/user/ros2_ws/dynamic_ws/src/w10_force/src/force_controller.cpp:1:
[3.873s] /opt/openrobots/include/pinocchio/context/generic.hpp:25:10: note: declaration of ‘struct pinocchio::DataTpl<double, 0>’
[3.873s]    25 |   struct DataTpl;
[3.873s]       |          ^~~~~~~
[3.873s] /home/user/ros2_ws/dynamic_ws/src/w10_force/src/force_controller.cpp:11:5: note: neither the destructor nor the class-specific ‘operator delete’ will be called, even if they are declared when the class is defined
[3.873s]    11 |     delete data_;
[3.873s]       |     ^~~~~~~~~~~~
[3.873s] /home/user/ros2_ws/dynamic_ws/src/w10_force/src/force_controller.cpp: In member function ‘void w10_force::ForceController::initialize(const string&)’:
[3.873s] /home/user/ros2_ws/dynamic_ws/src/w10_force/src/force_controller.cpp:17:14: error: ‘pinocchio::urdf’ has not been declared
[3.873s]    17 |   pinocchio::urdf::buildModel(urdf_path, model_);
[3.874s]       |              ^~~~
[3.874s] /home/user/ros2_ws/dynamic_ws/src/w10_force/src/force_controller.cpp:18:37: error: invalid use of incomplete type ‘pinocchio::Data’ {aka ‘struct pinocchio::DataTpl<double, 0>’}
[3.874s]    18 |   data_ = new pinocchio::Data(model_);
[3.874s]       |                                     ^
[3.874s] In file included from /opt/openrobots/include/pinocchio/context/default.hpp:10,
[3.874s]                  from /opt/openrobots/include/pinocchio/context.hpp:16,
[3.874s]                  from /opt/openrobots/include/pinocchio/fwd.hpp:149,
[3.874s]                  from /home/user/ros2_ws/dynamic_ws/src/w10_force/include/w10_force/force_controller.hpp:7,
[3.874s]                  from /home/user/ros2_ws/dynamic_ws/src/w10_force/src/force_controller.cpp:1:
[3.874s] /opt/openrobots/include/pinocchio/context/generic.hpp:25:10: note: declaration of ‘pinocchio::Data’ {aka ‘struct pinocchio::DataTpl<double, 0>’}
[3.874s]    25 |   struct DataTpl;
[3.874s]       |          ^~~~~~~
[3.874s] /home/user/ros2_ws/dynamic_ws/src/w10_force/src/force_controller.cpp: In member function ‘Eigen::VectorXd w10_force::ForceController::computeForceTorque(const VectorXd&, const Vector3d&)’:
[3.874s] /home/user/ros2_ws/dynamic_ws/src/w10_force/src/force_controller.cpp:22:28: warning: unused parameter ‘desired_force’ [-Wunused-parameter]
[3.874s]    22 |     const Eigen::VectorXd& desired_force,
[3.874s]       |     ~~~~~~~~~~~~~~~~~~~~~~~^~~~~~~~~~~~~
[3.874s] /home/user/ros2_ws/dynamic_ws/src/w10_force/src/force_controller.cpp:23:28: warning: unused parameter ‘contact_position’ [-Wunused-parameter]
[3.874s]    23 |     const Eigen::Vector3d& contact_position) {
[3.874s]       |     ~~~~~~~~~~~~~~~~~~~~~~~^~~~~~~~~~~~~~~~
[4.429s] gmake[2]: *** [CMakeFiles/force_controller.dir/build.make:76: CMakeFiles/force_controller.dir/src/force_controller.cpp.o] Error 1
[4.429s] gmake[1]: *** [CMakeFiles/Makefile2:141: CMakeFiles/force_controller.dir/all] Error 2
[4.429s] gmake[1]: *** Waiting for unfinished jobs....
[4.781s] gmake[2]: *** [CMakeFiles/w10_force.dir/build.make:76: CMakeFiles/w10_force.dir/src/force_controller.cpp.o] Error 1
[4.781s] gmake[1]: *** [CMakeFiles/Makefile2:193: CMakeFiles/w10_force.dir/all] Error 2
[4.781s] gmake: *** [Makefile:146: all] Error 2
[4.782s] Invoked command in '/home/user/ros2_ws/dynamic_ws/build/w10_force' returned '2': CMAKE_PREFIX_PATH=/home/user/ros2_ws/dynamic_ws/install/w10_sim:/home/user/ros2_ws/dynamic_ws/install/w10_force:/opt/openrobots:/home/user/ros2_ws/dynamic_ws/install/w10_moveit_kinematics:/home/user/ros2_ws/dynamic_ws/install/w10_kinematics:/home/user/ros2_ws/dynamic_ws/install/vi_2p:/home/user/ros2_ws/dynamic_ws/install/vi:/opt/ros/humble:/home/user/ros2_ws/w10_ws/install/w10-urdf:/home/user/ros2_ws/w10_ws/install/urdf_visualization:/opt/openrobots /usr/bin/cmake --build /home/user/ros2_ws/dynamic_ws/build/w10_force -- -j32 -l32
