[ 25%] Built target ctsvi_ad_node
[ 50%] Built target etsvi_node
[ 75%] Built target atsvi_ad_node
[100%] Built target rk4_node
-- Install configuration: ""
-- Up-to-date: /home/user/ros2_ws/dynamic_ws/install/vi_2p/lib/vi_2p/pybullet_sim.py
-- Up-to-date: /home/user/ros2_ws/dynamic_ws/install/vi_2p/lib/vi_2p/plot_pendulum.py
-- Up-to-date: /home/user/ros2_ws/dynamic_ws/install/vi_2p/lib/vi_2p/render_pendulum.py
-- Up-to-date: /home/user/ros2_ws/dynamic_ws/install/vi_2p/lib/vi_2p/vi_compare_sim.py
-- Up-to-date: /home/user/ros2_ws/dynamic_ws/install/vi_2p/lib/vi_2p/rk4_vi_compare_sim.py
-- Up-to-date: /home/user/ros2_ws/dynamic_ws/install/vi_2p/lib/vi_2p/etsvi_sweep_heatmap.py
-- Up-to-date: /home/user/ros2_ws/dynamic_ws/install/vi_2p/lib/vi_2p/ctsvi_ad_node
-- Up-to-date: /home/user/ros2_ws/dynamic_ws/install/vi_2p/lib/vi_2p/atsvi_ad_node
-- Up-to-date: /home/user/ros2_ws/dynamic_ws/install/vi_2p/lib/vi_2p/etsvi_node
-- Up-to-date: /home/user/ros2_ws/dynamic_ws/install/vi_2p/lib/vi_2p/rk4_node
-- Up-to-date: /home/user/ros2_ws/dynamic_ws/install/vi_2p/share/ament_index/resource_index/package_run_dependencies/vi_2p
-- Up-to-date: /home/user/ros2_ws/dynamic_ws/install/vi_2p/share/ament_index/resource_index/parent_prefix_path/vi_2p
-- Up-to-date: /home/user/ros2_ws/dynamic_ws/install/vi_2p/share/vi_2p/environment/ament_prefix_path.sh
-- Up-to-date: /home/user/ros2_ws/dynamic_ws/install/vi_2p/share/vi_2p/environment/ament_prefix_path.dsv
-- Up-to-date: /home/user/ros2_ws/dynamic_ws/install/vi_2p/share/vi_2p/environment/path.sh
-- Up-to-date: /home/user/ros2_ws/dynamic_ws/install/vi_2p/share/vi_2p/environment/path.dsv
-- Up-to-date: /home/user/ros2_ws/dynamic_ws/install/vi_2p/share/vi_2p/local_setup.bash
-- Up-to-date: /home/user/ros2_ws/dynamic_ws/install/vi_2p/share/vi_2p/local_setup.sh
-- Up-to-date: /home/user/ros2_ws/dynamic_ws/install/vi_2p/share/vi_2p/local_setup.zsh
-- Up-to-date: /home/user/ros2_ws/dynamic_ws/install/vi_2p/share/vi_2p/local_setup.dsv
-- Installing: /home/user/ros2_ws/dynamic_ws/install/vi_2p/share/vi_2p/package.dsv
-- Up-to-date: /home/user/ros2_ws/dynamic_ws/install/vi_2p/share/ament_index/resource_index/packages/vi_2p
-- Up-to-date: /home/user/ros2_ws/dynamic_ws/install/vi_2p/share/vi_2p/cmake/ament_cmake_export_dependencies-extras.cmake
-- Up-to-date: /home/user/ros2_ws/dynamic_ws/install/vi_2p/share/vi_2p/cmake/vi_2pConfig.cmake
-- Up-to-date: /home/user/ros2_ws/dynamic_ws/install/vi_2p/share/vi_2p/cmake/vi_2pConfig-version.cmake
-- Up-to-date: /home/user/ros2_ws/dynamic_ws/install/vi_2p/share/vi_2p/package.xml
