-- Install configuration: ""
-- Up-to-date: /home/user/ros2_ws/dynamic_ws/install/w10_force/include
-- Up-to-date: /home/user/ros2_ws/dynamic_ws/install/w10_force/include/w10_force
-- Up-to-date: /home/user/ros2_ws/dynamic_ws/install/w10_force/include/w10_force/force_control.hpp
-- Up-to-date: /home/user/ros2_ws/dynamic_ws/install/w10_force/share/w10_force/config
-- Up-to-date: /home/user/ros2_ws/dynamic_ws/install/w10_force/share/w10_force/launch
-- Up-to-date: /home/user/ros2_ws/dynamic_ws/install/w10_force/include
-- Up-to-date: /home/user/ros2_ws/dynamic_ws/install/w10_force/include/w10_force
-- Up-to-date: /home/user/ros2_ws/dynamic_ws/install/w10_force/include/w10_force/force_control.hpp
-- Up-to-date: /home/user/ros2_ws/dynamic_ws/install/w10_force/share/ament_index/resource_index/package_run_dependencies/w10_force
-- Up-to-date: /home/user/ros2_ws/dynamic_ws/install/w10_force/share/ament_index/resource_index/parent_prefix_path/w10_force
-- Up-to-date: /home/user/ros2_ws/dynamic_ws/install/w10_force/share/w10_force/environment/ament_prefix_path.sh
-- Up-to-date: /home/user/ros2_ws/dynamic_ws/install/w10_force/share/w10_force/environment/ament_prefix_path.dsv
-- Up-to-date: /home/user/ros2_ws/dynamic_ws/install/w10_force/share/w10_force/environment/path.sh
-- Up-to-date: /home/user/ros2_ws/dynamic_ws/install/w10_force/share/w10_force/environment/path.dsv
-- Up-to-date: /home/user/ros2_ws/dynamic_ws/install/w10_force/share/w10_force/local_setup.bash
-- Up-to-date: /home/user/ros2_ws/dynamic_ws/install/w10_force/share/w10_force/local_setup.sh
-- Up-to-date: /home/user/ros2_ws/dynamic_ws/install/w10_force/share/w10_force/local_setup.zsh
-- Up-to-date: /home/user/ros2_ws/dynamic_ws/install/w10_force/share/w10_force/local_setup.dsv
-- Up-to-date: /home/user/ros2_ws/dynamic_ws/install/w10_force/share/w10_force/package.dsv
-- Up-to-date: /home/user/ros2_ws/dynamic_ws/install/w10_force/share/ament_index/resource_index/packages/w10_force
-- Up-to-date: /home/user/ros2_ws/dynamic_ws/install/w10_force/share/w10_force/cmake/ament_cmake_export_dependencies-extras.cmake
-- Up-to-date: /home/user/ros2_ws/dynamic_ws/install/w10_force/share/w10_force/cmake/ament_cmake_export_include_directories-extras.cmake
-- Up-to-date: /home/user/ros2_ws/dynamic_ws/install/w10_force/share/w10_force/cmake/w10_forceConfig.cmake
-- Up-to-date: /home/user/ros2_ws/dynamic_ws/install/w10_force/share/w10_force/cmake/w10_forceConfig-version.cmake
-- Up-to-date: /home/user/ros2_ws/dynamic_ws/install/w10_force/share/w10_force/package.xml
