[0.014s] Invoking command in '/home/user/ros2_ws/dynamic_ws/build/w10_force': CMAKE_PREFIX_PATH=/opt/openrobots:/home/user/ros2_ws/dynamic_ws/install/w10_moveit_kinematics:/home/user/ros2_ws/dynamic_ws/install/w10_kinematics:/home/user/ros2_ws/dynamic_ws/install/w10_sim:/home/user/ros2_ws/dynamic_ws/install/vi_2p:/home/user/ros2_ws/dynamic_ws/install/vi:/opt/ros/humble:/home/user/ros2_ws/w10_ws/install/w10-urdf:/home/user/ros2_ws/w10_ws/install/urdf_visualization:/opt/openrobots: /usr/bin/cmake --build /home/user/ros2_ws/dynamic_ws/build/w10_force -- -j32 -l32
[0.040s] Invoked command in '/home/user/ros2_ws/dynamic_ws/build/w10_force' returned '0': CMAKE_PREFIX_PATH=/opt/openrobots:/home/user/ros2_ws/dynamic_ws/install/w10_moveit_kinematics:/home/user/ros2_ws/dynamic_ws/install/w10_kinematics:/home/user/ros2_ws/dynamic_ws/install/w10_sim:/home/user/ros2_ws/dynamic_ws/install/vi_2p:/home/user/ros2_ws/dynamic_ws/install/vi:/opt/ros/humble:/home/user/ros2_ws/w10_ws/install/w10-urdf:/home/user/ros2_ws/w10_ws/install/urdf_visualization:/opt/openrobots: /usr/bin/cmake --build /home/user/ros2_ws/dynamic_ws/build/w10_force -- -j32 -l32
[0.047s] Invoking command in '/home/user/ros2_ws/dynamic_ws/build/w10_force': CMAKE_PREFIX_PATH=/opt/openrobots:/home/user/ros2_ws/dynamic_ws/install/w10_moveit_kinematics:/home/user/ros2_ws/dynamic_ws/install/w10_kinematics:/home/user/ros2_ws/dynamic_ws/install/w10_sim:/home/user/ros2_ws/dynamic_ws/install/vi_2p:/home/user/ros2_ws/dynamic_ws/install/vi:/opt/ros/humble:/home/user/ros2_ws/w10_ws/install/w10-urdf:/home/user/ros2_ws/w10_ws/install/urdf_visualization:/opt/openrobots: /usr/bin/cmake --install /home/user/ros2_ws/dynamic_ws/build/w10_force
[0.052s] -- Install configuration: ""
[0.053s] -- Up-to-date: /home/user/ros2_ws/dynamic_ws/install/w10_force/include
[0.053s] -- Up-to-date: /home/user/ros2_ws/dynamic_ws/install/w10_force/include/w10_force
[0.053s] -- Up-to-date: /home/user/ros2_ws/dynamic_ws/install/w10_force/include/w10_force/force_control.hpp
[0.053s] -- Up-to-date: /home/user/ros2_ws/dynamic_ws/install/w10_force/share/w10_force/config
[0.053s] -- Up-to-date: /home/user/ros2_ws/dynamic_ws/install/w10_force/share/w10_force/launch
[0.053s] -- Up-to-date: /home/user/ros2_ws/dynamic_ws/install/w10_force/include
[0.053s] -- Up-to-date: /home/user/ros2_ws/dynamic_ws/install/w10_force/include/w10_force
[0.053s] -- Up-to-date: /home/user/ros2_ws/dynamic_ws/install/w10_force/include/w10_force/force_control.hpp
[0.053s] -- Up-to-date: /home/user/ros2_ws/dynamic_ws/install/w10_force/share/ament_index/resource_index/package_run_dependencies/w10_force
[0.053s] -- Up-to-date: /home/user/ros2_ws/dynamic_ws/install/w10_force/share/ament_index/resource_index/parent_prefix_path/w10_force
[0.053s] -- Up-to-date: /home/user/ros2_ws/dynamic_ws/install/w10_force/share/w10_force/environment/ament_prefix_path.sh
[0.054s] -- Up-to-date: /home/user/ros2_ws/dynamic_ws/install/w10_force/share/w10_force/environment/ament_prefix_path.dsv
[0.054s] -- Up-to-date: /home/user/ros2_ws/dynamic_ws/install/w10_force/share/w10_force/environment/path.sh
[0.054s] -- Up-to-date: /home/user/ros2_ws/dynamic_ws/install/w10_force/share/w10_force/environment/path.dsv
[0.054s] -- Up-to-date: /home/user/ros2_ws/dynamic_ws/install/w10_force/share/w10_force/local_setup.bash
[0.054s] -- Up-to-date: /home/user/ros2_ws/dynamic_ws/install/w10_force/share/w10_force/local_setup.sh
[0.054s] -- Up-to-date: /home/user/ros2_ws/dynamic_ws/install/w10_force/share/w10_force/local_setup.zsh
[0.054s] -- Up-to-date: /home/user/ros2_ws/dynamic_ws/install/w10_force/share/w10_force/local_setup.dsv
[0.054s] -- Up-to-date: /home/user/ros2_ws/dynamic_ws/install/w10_force/share/w10_force/package.dsv
[0.054s] -- Up-to-date: /home/user/ros2_ws/dynamic_ws/install/w10_force/share/ament_index/resource_index/packages/w10_force
[0.054s] -- Up-to-date: /home/user/ros2_ws/dynamic_ws/install/w10_force/share/w10_force/cmake/ament_cmake_export_dependencies-extras.cmake
[0.054s] -- Up-to-date: /home/user/ros2_ws/dynamic_ws/install/w10_force/share/w10_force/cmake/ament_cmake_export_include_directories-extras.cmake
[0.055s] -- Up-to-date: /home/user/ros2_ws/dynamic_ws/install/w10_force/share/w10_force/cmake/w10_forceConfig.cmake
[0.055s] -- Up-to-date: /home/user/ros2_ws/dynamic_ws/install/w10_force/share/w10_force/cmake/w10_forceConfig-version.cmake
[0.055s] -- Up-to-date: /home/user/ros2_ws/dynamic_ws/install/w10_force/share/w10_force/package.xml
[0.055s] Invoked command in '/home/user/ros2_ws/dynamic_ws/build/w10_force' returned '0': CMAKE_PREFIX_PATH=/opt/openrobots:/home/user/ros2_ws/dynamic_ws/install/w10_moveit_kinematics:/home/user/ros2_ws/dynamic_ws/install/w10_kinematics:/home/user/ros2_ws/dynamic_ws/install/w10_sim:/home/user/ros2_ws/dynamic_ws/install/vi_2p:/home/user/ros2_ws/dynamic_ws/install/vi:/opt/ros/humble:/home/user/ros2_ws/w10_ws/install/w10-urdf:/home/user/ros2_ws/w10_ws/install/urdf_visualization:/opt/openrobots: /usr/bin/cmake --install /home/user/ros2_ws/dynamic_ws/build/w10_force
