[0.006s] Invoking command in '/home/user/ros2_ws/dynamic_ws/build/marvin_sim': CMAKE_PREFIX_PATH=/opt/openrobots:/home/user/ros2_ws/dynamic_ws/install/w10_moveit_kinematics:/home/user/ros2_ws/dynamic_ws/install/w10_kinematics:/home/user/ros2_ws/dynamic_ws/install/w10_sim:/home/user/ros2_ws/dynamic_ws/install/w10_force_sim:/home/user/ros2_ws/dynamic_ws/install/vi_2p:/home/user/ros2_ws/dynamic_ws/install/vi:/home/user/ros2_ws/dynamic_ws/install/show_urdf:/home/user/ros2_ws/dynamic_ws/install/marvin_sim:/opt/ros/humble:/home/user/ros2_ws/w10_ws/install/w10-urdf:/home/user/ros2_ws/w10_ws/install/urdf_visualization:/opt/openrobots: /usr/bin/cmake /home/user/ros2_ws/dynamic_ws/src/marvin_sim -DCMAKE_BUILD_TYPE=Release -DCMAKE_INSTALL_PREFIX=/home/user/ros2_ws/dynamic_ws/install/marvin_sim
[0.011s] -- Found ament_cmake_auto: 1.3.12 (/opt/ros/humble/share/ament_cmake_auto/cmake)
[0.141s] -- Found rosidl_generator_c: 3.1.7 (/opt/ros/humble/share/rosidl_generator_c/cmake)
[0.142s] -- Found rosidl_adapter: 3.1.7 (/opt/ros/humble/share/rosidl_adapter/cmake)
[0.146s] -- Found rosidl_generator_cpp: 3.1.7 (/opt/ros/humble/share/rosidl_generator_cpp/cmake)
[0.150s] -- Using all available rosidl_typesupport_c: rosidl_typesupport_fastrtps_c;rosidl_typesupport_introspection_c
[0.156s] -- Using all available rosidl_typesupport_cpp: rosidl_typesupport_fastrtps_cpp;rosidl_typesupport_introspection_cpp
[0.172s] -- Found rmw_implementation_cmake: 6.1.2 (/opt/ros/humble/share/rmw_implementation_cmake/cmake)
[0.172s] -- Found rmw_fastrtps_cpp: 6.2.9 (/opt/ros/humble/share/rmw_fastrtps_cpp/cmake)
[0.230s] -- Using RMW implementation 'rmw_fastrtps_cpp' as default
[0.268s] -- pinocchio_default FOUND. pinocchio_default at /opt/openrobots/lib/libpinocchio_default.so
[0.268s] -- pinocchio_parsers FOUND. pinocchio_parsers at /opt/openrobots/lib/libpinocchio_parsers.so
[0.268s] -- pinocchio_casadi FOUND. pinocchio_casadi at /opt/openrobots/lib/libpinocchio_casadi.so
[0.268s] -- boost_filesystem FOUND. boost_filesystem at /usr/lib/x86_64-linux-gnu/libboost_filesystem.so
[0.268s] -- boost_serialization FOUND. boost_serialization at /usr/lib/x86_64-linux-gnu/libboost_serialization.so
[0.269s] -- boost_system FOUND. boost_system at /usr/lib/x86_64-linux-gnu/libboost_system.so
[0.273s] CMake Warning at /opt/openrobots/lib/cmake/hpp-fcl/hpp-fclConfig.cmake:3 (message):
[0.273s]   Please update your CMake from 'hpp-fcl' to 'coal'
[0.273s] Call Stack (most recent call first):
[0.273s]   /usr/share/cmake-3.22/Modules/CMakeFindDependencyMacro.cmake:47 (find_package)
[0.274s]   /opt/openrobots/lib/cmake/pinocchio/pinocchioConfig.cmake:161 (find_dependency)
[0.274s]   /opt/ros/humble/share/ament_cmake_auto/cmake/ament_auto_find_build_dependencies.cmake:67 (find_package)
[0.274s]   CMakeLists.txt:12 (ament_auto_find_build_dependencies)
[0.274s] 
[0.274s] 
[0.274s] -- coal FOUND. coal at /opt/openrobots/lib/libcoal.so
[0.424s] -- Default C++ standard: 201703
[0.424s] -- C++ standard sufficient: Minimal required 11, currently defined: 17
[0.424s] -- CMAKE_CXX_STANDARD was not set: automatically set to currently defined standard 17
[0.424s] -- C++ standard sufficient: Minimal required 11, currently defined: 17
[0.435s] -- Found ament_lint_auto: 0.12.14 (/opt/ros/humble/share/ament_lint_auto/cmake)
[0.444s] -- Added test 'cppcheck' to perform static code analysis on C / C++ code
[0.444s] -- Configured cppcheck include dirs: 
[0.444s] -- Configured cppcheck exclude dirs and/or files: 
[0.445s] -- Added test 'flake8' to check Python code syntax and style conventions
[0.446s] -- Added test 'lint_cmake' to check CMake code style
[0.446s] -- Added test 'pep257' to check Python code against some of the docstring style conventions in PEP 257
[0.449s] -- Added test 'uncrustify' to check C / C++ code style
[0.449s] -- Configured uncrustify additional arguments: 
[0.450s] -- Added test 'xmllint' to check XML markup files
[0.451s] -- Configuring done
[0.461s] -- Generating done
[0.464s] -- Build files have been written to: /home/user/ros2_ws/dynamic_ws/build/marvin_sim
[0.468s] Invoked command in '/home/user/ros2_ws/dynamic_ws/build/marvin_sim' returned '0': CMAKE_PREFIX_PATH=/opt/openrobots:/home/user/ros2_ws/dynamic_ws/install/w10_moveit_kinematics:/home/user/ros2_ws/dynamic_ws/install/w10_kinematics:/home/user/ros2_ws/dynamic_ws/install/w10_sim:/home/user/ros2_ws/dynamic_ws/install/w10_force_sim:/home/user/ros2_ws/dynamic_ws/install/vi_2p:/home/user/ros2_ws/dynamic_ws/install/vi:/home/user/ros2_ws/dynamic_ws/install/show_urdf:/home/user/ros2_ws/dynamic_ws/install/marvin_sim:/opt/ros/humble:/home/user/ros2_ws/w10_ws/install/w10-urdf:/home/user/ros2_ws/w10_ws/install/urdf_visualization:/opt/openrobots: /usr/bin/cmake /home/user/ros2_ws/dynamic_ws/src/marvin_sim -DCMAKE_BUILD_TYPE=Release -DCMAKE_INSTALL_PREFIX=/home/user/ros2_ws/dynamic_ws/install/marvin_sim
[0.469s] Invoking command in '/home/user/ros2_ws/dynamic_ws/build/marvin_sim': CMAKE_PREFIX_PATH=/opt/openrobots:/home/user/ros2_ws/dynamic_ws/install/w10_moveit_kinematics:/home/user/ros2_ws/dynamic_ws/install/w10_kinematics:/home/user/ros2_ws/dynamic_ws/install/w10_sim:/home/user/ros2_ws/dynamic_ws/install/w10_force_sim:/home/user/ros2_ws/dynamic_ws/install/vi_2p:/home/user/ros2_ws/dynamic_ws/install/vi:/home/user/ros2_ws/dynamic_ws/install/show_urdf:/home/user/ros2_ws/dynamic_ws/install/marvin_sim:/opt/ros/humble:/home/user/ros2_ws/w10_ws/install/w10-urdf:/home/user/ros2_ws/w10_ws/install/urdf_visualization:/opt/openrobots: /usr/bin/cmake --build /home/user/ros2_ws/dynamic_ws/build/marvin_sim -- -j32 -l32
[0.517s] Consolidate compiler generated dependencies of target atsvi_node
[0.520s] Consolidate compiler generated dependencies of target ctsvi_node
[0.536s] [ 25%] Building CXX object CMakeFiles/atsvi_node.dir/src/atsvi_node.cpp.o
[0.539s] [ 50%] Building CXX object CMakeFiles/ctsvi_node.dir/src/ctsvi_node.cpp.o
[3.794s] /home/user/ros2_ws/dynamic_ws/src/marvin_sim/src/atsvi_node.cpp: In function ‘std::tuple<Eigen::Matrix<double, -1, 1, 0, -1, 1>, double, SolverInfo> solve_q_next_sem_ad(const Model&, pinocchio::Data&, const ModelAD&, DataAD&, const Vec&, const Vec&, double, const Vec&, const Vec&, double, double, int, double, double, double)’:
[3.794s] /home/user/ros2_ws/dynamic_ws/src/marvin_sim/src/atsvi_node.cpp:303:16: warning: unused parameter ‘tau_k’ [-Wunused-parameter]
[3.794s]   303 |     const Vec &tau_k,
[3.794s]       |     ~~~~~~~~~~~^~~~~
[47.676s] [ 75%] Linking CXX executable ctsvi_node
[47.791s] [ 75%] Built target ctsvi_node
[65.886s] [100%] Linking CXX executable atsvi_node
[65.996s] [100%] Built target atsvi_node
[66.004s] Invoked command in '/home/user/ros2_ws/dynamic_ws/build/marvin_sim' returned '0': CMAKE_PREFIX_PATH=/opt/openrobots:/home/user/ros2_ws/dynamic_ws/install/w10_moveit_kinematics:/home/user/ros2_ws/dynamic_ws/install/w10_kinematics:/home/user/ros2_ws/dynamic_ws/install/w10_sim:/home/user/ros2_ws/dynamic_ws/install/w10_force_sim:/home/user/ros2_ws/dynamic_ws/install/vi_2p:/home/user/ros2_ws/dynamic_ws/install/vi:/home/user/ros2_ws/dynamic_ws/install/show_urdf:/home/user/ros2_ws/dynamic_ws/install/marvin_sim:/opt/ros/humble:/home/user/ros2_ws/w10_ws/install/w10-urdf:/home/user/ros2_ws/w10_ws/install/urdf_visualization:/opt/openrobots: /usr/bin/cmake --build /home/user/ros2_ws/dynamic_ws/build/marvin_sim -- -j32 -l32
[66.008s] Invoking command in '/home/user/ros2_ws/dynamic_ws/build/marvin_sim': CMAKE_PREFIX_PATH=/opt/openrobots:/home/user/ros2_ws/dynamic_ws/install/w10_moveit_kinematics:/home/user/ros2_ws/dynamic_ws/install/w10_kinematics:/home/user/ros2_ws/dynamic_ws/install/w10_sim:/home/user/ros2_ws/dynamic_ws/install/w10_force_sim:/home/user/ros2_ws/dynamic_ws/install/vi_2p:/home/user/ros2_ws/dynamic_ws/install/vi:/home/user/ros2_ws/dynamic_ws/install/show_urdf:/home/user/ros2_ws/dynamic_ws/install/marvin_sim:/opt/ros/humble:/home/user/ros2_ws/w10_ws/install/w10-urdf:/home/user/ros2_ws/w10_ws/install/urdf_visualization:/opt/openrobots: /usr/bin/cmake --install /home/user/ros2_ws/dynamic_ws/build/marvin_sim
[66.012s] -- Install configuration: "Release"
[66.012s] -- Up-to-date: /home/user/ros2_ws/dynamic_ws/install/marvin_sim/share/marvin_sim/launch
[66.013s] -- Up-to-date: /home/user/ros2_ws/dynamic_ws/install/marvin_sim/share/marvin_sim/launch/replay_rviz.launch.py
[66.013s] -- Up-to-date: /home/user/ros2_ws/dynamic_ws/install/marvin_sim/share/marvin_sim/launch/sim_rviz.launch.py
[66.013s] -- Up-to-date: /home/user/ros2_ws/dynamic_ws/install/marvin_sim/share/marvin_sim/launch/display.launch.py
[66.013s] -- Up-to-date: /home/user/ros2_ws/dynamic_ws/install/marvin_sim/share/marvin_sim/urdf
[66.013s] -- Up-to-date: /home/user/ros2_ws/dynamic_ws/install/marvin_sim/share/marvin_sim/urdf/7_pendulum.urdf
[66.013s] -- Up-to-date: /home/user/ros2_ws/dynamic_ws/install/marvin_sim/share/marvin_sim/urdf/marvin_body.urdf
[66.013s] -- Up-to-date: /home/user/ros2_ws/dynamic_ws/install/marvin_sim/share/marvin_sim/urdf/marvin.urdf
[66.013s] -- Up-to-date: /home/user/ros2_ws/dynamic_ws/install/marvin_sim/share/marvin_sim/meshes
[66.013s] -- Up-to-date: /home/user/ros2_ws/dynamic_ws/install/marvin_sim/share/marvin_sim/meshes/Link3_L.STL
[66.013s] -- Up-to-date: /home/user/ros2_ws/dynamic_ws/install/marvin_sim/share/marvin_sim/meshes/Link2_L.STL
[66.013s] -- Up-to-date: /home/user/ros2_ws/dynamic_ws/install/marvin_sim/share/marvin_sim/meshes/Link1_L.STL
[66.013s] -- Up-to-date: /home/user/ros2_ws/dynamic_ws/install/marvin_sim/share/marvin_sim/meshes/Link7_L.STL
[66.013s] -- Up-to-date: /home/user/ros2_ws/dynamic_ws/install/marvin_sim/share/marvin_sim/meshes/Link6_L.STL
[66.013s] -- Up-to-date: /home/user/ros2_ws/dynamic_ws/install/marvin_sim/share/marvin_sim/meshes/Base_L.STL
[66.013s] -- Up-to-date: /home/user/ros2_ws/dynamic_ws/install/marvin_sim/share/marvin_sim/meshes/Link5_L.STL
[66.013s] -- Up-to-date: /home/user/ros2_ws/dynamic_ws/install/marvin_sim/share/marvin_sim/meshes/Link4_L.STL
[66.013s] -- Up-to-date: /home/user/ros2_ws/dynamic_ws/install/marvin_sim/share/marvin_sim/config
[66.013s] -- Up-to-date: /home/user/ros2_ws/dynamic_ws/install/marvin_sim/share/marvin_sim/config/plot_config.yaml
[66.013s] -- Up-to-date: /home/user/ros2_ws/dynamic_ws/install/marvin_sim/share/marvin_sim/config/vi_params.yaml
[66.013s] -- Up-to-date: /home/user/ros2_ws/dynamic_ws/install/marvin_sim/lib/marvin_sim/vi_sim.py
[66.013s] -- Up-to-date: /home/user/ros2_ws/dynamic_ws/install/marvin_sim/lib/marvin_sim/analyze_vi_results.py
[66.013s] -- Up-to-date: /home/user/ros2_ws/dynamic_ws/install/marvin_sim/lib/marvin_sim/replay_rviz.py
[66.013s] -- Installing: /home/user/ros2_ws/dynamic_ws/install/marvin_sim/lib/marvin_sim/ctsvi_node
[66.014s] -- Set runtime path of "/home/user/ros2_ws/dynamic_ws/install/marvin_sim/lib/marvin_sim/ctsvi_node" to ""
[66.014s] -- Installing: /home/user/ros2_ws/dynamic_ws/install/marvin_sim/lib/marvin_sim/atsvi_node
[66.037s] -- Set runtime path of "/home/user/ros2_ws/dynamic_ws/install/marvin_sim/lib/marvin_sim/atsvi_node" to ""
[66.037s] -- Up-to-date: /home/user/ros2_ws/dynamic_ws/install/marvin_sim/share/ament_index/resource_index/package_run_dependencies/marvin_sim
[66.037s] -- Up-to-date: /home/user/ros2_ws/dynamic_ws/install/marvin_sim/share/ament_index/resource_index/parent_prefix_path/marvin_sim
[66.037s] -- Up-to-date: /home/user/ros2_ws/dynamic_ws/install/marvin_sim/share/marvin_sim/environment/ament_prefix_path.sh
[66.038s] -- Installing: /home/user/ros2_ws/dynamic_ws/install/marvin_sim/share/marvin_sim/environment/ament_prefix_path.dsv
[66.038s] -- Up-to-date: /home/user/ros2_ws/dynamic_ws/install/marvin_sim/share/marvin_sim/environment/path.sh
[66.038s] -- Installing: /home/user/ros2_ws/dynamic_ws/install/marvin_sim/share/marvin_sim/environment/path.dsv
[66.038s] -- Up-to-date: /home/user/ros2_ws/dynamic_ws/install/marvin_sim/share/marvin_sim/local_setup.bash
[66.038s] -- Up-to-date: /home/user/ros2_ws/dynamic_ws/install/marvin_sim/share/marvin_sim/local_setup.sh
[66.038s] -- Up-to-date: /home/user/ros2_ws/dynamic_ws/install/marvin_sim/share/marvin_sim/local_setup.zsh
[66.038s] -- Installing: /home/user/ros2_ws/dynamic_ws/install/marvin_sim/share/marvin_sim/local_setup.dsv
[66.038s] -- Installing: /home/user/ros2_ws/dynamic_ws/install/marvin_sim/share/marvin_sim/package.dsv
[66.038s] -- Up-to-date: /home/user/ros2_ws/dynamic_ws/install/marvin_sim/share/ament_index/resource_index/packages/marvin_sim
[66.038s] -- Up-to-date: /home/user/ros2_ws/dynamic_ws/install/marvin_sim/share/marvin_sim/cmake/ament_cmake_export_dependencies-extras.cmake
[66.038s] -- Up-to-date: /home/user/ros2_ws/dynamic_ws/install/marvin_sim/share/marvin_sim/cmake/marvin_simConfig.cmake
[66.038s] -- Up-to-date: /home/user/ros2_ws/dynamic_ws/install/marvin_sim/share/marvin_sim/cmake/marvin_simConfig-version.cmake
[66.038s] -- Up-to-date: /home/user/ros2_ws/dynamic_ws/install/marvin_sim/share/marvin_sim/package.xml
[66.039s] Invoked command in '/home/user/ros2_ws/dynamic_ws/build/marvin_sim' returned '0': CMAKE_PREFIX_PATH=/opt/openrobots:/home/user/ros2_ws/dynamic_ws/install/w10_moveit_kinematics:/home/user/ros2_ws/dynamic_ws/install/w10_kinematics:/home/user/ros2_ws/dynamic_ws/install/w10_sim:/home/user/ros2_ws/dynamic_ws/install/w10_force_sim:/home/user/ros2_ws/dynamic_ws/install/vi_2p:/home/user/ros2_ws/dynamic_ws/install/vi:/home/user/ros2_ws/dynamic_ws/install/show_urdf:/home/user/ros2_ws/dynamic_ws/install/marvin_sim:/opt/ros/humble:/home/user/ros2_ws/w10_ws/install/w10-urdf:/home/user/ros2_ws/w10_ws/install/urdf_visualization:/opt/openrobots: /usr/bin/cmake --install /home/user/ros2_ws/dynamic_ws/build/marvin_sim
