[0.009s] Invoking command in '/home/user/ros2_ws/dynamic_ws/src/build/w10_force': CMAKE_PREFIX_PATH=/home/user/ros2_ws/dynamic_ws/install/w10_force:/opt/openrobots:/home/user/ros2_ws/dynamic_ws/install/w10_moveit_kinematics:/home/user/ros2_ws/dynamic_ws/install/w10_kinematics:/home/user/ros2_ws/dynamic_ws/install/w10_sim:/home/user/ros2_ws/dynamic_ws/install/vi_2p:/home/user/ros2_ws/dynamic_ws/install/vi:/opt/ros/humble:/home/user/ros2_ws/w10_ws/install/w10-urdf:/home/user/ros2_ws/w10_ws/install/urdf_visualization:/opt/openrobots: /usr/bin/cmake /home/user/ros2_ws/dynamic_ws/src/w10_force -DCMAKE_INSTALL_PREFIX=/home/user/ros2_ws/dynamic_ws/src/install/w10_force
[0.063s] -- The C compiler identification is GNU 11.4.0
[0.119s] -- The CXX compiler identification is GNU 11.4.0
[0.134s] -- Detecting C compiler ABI info
[0.195s] -- Detecting C compiler ABI info - done
[0.201s] -- Check for working C compiler: /usr/bin/cc - skipped
[0.201s] -- Detecting C compile features
[0.202s] -- Detecting C compile features - done
[0.214s] -- Detecting CXX compiler ABI info
[0.288s] -- Detecting CXX compiler ABI info - done
[0.293s] -- Check for working CXX compiler: /usr/bin/c++ - skipped
[0.293s] -- Detecting CXX compile features
[0.293s] -- Detecting CXX compile features - done
[0.307s] -- Found ament_cmake_auto: 1.3.12 (/opt/ros/humble/share/ament_cmake_auto/cmake)
[0.441s] -- Found Python3: /usr/bin/python3 (found version "3.10.12") found components: Interpreter 
[0.594s] -- pinocchio_default FOUND. pinocchio_default at /opt/openrobots/lib/libpinocchio_default.so
[0.594s] -- pinocchio_parsers FOUND. pinocchio_parsers at /opt/openrobots/lib/libpinocchio_parsers.so
[0.595s] -- pinocchio_casadi FOUND. pinocchio_casadi at /opt/openrobots/lib/libpinocchio_casadi.so
[0.599s] -- boost_filesystem FOUND. boost_filesystem at /usr/lib/x86_64-linux-gnu/libboost_filesystem.so
[0.599s] -- boost_serialization FOUND. boost_serialization at /usr/lib/x86_64-linux-gnu/libboost_serialization.so
[0.599s] -- boost_system FOUND. boost_system at /usr/lib/x86_64-linux-gnu/libboost_system.so
[0.637s] CMake Warning at /opt/openrobots/lib/cmake/hpp-fcl/hpp-fclConfig.cmake:3 (message):
[0.637s]   Please update your CMake from 'hpp-fcl' to 'coal'
[0.637s] Call Stack (most recent call first):
[0.637s]   /usr/share/cmake-3.22/Modules/CMakeFindDependencyMacro.cmake:47 (find_package)
[0.637s]   /opt/openrobots/lib/cmake/pinocchio/pinocchioConfig.cmake:161 (find_dependency)
[0.637s]   /opt/ros/humble/share/ament_cmake_auto/cmake/ament_auto_find_build_dependencies.cmake:67 (find_package)
[0.637s]   CMakeLists.txt:12 (ament_auto_find_build_dependencies)
[0.637s] 
[0.637s] 
[0.638s] -- coal FOUND. coal at /opt/openrobots/lib/libcoal.so
[0.652s] -- Looking for pthread.h
[0.710s] -- Looking for pthread.h - found
[0.710s] -- Performing Test CMAKE_HAVE_LIBC_PTHREAD
[0.767s] -- Performing Test CMAKE_HAVE_LIBC_PTHREAD - Success
[0.768s] -- Found Threads: TRUE  
[0.778s] -- Found Boost: /usr/include (found version "1.74.0") found components: chrono thread date_time serialization filesystem atomic 
[1.033s] -- Default C++ standard: 201703
[1.033s] -- Minimal C++ standard upgraded to 11
[1.033s] -- C++ standard sufficient: Minimal required 11, currently defined: 17
[1.033s] -- CMAKE_CXX_STANDARD was not set: automatically set to currently defined standard 17
[1.033s] -- C++ standard sufficient: Minimal required 11, currently defined: 17
[1.073s] -- Found rosidl_generator_c: 3.1.7 (/opt/ros/humble/share/rosidl_generator_c/cmake)
[1.078s] -- Found rosidl_adapter: 3.1.7 (/opt/ros/humble/share/rosidl_adapter/cmake)
[1.085s] -- Found rosidl_generator_cpp: 3.1.7 (/opt/ros/humble/share/rosidl_generator_cpp/cmake)
[1.096s] -- Using all available rosidl_typesupport_c: rosidl_typesupport_fastrtps_c;rosidl_typesupport_introspection_c
[1.111s] -- Using all available rosidl_typesupport_cpp: rosidl_typesupport_fastrtps_cpp;rosidl_typesupport_introspection_cpp
[1.159s] -- Found rmw_implementation_cmake: 6.1.2 (/opt/ros/humble/share/rmw_implementation_cmake/cmake)
[1.161s] -- Found rmw_fastrtps_cpp: 6.2.9 (/opt/ros/humble/share/rmw_fastrtps_cpp/cmake)
[1.235s] -- Found OpenSSL: /usr/lib/x86_64-linux-gnu/libcrypto.so (found version "3.0.2")  
[1.255s] -- Found FastRTPS: /opt/ros/humble/include  
[1.289s] -- Using RMW implementation 'rmw_fastrtps_cpp' as default
[1.365s] -- Found eigen3_cmake_module: 0.1.1 (/opt/ros/humble/share/eigen3_cmake_module/cmake)
[1.366s] -- Found Eigen3: TRUE (found version "3.4.0") 
[1.366s] -- Ensuring Eigen3 include directory is part of orocos-kdl CMake target
[1.493s] -- Found ament_lint_auto: 0.12.14 (/opt/ros/humble/share/ament_lint_auto/cmake)
[1.513s] In this package, headers install destination is set to `include` by ament_auto_package. It is recommended to install `include/w10_force` instead and will be the default behavior of ament_auto_package from ROS 2 Kilted Kaiju. On distributions before Kilted, ament_auto_package behaves the same way when you use USE_SCOPED_HEADER_INSTALL_DIR option.
[1.549s] -- Added test 'cppcheck' to perform static code analysis on C / C++ code
[1.549s] -- Configured cppcheck include dirs: /home/user/ros2_ws/dynamic_ws/src/w10_force/include;$<BUILD_INTERFACE:/home/user/ros2_ws/dynamic_ws/src/w10_force/include>
[1.549s] -- Configured cppcheck exclude dirs and/or files: 
[1.551s] -- Added test 'lint_cmake' to check CMake code style
[1.558s] -- Added test 'uncrustify' to check C / C++ code style
[1.558s] -- Configured uncrustify additional arguments: 
[1.559s] -- Added test 'xmllint' to check XML markup files
[1.608s] -- Configuring done
[1.636s] -- Generating done
[1.641s] -- Build files have been written to: /home/user/ros2_ws/dynamic_ws/src/build/w10_force
[1.648s] Invoked command in '/home/user/ros2_ws/dynamic_ws/src/build/w10_force' returned '0': CMAKE_PREFIX_PATH=/home/user/ros2_ws/dynamic_ws/install/w10_force:/opt/openrobots:/home/user/ros2_ws/dynamic_ws/install/w10_moveit_kinematics:/home/user/ros2_ws/dynamic_ws/install/w10_kinematics:/home/user/ros2_ws/dynamic_ws/install/w10_sim:/home/user/ros2_ws/dynamic_ws/install/vi_2p:/home/user/ros2_ws/dynamic_ws/install/vi:/opt/ros/humble:/home/user/ros2_ws/w10_ws/install/w10-urdf:/home/user/ros2_ws/w10_ws/install/urdf_visualization:/opt/openrobots: /usr/bin/cmake /home/user/ros2_ws/dynamic_ws/src/w10_force -DCMAKE_INSTALL_PREFIX=/home/user/ros2_ws/dynamic_ws/src/install/w10_force
[1.650s] Invoking command in '/home/user/ros2_ws/dynamic_ws/src/build/w10_force': CMAKE_PREFIX_PATH=/home/user/ros2_ws/dynamic_ws/install/w10_force:/opt/openrobots:/home/user/ros2_ws/dynamic_ws/install/w10_moveit_kinematics:/home/user/ros2_ws/dynamic_ws/install/w10_kinematics:/home/user/ros2_ws/dynamic_ws/install/w10_sim:/home/user/ros2_ws/dynamic_ws/install/vi_2p:/home/user/ros2_ws/dynamic_ws/install/vi:/opt/ros/humble:/home/user/ros2_ws/w10_ws/install/w10-urdf:/home/user/ros2_ws/w10_ws/install/urdf_visualization:/opt/openrobots: /usr/bin/cmake --build /home/user/ros2_ws/dynamic_ws/src/build/w10_force -- -j32 -l32
[1.694s] [ 16%] Building CXX object CMakeFiles/force_controller.dir/src/force_controller.cpp.o
[1.694s] [ 33%] Building CXX object CMakeFiles/w10_force.dir/src/force_controller.cpp.o
[4.173s] In file included from /opt/openrobots/include/hpp/fcl/config.hh:1,
[4.173s]                  from /opt/openrobots/include/pinocchio/serialization/eigen.hpp:20,
[4.173s]                  from /opt/openrobots/include/pinocchio/serialization/fwd.hpp:11,
[4.173s]                  from /opt/openrobots/include/pinocchio/multibody/joint/joint-composite.hpp:14,
[4.173s]                  from /opt/openrobots/include/pinocchio/multibody/joint/joint-generic.hpp:9,
[4.173s]                  from /opt/openrobots/include/pinocchio/multibody/model.hpp:17,
[4.173s]                  from /home/user/ros2_ws/dynamic_ws/src/w10_force/include/w10_force/force_controller.hpp:7,
[4.174s]                  from /home/user/ros2_ws/dynamic_ws/src/w10_force/src/force_controller.cpp:1:
[4.174s] /opt/openrobots/include/hpp/fcl/coal.hpp:10:71: note: ‘#pragma message: Please update your includes from 'hpp/fcl' to 'coal'’
[4.174s]    10 | #pragma message("Please update your includes from 'hpp/fcl' to 'coal'")
[4.174s]       |                                                                       ^
[4.659s] gmake[2]: *** [CMakeFiles/force_controller.dir/build.make:76: CMakeFiles/force_controller.dir/src/force_controller.cpp.o] Interrupt
[4.659s] gmake[2]: *** [CMakeFiles/w10_force.dir/build.make:76: CMakeFiles/w10_force.dir/src/force_controller.cpp.o] Interrupt
[4.659s] gmake[1]: *** [CMakeFiles/Makefile2:141: CMakeFiles/force_controller.dir/all] Interrupt
[4.659s] gmake[1]: *** [CMakeFiles/Makefile2:193: CMakeFiles/w10_force.dir/all] Interrupt
[4.659s] gmake: *** [Makefile:146: all] Interrupt
[4.693s] Invoked command in '/home/user/ros2_ws/dynamic_ws/src/build/w10_force' returned '-2': CMAKE_PREFIX_PATH=/home/user/ros2_ws/dynamic_ws/install/w10_force:/opt/openrobots:/home/user/ros2_ws/dynamic_ws/install/w10_moveit_kinematics:/home/user/ros2_ws/dynamic_ws/install/w10_kinematics:/home/user/ros2_ws/dynamic_ws/install/w10_sim:/home/user/ros2_ws/dynamic_ws/install/vi_2p:/home/user/ros2_ws/dynamic_ws/install/vi:/opt/ros/humble:/home/user/ros2_ws/w10_ws/install/w10-urdf:/home/user/ros2_ws/w10_ws/install/urdf_visualization:/opt/openrobots: /usr/bin/cmake --build /home/user/ros2_ws/dynamic_ws/src/build/w10_force -- -j32 -l32
