[0.011s] Invoking command in '/home/user/ros2_ws/dynamic_ws/build/w10_force_sim': CMAKE_PREFIX_PATH=/opt/openrobots:/home/user/ros2_ws/dynamic_ws/install/w10_moveit_kinematics:/home/user/ros2_ws/dynamic_ws/install/w10_kinematics:/home/user/ros2_ws/dynamic_ws/install/w10_sim:/home/user/ros2_ws/dynamic_ws/install/w10_force_sim:/home/user/ros2_ws/dynamic_ws/install/vi_2p:/home/user/ros2_ws/dynamic_ws/install/vi:/home/user/ros2_ws/dynamic_ws/install/show_urdf:/home/user/ros2_ws/dynamic_ws/install/marvin_sim:/opt/ros/humble:/home/user/ros2_ws/w10_ws/install/w10-urdf:/home/user/ros2_ws/w10_ws/install/urdf_visualization:/opt/openrobots: /usr/bin/cmake /home/user/ros2_ws/dynamic_ws/src/w10_force_sim -DCMAKE_INSTALL_PREFIX=/home/user/ros2_ws/dynamic_ws/install/w10_force_sim
[0.059s] -- The C compiler identification is GNU 11.4.0
[0.108s] -- The CXX compiler identification is GNU 11.4.0
[0.128s] -- Detecting C compiler ABI info
[0.247s] -- Detecting C compiler ABI info - done
[0.250s] -- Check for working C compiler: /usr/bin/cc - skipped
[0.250s] -- Detecting C compile features
[0.251s] -- Detecting C compile features - done
[0.311s] -- Detecting CXX compiler ABI info
[0.369s] -- Detecting CXX compiler ABI info - done
[0.373s] -- Check for working CXX compiler: /usr/bin/c++ - skipped
[0.373s] -- Detecting CXX compile features
[0.373s] -- Detecting CXX compile features - done
[0.385s] -- Found ament_cmake_auto: 1.3.12 (/opt/ros/humble/share/ament_cmake_auto/cmake)
[0.472s] -- Found Python3: /usr/bin/python3 (found version "3.10.12") found components: Interpreter 
[0.590s] -- Found rosidl_generator_c: 3.1.7 (/opt/ros/humble/share/rosidl_generator_c/cmake)
[0.592s] -- Found rosidl_adapter: 3.1.7 (/opt/ros/humble/share/rosidl_adapter/cmake)
[0.596s] -- Found rosidl_generator_cpp: 3.1.7 (/opt/ros/humble/share/rosidl_generator_cpp/cmake)
[0.602s] -- Using all available rosidl_typesupport_c: rosidl_typesupport_fastrtps_c;rosidl_typesupport_introspection_c
[0.609s] -- Using all available rosidl_typesupport_cpp: rosidl_typesupport_fastrtps_cpp;rosidl_typesupport_introspection_cpp
[0.630s] -- Found rmw_implementation_cmake: 6.1.2 (/opt/ros/humble/share/rmw_implementation_cmake/cmake)
[0.631s] -- Found rmw_fastrtps_cpp: 6.2.9 (/opt/ros/humble/share/rmw_fastrtps_cpp/cmake)
[0.678s] -- Found OpenSSL: /usr/lib/x86_64-linux-gnu/libcrypto.so (found version "3.0.2")  
[0.693s] -- Found FastRTPS: /opt/ros/humble/include  
[0.723s] -- Using RMW implementation 'rmw_fastrtps_cpp' as default
[0.742s] -- Looking for pthread.h
[0.786s] -- Looking for pthread.h - found
[0.786s] -- Performing Test CMAKE_HAVE_LIBC_PTHREAD
[0.830s] -- Performing Test CMAKE_HAVE_LIBC_PTHREAD - Success
[0.831s] -- Found Threads: TRUE  
[0.861s] -- pinocchio_default FOUND. pinocchio_default at /opt/openrobots/lib/libpinocchio_default.so
[0.861s] -- pinocchio_parsers FOUND. pinocchio_parsers at /opt/openrobots/lib/libpinocchio_parsers.so
[0.861s] -- pinocchio_casadi FOUND. pinocchio_casadi at /opt/openrobots/lib/libpinocchio_casadi.so
[0.862s] -- boost_filesystem FOUND. boost_filesystem at /usr/lib/x86_64-linux-gnu/libboost_filesystem.so
[0.862s] -- boost_serialization FOUND. boost_serialization at /usr/lib/x86_64-linux-gnu/libboost_serialization.so
[0.862s] -- boost_system FOUND. boost_system at /usr/lib/x86_64-linux-gnu/libboost_system.so
[0.887s] [33mCMake Warning at /opt/openrobots/lib/cmake/hpp-fcl/hpp-fclConfig.cmake:3 (message):
[0.887s]   Please update your CMake from 'hpp-fcl' to 'coal'
[0.887s] Call Stack (most recent call first):
[0.887s]   /usr/share/cmake-3.22/Modules/CMakeFindDependencyMacro.cmake:47 (find_package)
[0.888s]   /opt/openrobots/lib/cmake/pinocchio/pinocchioConfig.cmake:161 (find_dependency)
[0.888s]   /opt/ros/humble/share/ament_cmake_auto/cmake/ament_auto_find_build_dependencies.cmake:67 (find_package)
[0.888s]   CMakeLists.txt:12 (ament_auto_find_build_dependencies)
[0.888s] 
[0.888s] [0m
[0.888s] -- coal FOUND. coal at /opt/openrobots/lib/libcoal.so
[0.897s] -- Found Boost: /usr/include (found version "1.74.0") found components: chrono thread date_time serialization filesystem atomic 
[1.066s] -- Default C++ standard: 201703
[1.066s] -- Minimal C++ standard upgraded to 11
[1.066s] -- C++ standard sufficient: Minimal required 11, currently defined: 17
[1.066s] -- CMAKE_CXX_STANDARD was not set: automatically set to currently defined standard 17
[1.066s] -- C++ standard sufficient: Minimal required 11, currently defined: 17
[1.083s] -- Found eigen3_cmake_module: 0.1.1 (/opt/ros/humble/share/eigen3_cmake_module/cmake)
[1.083s] -- Found Eigen3: TRUE (found version "3.4.0") 
[1.083s] -- Ensuring Eigen3 include directory is part of orocos-kdl CMake target
[1.163s] -- Found ament_lint_auto: 0.12.14 (/opt/ros/humble/share/ament_lint_auto/cmake)
[1.170s] [0mIn this package, headers install destination is set to `include` by ament_auto_package. It is recommended to install `include/w10_force_sim` instead and will be the default behavior of ament_auto_package from ROS 2 Kilted Kaiju. On distributions before Kilted, ament_auto_package behaves the same way when you use USE_SCOPED_HEADER_INSTALL_DIR option.[0m
[1.230s] -- Added test 'cppcheck' to perform static code analysis on C / C++ code
[1.230s] -- Configured cppcheck include dirs: /home/user/ros2_ws/dynamic_ws/src/w10_force_sim/include
[1.230s] -- Configured cppcheck exclude dirs and/or files: 
[1.231s] -- Added test 'flake8' to check Python code syntax and style conventions
[1.232s] -- Added test 'lint_cmake' to check CMake code style
[1.232s] -- Added test 'pep257' to check Python code against some of the docstring style conventions in PEP 257
[1.234s] -- Added test 'uncrustify' to check C / C++ code style
[1.234s] -- Configured uncrustify additional arguments: 
[1.235s] -- Added test 'xmllint' to check XML markup files
[1.330s] -- Configuring done
[1.346s] -- Generating done
[1.350s] -- Build files have been written to: /home/user/ros2_ws/dynamic_ws/build/w10_force_sim
[1.359s] Invoked command in '/home/user/ros2_ws/dynamic_ws/build/w10_force_sim' returned '0': CMAKE_PREFIX_PATH=/opt/openrobots:/home/user/ros2_ws/dynamic_ws/install/w10_moveit_kinematics:/home/user/ros2_ws/dynamic_ws/install/w10_kinematics:/home/user/ros2_ws/dynamic_ws/install/w10_sim:/home/user/ros2_ws/dynamic_ws/install/w10_force_sim:/home/user/ros2_ws/dynamic_ws/install/vi_2p:/home/user/ros2_ws/dynamic_ws/install/vi:/home/user/ros2_ws/dynamic_ws/install/show_urdf:/home/user/ros2_ws/dynamic_ws/install/marvin_sim:/opt/ros/humble:/home/user/ros2_ws/w10_ws/install/w10-urdf:/home/user/ros2_ws/w10_ws/install/urdf_visualization:/opt/openrobots: /usr/bin/cmake /home/user/ros2_ws/dynamic_ws/src/w10_force_sim -DCMAKE_INSTALL_PREFIX=/home/user/ros2_ws/dynamic_ws/install/w10_force_sim
[1.360s] Invoking command in '/home/user/ros2_ws/dynamic_ws/build/w10_force_sim': CMAKE_PREFIX_PATH=/opt/openrobots:/home/user/ros2_ws/dynamic_ws/install/w10_moveit_kinematics:/home/user/ros2_ws/dynamic_ws/install/w10_kinematics:/home/user/ros2_ws/dynamic_ws/install/w10_sim:/home/user/ros2_ws/dynamic_ws/install/w10_force_sim:/home/user/ros2_ws/dynamic_ws/install/vi_2p:/home/user/ros2_ws/dynamic_ws/install/vi:/home/user/ros2_ws/dynamic_ws/install/show_urdf:/home/user/ros2_ws/dynamic_ws/install/marvin_sim:/opt/ros/humble:/home/user/ros2_ws/w10_ws/install/w10-urdf:/home/user/ros2_ws/w10_ws/install/urdf_visualization:/opt/openrobots: /usr/bin/cmake --build /home/user/ros2_ws/dynamic_ws/build/w10_force_sim -- -j32 -l32
[1.395s] [ 25%] [32mBuilding CXX object CMakeFiles/ctsvi_node.dir/src/ctsvi_node.cpp.o[0m
[1.397s] [ 50%] [32mBuilding CXX object CMakeFiles/ctsvi_ad_node.dir/src/ctsvi_ad_node.cpp.o[0m
[94.824s] [ 75%] [32m[1mLinking CXX executable ctsvi_ad_node[0m
[97.446s] [ 75%] Built target ctsvi_ad_node
[108.004s] [100%] [32m[1mLinking CXX executable ctsvi_node[0m
[110.116s] [100%] Built target ctsvi_node
[110.168s] Invoked command in '/home/user/ros2_ws/dynamic_ws/build/w10_force_sim' returned '0': CMAKE_PREFIX_PATH=/opt/openrobots:/home/user/ros2_ws/dynamic_ws/install/w10_moveit_kinematics:/home/user/ros2_ws/dynamic_ws/install/w10_kinematics:/home/user/ros2_ws/dynamic_ws/install/w10_sim:/home/user/ros2_ws/dynamic_ws/install/w10_force_sim:/home/user/ros2_ws/dynamic_ws/install/vi_2p:/home/user/ros2_ws/dynamic_ws/install/vi:/home/user/ros2_ws/dynamic_ws/install/show_urdf:/home/user/ros2_ws/dynamic_ws/install/marvin_sim:/opt/ros/humble:/home/user/ros2_ws/w10_ws/install/w10-urdf:/home/user/ros2_ws/w10_ws/install/urdf_visualization:/opt/openrobots: /usr/bin/cmake --build /home/user/ros2_ws/dynamic_ws/build/w10_force_sim -- -j32 -l32
[110.194s] Invoking command in '/home/user/ros2_ws/dynamic_ws/build/w10_force_sim': CMAKE_PREFIX_PATH=/opt/openrobots:/home/user/ros2_ws/dynamic_ws/install/w10_moveit_kinematics:/home/user/ros2_ws/dynamic_ws/install/w10_kinematics:/home/user/ros2_ws/dynamic_ws/install/w10_sim:/home/user/ros2_ws/dynamic_ws/install/w10_force_sim:/home/user/ros2_ws/dynamic_ws/install/vi_2p:/home/user/ros2_ws/dynamic_ws/install/vi:/home/user/ros2_ws/dynamic_ws/install/show_urdf:/home/user/ros2_ws/dynamic_ws/install/marvin_sim:/opt/ros/humble:/home/user/ros2_ws/w10_ws/install/w10-urdf:/home/user/ros2_ws/w10_ws/install/urdf_visualization:/opt/openrobots: /usr/bin/cmake --install /home/user/ros2_ws/dynamic_ws/build/w10_force_sim
[110.201s] -- Install configuration: ""
[110.202s] -- Installing: /home/user/ros2_ws/dynamic_ws/install/w10_force_sim/share/w10_force_sim/urdf
[110.202s] -- Installing: /home/user/ros2_ws/dynamic_ws/install/w10_force_sim/share/w10_force_sim/urdf/7_pendulum.urdf
[110.202s] -- Installing: /home/user/ros2_ws/dynamic_ws/install/w10_force_sim/share/w10_force_sim/urdf/w10_body.urdf
[110.203s] -- Installing: /home/user/ros2_ws/dynamic_ws/install/w10_force_sim/share/w10_force_sim/urdf/1_pendulum.urdf
[110.203s] -- Installing: /home/user/ros2_ws/dynamic_ws/install/w10_force_sim/share/w10_force_sim/meshes
[110.203s] -- Installing: /home/user/ros2_ws/dynamic_ws/install/w10_force_sim/share/w10_force_sim/meshes/base_link.STL
[110.203s] -- Installing: /home/user/ros2_ws/dynamic_ws/install/w10_force_sim/share/w10_force_sim/meshes/Link1.STL
[110.203s] -- Installing: /home/user/ros2_ws/dynamic_ws/install/w10_force_sim/share/w10_force_sim/meshes/Link6.STL
[110.203s] -- Installing: /home/user/ros2_ws/dynamic_ws/install/w10_force_sim/share/w10_force_sim/meshes/Link7.STL
[110.203s] -- Installing: /home/user/ros2_ws/dynamic_ws/install/w10_force_sim/share/w10_force_sim/meshes/Link3.STL
[110.203s] -- Installing: /home/user/ros2_ws/dynamic_ws/install/w10_force_sim/share/w10_force_sim/meshes/Link4.STL
[110.203s] -- Installing: /home/user/ros2_ws/dynamic_ws/install/w10_force_sim/share/w10_force_sim/meshes/Link5.STL
[110.203s] -- Installing: /home/user/ros2_ws/dynamic_ws/install/w10_force_sim/share/w10_force_sim/meshes/Link2.STL
[110.203s] -- Installing: /home/user/ros2_ws/dynamic_ws/install/w10_force_sim/share/w10_force_sim/launch
[110.203s] -- Installing: /home/user/ros2_ws/dynamic_ws/install/w10_force_sim/share/w10_force_sim/config
[110.203s] -- Installing: /home/user/ros2_ws/dynamic_ws/install/w10_force_sim/share/w10_force_sim/config/vi_params.yaml
[110.204s] -- Installing: /home/user/ros2_ws/dynamic_ws/install/w10_force_sim/share/w10_force_sim/config/plot_config.yaml
[110.204s] -- Installing: /home/user/ros2_ws/dynamic_ws/install/w10_force_sim/share/w10_force_sim/scripts
[110.204s] -- Installing: /home/user/ros2_ws/dynamic_ws/install/w10_force_sim/share/w10_force_sim/scripts/analyze_vi_results.py
[110.204s] -- Installing: /home/user/ros2_ws/dynamic_ws/install/w10_force_sim/share/w10_force_sim/scripts/vi_sim.py
[110.204s] -- Installing: /home/user/ros2_ws/dynamic_ws/install/w10_force_sim/lib/w10_force_sim/vi_sim.py
[110.204s] -- Installing: /home/user/ros2_ws/dynamic_ws/install/w10_force_sim/lib/w10_force_sim/analyze_vi_results.py
[110.204s] -- Installing: /home/user/ros2_ws/dynamic_ws/install/w10_force_sim/include
[110.204s] -- Installing: /home/user/ros2_ws/dynamic_ws/install/w10_force_sim/lib/w10_force_sim/ctsvi_ad_node
[110.205s] -- Set runtime path of "/home/user/ros2_ws/dynamic_ws/install/w10_force_sim/lib/w10_force_sim/ctsvi_ad_node" to ""
[110.205s] -- Installing: /home/user/ros2_ws/dynamic_ws/install/w10_force_sim/lib/w10_force_sim/ctsvi_node
[110.285s] -- Set runtime path of "/home/user/ros2_ws/dynamic_ws/install/w10_force_sim/lib/w10_force_sim/ctsvi_node" to ""
[110.286s] -- Installing: /home/user/ros2_ws/dynamic_ws/install/w10_force_sim/share/ament_index/resource_index/package_run_dependencies/w10_force_sim
[110.286s] -- Installing: /home/user/ros2_ws/dynamic_ws/install/w10_force_sim/share/ament_index/resource_index/parent_prefix_path/w10_force_sim
[110.287s] -- Installing: /home/user/ros2_ws/dynamic_ws/install/w10_force_sim/share/w10_force_sim/environment/ament_prefix_path.sh
[110.287s] -- Installing: /home/user/ros2_ws/dynamic_ws/install/w10_force_sim/share/w10_force_sim/environment/ament_prefix_path.dsv
[110.287s] -- Installing: /home/user/ros2_ws/dynamic_ws/install/w10_force_sim/share/w10_force_sim/environment/path.sh
[110.287s] -- Installing: /home/user/ros2_ws/dynamic_ws/install/w10_force_sim/share/w10_force_sim/environment/path.dsv
[110.287s] -- Installing: /home/user/ros2_ws/dynamic_ws/install/w10_force_sim/share/w10_force_sim/local_setup.bash
[110.287s] -- Installing: /home/user/ros2_ws/dynamic_ws/install/w10_force_sim/share/w10_force_sim/local_setup.sh
[110.287s] -- Installing: /home/user/ros2_ws/dynamic_ws/install/w10_force_sim/share/w10_force_sim/local_setup.zsh
[110.287s] -- Installing: /home/user/ros2_ws/dynamic_ws/install/w10_force_sim/share/w10_force_sim/local_setup.dsv
[110.287s] -- Installing: /home/user/ros2_ws/dynamic_ws/install/w10_force_sim/share/w10_force_sim/package.dsv
[110.287s] -- Installing: /home/user/ros2_ws/dynamic_ws/install/w10_force_sim/share/ament_index/resource_index/packages/w10_force_sim
[110.287s] -- Installing: /home/user/ros2_ws/dynamic_ws/install/w10_force_sim/share/w10_force_sim/cmake/ament_cmake_export_dependencies-extras.cmake
[110.287s] -- Installing: /home/user/ros2_ws/dynamic_ws/install/w10_force_sim/share/w10_force_sim/cmake/ament_cmake_export_include_directories-extras.cmake
[110.287s] -- Installing: /home/user/ros2_ws/dynamic_ws/install/w10_force_sim/share/w10_force_sim/cmake/w10_force_simConfig.cmake
[110.287s] -- Installing: /home/user/ros2_ws/dynamic_ws/install/w10_force_sim/share/w10_force_sim/cmake/w10_force_simConfig-version.cmake
[110.287s] -- Installing: /home/user/ros2_ws/dynamic_ws/install/w10_force_sim/share/w10_force_sim/package.xml
[110.298s] Invoked command in '/home/user/ros2_ws/dynamic_ws/build/w10_force_sim' returned '0': CMAKE_PREFIX_PATH=/opt/openrobots:/home/user/ros2_ws/dynamic_ws/install/w10_moveit_kinematics:/home/user/ros2_ws/dynamic_ws/install/w10_kinematics:/home/user/ros2_ws/dynamic_ws/install/w10_sim:/home/user/ros2_ws/dynamic_ws/install/w10_force_sim:/home/user/ros2_ws/dynamic_ws/install/vi_2p:/home/user/ros2_ws/dynamic_ws/install/vi:/home/user/ros2_ws/dynamic_ws/install/show_urdf:/home/user/ros2_ws/dynamic_ws/install/marvin_sim:/opt/ros/humble:/home/user/ros2_ws/w10_ws/install/w10-urdf:/home/user/ros2_ws/w10_ws/install/urdf_visualization:/opt/openrobots: /usr/bin/cmake --install /home/user/ros2_ws/dynamic_ws/build/w10_force_sim
