[0.018s] Invoking command in '/home/user/ros2_ws/dynamic_ws/build/w10_kinematics': CMAKE_PREFIX_PATH=/home/user/ros2_ws/dynamic_ws/install/w10_sim:/opt/openrobots:/home/user/ros2_ws/dynamic_ws/install/w10_moveit_kinematics:/home/user/ros2_ws/dynamic_ws/install/w10_kinematics:/home/user/ros2_ws/dynamic_ws/install/vi_2p:/home/user/ros2_ws/dynamic_ws/install/vi:/opt/ros/humble:/home/user/ros2_ws/w10_ws/install/w10-urdf:/home/user/ros2_ws/w10_ws/install/urdf_visualization:/opt/openrobots /usr/bin/cmake /home/user/ros2_ws/dynamic_ws/src/w10_kinematics -DCMAKE_INSTALL_PREFIX=/home/user/ros2_ws/dynamic_ws/install/w10_kinematics
[0.158s] -- The C compiler identification is GNU 11.4.0
[0.261s] -- The CXX compiler identification is GNU 11.4.0
[0.298s] -- Detecting C compiler ABI info
[0.386s] -- Detecting C compiler ABI info - done
[0.392s] -- Check for working C compiler: /usr/bin/cc - skipped
[0.392s] -- Detecting C compile features
[0.396s] -- Detecting C compile features - done
[0.428s] -- Detecting CXX compiler ABI info
[0.517s] -- Detecting CXX compiler ABI info - done
[0.522s] -- Check for working CXX compiler: /usr/bin/c++ - skipped
[0.523s] -- Detecting CXX compile features
[0.523s] -- Detecting CXX compile features - done
[0.583s] -- Found ament_cmake_auto: 1.3.12 (/opt/ros/humble/share/ament_cmake_auto/cmake)
[0.773s] -- Found Python3: /usr/bin/python3 (found version "3.10.12") found components: Interpreter 
[0.935s] -- pinocchio_default FOUND. pinocchio_default at /opt/openrobots/lib/libpinocchio_default.so
[0.935s] -- pinocchio_parsers FOUND. pinocchio_parsers at /opt/openrobots/lib/libpinocchio_parsers.so
[0.935s] -- pinocchio_casadi FOUND. pinocchio_casadi at /opt/openrobots/lib/libpinocchio_casadi.so
[0.941s] -- boost_filesystem FOUND. boost_filesystem at /usr/lib/x86_64-linux-gnu/libboost_filesystem.so
[0.941s] -- boost_serialization FOUND. boost_serialization at /usr/lib/x86_64-linux-gnu/libboost_serialization.so
[0.941s] -- boost_system FOUND. boost_system at /usr/lib/x86_64-linux-gnu/libboost_system.so
[0.998s] [33mCMake Warning at /opt/openrobots/lib/cmake/hpp-fcl/hpp-fclConfig.cmake:3 (message):
[0.998s]   Please update your CMake from 'hpp-fcl' to 'coal'
[0.998s] Call Stack (most recent call first):
[0.998s]   /usr/share/cmake-3.22/Modules/CMakeFindDependencyMacro.cmake:47 (find_package)
[0.998s]   /opt/openrobots/lib/cmake/pinocchio/pinocchioConfig.cmake:161 (find_dependency)
[0.999s]   /opt/ros/humble/share/ament_cmake_auto/cmake/ament_auto_find_build_dependencies.cmake:67 (find_package)
[0.999s]   CMakeLists.txt:12 (ament_auto_find_build_dependencies)
[0.999s] 
[0.999s] [0m
[0.999s] -- coal FOUND. coal at /opt/openrobots/lib/libcoal.so
[1.018s] -- Looking for pthread.h
[1.073s] -- Looking for pthread.h - found
[1.073s] -- Performing Test CMAKE_HAVE_LIBC_PTHREAD
[1.128s] -- Performing Test CMAKE_HAVE_LIBC_PTHREAD - Success
[1.129s] -- Found Threads: TRUE  
[1.141s] -- Found Boost: /usr/include (found version "1.74.0") found components: chrono thread date_time serialization filesystem atomic 
[1.342s] -- Default C++ standard: 201703
[1.342s] -- Minimal C++ standard upgraded to 11
[1.342s] -- C++ standard sufficient: Minimal required 11, currently defined: 17
[1.342s] -- CMAKE_CXX_STANDARD was not set: automatically set to currently defined standard 17
[1.343s] -- C++ standard sufficient: Minimal required 11, currently defined: 17
[1.422s] -- Found rosidl_generator_c: 3.1.7 (/opt/ros/humble/share/rosidl_generator_c/cmake)
[1.430s] -- Found rosidl_adapter: 3.1.7 (/opt/ros/humble/share/rosidl_adapter/cmake)
[1.438s] -- Found rosidl_generator_cpp: 3.1.7 (/opt/ros/humble/share/rosidl_generator_cpp/cmake)
[1.465s] -- Using all available rosidl_typesupport_c: rosidl_typesupport_fastrtps_c;rosidl_typesupport_introspection_c
[1.486s] -- Using all available rosidl_typesupport_cpp: rosidl_typesupport_fastrtps_cpp;rosidl_typesupport_introspection_cpp
[1.546s] -- Found rmw_implementation_cmake: 6.1.2 (/opt/ros/humble/share/rmw_implementation_cmake/cmake)
[1.548s] -- Found rmw_fastrtps_cpp: 6.2.9 (/opt/ros/humble/share/rmw_fastrtps_cpp/cmake)
[1.633s] -- Found OpenSSL: /usr/lib/x86_64-linux-gnu/libcrypto.so (found version "3.0.2")  
[1.653s] -- Found FastRTPS: /opt/ros/humble/include  
[1.683s] -- Using RMW implementation 'rmw_fastrtps_cpp' as default
[1.757s] -- Found eigen3_cmake_module: 0.1.1 (/opt/ros/humble/share/eigen3_cmake_module/cmake)
[1.758s] -- Found Eigen3: TRUE (found version "3.4.0") 
[1.758s] -- Ensuring Eigen3 include directory is part of orocos-kdl CMake target
[1.991s] -- Configuring done
[2.031s] -- Generating done
[2.037s] -- Build files have been written to: /home/user/ros2_ws/dynamic_ws/build/w10_kinematics
[2.044s] Invoked command in '/home/user/ros2_ws/dynamic_ws/build/w10_kinematics' returned '0': CMAKE_PREFIX_PATH=/home/user/ros2_ws/dynamic_ws/install/w10_sim:/opt/openrobots:/home/user/ros2_ws/dynamic_ws/install/w10_moveit_kinematics:/home/user/ros2_ws/dynamic_ws/install/w10_kinematics:/home/user/ros2_ws/dynamic_ws/install/vi_2p:/home/user/ros2_ws/dynamic_ws/install/vi:/opt/ros/humble:/home/user/ros2_ws/w10_ws/install/w10-urdf:/home/user/ros2_ws/w10_ws/install/urdf_visualization:/opt/openrobots /usr/bin/cmake /home/user/ros2_ws/dynamic_ws/src/w10_kinematics -DCMAKE_INSTALL_PREFIX=/home/user/ros2_ws/dynamic_ws/install/w10_kinematics
[2.046s] Invoking command in '/home/user/ros2_ws/dynamic_ws/build/w10_kinematics': CMAKE_PREFIX_PATH=/home/user/ros2_ws/dynamic_ws/install/w10_sim:/opt/openrobots:/home/user/ros2_ws/dynamic_ws/install/w10_moveit_kinematics:/home/user/ros2_ws/dynamic_ws/install/w10_kinematics:/home/user/ros2_ws/dynamic_ws/install/vi_2p:/home/user/ros2_ws/dynamic_ws/install/vi:/opt/ros/humble:/home/user/ros2_ws/w10_ws/install/w10-urdf:/home/user/ros2_ws/w10_ws/install/urdf_visualization:/opt/openrobots /usr/bin/cmake --build /home/user/ros2_ws/dynamic_ws/build/w10_kinematics -- -j32 -l32
[2.084s] [  5%] [32mBuilding CXX object CMakeFiles/arm_angle_ik.dir/src/arm_angle_ik.cpp.o[0m
[4.188s] In file included from [01m[K/opt/openrobots/include/hpp/fcl/config.hh:1[m[K,
[4.188s]                  from [01m[K/opt/openrobots/include/pinocchio/serialization/eigen.hpp:20[m[K,
[4.188s]                  from [01m[K/opt/openrobots/include/pinocchio/serialization/fwd.hpp:11[m[K,
[4.188s]                  from [01m[K/opt/openrobots/include/pinocchio/multibody/joint/joint-composite.hpp:14[m[K,
[4.188s]                  from [01m[K/opt/openrobots/include/pinocchio/multibody/joint/joint-generic.hpp:9[m[K,
[4.188s]                  from [01m[K/opt/openrobots/include/pinocchio/multibody/model.hpp:17[m[K,
[4.189s]                  from [01m[K/opt/openrobots/include/pinocchio/algorithm/kinematics.hpp:8[m[K,
[4.189s]                  from [01m[K/home/user/ros2_ws/dynamic_ws/src/w10_kinematics/include/w10_kinematics/arm_angle_ik.hpp:6[m[K,
[4.189s]                  from [01m[K/home/user/ros2_ws/dynamic_ws/src/w10_kinematics/src/arm_angle_ik.cpp:1[m[K:
[4.189s] [01m[K/opt/openrobots/include/hpp/fcl/coal.hpp:10:71:[m[K [01;36m[Knote: [m[K‘[01m[K#pragma message: Please update your includes from 'hpp/fcl' to 'coal'[m[K’
[4.189s]    10 | #pragma message("Please update your includes from 'hpp/fcl' to 'coal'"[01;36m[K)[m[K
[4.189s]       |                                                                       [01;36m[K^[m[K
[18.067s] [ 11%] [32m[1mLinking CXX static library libarm_angle_ik.a[0m
[18.293s] [ 11%] Built target arm_angle_ik
[18.308s] [ 16%] [32mBuilding CXX object CMakeFiles/ik_test.dir/src/ik_test.cpp.o[0m
[20.277s] In file included from [01m[K/opt/openrobots/include/hpp/fcl/config.hh:1[m[K,
[20.277s]                  from [01m[K/opt/openrobots/include/pinocchio/serialization/eigen.hpp:20[m[K,
[20.277s]                  from [01m[K/opt/openrobots/include/pinocchio/serialization/fwd.hpp:11[m[K,
[20.277s]                  from [01m[K/opt/openrobots/include/pinocchio/multibody/joint/joint-composite.hpp:14[m[K,
[20.277s]                  from [01m[K/opt/openrobots/include/pinocchio/multibody/joint/joint-generic.hpp:9[m[K,
[20.277s]                  from [01m[K/opt/openrobots/include/pinocchio/multibody/model.hpp:17[m[K,
[20.278s]                  from [01m[K/opt/openrobots/include/pinocchio/algorithm/kinematics.hpp:8[m[K,
[20.278s]                  from [01m[K/home/user/ros2_ws/dynamic_ws/src/w10_kinematics/include/w10_kinematics/arm_angle_ik.hpp:6[m[K,
[20.278s]                  from [01m[K/home/user/ros2_ws/dynamic_ws/src/w10_kinematics/src/ik_test.cpp:1[m[K:
[20.278s] [01m[K/opt/openrobots/include/hpp/fcl/coal.hpp:10:71:[m[K [01;36m[Knote: [m[K‘[01m[K#pragma message: Please update your includes from 'hpp/fcl' to 'coal'[m[K’
[20.278s]    10 | #pragma message("Please update your includes from 'hpp/fcl' to 'coal'"[01;36m[K)[m[K
[20.278s]       |                                                                       [01;36m[K^[m[K
[23.175s] [ 22%] [32m[1mLinking CXX executable ik_test[0m
[23.721s] [ 22%] Built target ik_test
[23.737s] [ 27%] [32mBuilding CXX object CMakeFiles/ik_visualize.dir/src/ik_visualize.cpp.o[0m
[26.023s] In file included from [01m[K/opt/openrobots/include/hpp/fcl/config.hh:1[m[K,
[26.024s]                  from [01m[K/opt/openrobots/include/pinocchio/serialization/eigen.hpp:20[m[K,
[26.024s]                  from [01m[K/opt/openrobots/include/pinocchio/serialization/fwd.hpp:11[m[K,
[26.024s]                  from [01m[K/opt/openrobots/include/pinocchio/multibody/joint/joint-composite.hpp:14[m[K,
[26.024s]                  from [01m[K/opt/openrobots/include/pinocchio/multibody/joint/joint-generic.hpp:9[m[K,
[26.024s]                  from [01m[K/opt/openrobots/include/pinocchio/multibody/model.hpp:17[m[K,
[26.024s]                  from [01m[K/opt/openrobots/include/pinocchio/algorithm/kinematics.hpp:8[m[K,
[26.024s]                  from [01m[K/home/user/ros2_ws/dynamic_ws/src/w10_kinematics/include/w10_kinematics/arm_angle_ik.hpp:6[m[K,
[26.024s]                  from [01m[K/home/user/ros2_ws/dynamic_ws/src/w10_kinematics/src/ik_visualize.cpp:1[m[K:
[26.024s] [01m[K/opt/openrobots/include/hpp/fcl/coal.hpp:10:71:[m[K [01;36m[Knote: [m[K‘[01m[K#pragma message: Please update your includes from 'hpp/fcl' to 'coal'[m[K’
[26.024s]    10 | #pragma message("Please update your includes from 'hpp/fcl' to 'coal'"[01;36m[K)[m[K
[26.024s]       |                                                                       [01;36m[K^[m[K
[31.415s] [ 33%] [32m[1mLinking CXX executable ik_visualize[0m
[32.135s] [ 33%] Built target ik_visualize
[32.150s] [ 38%] [32mBuilding CXX object CMakeFiles/test_all_q.dir/src/test_all_q.cpp.o[0m
[34.125s] In file included from [01m[K/opt/openrobots/include/hpp/fcl/config.hh:1[m[K,
[34.125s]                  from [01m[K/opt/openrobots/include/pinocchio/serialization/eigen.hpp:20[m[K,
[34.125s]                  from [01m[K/opt/openrobots/include/pinocchio/serialization/fwd.hpp:11[m[K,
[34.125s]                  from [01m[K/opt/openrobots/include/pinocchio/multibody/joint/joint-composite.hpp:14[m[K,
[34.125s]                  from [01m[K/opt/openrobots/include/pinocchio/multibody/joint/joint-generic.hpp:9[m[K,
[34.125s]                  from [01m[K/opt/openrobots/include/pinocchio/multibody/model.hpp:17[m[K,
[34.125s]                  from [01m[K/opt/openrobots/include/pinocchio/algorithm/kinematics.hpp:8[m[K,
[34.125s]                  from [01m[K/home/user/ros2_ws/dynamic_ws/src/w10_kinematics/include/w10_kinematics/arm_angle_ik.hpp:6[m[K,
[34.125s]                  from [01m[K/home/user/ros2_ws/dynamic_ws/src/w10_kinematics/src/test_all_q.cpp:1[m[K:
[34.125s] [01m[K/opt/openrobots/include/hpp/fcl/coal.hpp:10:71:[m[K [01;36m[Knote: [m[K‘[01m[K#pragma message: Please update your includes from 'hpp/fcl' to 'coal'[m[K’
[34.125s]    10 | #pragma message("Please update your includes from 'hpp/fcl' to 'coal'"[01;36m[K)[m[K
[34.125s]       |                                                                       [01;36m[K^[m[K
[36.936s] [ 44%] [32m[1mLinking CXX executable test_all_q[0m
[37.461s] [ 44%] Built target test_all_q
[37.478s] [ 50%] [32mBuilding CXX object CMakeFiles/test_q_indices.dir/src/test_q_indices.cpp.o[0m
[39.449s] In file included from [01m[K/opt/openrobots/include/hpp/fcl/config.hh:1[m[K,
[39.450s]                  from [01m[K/opt/openrobots/include/pinocchio/serialization/eigen.hpp:20[m[K,
[39.450s]                  from [01m[K/opt/openrobots/include/pinocchio/serialization/fwd.hpp:11[m[K,
[39.450s]                  from [01m[K/opt/openrobots/include/pinocchio/multibody/joint/joint-composite.hpp:14[m[K,
[39.450s]                  from [01m[K/opt/openrobots/include/pinocchio/multibody/joint/joint-generic.hpp:9[m[K,
[39.450s]                  from [01m[K/opt/openrobots/include/pinocchio/multibody/model.hpp:17[m[K,
[39.450s]                  from [01m[K/opt/openrobots/include/pinocchio/algorithm/kinematics.hpp:8[m[K,
[39.450s]                  from [01m[K/home/user/ros2_ws/dynamic_ws/src/w10_kinematics/include/w10_kinematics/arm_angle_ik.hpp:6[m[K,
[39.450s]                  from [01m[K/home/user/ros2_ws/dynamic_ws/src/w10_kinematics/src/test_q_indices.cpp:1[m[K:
[39.450s] [01m[K/opt/openrobots/include/hpp/fcl/coal.hpp:10:71:[m[K [01;36m[Knote: [m[K‘[01m[K#pragma message: Please update your includes from 'hpp/fcl' to 'coal'[m[K’
[39.450s]    10 | #pragma message("Please update your includes from 'hpp/fcl' to 'coal'"[01;36m[K)[m[K
[39.450s]       |                                                                       [01;36m[K^[m[K
[42.327s] [ 55%] [32m[1mLinking CXX executable test_q_indices[0m
[42.906s] [ 55%] Built target test_q_indices
[42.921s] [ 66%] [32mBuilding CXX object CMakeFiles/debug_q_mapping.dir/src/debug_q_mapping.cpp.o[0m
[42.921s] [ 66%] [32mBuilding CXX object CMakeFiles/find_arm_angle.dir/src/find_arm_angle.cpp.o[0m
[42.921s] [ 77%] [32mBuilding CXX object CMakeFiles/debug_joints.dir/src/debug_joints.cpp.o[0m
[42.921s] [ 77%] [32mBuilding CXX object CMakeFiles/debug_positions.dir/src/debug_positions.cpp.o[0m
[44.973s] In file included from [01m[K/opt/openrobots/include/hpp/fcl/config.hh:1[m[K,
[44.974s]                  from [01m[K/opt/openrobots/include/pinocchio/serialization/eigen.hpp:20[m[K,
[44.974s]                  from [01m[K/opt/openrobots/include/pinocchio/serialization/fwd.hpp:11[m[K,
[44.974s]                  from [01m[K/opt/openrobots/include/pinocchio/multibody/joint/joint-composite.hpp:14[m[K,
[44.974s]                  from [01m[K/opt/openrobots/include/pinocchio/multibody/joint/joint-generic.hpp:9[m[K,
[44.974s]                  from [01m[K/opt/openrobots/include/pinocchio/multibody/model.hpp:17[m[K,
[44.974s]                  from [01m[K/opt/openrobots/include/pinocchio/algorithm/kinematics.hpp:8[m[K,
[44.974s]                  from [01m[K/home/user/ros2_ws/dynamic_ws/src/w10_kinematics/include/w10_kinematics/arm_angle_ik.hpp:6[m[K,
[44.974s]                  from [01m[K/home/user/ros2_ws/dynamic_ws/src/w10_kinematics/src/find_arm_angle.cpp:1[m[K:
[44.974s] [01m[K/opt/openrobots/include/hpp/fcl/coal.hpp:10:71:[m[K [01;36m[Knote: [m[K‘[01m[K#pragma message: Please update your includes from 'hpp/fcl' to 'coal'[m[K’
[44.974s]    10 | #pragma message("Please update your includes from 'hpp/fcl' to 'coal'"[01;36m[K)[m[K
[44.974s]       |                                                                       [01;36m[K^[m[K
[44.975s] In file included from [01m[K/opt/openrobots/include/hpp/fcl/config.hh:1[m[K,
[44.975s]                  from [01m[K/opt/openrobots/include/pinocchio/serialization/eigen.hpp:20[m[K,
[44.975s]                  from [01m[K/opt/openrobots/include/pinocchio/serialization/fwd.hpp:11[m[K,
[44.975s]                  from [01m[K/opt/openrobots/include/pinocchio/multibody/joint/joint-composite.hpp:14[m[K,
[44.975s]                  from [01m[K/opt/openrobots/include/pinocchio/multibody/joint/joint-generic.hpp:9[m[K,
[44.975s]                  from [01m[K/opt/openrobots/include/pinocchio/multibody/model.hpp:17[m[K,
[44.975s]                  from [01m[K/opt/openrobots/include/pinocchio/algorithm/kinematics.hpp:8[m[K,
[44.975s]                  from [01m[K/home/user/ros2_ws/dynamic_ws/src/w10_kinematics/include/w10_kinematics/arm_angle_ik.hpp:6[m[K,
[44.975s]                  from [01m[K/home/user/ros2_ws/dynamic_ws/src/w10_kinematics/src/debug_joints.cpp:1[m[K:
[44.975s] [01m[K/opt/openrobots/include/hpp/fcl/coal.hpp:10:71:[m[K [01;36m[Knote: [m[K‘[01m[K#pragma message: Please update your includes from 'hpp/fcl' to 'coal'[m[K’
[44.975s]    10 | #pragma message("Please update your includes from 'hpp/fcl' to 'coal'"[01;36m[K)[m[K
[44.975s]       |                                                                       [01;36m[K^[m[K
[44.976s] In file included from [01m[K/opt/openrobots/include/hpp/fcl/config.hh:1[m[K,
[44.976s]                  from [01m[K/opt/openrobots/include/pinocchio/serialization/eigen.hpp:20[m[K,
[44.976s]                  from [01m[K/opt/openrobots/include/pinocchio/serialization/fwd.hpp:11[m[K,
[44.976s]                  from [01m[K/opt/openrobots/include/pinocchio/multibody/joint/joint-composite.hpp:14[m[K,
[44.976s]                  from [01m[K/opt/openrobots/include/pinocchio/multibody/joint/joint-generic.hpp:9[m[K,
[44.976s]                  from [01m[K/opt/openrobots/include/pinocchio/multibody/model.hpp:17[m[K,
[44.976s]                  from [01m[K/opt/openrobots/include/pinocchio/algorithm/kinematics.hpp:8[m[K,
[44.976s]                  from [01m[K/home/user/ros2_ws/dynamic_ws/src/w10_kinematics/include/w10_kinematics/arm_angle_ik.hpp:6[m[K,
[44.976s]                  from [01m[K/home/user/ros2_ws/dynamic_ws/src/w10_kinematics/src/debug_positions.cpp:1[m[K:
[44.976s] [01m[K/opt/openrobots/include/hpp/fcl/coal.hpp:10:71:[m[K [01;36m[Knote: [m[K‘[01m[K#pragma message: Please update your includes from 'hpp/fcl' to 'coal'[m[K’
[44.976s]    10 | #pragma message("Please update your includes from 'hpp/fcl' to 'coal'"[01;36m[K)[m[K
[44.976s]       |                                                                       [01;36m[K^[m[K
[44.977s] In file included from [01m[K/opt/openrobots/include/hpp/fcl/config.hh:1[m[K,
[44.977s]                  from [01m[K/opt/openrobots/include/pinocchio/serialization/eigen.hpp:20[m[K,
[44.977s]                  from [01m[K/opt/openrobots/include/pinocchio/serialization/fwd.hpp:11[m[K,
[44.977s]                  from [01m[K/opt/openrobots/include/pinocchio/multibody/joint/joint-composite.hpp:14[m[K,
[44.977s]                  from [01m[K/opt/openrobots/include/pinocchio/multibody/joint/joint-generic.hpp:9[m[K,
[44.977s]                  from [01m[K/opt/openrobots/include/pinocchio/multibody/model.hpp:17[m[K,
[44.977s]                  from [01m[K/opt/openrobots/include/pinocchio/algorithm/kinematics.hpp:8[m[K,
[44.977s]                  from [01m[K/home/user/ros2_ws/dynamic_ws/src/w10_kinematics/include/w10_kinematics/arm_angle_ik.hpp:6[m[K,
[44.978s]                  from [01m[K/home/user/ros2_ws/dynamic_ws/src/w10_kinematics/src/debug_q_mapping.cpp:1[m[K:
[44.978s] [01m[K/opt/openrobots/include/hpp/fcl/coal.hpp:10:71:[m[K [01;36m[Knote: [m[K‘[01m[K#pragma message: Please update your includes from 'hpp/fcl' to 'coal'[m[K’
[44.978s]    10 | #pragma message("Please update your includes from 'hpp/fcl' to 'coal'"[01;36m[K)[m[K
[44.978s]       |                                                                       [01;36m[K^[m[K
[47.867s] [ 83%] [32m[1mLinking CXX executable debug_joints[0m
[47.895s] [ 88%] [32m[1mLinking CXX executable find_arm_angle[0m
[47.940s] [ 94%] [32m[1mLinking CXX executable debug_positions[0m
[48.007s] [100%] [32m[1mLinking CXX executable debug_q_mapping[0m
[48.496s] [100%] Built target debug_joints
[48.527s] [100%] Built target find_arm_angle
[48.540s] [100%] Built target debug_positions
[48.604s] [100%] Built target debug_q_mapping
[48.612s] Invoked command in '/home/user/ros2_ws/dynamic_ws/build/w10_kinematics' returned '0': CMAKE_PREFIX_PATH=/home/user/ros2_ws/dynamic_ws/install/w10_sim:/opt/openrobots:/home/user/ros2_ws/dynamic_ws/install/w10_moveit_kinematics:/home/user/ros2_ws/dynamic_ws/install/w10_kinematics:/home/user/ros2_ws/dynamic_ws/install/vi_2p:/home/user/ros2_ws/dynamic_ws/install/vi:/opt/ros/humble:/home/user/ros2_ws/w10_ws/install/w10-urdf:/home/user/ros2_ws/w10_ws/install/urdf_visualization:/opt/openrobots /usr/bin/cmake --build /home/user/ros2_ws/dynamic_ws/build/w10_kinematics -- -j32 -l32
[48.614s] Invoking command in '/home/user/ros2_ws/dynamic_ws/build/w10_kinematics': CMAKE_PREFIX_PATH=/home/user/ros2_ws/dynamic_ws/install/w10_sim:/opt/openrobots:/home/user/ros2_ws/dynamic_ws/install/w10_moveit_kinematics:/home/user/ros2_ws/dynamic_ws/install/w10_kinematics:/home/user/ros2_ws/dynamic_ws/install/vi_2p:/home/user/ros2_ws/dynamic_ws/install/vi:/opt/ros/humble:/home/user/ros2_ws/w10_ws/install/w10-urdf:/home/user/ros2_ws/w10_ws/install/urdf_visualization:/opt/openrobots /usr/bin/cmake --install /home/user/ros2_ws/dynamic_ws/build/w10_kinematics
[48.619s] -- Install configuration: ""
[48.619s] -- Installing: /home/user/ros2_ws/dynamic_ws/install/w10_kinematics/lib/libarm_angle_ik.a
[48.620s] -- Installing: /home/user/ros2_ws/dynamic_ws/install/w10_kinematics/include
[48.620s] -- Installing: /home/user/ros2_ws/dynamic_ws/install/w10_kinematics/include/w10_kinematics
[48.620s] -- Installing: /home/user/ros2_ws/dynamic_ws/install/w10_kinematics/include/w10_kinematics/arm_angle_ik.hpp
[48.621s] -- Installing: /home/user/ros2_ws/dynamic_ws/install/w10_kinematics/share/w10_kinematics/launch
[48.621s] -- Installing: /home/user/ros2_ws/dynamic_ws/install/w10_kinematics/share/w10_kinematics/launch/start_ik_visualization.sh
[48.621s] -- Installing: /home/user/ros2_ws/dynamic_ws/install/w10_kinematics/share/w10_kinematics/launch/ik_visualize.launch.py
[48.621s] -- Installing: /home/user/ros2_ws/dynamic_ws/install/w10_kinematics/lib/w10_kinematics/ik_test
[48.622s] -- Set runtime path of "/home/user/ros2_ws/dynamic_ws/install/w10_kinematics/lib/w10_kinematics/ik_test" to ""
[48.622s] -- Installing: /home/user/ros2_ws/dynamic_ws/install/w10_kinematics/lib/w10_kinematics/ik_visualize
[48.623s] -- Set runtime path of "/home/user/ros2_ws/dynamic_ws/install/w10_kinematics/lib/w10_kinematics/ik_visualize" to ""
[48.623s] -- Installing: /home/user/ros2_ws/dynamic_ws/install/w10_kinematics/lib/w10_kinematics/debug_joints
[48.657s] -- Set runtime path of "/home/user/ros2_ws/dynamic_ws/install/w10_kinematics/lib/w10_kinematics/debug_joints" to ""
[48.657s] -- Installing: /home/user/ros2_ws/dynamic_ws/install/w10_kinematics/lib/w10_kinematics/debug_q_mapping
[48.658s] -- Set runtime path of "/home/user/ros2_ws/dynamic_ws/install/w10_kinematics/lib/w10_kinematics/debug_q_mapping" to ""
[48.658s] -- Installing: /home/user/ros2_ws/dynamic_ws/install/w10_kinematics/lib/w10_kinematics/test_q_indices
[48.659s] -- Set runtime path of "/home/user/ros2_ws/dynamic_ws/install/w10_kinematics/lib/w10_kinematics/test_q_indices" to ""
[48.659s] -- Installing: /home/user/ros2_ws/dynamic_ws/install/w10_kinematics/lib/w10_kinematics/test_all_q
[48.659s] -- Set runtime path of "/home/user/ros2_ws/dynamic_ws/install/w10_kinematics/lib/w10_kinematics/test_all_q" to ""
[48.659s] -- Installing: /home/user/ros2_ws/dynamic_ws/install/w10_kinematics/lib/w10_kinematics/debug_positions
[48.660s] -- Set runtime path of "/home/user/ros2_ws/dynamic_ws/install/w10_kinematics/lib/w10_kinematics/debug_positions" to ""
[48.660s] -- Installing: /home/user/ros2_ws/dynamic_ws/install/w10_kinematics/lib/w10_kinematics/find_arm_angle
[48.660s] -- Set runtime path of "/home/user/ros2_ws/dynamic_ws/install/w10_kinematics/lib/w10_kinematics/find_arm_angle" to ""
[48.660s] -- Installing: /home/user/ros2_ws/dynamic_ws/install/w10_kinematics/share/ament_index/resource_index/package_run_dependencies/w10_kinematics
[48.661s] -- Installing: /home/user/ros2_ws/dynamic_ws/install/w10_kinematics/share/ament_index/resource_index/parent_prefix_path/w10_kinematics
[48.661s] -- Installing: /home/user/ros2_ws/dynamic_ws/install/w10_kinematics/share/w10_kinematics/environment/ament_prefix_path.sh
[48.661s] -- Installing: /home/user/ros2_ws/dynamic_ws/install/w10_kinematics/share/w10_kinematics/environment/ament_prefix_path.dsv
[48.661s] -- Installing: /home/user/ros2_ws/dynamic_ws/install/w10_kinematics/share/w10_kinematics/environment/path.sh
[48.661s] -- Installing: /home/user/ros2_ws/dynamic_ws/install/w10_kinematics/share/w10_kinematics/environment/path.dsv
[48.661s] -- Installing: /home/user/ros2_ws/dynamic_ws/install/w10_kinematics/share/w10_kinematics/local_setup.bash
[48.661s] -- Installing: /home/user/ros2_ws/dynamic_ws/install/w10_kinematics/share/w10_kinematics/local_setup.sh
[48.661s] -- Installing: /home/user/ros2_ws/dynamic_ws/install/w10_kinematics/share/w10_kinematics/local_setup.zsh
[48.661s] -- Installing: /home/user/ros2_ws/dynamic_ws/install/w10_kinematics/share/w10_kinematics/local_setup.dsv
[48.661s] -- Installing: /home/user/ros2_ws/dynamic_ws/install/w10_kinematics/share/w10_kinematics/package.dsv
[48.661s] -- Installing: /home/user/ros2_ws/dynamic_ws/install/w10_kinematics/share/ament_index/resource_index/packages/w10_kinematics
[48.662s] -- Installing: /home/user/ros2_ws/dynamic_ws/install/w10_kinematics/share/w10_kinematics/cmake/w10_kinematicsConfig.cmake
[48.662s] -- Installing: /home/user/ros2_ws/dynamic_ws/install/w10_kinematics/share/w10_kinematics/cmake/w10_kinematicsConfig-version.cmake
[48.662s] -- Installing: /home/user/ros2_ws/dynamic_ws/install/w10_kinematics/share/w10_kinematics/package.xml
[48.663s] Invoked command in '/home/user/ros2_ws/dynamic_ws/build/w10_kinematics' returned '0': CMAKE_PREFIX_PATH=/home/user/ros2_ws/dynamic_ws/install/w10_sim:/opt/openrobots:/home/user/ros2_ws/dynamic_ws/install/w10_moveit_kinematics:/home/user/ros2_ws/dynamic_ws/install/w10_kinematics:/home/user/ros2_ws/dynamic_ws/install/vi_2p:/home/user/ros2_ws/dynamic_ws/install/vi:/opt/ros/humble:/home/user/ros2_ws/w10_ws/install/w10-urdf:/home/user/ros2_ws/w10_ws/install/urdf_visualization:/opt/openrobots /usr/bin/cmake --install /home/user/ros2_ws/dynamic_ws/build/w10_kinematics
