[ 11%] Built target arm_angle_ik
[ 22%] Built target test_q_indices
[ 33%] Built target ik_test
[ 44%] Built target debug_joints
[ 55%] Built target ik_visualize
[ 77%] Built target debug_q_mapping
[ 77%] Built target debug_positions
[ 88%] Built target test_all_q
[100%] Built target find_arm_angle
-- Install configuration: ""
-- Up-to-date: /home/user/ros2_ws/dynamic_ws/install/w10_kinematics/lib/libarm_angle_ik.a
-- Up-to-date: /home/user/ros2_ws/dynamic_ws/install/w10_kinematics/include
-- Up-to-date: /home/user/ros2_ws/dynamic_ws/install/w10_kinematics/include/w10_kinematics
-- Up-to-date: /home/user/ros2_ws/dynamic_ws/install/w10_kinematics/include/w10_kinematics/arm_angle_ik.hpp
-- Up-to-date: /home/user/ros2_ws/dynamic_ws/install/w10_kinematics/share/w10_kinematics/launch
-- Up-to-date: /home/user/ros2_ws/dynamic_ws/install/w10_kinematics/share/w10_kinematics/launch/start_ik_visualization.sh
-- Up-to-date: /home/user/ros2_ws/dynamic_ws/install/w10_kinematics/share/w10_kinematics/launch/ik_visualize.launch.py
-- Up-to-date: /home/user/ros2_ws/dynamic_ws/install/w10_kinematics/lib/w10_kinematics/ik_test
-- Up-to-date: /home/user/ros2_ws/dynamic_ws/install/w10_kinematics/lib/w10_kinematics/ik_visualize
-- Up-to-date: /home/user/ros2_ws/dynamic_ws/install/w10_kinematics/lib/w10_kinematics/debug_joints
-- Up-to-date: /home/user/ros2_ws/dynamic_ws/install/w10_kinematics/lib/w10_kinematics/debug_q_mapping
-- Up-to-date: /home/user/ros2_ws/dynamic_ws/install/w10_kinematics/lib/w10_kinematics/test_q_indices
-- Up-to-date: /home/user/ros2_ws/dynamic_ws/install/w10_kinematics/lib/w10_kinematics/test_all_q
-- Up-to-date: /home/user/ros2_ws/dynamic_ws/install/w10_kinematics/lib/w10_kinematics/debug_positions
-- Up-to-date: /home/user/ros2_ws/dynamic_ws/install/w10_kinematics/lib/w10_kinematics/find_arm_angle
-- Up-to-date: /home/user/ros2_ws/dynamic_ws/install/w10_kinematics/share/ament_index/resource_index/package_run_dependencies/w10_kinematics
-- Up-to-date: /home/user/ros2_ws/dynamic_ws/install/w10_kinematics/share/ament_index/resource_index/parent_prefix_path/w10_kinematics
-- Up-to-date: /home/user/ros2_ws/dynamic_ws/install/w10_kinematics/share/w10_kinematics/environment/ament_prefix_path.sh
-- Up-to-date: /home/user/ros2_ws/dynamic_ws/install/w10_kinematics/share/w10_kinematics/environment/ament_prefix_path.dsv
-- Up-to-date: /home/user/ros2_ws/dynamic_ws/install/w10_kinematics/share/w10_kinematics/environment/path.sh
-- Up-to-date: /home/user/ros2_ws/dynamic_ws/install/w10_kinematics/share/w10_kinematics/environment/path.dsv
-- Up-to-date: /home/user/ros2_ws/dynamic_ws/install/w10_kinematics/share/w10_kinematics/local_setup.bash
-- Up-to-date: /home/user/ros2_ws/dynamic_ws/install/w10_kinematics/share/w10_kinematics/local_setup.sh
-- Up-to-date: /home/user/ros2_ws/dynamic_ws/install/w10_kinematics/share/w10_kinematics/local_setup.zsh
-- Up-to-date: /home/user/ros2_ws/dynamic_ws/install/w10_kinematics/share/w10_kinematics/local_setup.dsv
-- Installing: /home/user/ros2_ws/dynamic_ws/install/w10_kinematics/share/w10_kinematics/package.dsv
-- Up-to-date: /home/user/ros2_ws/dynamic_ws/install/w10_kinematics/share/ament_index/resource_index/packages/w10_kinematics
-- Up-to-date: /home/user/ros2_ws/dynamic_ws/install/w10_kinematics/share/w10_kinematics/cmake/w10_kinematicsConfig.cmake
-- Up-to-date: /home/user/ros2_ws/dynamic_ws/install/w10_kinematics/share/w10_kinematics/cmake/w10_kinematicsConfig-version.cmake
-- Up-to-date: /home/user/ros2_ws/dynamic_ws/install/w10_kinematics/share/w10_kinematics/package.xml
