-- Found ament_cmake_auto: 1.3.12 (/opt/ros/humble/share/ament_cmake_auto/cmake)
-- pinocchio_default FOUND. pinocchio_default at /opt/openrobots/lib/libpinocchio_default.so
-- pinocchio_parsers FOUND. pinocchio_parsers at /opt/openrobots/lib/libpinocchio_parsers.so
-- pinocchio_casadi FOUND. pinocchio_casadi at /opt/openrobots/lib/libpinocchio_casadi.so
-- boost_filesystem FOUND. boost_filesystem at /usr/lib/x86_64-linux-gnu/libboost_filesystem.so
-- boost_serialization FOUND. boost_serialization at /usr/lib/x86_64-linux-gnu/libboost_serialization.so
-- boost_system FOUND. boost_system at /usr/lib/x86_64-linux-gnu/libboost_system.so
[33mCMake Warning at /opt/openrobots/lib/cmake/hpp-fcl/hpp-fclConfig.cmake:3 (message):
  Please update your CMake from 'hpp-fcl' to 'coal'
Call Stack (most recent call first):
  /usr/share/cmake-3.22/Modules/CMakeFindDependencyMacro.cmake:47 (find_package)
  /opt/openrobots/lib/cmake/pinocchio/pinocchioConfig.cmake:161 (find_dependency)
  /opt/ros/humble/share/ament_cmake_auto/cmake/ament_auto_find_build_dependencies.cmake:67 (find_package)
  CMakeLists.txt:12 (ament_auto_find_build_dependencies)

[0m
-- coal FOUND. coal at /opt/openrobots/lib/libcoal.so
-- Default C++ standard: 201703
-- C++ standard sufficient: Minimal required 11, currently defined: 17
-- CMAKE_CXX_STANDARD was not set: automatically set to currently defined standard 17
-- C++ standard sufficient: Minimal required 11, currently defined: 17
-- Found rosidl_generator_c: 3.1.7 (/opt/ros/humble/share/rosidl_generator_c/cmake)
-- Found rosidl_adapter: 3.1.7 (/opt/ros/humble/share/rosidl_adapter/cmake)
-- Found rosidl_generator_cpp: 3.1.7 (/opt/ros/humble/share/rosidl_generator_cpp/cmake)
-- Using all available rosidl_typesupport_c: rosidl_typesupport_fastrtps_c;rosidl_typesupport_introspection_c
-- Using all available rosidl_typesupport_cpp: rosidl_typesupport_fastrtps_cpp;rosidl_typesupport_introspection_cpp
-- Found rmw_implementation_cmake: 6.1.2 (/opt/ros/humble/share/rmw_implementation_cmake/cmake)
-- Found rmw_fastrtps_cpp: 6.2.9 (/opt/ros/humble/share/rmw_fastrtps_cpp/cmake)
-- Using RMW implementation 'rmw_fastrtps_cpp' as default
-- Found ament_lint_auto: 0.12.14 (/opt/ros/humble/share/ament_lint_auto/cmake)
-- Added test 'cppcheck' to perform static code analysis on C / C++ code
-- Configured cppcheck include dirs: 
-- Configured cppcheck exclude dirs and/or files: 
-- Added test 'flake8' to check Python code syntax and style conventions
-- Added test 'lint_cmake' to check CMake code style
-- Added test 'pep257' to check Python code against some of the docstring style conventions in PEP 257
-- Added test 'uncrustify' to check C / C++ code style
-- Configured uncrustify additional arguments: 
-- Added test 'xmllint' to check XML markup files
-- Configuring done
-- Generating done
-- Build files have been written to: /home/user/ros2_ws/dynamic_ws/build/vi_2p
[35m[1mConsolidate compiler generated dependencies of target rk4_node[0m
[35m[1mConsolidate compiler generated dependencies of target ctsvi_ad_node[0m
[35m[1mConsolidate compiler generated dependencies of target atsvi_ad_node[0m
[35m[1mConsolidate compiler generated dependencies of target etsvi_node[0m
[ 10%] [32mBuilding CXX object CMakeFiles/rk4_proj_node.dir/src/rk4_proj_node.cpp.o[0m
[ 30%] Built target rk4_node
[ 50%] Built target etsvi_node
[ 70%] Built target ctsvi_ad_node
[ 90%] Built target atsvi_ad_node
[100%] [32m[1mLinking CXX executable rk4_proj_node[0m
[100%] Built target rk4_proj_node
-- Install configuration: ""
-- Up-to-date: /home/user/ros2_ws/dynamic_ws/install/vi_2p/lib/vi_2p/pybullet_sim.py
-- Up-to-date: /home/user/ros2_ws/dynamic_ws/install/vi_2p/lib/vi_2p/plot_pendulum.py
-- Up-to-date: /home/user/ros2_ws/dynamic_ws/install/vi_2p/lib/vi_2p/render_pendulum.py
-- Up-to-date: /home/user/ros2_ws/dynamic_ws/install/vi_2p/lib/vi_2p/vi_compare_sim.py
-- Installing: /home/user/ros2_ws/dynamic_ws/install/vi_2p/lib/vi_2p/rk4_vi_compare_sim.py
-- Up-to-date: /home/user/ros2_ws/dynamic_ws/install/vi_2p/lib/vi_2p/etsvi_sweep_heatmap.py
-- Up-to-date: /home/user/ros2_ws/dynamic_ws/install/vi_2p/lib/vi_2p/ctsvi_ad_node
-- Up-to-date: /home/user/ros2_ws/dynamic_ws/install/vi_2p/lib/vi_2p/atsvi_ad_node
-- Up-to-date: /home/user/ros2_ws/dynamic_ws/install/vi_2p/lib/vi_2p/etsvi_node
-- Up-to-date: /home/user/ros2_ws/dynamic_ws/install/vi_2p/lib/vi_2p/rk4_node
-- Installing: /home/user/ros2_ws/dynamic_ws/install/vi_2p/lib/vi_2p/rk4_proj_node
-- Set runtime path of "/home/user/ros2_ws/dynamic_ws/install/vi_2p/lib/vi_2p/rk4_proj_node" to ""
-- Up-to-date: /home/user/ros2_ws/dynamic_ws/install/vi_2p/share/ament_index/resource_index/package_run_dependencies/vi_2p
-- Up-to-date: /home/user/ros2_ws/dynamic_ws/install/vi_2p/share/ament_index/resource_index/parent_prefix_path/vi_2p
-- Up-to-date: /home/user/ros2_ws/dynamic_ws/install/vi_2p/share/vi_2p/environment/ament_prefix_path.sh
-- Installing: /home/user/ros2_ws/dynamic_ws/install/vi_2p/share/vi_2p/environment/ament_prefix_path.dsv
-- Up-to-date: /home/user/ros2_ws/dynamic_ws/install/vi_2p/share/vi_2p/environment/path.sh
-- Installing: /home/user/ros2_ws/dynamic_ws/install/vi_2p/share/vi_2p/environment/path.dsv
-- Up-to-date: /home/user/ros2_ws/dynamic_ws/install/vi_2p/share/vi_2p/local_setup.bash
-- Up-to-date: /home/user/ros2_ws/dynamic_ws/install/vi_2p/share/vi_2p/local_setup.sh
-- Up-to-date: /home/user/ros2_ws/dynamic_ws/install/vi_2p/share/vi_2p/local_setup.zsh
-- Installing: /home/user/ros2_ws/dynamic_ws/install/vi_2p/share/vi_2p/local_setup.dsv
-- Installing: /home/user/ros2_ws/dynamic_ws/install/vi_2p/share/vi_2p/package.dsv
-- Up-to-date: /home/user/ros2_ws/dynamic_ws/install/vi_2p/share/ament_index/resource_index/packages/vi_2p
-- Up-to-date: /home/user/ros2_ws/dynamic_ws/install/vi_2p/share/vi_2p/cmake/ament_cmake_export_dependencies-extras.cmake
-- Up-to-date: /home/user/ros2_ws/dynamic_ws/install/vi_2p/share/vi_2p/cmake/vi_2pConfig.cmake
-- Up-to-date: /home/user/ros2_ws/dynamic_ws/install/vi_2p/share/vi_2p/cmake/vi_2pConfig-version.cmake
-- Up-to-date: /home/user/ros2_ws/dynamic_ws/install/vi_2p/share/vi_2p/package.xml
