[0.013s] Invoking command in '/home/user/ros2_ws/dynamic_ws/build/vi_2p': CMAKE_PREFIX_PATH=/opt/openrobots:/home/user/ros2_ws/dynamic_ws/install/w10_moveit_kinematics:/home/user/ros2_ws/dynamic_ws/install/w10_kinematics:/home/user/ros2_ws/dynamic_ws/install/w10_sim:/home/user/ros2_ws/dynamic_ws/install/w10_force_sim:/home/user/ros2_ws/dynamic_ws/install/vi_2p:/home/user/ros2_ws/dynamic_ws/install/vi:/home/user/ros2_ws/dynamic_ws/install/show_urdf:/home/user/ros2_ws/dynamic_ws/install/marvin_sim:/opt/ros/humble:/home/user/ros2_ws/w10_ws/install/w10-urdf:/home/user/ros2_ws/w10_ws/install/urdf_visualization:/opt/openrobots: /usr/bin/cmake --build /home/user/ros2_ws/dynamic_ws/build/vi_2p -- -j32 -l32
[0.039s] -- Found ament_cmake_auto: 1.3.12 (/opt/ros/humble/share/ament_cmake_auto/cmake)
[0.176s] -- pinocchio_default FOUND. pinocchio_default at /opt/openrobots/lib/libpinocchio_default.so
[0.177s] -- pinocchio_parsers FOUND. pinocchio_parsers at /opt/openrobots/lib/libpinocchio_parsers.so
[0.177s] -- pinocchio_casadi FOUND. pinocchio_casadi at /opt/openrobots/lib/libpinocchio_casadi.so
[0.183s] -- boost_filesystem FOUND. boost_filesystem at /usr/lib/x86_64-linux-gnu/libboost_filesystem.so
[0.183s] -- boost_serialization FOUND. boost_serialization at /usr/lib/x86_64-linux-gnu/libboost_serialization.so
[0.184s] -- boost_system FOUND. boost_system at /usr/lib/x86_64-linux-gnu/libboost_system.so
[0.192s] [33mCMake Warning at /opt/openrobots/lib/cmake/hpp-fcl/hpp-fclConfig.cmake:3 (message):
[0.192s]   Please update your CMake from 'hpp-fcl' to 'coal'
[0.192s] Call Stack (most recent call first):
[0.192s]   /usr/share/cmake-3.22/Modules/CMakeFindDependencyMacro.cmake:47 (find_package)
[0.192s]   /opt/openrobots/lib/cmake/pinocchio/pinocchioConfig.cmake:161 (find_dependency)
[0.193s]   /opt/ros/humble/share/ament_cmake_auto/cmake/ament_auto_find_build_dependencies.cmake:67 (find_package)
[0.193s]   CMakeLists.txt:12 (ament_auto_find_build_dependencies)
[0.193s] 
[0.193s] [0m
[0.193s] -- coal FOUND. coal at /opt/openrobots/lib/libcoal.so
[0.379s] -- Default C++ standard: 201703
[0.379s] -- C++ standard sufficient: Minimal required 11, currently defined: 17
[0.379s] -- CMAKE_CXX_STANDARD was not set: automatically set to currently defined standard 17
[0.381s] -- C++ standard sufficient: Minimal required 11, currently defined: 17
[0.408s] -- Found rosidl_generator_c: 3.1.7 (/opt/ros/humble/share/rosidl_generator_c/cmake)
[0.411s] -- Found rosidl_adapter: 3.1.7 (/opt/ros/humble/share/rosidl_adapter/cmake)
[0.419s] -- Found rosidl_generator_cpp: 3.1.7 (/opt/ros/humble/share/rosidl_generator_cpp/cmake)
[0.427s] -- Using all available rosidl_typesupport_c: rosidl_typesupport_fastrtps_c;rosidl_typesupport_introspection_c
[0.441s] -- Using all available rosidl_typesupport_cpp: rosidl_typesupport_fastrtps_cpp;rosidl_typesupport_introspection_cpp
[0.476s] -- Found rmw_implementation_cmake: 6.1.2 (/opt/ros/humble/share/rmw_implementation_cmake/cmake)
[0.478s] -- Found rmw_fastrtps_cpp: 6.2.9 (/opt/ros/humble/share/rmw_fastrtps_cpp/cmake)
[0.554s] -- Using RMW implementation 'rmw_fastrtps_cpp' as default
[0.599s] -- Found ament_lint_auto: 0.12.14 (/opt/ros/humble/share/ament_lint_auto/cmake)
[0.615s] -- Added test 'cppcheck' to perform static code analysis on C / C++ code
[0.615s] -- Configured cppcheck include dirs: 
[0.615s] -- Configured cppcheck exclude dirs and/or files: 
[0.616s] -- Added test 'flake8' to check Python code syntax and style conventions
[0.619s] -- Added test 'lint_cmake' to check CMake code style
[0.620s] -- Added test 'pep257' to check Python code against some of the docstring style conventions in PEP 257
[0.626s] -- Added test 'uncrustify' to check C / C++ code style
[0.627s] -- Configured uncrustify additional arguments: 
[0.627s] -- Added test 'xmllint' to check XML markup files
[0.629s] -- Configuring done
[0.653s] -- Generating done
[0.658s] -- Build files have been written to: /home/user/ros2_ws/dynamic_ws/build/vi_2p
[0.677s] [35m[1mConsolidate compiler generated dependencies of target rk4_node[0m
[0.677s] [35m[1mConsolidate compiler generated dependencies of target ctsvi_ad_node[0m
[0.677s] [35m[1mConsolidate compiler generated dependencies of target atsvi_ad_node[0m
[0.677s] [35m[1mConsolidate compiler generated dependencies of target etsvi_node[0m
[0.682s] [ 10%] [32mBuilding CXX object CMakeFiles/rk4_proj_node.dir/src/rk4_proj_node.cpp.o[0m
[0.718s] [ 30%] Built target rk4_node
[0.718s] [ 50%] Built target etsvi_node
[0.722s] [ 70%] Built target ctsvi_ad_node
[0.724s] [ 90%] Built target atsvi_ad_node
[44.838s] [100%] [32m[1mLinking CXX executable rk4_proj_node[0m
[46.413s] [100%] Built target rk4_proj_node
[46.420s] Invoked command in '/home/user/ros2_ws/dynamic_ws/build/vi_2p' returned '0': CMAKE_PREFIX_PATH=/opt/openrobots:/home/user/ros2_ws/dynamic_ws/install/w10_moveit_kinematics:/home/user/ros2_ws/dynamic_ws/install/w10_kinematics:/home/user/ros2_ws/dynamic_ws/install/w10_sim:/home/user/ros2_ws/dynamic_ws/install/w10_force_sim:/home/user/ros2_ws/dynamic_ws/install/vi_2p:/home/user/ros2_ws/dynamic_ws/install/vi:/home/user/ros2_ws/dynamic_ws/install/show_urdf:/home/user/ros2_ws/dynamic_ws/install/marvin_sim:/opt/ros/humble:/home/user/ros2_ws/w10_ws/install/w10-urdf:/home/user/ros2_ws/w10_ws/install/urdf_visualization:/opt/openrobots: /usr/bin/cmake --build /home/user/ros2_ws/dynamic_ws/build/vi_2p -- -j32 -l32
[46.421s] Invoking command in '/home/user/ros2_ws/dynamic_ws/build/vi_2p': CMAKE_PREFIX_PATH=/opt/openrobots:/home/user/ros2_ws/dynamic_ws/install/w10_moveit_kinematics:/home/user/ros2_ws/dynamic_ws/install/w10_kinematics:/home/user/ros2_ws/dynamic_ws/install/w10_sim:/home/user/ros2_ws/dynamic_ws/install/w10_force_sim:/home/user/ros2_ws/dynamic_ws/install/vi_2p:/home/user/ros2_ws/dynamic_ws/install/vi:/home/user/ros2_ws/dynamic_ws/install/show_urdf:/home/user/ros2_ws/dynamic_ws/install/marvin_sim:/opt/ros/humble:/home/user/ros2_ws/w10_ws/install/w10-urdf:/home/user/ros2_ws/w10_ws/install/urdf_visualization:/opt/openrobots: /usr/bin/cmake --install /home/user/ros2_ws/dynamic_ws/build/vi_2p
[46.425s] -- Install configuration: ""
[46.425s] -- Up-to-date: /home/user/ros2_ws/dynamic_ws/install/vi_2p/lib/vi_2p/pybullet_sim.py
[46.425s] -- Up-to-date: /home/user/ros2_ws/dynamic_ws/install/vi_2p/lib/vi_2p/plot_pendulum.py
[46.425s] -- Up-to-date: /home/user/ros2_ws/dynamic_ws/install/vi_2p/lib/vi_2p/render_pendulum.py
[46.425s] -- Up-to-date: /home/user/ros2_ws/dynamic_ws/install/vi_2p/lib/vi_2p/vi_compare_sim.py
[46.425s] -- Installing: /home/user/ros2_ws/dynamic_ws/install/vi_2p/lib/vi_2p/rk4_vi_compare_sim.py
[46.425s] -- Up-to-date: /home/user/ros2_ws/dynamic_ws/install/vi_2p/lib/vi_2p/etsvi_sweep_heatmap.py
[46.425s] -- Up-to-date: /home/user/ros2_ws/dynamic_ws/install/vi_2p/lib/vi_2p/ctsvi_ad_node
[46.425s] -- Up-to-date: /home/user/ros2_ws/dynamic_ws/install/vi_2p/lib/vi_2p/atsvi_ad_node
[46.425s] -- Up-to-date: /home/user/ros2_ws/dynamic_ws/install/vi_2p/lib/vi_2p/etsvi_node
[46.425s] -- Up-to-date: /home/user/ros2_ws/dynamic_ws/install/vi_2p/lib/vi_2p/rk4_node
[46.426s] -- Installing: /home/user/ros2_ws/dynamic_ws/install/vi_2p/lib/vi_2p/rk4_proj_node
[46.441s] -- Set runtime path of "/home/user/ros2_ws/dynamic_ws/install/vi_2p/lib/vi_2p/rk4_proj_node" to ""
[46.441s] -- Up-to-date: /home/user/ros2_ws/dynamic_ws/install/vi_2p/share/ament_index/resource_index/package_run_dependencies/vi_2p
[46.441s] -- Up-to-date: /home/user/ros2_ws/dynamic_ws/install/vi_2p/share/ament_index/resource_index/parent_prefix_path/vi_2p
[46.441s] -- Up-to-date: /home/user/ros2_ws/dynamic_ws/install/vi_2p/share/vi_2p/environment/ament_prefix_path.sh
[46.441s] -- Installing: /home/user/ros2_ws/dynamic_ws/install/vi_2p/share/vi_2p/environment/ament_prefix_path.dsv
[46.441s] -- Up-to-date: /home/user/ros2_ws/dynamic_ws/install/vi_2p/share/vi_2p/environment/path.sh
[46.441s] -- Installing: /home/user/ros2_ws/dynamic_ws/install/vi_2p/share/vi_2p/environment/path.dsv
[46.441s] -- Up-to-date: /home/user/ros2_ws/dynamic_ws/install/vi_2p/share/vi_2p/local_setup.bash
[46.441s] -- Up-to-date: /home/user/ros2_ws/dynamic_ws/install/vi_2p/share/vi_2p/local_setup.sh
[46.441s] -- Up-to-date: /home/user/ros2_ws/dynamic_ws/install/vi_2p/share/vi_2p/local_setup.zsh
[46.441s] -- Installing: /home/user/ros2_ws/dynamic_ws/install/vi_2p/share/vi_2p/local_setup.dsv
[46.441s] -- Installing: /home/user/ros2_ws/dynamic_ws/install/vi_2p/share/vi_2p/package.dsv
[46.441s] -- Up-to-date: /home/user/ros2_ws/dynamic_ws/install/vi_2p/share/ament_index/resource_index/packages/vi_2p
[46.441s] -- Up-to-date: /home/user/ros2_ws/dynamic_ws/install/vi_2p/share/vi_2p/cmake/ament_cmake_export_dependencies-extras.cmake
[46.441s] -- Up-to-date: /home/user/ros2_ws/dynamic_ws/install/vi_2p/share/vi_2p/cmake/vi_2pConfig.cmake
[46.441s] -- Up-to-date: /home/user/ros2_ws/dynamic_ws/install/vi_2p/share/vi_2p/cmake/vi_2pConfig-version.cmake
[46.441s] -- Up-to-date: /home/user/ros2_ws/dynamic_ws/install/vi_2p/share/vi_2p/package.xml
[46.443s] Invoked command in '/home/user/ros2_ws/dynamic_ws/build/vi_2p' returned '0': CMAKE_PREFIX_PATH=/opt/openrobots:/home/user/ros2_ws/dynamic_ws/install/w10_moveit_kinematics:/home/user/ros2_ws/dynamic_ws/install/w10_kinematics:/home/user/ros2_ws/dynamic_ws/install/w10_sim:/home/user/ros2_ws/dynamic_ws/install/w10_force_sim:/home/user/ros2_ws/dynamic_ws/install/vi_2p:/home/user/ros2_ws/dynamic_ws/install/vi:/home/user/ros2_ws/dynamic_ws/install/show_urdf:/home/user/ros2_ws/dynamic_ws/install/marvin_sim:/opt/ros/humble:/home/user/ros2_ws/w10_ws/install/w10-urdf:/home/user/ros2_ws/w10_ws/install/urdf_visualization:/opt/openrobots: /usr/bin/cmake --install /home/user/ros2_ws/dynamic_ws/build/vi_2p
