[0.005s] Invoking command in '/home/user/ros2_ws/dynamic_ws/build/w10_moveit_kinematics': CMAKE_PREFIX_PATH=/home/user/ros2_ws/dynamic_ws/install/w10_sim:/opt/openrobots:/home/user/ros2_ws/dynamic_ws/install/w10_moveit_kinematics:/home/user/ros2_ws/dynamic_ws/install/w10_kinematics:/home/user/ros2_ws/dynamic_ws/install/w10_force_sim:/home/user/ros2_ws/dynamic_ws/install/vi_2p:/home/user/ros2_ws/dynamic_ws/install/vi:/home/user/ros2_ws/dynamic_ws/install/show_urdf:/home/user/ros2_ws/dynamic_ws/install/marvin_sim:/opt/ros/humble:/home/user/ros2_ws/w10_ws/install/w10-urdf:/home/user/ros2_ws/w10_ws/install/urdf_visualization:/opt/openrobots /usr/bin/cmake --build /home/user/ros2_ws/dynamic_ws/build/w10_moveit_kinematics -- -j32 -l32
[0.034s] Built target ament_cmake_python_copy_kinematics_experiments
[0.153s] running egg_info
[0.154s] writing kinematics_experiments.egg-info/PKG-INFO
[0.154s] writing dependency_links to kinematics_experiments.egg-info/dependency_links.txt
[0.154s] writing top-level names to kinematics_experiments.egg-info/top_level.txt
[0.155s] reading manifest file 'kinematics_experiments.egg-info/SOURCES.txt'
[0.155s] writing manifest file 'kinematics_experiments.egg-info/SOURCES.txt'
[0.167s] Built target ament_cmake_python_build_kinematics_experiments_egg
[0.175s] Invoked command in '/home/user/ros2_ws/dynamic_ws/build/w10_moveit_kinematics' returned '0': CMAKE_PREFIX_PATH=/home/user/ros2_ws/dynamic_ws/install/w10_sim:/opt/openrobots:/home/user/ros2_ws/dynamic_ws/install/w10_moveit_kinematics:/home/user/ros2_ws/dynamic_ws/install/w10_kinematics:/home/user/ros2_ws/dynamic_ws/install/w10_force_sim:/home/user/ros2_ws/dynamic_ws/install/vi_2p:/home/user/ros2_ws/dynamic_ws/install/vi:/home/user/ros2_ws/dynamic_ws/install/show_urdf:/home/user/ros2_ws/dynamic_ws/install/marvin_sim:/opt/ros/humble:/home/user/ros2_ws/w10_ws/install/w10-urdf:/home/user/ros2_ws/w10_ws/install/urdf_visualization:/opt/openrobots /usr/bin/cmake --build /home/user/ros2_ws/dynamic_ws/build/w10_moveit_kinematics -- -j32 -l32
[0.175s] Invoking command in '/home/user/ros2_ws/dynamic_ws/build/w10_moveit_kinematics': CMAKE_PREFIX_PATH=/home/user/ros2_ws/dynamic_ws/install/w10_sim:/opt/openrobots:/home/user/ros2_ws/dynamic_ws/install/w10_moveit_kinematics:/home/user/ros2_ws/dynamic_ws/install/w10_kinematics:/home/user/ros2_ws/dynamic_ws/install/w10_force_sim:/home/user/ros2_ws/dynamic_ws/install/vi_2p:/home/user/ros2_ws/dynamic_ws/install/vi:/home/user/ros2_ws/dynamic_ws/install/show_urdf:/home/user/ros2_ws/dynamic_ws/install/marvin_sim:/opt/ros/humble:/home/user/ros2_ws/w10_ws/install/w10-urdf:/home/user/ros2_ws/w10_ws/install/urdf_visualization:/opt/openrobots /usr/bin/cmake --install /home/user/ros2_ws/dynamic_ws/build/w10_moveit_kinematics
[0.178s] -- Install configuration: ""
[0.178s] -- Up-to-date: /home/user/ros2_ws/dynamic_ws/install/w10_moveit_kinematics/share/w10_moveit_kinematics/environment/pythonpath.sh
[0.178s] -- Up-to-date: /home/user/ros2_ws/dynamic_ws/install/w10_moveit_kinematics/share/w10_moveit_kinematics/environment/pythonpath.dsv
[0.178s] -- Up-to-date: /home/user/ros2_ws/dynamic_ws/install/w10_moveit_kinematics/local/lib/python3.10/dist-packages/kinematics_experiments-0.1.0-py3.10.egg-info
[0.178s] -- Installing: /home/user/ros2_ws/dynamic_ws/install/w10_moveit_kinematics/local/lib/python3.10/dist-packages/kinematics_experiments-0.1.0-py3.10.egg-info/SOURCES.txt
[1.885s] -- Installing: /home/user/ros2_ws/dynamic_ws/install/w10_moveit_kinematics/local/lib/python3.10/dist-packages/kinematics_experiments-0.1.0-py3.10.egg-info/dependency_links.txt
[1.886s] -- Installing: /home/user/ros2_ws/dynamic_ws/install/w10_moveit_kinematics/local/lib/python3.10/dist-packages/kinematics_experiments-0.1.0-py3.10.egg-info/top_level.txt
[1.886s] -- Installing: /home/user/ros2_ws/dynamic_ws/install/w10_moveit_kinematics/local/lib/python3.10/dist-packages/kinematics_experiments-0.1.0-py3.10.egg-info/PKG-INFO
[1.887s] -- Up-to-date: /home/user/ros2_ws/dynamic_ws/install/w10_moveit_kinematics/local/lib/python3.10/dist-packages/kinematics_experiments
[1.887s] -- Up-to-date: /home/user/ros2_ws/dynamic_ws/install/w10_moveit_kinematics/local/lib/python3.10/dist-packages/kinematics_experiments/src
[1.887s] -- Up-to-date: /home/user/ros2_ws/dynamic_ws/install/w10_moveit_kinematics/local/lib/python3.10/dist-packages/kinematics_experiments/src/kinematics_solver.py
[1.887s] -- Up-to-date: /home/user/ros2_ws/dynamic_ws/install/w10_moveit_kinematics/local/lib/python3.10/dist-packages/kinematics_experiments/scripts
[1.887s] -- Up-to-date: /home/user/ros2_ws/dynamic_ws/install/w10_moveit_kinematics/local/lib/python3.10/dist-packages/kinematics_experiments/scripts/inverse_kinematics_demo.py
[1.887s] -- Up-to-date: /home/user/ros2_ws/dynamic_ws/install/w10_moveit_kinematics/local/lib/python3.10/dist-packages/kinematics_experiments/scripts/forward_kinematics_demo.py
[1.887s] -- Up-to-date: /home/user/ros2_ws/dynamic_ws/install/w10_moveit_kinematics/local/lib/python3.10/dist-packages/kinematics_experiments/scripts/joint_state_publisher.py
[1.887s] -- Up-to-date: /home/user/ros2_ws/dynamic_ws/install/w10_moveit_kinematics/local/lib/python3.10/dist-packages/kinematics_experiments/scripts/motion_planning_demo.py
[1.888s] -- Up-to-date: /home/user/ros2_ws/dynamic_ws/install/w10_moveit_kinematics/local/lib/python3.10/dist-packages/kinematics_experiments/scripts/interactive_kinematics.py
[1.888s] -- Up-to-date: /home/user/ros2_ws/dynamic_ws/install/w10_moveit_kinematics/local/lib/python3.10/dist-packages/kinematics_experiments/__init__.py
[1.900s] Listing '/home/user/ros2_ws/dynamic_ws/install/w10_moveit_kinematics/local/lib/python3.10/dist-packages/kinematics_experiments'...
[1.900s] Listing '/home/user/ros2_ws/dynamic_ws/install/w10_moveit_kinematics/local/lib/python3.10/dist-packages/kinematics_experiments/scripts'...
[1.901s] Listing '/home/user/ros2_ws/dynamic_ws/install/w10_moveit_kinematics/local/lib/python3.10/dist-packages/kinematics_experiments/src'...
[1.903s] -- Up-to-date: /home/user/ros2_ws/dynamic_ws/install/w10_moveit_kinematics/lib/w10_moveit_kinematics/forward_kinematics_demo.py
[1.903s] -- Up-to-date: /home/user/ros2_ws/dynamic_ws/install/w10_moveit_kinematics/lib/w10_moveit_kinematics/inverse_kinematics_demo.py
[1.903s] -- Up-to-date: /home/user/ros2_ws/dynamic_ws/install/w10_moveit_kinematics/lib/w10_moveit_kinematics/motion_planning_demo.py
[1.903s] -- Up-to-date: /home/user/ros2_ws/dynamic_ws/install/w10_moveit_kinematics/lib/w10_moveit_kinematics/interactive_kinematics.py
[1.903s] -- Up-to-date: /home/user/ros2_ws/dynamic_ws/install/w10_moveit_kinematics/lib/w10_moveit_kinematics/joint_state_publisher.py
[1.903s] -- Up-to-date: /home/user/ros2_ws/dynamic_ws/install/w10_moveit_kinematics/share/w10_moveit_kinematics/launch
[1.903s] -- Up-to-date: /home/user/ros2_ws/dynamic_ws/install/w10_moveit_kinematics/share/w10_moveit_kinematics/launch/move_group.launch.py
[1.903s] -- Up-to-date: /home/user/ros2_ws/dynamic_ws/install/w10_moveit_kinematics/share/w10_moveit_kinematics/launch/move_group_minimal.launch.py
[1.903s] -- Up-to-date: /home/user/ros2_ws/dynamic_ws/install/w10_moveit_kinematics/share/w10_moveit_kinematics/config
[1.903s] -- Up-to-date: /home/user/ros2_ws/dynamic_ws/install/w10_moveit_kinematics/share/w10_moveit_kinematics/config/moveit_planning_adapters.yaml
[1.903s] -- Up-to-date: /home/user/ros2_ws/dynamic_ws/install/w10_moveit_kinematics/share/w10_moveit_kinematics/config/kinematics.yaml
[1.903s] -- Up-to-date: /home/user/ros2_ws/dynamic_ws/install/w10_moveit_kinematics/share/w10_moveit_kinematics/config/w10_sim.srdf
[1.904s] -- Up-to-date: /home/user/ros2_ws/dynamic_ws/install/w10_moveit_kinematics/share/w10_moveit_kinematics/config/joint_limits.yaml
[1.904s] -- Up-to-date: /home/user/ros2_ws/dynamic_ws/install/w10_moveit_kinematics/share/ament_index/resource_index/package_run_dependencies/w10_moveit_kinematics
[1.904s] -- Up-to-date: /home/user/ros2_ws/dynamic_ws/install/w10_moveit_kinematics/share/ament_index/resource_index/parent_prefix_path/w10_moveit_kinematics
[1.904s] -- Up-to-date: /home/user/ros2_ws/dynamic_ws/install/w10_moveit_kinematics/share/w10_moveit_kinematics/environment/ament_prefix_path.sh
[1.904s] -- Up-to-date: /home/user/ros2_ws/dynamic_ws/install/w10_moveit_kinematics/share/w10_moveit_kinematics/environment/ament_prefix_path.dsv
[1.904s] -- Up-to-date: /home/user/ros2_ws/dynamic_ws/install/w10_moveit_kinematics/share/w10_moveit_kinematics/environment/path.sh
[1.904s] -- Up-to-date: /home/user/ros2_ws/dynamic_ws/install/w10_moveit_kinematics/share/w10_moveit_kinematics/environment/path.dsv
[1.905s] -- Up-to-date: /home/user/ros2_ws/dynamic_ws/install/w10_moveit_kinematics/share/w10_moveit_kinematics/local_setup.bash
[1.905s] -- Up-to-date: /home/user/ros2_ws/dynamic_ws/install/w10_moveit_kinematics/share/w10_moveit_kinematics/local_setup.sh
[1.905s] -- Up-to-date: /home/user/ros2_ws/dynamic_ws/install/w10_moveit_kinematics/share/w10_moveit_kinematics/local_setup.zsh
[1.905s] -- Up-to-date: /home/user/ros2_ws/dynamic_ws/install/w10_moveit_kinematics/share/w10_moveit_kinematics/local_setup.dsv
[1.905s] -- Installing: /home/user/ros2_ws/dynamic_ws/install/w10_moveit_kinematics/share/w10_moveit_kinematics/package.dsv
[1.905s] -- Up-to-date: /home/user/ros2_ws/dynamic_ws/install/w10_moveit_kinematics/share/ament_index/resource_index/packages/w10_moveit_kinematics
[1.905s] -- Up-to-date: /home/user/ros2_ws/dynamic_ws/install/w10_moveit_kinematics/share/w10_moveit_kinematics/cmake/w10_moveit_kinematicsConfig.cmake
[1.905s] -- Up-to-date: /home/user/ros2_ws/dynamic_ws/install/w10_moveit_kinematics/share/w10_moveit_kinematics/cmake/w10_moveit_kinematicsConfig-version.cmake
[1.905s] -- Up-to-date: /home/user/ros2_ws/dynamic_ws/install/w10_moveit_kinematics/share/w10_moveit_kinematics/package.xml
[1.905s] Invoked command in '/home/user/ros2_ws/dynamic_ws/build/w10_moveit_kinematics' returned '0': CMAKE_PREFIX_PATH=/home/user/ros2_ws/dynamic_ws/install/w10_sim:/opt/openrobots:/home/user/ros2_ws/dynamic_ws/install/w10_moveit_kinematics:/home/user/ros2_ws/dynamic_ws/install/w10_kinematics:/home/user/ros2_ws/dynamic_ws/install/w10_force_sim:/home/user/ros2_ws/dynamic_ws/install/vi_2p:/home/user/ros2_ws/dynamic_ws/install/vi:/home/user/ros2_ws/dynamic_ws/install/show_urdf:/home/user/ros2_ws/dynamic_ws/install/marvin_sim:/opt/ros/humble:/home/user/ros2_ws/w10_ws/install/w10-urdf:/home/user/ros2_ws/w10_ws/install/urdf_visualization:/opt/openrobots /usr/bin/cmake --install /home/user/ros2_ws/dynamic_ws/build/w10_moveit_kinematics
