[0.009s] Invoking command in '/home/user/ros2_ws/dynamic_ws/build/vi_2p': CMAKE_PREFIX_PATH=/opt/openrobots:/home/user/ros2_ws/dynamic_ws/install/w10_moveit_kinematics:/home/user/ros2_ws/dynamic_ws/install/w10_kinematics:/home/user/ros2_ws/dynamic_ws/install/w10_sim:/home/user/ros2_ws/dynamic_ws/install/vi_2p:/home/user/ros2_ws/dynamic_ws/install/vi:/opt/ros/humble:/home/user/ros2_ws/w10_ws/install/w10-urdf:/home/user/ros2_ws/w10_ws/install/urdf_visualization:/opt/openrobots: /usr/bin/cmake /home/user/ros2_ws/dynamic_ws/src/vi_2p -DCMAKE_INSTALL_PREFIX=/home/user/ros2_ws/dynamic_ws/install/vi_2p
[0.085s] -- The C compiler identification is GNU 11.4.0
[0.143s] -- The CXX compiler identification is GNU 11.4.0
[0.158s] -- Detecting C compiler ABI info
[0.218s] -- Detecting C compiler ABI info - done
[0.223s] -- Check for working C compiler: /usr/bin/cc - skipped
[0.226s] -- Detecting C compile features
[0.226s] -- Detecting C compile features - done
[0.238s] -- Detecting CXX compiler ABI info
[0.319s] -- Detecting CXX compiler ABI info - done
[0.324s] -- Check for working CXX compiler: /usr/bin/c++ - skipped
[0.324s] -- Detecting CXX compile features
[0.325s] -- Detecting CXX compile features - done
[0.336s] -- Found ament_cmake_auto: 1.3.12 (/opt/ros/humble/share/ament_cmake_auto/cmake)
[0.446s] -- Found Python3: /usr/bin/python3 (found version "3.10.12") found components: Interpreter 
[0.589s] -- pinocchio_default FOUND. pinocchio_default at /opt/openrobots/lib/libpinocchio_default.so
[0.589s] -- pinocchio_parsers FOUND. pinocchio_parsers at /opt/openrobots/lib/libpinocchio_parsers.so
[0.589s] -- pinocchio_casadi FOUND. pinocchio_casadi at /opt/openrobots/lib/libpinocchio_casadi.so
[0.593s] -- boost_filesystem FOUND. boost_filesystem at /usr/lib/x86_64-linux-gnu/libboost_filesystem.so
[0.594s] -- boost_serialization FOUND. boost_serialization at /usr/lib/x86_64-linux-gnu/libboost_serialization.so
[0.594s] -- boost_system FOUND. boost_system at /usr/lib/x86_64-linux-gnu/libboost_system.so
[0.638s] [33mCMake Warning at /opt/openrobots/lib/cmake/hpp-fcl/hpp-fclConfig.cmake:3 (message):
[0.638s]   Please update your CMake from 'hpp-fcl' to 'coal'
[0.638s] Call Stack (most recent call first):
[0.638s]   /usr/share/cmake-3.22/Modules/CMakeFindDependencyMacro.cmake:47 (find_package)
[0.638s]   /opt/openrobots/lib/cmake/pinocchio/pinocchioConfig.cmake:161 (find_dependency)
[0.638s]   /opt/ros/humble/share/ament_cmake_auto/cmake/ament_auto_find_build_dependencies.cmake:67 (find_package)
[0.638s]   CMakeLists.txt:12 (ament_auto_find_build_dependencies)
[0.638s] 
[0.638s] [0m
[0.639s] -- coal FOUND. coal at /opt/openrobots/lib/libcoal.so
[0.657s] -- Looking for pthread.h
[0.706s] -- Looking for pthread.h - found
[0.707s] -- Performing Test CMAKE_HAVE_LIBC_PTHREAD
[0.764s] -- Performing Test CMAKE_HAVE_LIBC_PTHREAD - Success
[0.765s] -- Found Threads: TRUE  
[0.775s] -- Found Boost: /usr/include (found version "1.74.0") found components: chrono thread date_time serialization filesystem atomic 
[1.006s] -- Default C++ standard: 201703
[1.006s] -- Minimal C++ standard upgraded to 11
[1.006s] -- C++ standard sufficient: Minimal required 11, currently defined: 17
[1.006s] -- CMAKE_CXX_STANDARD was not set: automatically set to currently defined standard 17
[1.007s] -- C++ standard sufficient: Minimal required 11, currently defined: 17
[1.032s] -- Found rosidl_generator_c: 3.1.7 (/opt/ros/humble/share/rosidl_generator_c/cmake)
[1.035s] -- Found rosidl_adapter: 3.1.7 (/opt/ros/humble/share/rosidl_adapter/cmake)
[1.041s] -- Found rosidl_generator_cpp: 3.1.7 (/opt/ros/humble/share/rosidl_generator_cpp/cmake)
[1.049s] -- Using all available rosidl_typesupport_c: rosidl_typesupport_fastrtps_c;rosidl_typesupport_introspection_c
[1.061s] -- Using all available rosidl_typesupport_cpp: rosidl_typesupport_fastrtps_cpp;rosidl_typesupport_introspection_cpp
[1.089s] -- Found rmw_implementation_cmake: 6.1.2 (/opt/ros/humble/share/rmw_implementation_cmake/cmake)
[1.091s] -- Found rmw_fastrtps_cpp: 6.2.9 (/opt/ros/humble/share/rmw_fastrtps_cpp/cmake)
[1.151s] -- Found OpenSSL: /usr/lib/x86_64-linux-gnu/libcrypto.so (found version "3.0.2")  
[1.171s] -- Found FastRTPS: /opt/ros/humble/include  
[1.198s] -- Using RMW implementation 'rmw_fastrtps_cpp' as default
[1.246s] -- Found ament_lint_auto: 0.12.14 (/opt/ros/humble/share/ament_lint_auto/cmake)
[1.370s] -- Added test 'cppcheck' to perform static code analysis on C / C++ code
[1.370s] -- Configured cppcheck include dirs: 
[1.370s] -- Configured cppcheck exclude dirs and/or files: 
[1.379s] -- Added test 'flake8' to check Python code syntax and style conventions
[1.397s] -- Added test 'lint_cmake' to check CMake code style
[1.406s] -- Added test 'pep257' to check Python code against some of the docstring style conventions in PEP 257
[1.475s] -- Added test 'uncrustify' to check C / C++ code style
[1.475s] -- Configured uncrustify additional arguments: 
[1.484s] -- Added test 'xmllint' to check XML markup files
[1.535s] -- Configuring done
[1.558s] -- Generating done
[1.563s] -- Build files have been written to: /home/user/ros2_ws/dynamic_ws/build/vi_2p
[1.569s] Invoked command in '/home/user/ros2_ws/dynamic_ws/build/vi_2p' returned '0': CMAKE_PREFIX_PATH=/opt/openrobots:/home/user/ros2_ws/dynamic_ws/install/w10_moveit_kinematics:/home/user/ros2_ws/dynamic_ws/install/w10_kinematics:/home/user/ros2_ws/dynamic_ws/install/w10_sim:/home/user/ros2_ws/dynamic_ws/install/vi_2p:/home/user/ros2_ws/dynamic_ws/install/vi:/opt/ros/humble:/home/user/ros2_ws/w10_ws/install/w10-urdf:/home/user/ros2_ws/w10_ws/install/urdf_visualization:/opt/openrobots: /usr/bin/cmake /home/user/ros2_ws/dynamic_ws/src/vi_2p -DCMAKE_INSTALL_PREFIX=/home/user/ros2_ws/dynamic_ws/install/vi_2p
[1.571s] Invoking command in '/home/user/ros2_ws/dynamic_ws/build/vi_2p': CMAKE_PREFIX_PATH=/opt/openrobots:/home/user/ros2_ws/dynamic_ws/install/w10_moveit_kinematics:/home/user/ros2_ws/dynamic_ws/install/w10_kinematics:/home/user/ros2_ws/dynamic_ws/install/w10_sim:/home/user/ros2_ws/dynamic_ws/install/vi_2p:/home/user/ros2_ws/dynamic_ws/install/vi:/opt/ros/humble:/home/user/ros2_ws/w10_ws/install/w10-urdf:/home/user/ros2_ws/w10_ws/install/urdf_visualization:/opt/openrobots: /usr/bin/cmake --build /home/user/ros2_ws/dynamic_ws/build/vi_2p -- -j32 -l32
[1.612s] [ 12%] [32mBuilding CXX object CMakeFiles/atsvi_ad_node.dir/src/atsvi_ad_node.cpp.o[0m
[1.612s] [ 50%] [32mBuilding CXX object CMakeFiles/etsvi_node.dir/src/etsvi_node.cpp.o[0m
[1.613s] [ 50%] [32mBuilding CXX object CMakeFiles/ctsvi_ad_node.dir/src/ctsvi_ad_node.cpp.o[0m
[1.613s] [ 50%] [32mBuilding CXX object CMakeFiles/rk4_node.dir/src/rk4_node.cpp.o[0m
[7.499s] [01m[K/home/user/ros2_ws/dynamic_ws/src/vi_2p/src/atsvi_ad_node.cpp:[m[K In function ‘[01m[Kstd::tuple<Eigen::Matrix<double, -1, 1, 0, -1, 1>, double, SolverInfo> solve_q_next_sem_ad(const Model&, pinocchio::Data&, const ModelAD&, DataAD&, const Vec&, const Vec&, double, const Vec&, const Vec&, double, double, int, double, double, double)[m[K’:
[7.499s] [01m[K/home/user/ros2_ws/dynamic_ws/src/vi_2p/src/atsvi_ad_node.cpp:291:16:[m[K [01;35m[Kwarning: [m[Kunused parameter ‘[01m[Ktau_k[m[K’ [[01;35m[K]8;;https://gcc.gnu.org/onlinedocs/gcc/Warning-Options.html#index-Wunused-parameter-Wunused-parameter]8;;[m[K]
[7.499s]   291 |     [01;35m[Kconst Vec &tau_k[m[K,
[7.499s]       |     [01;35m[K~~~~~~~~~~~^~~~~[m[K
[81.784s] [ 62%] [32m[1mLinking CXX executable rk4_node[0m
[84.049s] [ 62%] Built target rk4_node
[91.600s] [ 75%] [32m[1mLinking CXX executable etsvi_node[0m
[94.802s] [ 87%] [32m[1mLinking CXX executable ctsvi_ad_node[0m
[95.683s] [ 87%] Built target etsvi_node
[97.772s] [ 87%] Built target ctsvi_ad_node
[137.680s] [100%] [32m[1mLinking CXX executable atsvi_ad_node[0m
[140.988s] [100%] Built target atsvi_ad_node
[141.047s] Invoked command in '/home/user/ros2_ws/dynamic_ws/build/vi_2p' returned '0': CMAKE_PREFIX_PATH=/opt/openrobots:/home/user/ros2_ws/dynamic_ws/install/w10_moveit_kinematics:/home/user/ros2_ws/dynamic_ws/install/w10_kinematics:/home/user/ros2_ws/dynamic_ws/install/w10_sim:/home/user/ros2_ws/dynamic_ws/install/vi_2p:/home/user/ros2_ws/dynamic_ws/install/vi:/opt/ros/humble:/home/user/ros2_ws/w10_ws/install/w10-urdf:/home/user/ros2_ws/w10_ws/install/urdf_visualization:/opt/openrobots: /usr/bin/cmake --build /home/user/ros2_ws/dynamic_ws/build/vi_2p -- -j32 -l32
[141.112s] Invoking command in '/home/user/ros2_ws/dynamic_ws/build/vi_2p': CMAKE_PREFIX_PATH=/opt/openrobots:/home/user/ros2_ws/dynamic_ws/install/w10_moveit_kinematics:/home/user/ros2_ws/dynamic_ws/install/w10_kinematics:/home/user/ros2_ws/dynamic_ws/install/w10_sim:/home/user/ros2_ws/dynamic_ws/install/vi_2p:/home/user/ros2_ws/dynamic_ws/install/vi:/opt/ros/humble:/home/user/ros2_ws/w10_ws/install/w10-urdf:/home/user/ros2_ws/w10_ws/install/urdf_visualization:/opt/openrobots: /usr/bin/cmake --install /home/user/ros2_ws/dynamic_ws/build/vi_2p
[141.122s] -- Install configuration: ""
[141.122s] -- Installing: /home/user/ros2_ws/dynamic_ws/install/vi_2p/lib/vi_2p/pybullet_sim.py
[141.122s] -- Installing: /home/user/ros2_ws/dynamic_ws/install/vi_2p/lib/vi_2p/plot_pendulum.py
[141.123s] -- Installing: /home/user/ros2_ws/dynamic_ws/install/vi_2p/lib/vi_2p/render_pendulum.py
[141.123s] -- Installing: /home/user/ros2_ws/dynamic_ws/install/vi_2p/lib/vi_2p/vi_compare_sim.py
[141.123s] -- Installing: /home/user/ros2_ws/dynamic_ws/install/vi_2p/lib/vi_2p/rk4_vi_compare_sim.py
[141.123s] -- Installing: /home/user/ros2_ws/dynamic_ws/install/vi_2p/lib/vi_2p/etsvi_sweep_heatmap.py
[141.123s] -- Installing: /home/user/ros2_ws/dynamic_ws/install/vi_2p/lib/vi_2p/ctsvi_ad_node
[141.125s] -- Set runtime path of "/home/user/ros2_ws/dynamic_ws/install/vi_2p/lib/vi_2p/ctsvi_ad_node" to ""
[141.125s] -- Installing: /home/user/ros2_ws/dynamic_ws/install/vi_2p/lib/vi_2p/atsvi_ad_node
[141.199s] -- Set runtime path of "/home/user/ros2_ws/dynamic_ws/install/vi_2p/lib/vi_2p/atsvi_ad_node" to ""
[141.199s] -- Installing: /home/user/ros2_ws/dynamic_ws/install/vi_2p/lib/vi_2p/etsvi_node
[141.201s] -- Set runtime path of "/home/user/ros2_ws/dynamic_ws/install/vi_2p/lib/vi_2p/etsvi_node" to ""
[141.201s] -- Installing: /home/user/ros2_ws/dynamic_ws/install/vi_2p/lib/vi_2p/rk4_node
[141.202s] -- Set runtime path of "/home/user/ros2_ws/dynamic_ws/install/vi_2p/lib/vi_2p/rk4_node" to ""
[141.202s] -- Installing: /home/user/ros2_ws/dynamic_ws/install/vi_2p/share/ament_index/resource_index/package_run_dependencies/vi_2p
[141.203s] -- Installing: /home/user/ros2_ws/dynamic_ws/install/vi_2p/share/ament_index/resource_index/parent_prefix_path/vi_2p
[141.203s] -- Installing: /home/user/ros2_ws/dynamic_ws/install/vi_2p/share/vi_2p/environment/ament_prefix_path.sh
[141.203s] -- Installing: /home/user/ros2_ws/dynamic_ws/install/vi_2p/share/vi_2p/environment/ament_prefix_path.dsv
[141.203s] -- Installing: /home/user/ros2_ws/dynamic_ws/install/vi_2p/share/vi_2p/environment/path.sh
[141.203s] -- Installing: /home/user/ros2_ws/dynamic_ws/install/vi_2p/share/vi_2p/environment/path.dsv
[141.203s] -- Installing: /home/user/ros2_ws/dynamic_ws/install/vi_2p/share/vi_2p/local_setup.bash
[141.203s] -- Installing: /home/user/ros2_ws/dynamic_ws/install/vi_2p/share/vi_2p/local_setup.sh
[141.204s] -- Installing: /home/user/ros2_ws/dynamic_ws/install/vi_2p/share/vi_2p/local_setup.zsh
[141.204s] -- Installing: /home/user/ros2_ws/dynamic_ws/install/vi_2p/share/vi_2p/local_setup.dsv
[141.204s] -- Installing: /home/user/ros2_ws/dynamic_ws/install/vi_2p/share/vi_2p/package.dsv
[141.206s] -- Installing: /home/user/ros2_ws/dynamic_ws/install/vi_2p/share/ament_index/resource_index/packages/vi_2p
[141.206s] -- Installing: /home/user/ros2_ws/dynamic_ws/install/vi_2p/share/vi_2p/cmake/ament_cmake_export_dependencies-extras.cmake
[141.206s] -- Installing: /home/user/ros2_ws/dynamic_ws/install/vi_2p/share/vi_2p/cmake/vi_2pConfig.cmake
[141.206s] -- Installing: /home/user/ros2_ws/dynamic_ws/install/vi_2p/share/vi_2p/cmake/vi_2pConfig-version.cmake
[141.206s] -- Installing: /home/user/ros2_ws/dynamic_ws/install/vi_2p/share/vi_2p/package.xml
[141.221s] Invoked command in '/home/user/ros2_ws/dynamic_ws/build/vi_2p' returned '0': CMAKE_PREFIX_PATH=/opt/openrobots:/home/user/ros2_ws/dynamic_ws/install/w10_moveit_kinematics:/home/user/ros2_ws/dynamic_ws/install/w10_kinematics:/home/user/ros2_ws/dynamic_ws/install/w10_sim:/home/user/ros2_ws/dynamic_ws/install/vi_2p:/home/user/ros2_ws/dynamic_ws/install/vi:/opt/ros/humble:/home/user/ros2_ws/w10_ws/install/w10-urdf:/home/user/ros2_ws/w10_ws/install/urdf_visualization:/opt/openrobots: /usr/bin/cmake --install /home/user/ros2_ws/dynamic_ws/build/vi_2p
