[0.018s] Invoking command in '/home/user/ros2_ws/dynamic_ws/build/w10_moveit_kinematics': CMAKE_PREFIX_PATH=/home/user/ros2_ws/dynamic_ws/install/w10_sim:/opt/openrobots:/home/user/ros2_ws/dynamic_ws/install/w10_moveit_kinematics:/home/user/ros2_ws/dynamic_ws/install/w10_kinematics:/home/user/ros2_ws/dynamic_ws/install/w10_force_sim:/home/user/ros2_ws/dynamic_ws/install/vi_2p:/home/user/ros2_ws/dynamic_ws/install/vi:/home/user/ros2_ws/dynamic_ws/install/show_urdf:/home/user/ros2_ws/dynamic_ws/install/marvin_sim:/opt/ros/humble:/home/user/ros2_ws/w10_ws/install/w10-urdf:/home/user/ros2_ws/w10_ws/install/urdf_visualization:/opt/openrobots /usr/bin/cmake --build /home/user/ros2_ws/dynamic_ws/build/w10_moveit_kinematics -- -j32 -l32
[0.048s] Built target ament_cmake_python_copy_kinematics_experiments
[0.194s] running egg_info
[0.195s] writing kinematics_experiments.egg-info/PKG-INFO
[0.195s] writing dependency_links to kinematics_experiments.egg-info/dependency_links.txt
[0.195s] writing top-level names to kinematics_experiments.egg-info/top_level.txt
[0.196s] reading manifest file 'kinematics_experiments.egg-info/SOURCES.txt'
[0.196s] writing manifest file 'kinematics_experiments.egg-info/SOURCES.txt'
[0.210s] Built target ament_cmake_python_build_kinematics_experiments_egg
[0.215s] Invoked command in '/home/user/ros2_ws/dynamic_ws/build/w10_moveit_kinematics' returned '0': CMAKE_PREFIX_PATH=/home/user/ros2_ws/dynamic_ws/install/w10_sim:/opt/openrobots:/home/user/ros2_ws/dynamic_ws/install/w10_moveit_kinematics:/home/user/ros2_ws/dynamic_ws/install/w10_kinematics:/home/user/ros2_ws/dynamic_ws/install/w10_force_sim:/home/user/ros2_ws/dynamic_ws/install/vi_2p:/home/user/ros2_ws/dynamic_ws/install/vi:/home/user/ros2_ws/dynamic_ws/install/show_urdf:/home/user/ros2_ws/dynamic_ws/install/marvin_sim:/opt/ros/humble:/home/user/ros2_ws/w10_ws/install/w10-urdf:/home/user/ros2_ws/w10_ws/install/urdf_visualization:/opt/openrobots /usr/bin/cmake --build /home/user/ros2_ws/dynamic_ws/build/w10_moveit_kinematics -- -j32 -l32
[0.215s] Invoking command in '/home/user/ros2_ws/dynamic_ws/build/w10_moveit_kinematics': CMAKE_PREFIX_PATH=/home/user/ros2_ws/dynamic_ws/install/w10_sim:/opt/openrobots:/home/user/ros2_ws/dynamic_ws/install/w10_moveit_kinematics:/home/user/ros2_ws/dynamic_ws/install/w10_kinematics:/home/user/ros2_ws/dynamic_ws/install/w10_force_sim:/home/user/ros2_ws/dynamic_ws/install/vi_2p:/home/user/ros2_ws/dynamic_ws/install/vi:/home/user/ros2_ws/dynamic_ws/install/show_urdf:/home/user/ros2_ws/dynamic_ws/install/marvin_sim:/opt/ros/humble:/home/user/ros2_ws/w10_ws/install/w10-urdf:/home/user/ros2_ws/w10_ws/install/urdf_visualization:/opt/openrobots /usr/bin/cmake --install /home/user/ros2_ws/dynamic_ws/build/w10_moveit_kinematics
[0.220s] -- Install configuration: ""
[0.220s] -- Up-to-date: /home/user/ros2_ws/dynamic_ws/install/w10_moveit_kinematics/share/w10_moveit_kinematics/environment/pythonpath.sh
[0.220s] -- Up-to-date: /home/user/ros2_ws/dynamic_ws/install/w10_moveit_kinematics/share/w10_moveit_kinematics/environment/pythonpath.dsv
[0.221s] -- Up-to-date: /home/user/ros2_ws/dynamic_ws/install/w10_moveit_kinematics/local/lib/python3.10/dist-packages/kinematics_experiments-0.1.0-py3.10.egg-info
[0.221s] -- Installing: /home/user/ros2_ws/dynamic_ws/install/w10_moveit_kinematics/local/lib/python3.10/dist-packages/kinematics_experiments-0.1.0-py3.10.egg-info/SOURCES.txt
[0.234s] -- Installing: /home/user/ros2_ws/dynamic_ws/install/w10_moveit_kinematics/local/lib/python3.10/dist-packages/kinematics_experiments-0.1.0-py3.10.egg-info/dependency_links.txt
[0.234s] -- Installing: /home/user/ros2_ws/dynamic_ws/install/w10_moveit_kinematics/local/lib/python3.10/dist-packages/kinematics_experiments-0.1.0-py3.10.egg-info/top_level.txt
[0.235s] -- Installing: /home/user/ros2_ws/dynamic_ws/install/w10_moveit_kinematics/local/lib/python3.10/dist-packages/kinematics_experiments-0.1.0-py3.10.egg-info/PKG-INFO
[0.235s] -- Up-to-date: /home/user/ros2_ws/dynamic_ws/install/w10_moveit_kinematics/local/lib/python3.10/dist-packages/kinematics_experiments
[0.235s] -- Up-to-date: /home/user/ros2_ws/dynamic_ws/install/w10_moveit_kinematics/local/lib/python3.10/dist-packages/kinematics_experiments/src
[0.235s] -- Up-to-date: /home/user/ros2_ws/dynamic_ws/install/w10_moveit_kinematics/local/lib/python3.10/dist-packages/kinematics_experiments/src/kinematics_solver.py
[0.235s] -- Up-to-date: /home/user/ros2_ws/dynamic_ws/install/w10_moveit_kinematics/local/lib/python3.10/dist-packages/kinematics_experiments/scripts
[0.235s] -- Up-to-date: /home/user/ros2_ws/dynamic_ws/install/w10_moveit_kinematics/local/lib/python3.10/dist-packages/kinematics_experiments/scripts/inverse_kinematics_demo.py
[0.235s] -- Up-to-date: /home/user/ros2_ws/dynamic_ws/install/w10_moveit_kinematics/local/lib/python3.10/dist-packages/kinematics_experiments/scripts/forward_kinematics_demo.py
[0.235s] -- Up-to-date: /home/user/ros2_ws/dynamic_ws/install/w10_moveit_kinematics/local/lib/python3.10/dist-packages/kinematics_experiments/scripts/joint_state_publisher.py
[0.235s] -- Up-to-date: /home/user/ros2_ws/dynamic_ws/install/w10_moveit_kinematics/local/lib/python3.10/dist-packages/kinematics_experiments/scripts/motion_planning_demo.py
[0.235s] -- Up-to-date: /home/user/ros2_ws/dynamic_ws/install/w10_moveit_kinematics/local/lib/python3.10/dist-packages/kinematics_experiments/scripts/interactive_kinematics.py
[0.235s] -- Up-to-date: /home/user/ros2_ws/dynamic_ws/install/w10_moveit_kinematics/local/lib/python3.10/dist-packages/kinematics_experiments/__init__.py
[0.258s] Listing '/home/user/ros2_ws/dynamic_ws/install/w10_moveit_kinematics/local/lib/python3.10/dist-packages/kinematics_experiments'...
[0.258s] Listing '/home/user/ros2_ws/dynamic_ws/install/w10_moveit_kinematics/local/lib/python3.10/dist-packages/kinematics_experiments/scripts'...
[0.258s] Listing '/home/user/ros2_ws/dynamic_ws/install/w10_moveit_kinematics/local/lib/python3.10/dist-packages/kinematics_experiments/src'...
[0.260s] -- Up-to-date: /home/user/ros2_ws/dynamic_ws/install/w10_moveit_kinematics/lib/w10_moveit_kinematics/forward_kinematics_demo.py
[0.260s] -- Up-to-date: /home/user/ros2_ws/dynamic_ws/install/w10_moveit_kinematics/lib/w10_moveit_kinematics/inverse_kinematics_demo.py
[0.260s] -- Up-to-date: /home/user/ros2_ws/dynamic_ws/install/w10_moveit_kinematics/lib/w10_moveit_kinematics/motion_planning_demo.py
[0.260s] -- Up-to-date: /home/user/ros2_ws/dynamic_ws/install/w10_moveit_kinematics/lib/w10_moveit_kinematics/interactive_kinematics.py
[0.260s] -- Up-to-date: /home/user/ros2_ws/dynamic_ws/install/w10_moveit_kinematics/lib/w10_moveit_kinematics/joint_state_publisher.py
[0.260s] -- Up-to-date: /home/user/ros2_ws/dynamic_ws/install/w10_moveit_kinematics/share/w10_moveit_kinematics/launch
[0.260s] -- Up-to-date: /home/user/ros2_ws/dynamic_ws/install/w10_moveit_kinematics/share/w10_moveit_kinematics/launch/move_group.launch.py
[0.260s] -- Up-to-date: /home/user/ros2_ws/dynamic_ws/install/w10_moveit_kinematics/share/w10_moveit_kinematics/launch/move_group_minimal.launch.py
[0.261s] -- Up-to-date: /home/user/ros2_ws/dynamic_ws/install/w10_moveit_kinematics/share/w10_moveit_kinematics/config
[0.261s] -- Up-to-date: /home/user/ros2_ws/dynamic_ws/install/w10_moveit_kinematics/share/w10_moveit_kinematics/config/moveit_planning_adapters.yaml
[0.261s] -- Up-to-date: /home/user/ros2_ws/dynamic_ws/install/w10_moveit_kinematics/share/w10_moveit_kinematics/config/kinematics.yaml
[0.261s] -- Up-to-date: /home/user/ros2_ws/dynamic_ws/install/w10_moveit_kinematics/share/w10_moveit_kinematics/config/w10_sim.srdf
[0.261s] -- Up-to-date: /home/user/ros2_ws/dynamic_ws/install/w10_moveit_kinematics/share/w10_moveit_kinematics/config/joint_limits.yaml
[0.261s] -- Up-to-date: /home/user/ros2_ws/dynamic_ws/install/w10_moveit_kinematics/share/ament_index/resource_index/package_run_dependencies/w10_moveit_kinematics
[0.261s] -- Up-to-date: /home/user/ros2_ws/dynamic_ws/install/w10_moveit_kinematics/share/ament_index/resource_index/parent_prefix_path/w10_moveit_kinematics
[0.261s] -- Up-to-date: /home/user/ros2_ws/dynamic_ws/install/w10_moveit_kinematics/share/w10_moveit_kinematics/environment/ament_prefix_path.sh
[0.262s] -- Up-to-date: /home/user/ros2_ws/dynamic_ws/install/w10_moveit_kinematics/share/w10_moveit_kinematics/environment/ament_prefix_path.dsv
[0.262s] -- Up-to-date: /home/user/ros2_ws/dynamic_ws/install/w10_moveit_kinematics/share/w10_moveit_kinematics/environment/path.sh
[0.262s] -- Up-to-date: /home/user/ros2_ws/dynamic_ws/install/w10_moveit_kinematics/share/w10_moveit_kinematics/environment/path.dsv
[0.262s] -- Up-to-date: /home/user/ros2_ws/dynamic_ws/install/w10_moveit_kinematics/share/w10_moveit_kinematics/local_setup.bash
[0.262s] -- Up-to-date: /home/user/ros2_ws/dynamic_ws/install/w10_moveit_kinematics/share/w10_moveit_kinematics/local_setup.sh
[0.262s] -- Up-to-date: /home/user/ros2_ws/dynamic_ws/install/w10_moveit_kinematics/share/w10_moveit_kinematics/local_setup.zsh
[0.262s] -- Up-to-date: /home/user/ros2_ws/dynamic_ws/install/w10_moveit_kinematics/share/w10_moveit_kinematics/local_setup.dsv
[0.262s] -- Installing: /home/user/ros2_ws/dynamic_ws/install/w10_moveit_kinematics/share/w10_moveit_kinematics/package.dsv
[0.262s] -- Up-to-date: /home/user/ros2_ws/dynamic_ws/install/w10_moveit_kinematics/share/ament_index/resource_index/packages/w10_moveit_kinematics
[0.263s] -- Up-to-date: /home/user/ros2_ws/dynamic_ws/install/w10_moveit_kinematics/share/w10_moveit_kinematics/cmake/w10_moveit_kinematicsConfig.cmake
[0.263s] -- Up-to-date: /home/user/ros2_ws/dynamic_ws/install/w10_moveit_kinematics/share/w10_moveit_kinematics/cmake/w10_moveit_kinematicsConfig-version.cmake
[0.263s] -- Up-to-date: /home/user/ros2_ws/dynamic_ws/install/w10_moveit_kinematics/share/w10_moveit_kinematics/package.xml
[0.263s] Invoked command in '/home/user/ros2_ws/dynamic_ws/build/w10_moveit_kinematics' returned '0': CMAKE_PREFIX_PATH=/home/user/ros2_ws/dynamic_ws/install/w10_sim:/opt/openrobots:/home/user/ros2_ws/dynamic_ws/install/w10_moveit_kinematics:/home/user/ros2_ws/dynamic_ws/install/w10_kinematics:/home/user/ros2_ws/dynamic_ws/install/w10_force_sim:/home/user/ros2_ws/dynamic_ws/install/vi_2p:/home/user/ros2_ws/dynamic_ws/install/vi:/home/user/ros2_ws/dynamic_ws/install/show_urdf:/home/user/ros2_ws/dynamic_ws/install/marvin_sim:/opt/ros/humble:/home/user/ros2_ws/w10_ws/install/w10-urdf:/home/user/ros2_ws/w10_ws/install/urdf_visualization:/opt/openrobots /usr/bin/cmake --install /home/user/ros2_ws/dynamic_ws/build/w10_moveit_kinematics
