-- The C compiler identification is GNU 11.4.0
-- The CXX compiler identification is GNU 11.4.0
-- Detecting C compiler ABI info
-- Detecting C compiler ABI info - done
-- Check for working C compiler: /usr/bin/cc - skipped
-- Detecting C compile features
-- Detecting C compile features - done
-- Detecting CXX compiler ABI info
-- Detecting CXX compiler ABI info - done
-- Check for working CXX compiler: /usr/bin/c++ - skipped
-- Detecting CXX compile features
-- Detecting CXX compile features - done
-- Found ament_cmake: 1.3.12 (/opt/ros/humble/share/ament_cmake/cmake)
-- Found Python3: /usr/bin/python3 (found version "3.10.12") found components: Interpreter 
-- Found rclpy: 3.3.19 (/opt/ros/humble/share/rclpy/cmake)
-- Configuring done
-- Generating done
-- Build files have been written to: /home/user/ros2_ws/dynamic_ws/build/w10_moveit_kinematics
Built target ament_cmake_python_copy_kinematics_experiments
running egg_info
creating kinematics_experiments.egg-info
writing kinematics_experiments.egg-info/PKG-INFO
writing dependency_links to kinematics_experiments.egg-info/dependency_links.txt
writing top-level names to kinematics_experiments.egg-info/top_level.txt
writing manifest file 'kinematics_experiments.egg-info/SOURCES.txt'
reading manifest file 'kinematics_experiments.egg-info/SOURCES.txt'
writing manifest file 'kinematics_experiments.egg-info/SOURCES.txt'
Built target ament_cmake_python_build_kinematics_experiments_egg
-- Install configuration: ""
-- Installing: /home/user/ros2_ws/dynamic_ws/install/w10_moveit_kinematics/share/w10_moveit_kinematics/environment/pythonpath.sh
-- Installing: /home/user/ros2_ws/dynamic_ws/install/w10_moveit_kinematics/share/w10_moveit_kinematics/environment/pythonpath.dsv
-- Installing: /home/user/ros2_ws/dynamic_ws/install/w10_moveit_kinematics/local/lib/python3.10/dist-packages/kinematics_experiments-0.1.0-py3.10.egg-info
-- Installing: /home/user/ros2_ws/dynamic_ws/install/w10_moveit_kinematics/local/lib/python3.10/dist-packages/kinematics_experiments-0.1.0-py3.10.egg-info/dependency_links.txt
-- Installing: /home/user/ros2_ws/dynamic_ws/install/w10_moveit_kinematics/local/lib/python3.10/dist-packages/kinematics_experiments-0.1.0-py3.10.egg-info/top_level.txt
-- Installing: /home/user/ros2_ws/dynamic_ws/install/w10_moveit_kinematics/local/lib/python3.10/dist-packages/kinematics_experiments-0.1.0-py3.10.egg-info/SOURCES.txt
-- Installing: /home/user/ros2_ws/dynamic_ws/install/w10_moveit_kinematics/local/lib/python3.10/dist-packages/kinematics_experiments-0.1.0-py3.10.egg-info/PKG-INFO
-- Installing: /home/user/ros2_ws/dynamic_ws/install/w10_moveit_kinematics/local/lib/python3.10/dist-packages/kinematics_experiments
-- Installing: /home/user/ros2_ws/dynamic_ws/install/w10_moveit_kinematics/local/lib/python3.10/dist-packages/kinematics_experiments/src
-- Installing: /home/user/ros2_ws/dynamic_ws/install/w10_moveit_kinematics/local/lib/python3.10/dist-packages/kinematics_experiments/src/kinematics_solver.py
-- Installing: /home/user/ros2_ws/dynamic_ws/install/w10_moveit_kinematics/local/lib/python3.10/dist-packages/kinematics_experiments/scripts
-- Installing: /home/user/ros2_ws/dynamic_ws/install/w10_moveit_kinematics/local/lib/python3.10/dist-packages/kinematics_experiments/scripts/inverse_kinematics_demo.py
-- Installing: /home/user/ros2_ws/dynamic_ws/install/w10_moveit_kinematics/local/lib/python3.10/dist-packages/kinematics_experiments/scripts/forward_kinematics_demo.py
-- Installing: /home/user/ros2_ws/dynamic_ws/install/w10_moveit_kinematics/local/lib/python3.10/dist-packages/kinematics_experiments/scripts/joint_state_publisher.py
-- Installing: /home/user/ros2_ws/dynamic_ws/install/w10_moveit_kinematics/local/lib/python3.10/dist-packages/kinematics_experiments/scripts/motion_planning_demo.py
-- Installing: /home/user/ros2_ws/dynamic_ws/install/w10_moveit_kinematics/local/lib/python3.10/dist-packages/kinematics_experiments/scripts/interactive_kinematics.py
-- Installing: /home/user/ros2_ws/dynamic_ws/install/w10_moveit_kinematics/local/lib/python3.10/dist-packages/kinematics_experiments/__init__.py
Listing '/home/user/ros2_ws/dynamic_ws/install/w10_moveit_kinematics/local/lib/python3.10/dist-packages/kinematics_experiments'...
Compiling '/home/user/ros2_ws/dynamic_ws/install/w10_moveit_kinematics/local/lib/python3.10/dist-packages/kinematics_experiments/__init__.py'...
Listing '/home/user/ros2_ws/dynamic_ws/install/w10_moveit_kinematics/local/lib/python3.10/dist-packages/kinematics_experiments/scripts'...
Compiling '/home/user/ros2_ws/dynamic_ws/install/w10_moveit_kinematics/local/lib/python3.10/dist-packages/kinematics_experiments/scripts/forward_kinematics_demo.py'...
Compiling '/home/user/ros2_ws/dynamic_ws/install/w10_moveit_kinematics/local/lib/python3.10/dist-packages/kinematics_experiments/scripts/interactive_kinematics.py'...
Compiling '/home/user/ros2_ws/dynamic_ws/install/w10_moveit_kinematics/local/lib/python3.10/dist-packages/kinematics_experiments/scripts/inverse_kinematics_demo.py'...
Compiling '/home/user/ros2_ws/dynamic_ws/install/w10_moveit_kinematics/local/lib/python3.10/dist-packages/kinematics_experiments/scripts/joint_state_publisher.py'...
Compiling '/home/user/ros2_ws/dynamic_ws/install/w10_moveit_kinematics/local/lib/python3.10/dist-packages/kinematics_experiments/scripts/motion_planning_demo.py'...
Listing '/home/user/ros2_ws/dynamic_ws/install/w10_moveit_kinematics/local/lib/python3.10/dist-packages/kinematics_experiments/src'...
Compiling '/home/user/ros2_ws/dynamic_ws/install/w10_moveit_kinematics/local/lib/python3.10/dist-packages/kinematics_experiments/src/kinematics_solver.py'...
-- Installing: /home/user/ros2_ws/dynamic_ws/install/w10_moveit_kinematics/lib/w10_moveit_kinematics/forward_kinematics_demo.py
-- Installing: /home/user/ros2_ws/dynamic_ws/install/w10_moveit_kinematics/lib/w10_moveit_kinematics/inverse_kinematics_demo.py
-- Installing: /home/user/ros2_ws/dynamic_ws/install/w10_moveit_kinematics/lib/w10_moveit_kinematics/motion_planning_demo.py
-- Installing: /home/user/ros2_ws/dynamic_ws/install/w10_moveit_kinematics/lib/w10_moveit_kinematics/interactive_kinematics.py
-- Installing: /home/user/ros2_ws/dynamic_ws/install/w10_moveit_kinematics/lib/w10_moveit_kinematics/joint_state_publisher.py
-- Installing: /home/user/ros2_ws/dynamic_ws/install/w10_moveit_kinematics/share/w10_moveit_kinematics/launch
-- Installing: /home/user/ros2_ws/dynamic_ws/install/w10_moveit_kinematics/share/w10_moveit_kinematics/launch/move_group.launch.py
-- Installing: /home/user/ros2_ws/dynamic_ws/install/w10_moveit_kinematics/share/w10_moveit_kinematics/launch/move_group_minimal.launch.py
-- Installing: /home/user/ros2_ws/dynamic_ws/install/w10_moveit_kinematics/share/w10_moveit_kinematics/config
-- Installing: /home/user/ros2_ws/dynamic_ws/install/w10_moveit_kinematics/share/w10_moveit_kinematics/config/moveit_planning_adapters.yaml
-- Installing: /home/user/ros2_ws/dynamic_ws/install/w10_moveit_kinematics/share/w10_moveit_kinematics/config/kinematics.yaml
-- Installing: /home/user/ros2_ws/dynamic_ws/install/w10_moveit_kinematics/share/w10_moveit_kinematics/config/w10_sim.srdf
-- Installing: /home/user/ros2_ws/dynamic_ws/install/w10_moveit_kinematics/share/w10_moveit_kinematics/config/joint_limits.yaml
-- Installing: /home/user/ros2_ws/dynamic_ws/install/w10_moveit_kinematics/share/ament_index/resource_index/package_run_dependencies/w10_moveit_kinematics
-- Installing: /home/user/ros2_ws/dynamic_ws/install/w10_moveit_kinematics/share/ament_index/resource_index/parent_prefix_path/w10_moveit_kinematics
-- Installing: /home/user/ros2_ws/dynamic_ws/install/w10_moveit_kinematics/share/w10_moveit_kinematics/environment/ament_prefix_path.sh
-- Installing: /home/user/ros2_ws/dynamic_ws/install/w10_moveit_kinematics/share/w10_moveit_kinematics/environment/ament_prefix_path.dsv
-- Installing: /home/user/ros2_ws/dynamic_ws/install/w10_moveit_kinematics/share/w10_moveit_kinematics/environment/path.sh
-- Installing: /home/user/ros2_ws/dynamic_ws/install/w10_moveit_kinematics/share/w10_moveit_kinematics/environment/path.dsv
-- Installing: /home/user/ros2_ws/dynamic_ws/install/w10_moveit_kinematics/share/w10_moveit_kinematics/local_setup.bash
-- Installing: /home/user/ros2_ws/dynamic_ws/install/w10_moveit_kinematics/share/w10_moveit_kinematics/local_setup.sh
-- Installing: /home/user/ros2_ws/dynamic_ws/install/w10_moveit_kinematics/share/w10_moveit_kinematics/local_setup.zsh
-- Installing: /home/user/ros2_ws/dynamic_ws/install/w10_moveit_kinematics/share/w10_moveit_kinematics/local_setup.dsv
-- Installing: /home/user/ros2_ws/dynamic_ws/install/w10_moveit_kinematics/share/w10_moveit_kinematics/package.dsv
-- Installing: /home/user/ros2_ws/dynamic_ws/install/w10_moveit_kinematics/share/ament_index/resource_index/packages/w10_moveit_kinematics
-- Installing: /home/user/ros2_ws/dynamic_ws/install/w10_moveit_kinematics/share/w10_moveit_kinematics/cmake/w10_moveit_kinematicsConfig.cmake
-- Installing: /home/user/ros2_ws/dynamic_ws/install/w10_moveit_kinematics/share/w10_moveit_kinematics/cmake/w10_moveit_kinematicsConfig-version.cmake
-- Installing: /home/user/ros2_ws/dynamic_ws/install/w10_moveit_kinematics/share/w10_moveit_kinematics/package.xml
