[35m[1mConsolidate compiler generated dependencies of target etsvi_node[0m
[35m[1mConsolidate compiler generated dependencies of target atsvi_ad_node[0m
[35m[1mConsolidate compiler generated dependencies of target rk4_node[0m
[ 12%] [32mBuilding CXX object CMakeFiles/ctsvi_ad_node.dir/src/ctsvi_ad_node.cpp.o[0m
[ 37%] Built target etsvi_node
[ 62%] Built target rk4_node
[ 87%] Built target atsvi_ad_node
[100%] [32m[1mLinking CXX executable ctsvi_ad_node[0m
[100%] Built target ctsvi_ad_node
-- Install configuration: ""
-- Installing: /home/user/ros2_ws/dynamic_ws/install/vi/lib/vi/pybullet_sim.py
-- Installing: /home/user/ros2_ws/dynamic_ws/install/vi/lib/vi/plot_7dof_pendulum.py
-- Installing: /home/user/ros2_ws/dynamic_ws/install/vi/lib/vi/render_pendulum.py
-- Installing: /home/user/ros2_ws/dynamic_ws/install/vi/lib/vi/vi_compare_sim.py
-- Installing: /home/user/ros2_ws/dynamic_ws/install/vi/lib/vi/rk4_vi_compare_sim.py
-- Installing: /home/user/ros2_ws/dynamic_ws/install/vi/lib/vi/etsvi_sweep_heatmap.py
-- Installing: /home/user/ros2_ws/dynamic_ws/install/vi/lib/vi/ctsvi_ad_node
-- Set runtime path of "/home/user/ros2_ws/dynamic_ws/install/vi/lib/vi/ctsvi_ad_node" to ""
-- Installing: /home/user/ros2_ws/dynamic_ws/install/vi/lib/vi/atsvi_ad_node
-- Set runtime path of "/home/user/ros2_ws/dynamic_ws/install/vi/lib/vi/atsvi_ad_node" to ""
-- Installing: /home/user/ros2_ws/dynamic_ws/install/vi/lib/vi/etsvi_node
-- Set runtime path of "/home/user/ros2_ws/dynamic_ws/install/vi/lib/vi/etsvi_node" to ""
-- Installing: /home/user/ros2_ws/dynamic_ws/install/vi/lib/vi/rk4_node
-- Set runtime path of "/home/user/ros2_ws/dynamic_ws/install/vi/lib/vi/rk4_node" to ""
-- Installing: /home/user/ros2_ws/dynamic_ws/install/vi/share/ament_index/resource_index/package_run_dependencies/vi
-- Installing: /home/user/ros2_ws/dynamic_ws/install/vi/share/ament_index/resource_index/parent_prefix_path/vi
-- Installing: /home/user/ros2_ws/dynamic_ws/install/vi/share/vi/environment/ament_prefix_path.sh
-- Installing: /home/user/ros2_ws/dynamic_ws/install/vi/share/vi/environment/ament_prefix_path.dsv
-- Installing: /home/user/ros2_ws/dynamic_ws/install/vi/share/vi/environment/path.sh
-- Installing: /home/user/ros2_ws/dynamic_ws/install/vi/share/vi/environment/path.dsv
-- Installing: /home/user/ros2_ws/dynamic_ws/install/vi/share/vi/local_setup.bash
-- Installing: /home/user/ros2_ws/dynamic_ws/install/vi/share/vi/local_setup.sh
-- Installing: /home/user/ros2_ws/dynamic_ws/install/vi/share/vi/local_setup.zsh
-- Installing: /home/user/ros2_ws/dynamic_ws/install/vi/share/vi/local_setup.dsv
-- Installing: /home/user/ros2_ws/dynamic_ws/install/vi/share/vi/package.dsv
-- Installing: /home/user/ros2_ws/dynamic_ws/install/vi/share/ament_index/resource_index/packages/vi
-- Installing: /home/user/ros2_ws/dynamic_ws/install/vi/share/vi/cmake/ament_cmake_export_dependencies-extras.cmake
-- Installing: /home/user/ros2_ws/dynamic_ws/install/vi/share/vi/cmake/viConfig.cmake
-- Installing: /home/user/ros2_ws/dynamic_ws/install/vi/share/vi/cmake/viConfig-version.cmake
-- Installing: /home/user/ros2_ws/dynamic_ws/install/vi/share/vi/package.xml
