[0.011s] Invoking command in '/home/user/ros2_ws/dynamic_ws/build/vi': CMAKE_PREFIX_PATH=/opt/openrobots:/home/user/ros2_ws/dynamic_ws/install/w10_moveit_kinematics:/home/user/ros2_ws/dynamic_ws/install/w10_kinematics:/home/user/ros2_ws/dynamic_ws/install/w10_sim:/home/user/ros2_ws/dynamic_ws/install/w10_force_sim:/home/user/ros2_ws/dynamic_ws/install/vi_2p:/home/user/ros2_ws/dynamic_ws/install/vi:/home/user/ros2_ws/dynamic_ws/install/show_urdf:/home/user/ros2_ws/dynamic_ws/install/marvin_sim:/opt/ros/humble:/home/user/ros2_ws/w10_ws/install/w10-urdf:/home/user/ros2_ws/w10_ws/install/urdf_visualization:/opt/openrobots: /usr/bin/cmake --build /home/user/ros2_ws/dynamic_ws/build/vi -- -j32 -l32
[0.042s] [35m[1mConsolidate compiler generated dependencies of target etsvi_node[0m
[0.044s] [35m[1mConsolidate compiler generated dependencies of target atsvi_ad_node[0m
[0.044s] [35m[1mConsolidate compiler generated dependencies of target rk4_node[0m
[0.049s] [ 12%] [32mBuilding CXX object CMakeFiles/ctsvi_ad_node.dir/src/ctsvi_ad_node.cpp.o[0m
[0.110s] [ 37%] Built target etsvi_node
[0.119s] [ 62%] Built target rk4_node
[0.126s] [ 87%] Built target atsvi_ad_node
[41.643s] [100%] [32m[1mLinking CXX executable ctsvi_ad_node[0m
[43.258s] [100%] Built target ctsvi_ad_node
[43.265s] Invoked command in '/home/user/ros2_ws/dynamic_ws/build/vi' returned '0': CMAKE_PREFIX_PATH=/opt/openrobots:/home/user/ros2_ws/dynamic_ws/install/w10_moveit_kinematics:/home/user/ros2_ws/dynamic_ws/install/w10_kinematics:/home/user/ros2_ws/dynamic_ws/install/w10_sim:/home/user/ros2_ws/dynamic_ws/install/w10_force_sim:/home/user/ros2_ws/dynamic_ws/install/vi_2p:/home/user/ros2_ws/dynamic_ws/install/vi:/home/user/ros2_ws/dynamic_ws/install/show_urdf:/home/user/ros2_ws/dynamic_ws/install/marvin_sim:/opt/ros/humble:/home/user/ros2_ws/w10_ws/install/w10-urdf:/home/user/ros2_ws/w10_ws/install/urdf_visualization:/opt/openrobots: /usr/bin/cmake --build /home/user/ros2_ws/dynamic_ws/build/vi -- -j32 -l32
[43.266s] Invoking command in '/home/user/ros2_ws/dynamic_ws/build/vi': CMAKE_PREFIX_PATH=/opt/openrobots:/home/user/ros2_ws/dynamic_ws/install/w10_moveit_kinematics:/home/user/ros2_ws/dynamic_ws/install/w10_kinematics:/home/user/ros2_ws/dynamic_ws/install/w10_sim:/home/user/ros2_ws/dynamic_ws/install/w10_force_sim:/home/user/ros2_ws/dynamic_ws/install/vi_2p:/home/user/ros2_ws/dynamic_ws/install/vi:/home/user/ros2_ws/dynamic_ws/install/show_urdf:/home/user/ros2_ws/dynamic_ws/install/marvin_sim:/opt/ros/humble:/home/user/ros2_ws/w10_ws/install/w10-urdf:/home/user/ros2_ws/w10_ws/install/urdf_visualization:/opt/openrobots: /usr/bin/cmake --install /home/user/ros2_ws/dynamic_ws/build/vi
[43.270s] -- Install configuration: ""
[43.270s] -- Installing: /home/user/ros2_ws/dynamic_ws/install/vi/lib/vi/pybullet_sim.py
[43.270s] -- Installing: /home/user/ros2_ws/dynamic_ws/install/vi/lib/vi/plot_7dof_pendulum.py
[43.270s] -- Installing: /home/user/ros2_ws/dynamic_ws/install/vi/lib/vi/render_pendulum.py
[43.270s] -- Installing: /home/user/ros2_ws/dynamic_ws/install/vi/lib/vi/vi_compare_sim.py
[43.270s] -- Installing: /home/user/ros2_ws/dynamic_ws/install/vi/lib/vi/rk4_vi_compare_sim.py
[43.270s] -- Installing: /home/user/ros2_ws/dynamic_ws/install/vi/lib/vi/etsvi_sweep_heatmap.py
[43.270s] -- Installing: /home/user/ros2_ws/dynamic_ws/install/vi/lib/vi/ctsvi_ad_node
[43.291s] -- Set runtime path of "/home/user/ros2_ws/dynamic_ws/install/vi/lib/vi/ctsvi_ad_node" to ""
[43.291s] -- Installing: /home/user/ros2_ws/dynamic_ws/install/vi/lib/vi/atsvi_ad_node
[43.292s] -- Set runtime path of "/home/user/ros2_ws/dynamic_ws/install/vi/lib/vi/atsvi_ad_node" to ""
[43.292s] -- Installing: /home/user/ros2_ws/dynamic_ws/install/vi/lib/vi/etsvi_node
[43.293s] -- Set runtime path of "/home/user/ros2_ws/dynamic_ws/install/vi/lib/vi/etsvi_node" to ""
[43.293s] -- Installing: /home/user/ros2_ws/dynamic_ws/install/vi/lib/vi/rk4_node
[43.293s] -- Set runtime path of "/home/user/ros2_ws/dynamic_ws/install/vi/lib/vi/rk4_node" to ""
[43.293s] -- Installing: /home/user/ros2_ws/dynamic_ws/install/vi/share/ament_index/resource_index/package_run_dependencies/vi
[43.293s] -- Installing: /home/user/ros2_ws/dynamic_ws/install/vi/share/ament_index/resource_index/parent_prefix_path/vi
[43.293s] -- Installing: /home/user/ros2_ws/dynamic_ws/install/vi/share/vi/environment/ament_prefix_path.sh
[43.294s] -- Installing: /home/user/ros2_ws/dynamic_ws/install/vi/share/vi/environment/ament_prefix_path.dsv
[43.294s] -- Installing: /home/user/ros2_ws/dynamic_ws/install/vi/share/vi/environment/path.sh
[43.294s] -- Installing: /home/user/ros2_ws/dynamic_ws/install/vi/share/vi/environment/path.dsv
[43.294s] -- Installing: /home/user/ros2_ws/dynamic_ws/install/vi/share/vi/local_setup.bash
[43.294s] -- Installing: /home/user/ros2_ws/dynamic_ws/install/vi/share/vi/local_setup.sh
[43.294s] -- Installing: /home/user/ros2_ws/dynamic_ws/install/vi/share/vi/local_setup.zsh
[43.294s] -- Installing: /home/user/ros2_ws/dynamic_ws/install/vi/share/vi/local_setup.dsv
[43.294s] -- Installing: /home/user/ros2_ws/dynamic_ws/install/vi/share/vi/package.dsv
[43.294s] -- Installing: /home/user/ros2_ws/dynamic_ws/install/vi/share/ament_index/resource_index/packages/vi
[43.294s] -- Installing: /home/user/ros2_ws/dynamic_ws/install/vi/share/vi/cmake/ament_cmake_export_dependencies-extras.cmake
[43.294s] -- Installing: /home/user/ros2_ws/dynamic_ws/install/vi/share/vi/cmake/viConfig.cmake
[43.294s] -- Installing: /home/user/ros2_ws/dynamic_ws/install/vi/share/vi/cmake/viConfig-version.cmake
[43.294s] -- Installing: /home/user/ros2_ws/dynamic_ws/install/vi/share/vi/package.xml
[43.296s] Invoked command in '/home/user/ros2_ws/dynamic_ws/build/vi' returned '0': CMAKE_PREFIX_PATH=/opt/openrobots:/home/user/ros2_ws/dynamic_ws/install/w10_moveit_kinematics:/home/user/ros2_ws/dynamic_ws/install/w10_kinematics:/home/user/ros2_ws/dynamic_ws/install/w10_sim:/home/user/ros2_ws/dynamic_ws/install/w10_force_sim:/home/user/ros2_ws/dynamic_ws/install/vi_2p:/home/user/ros2_ws/dynamic_ws/install/vi:/home/user/ros2_ws/dynamic_ws/install/show_urdf:/home/user/ros2_ws/dynamic_ws/install/marvin_sim:/opt/ros/humble:/home/user/ros2_ws/w10_ws/install/w10-urdf:/home/user/ros2_ws/w10_ws/install/urdf_visualization:/opt/openrobots: /usr/bin/cmake --install /home/user/ros2_ws/dynamic_ws/build/vi
