[35m[1mConsolidate compiler generated dependencies of target ctsvi_ad_node[0m
[35m[1mConsolidate compiler generated dependencies of target rk4_node[0m
[35m[1mConsolidate compiler generated dependencies of target atsvi_ad_node[0m
[35m[1mConsolidate compiler generated dependencies of target etsvi_node[0m
[ 50%] Built target atsvi_ad_node
[ 50%] Built target rk4_node
[ 75%] Built target ctsvi_ad_node
[100%] Built target etsvi_node
-- Install configuration: ""
-- Installing: /home/user/ros2_ws/dynamic_ws/install/vi_2p/lib/vi_2p/pybullet_sim.py
-- Installing: /home/user/ros2_ws/dynamic_ws/install/vi_2p/lib/vi_2p/plot_pendulum.py
-- Installing: /home/user/ros2_ws/dynamic_ws/install/vi_2p/lib/vi_2p/render_pendulum.py
-- Installing: /home/user/ros2_ws/dynamic_ws/install/vi_2p/lib/vi_2p/vi_compare_sim.py
-- Installing: /home/user/ros2_ws/dynamic_ws/install/vi_2p/lib/vi_2p/rk4_vi_compare_sim.py
-- Installing: /home/user/ros2_ws/dynamic_ws/install/vi_2p/lib/vi_2p/etsvi_sweep_heatmap.py
-- Installing: /home/user/ros2_ws/dynamic_ws/install/vi_2p/lib/vi_2p/ctsvi_ad_node
-- Set runtime path of "/home/user/ros2_ws/dynamic_ws/install/vi_2p/lib/vi_2p/ctsvi_ad_node" to ""
-- Installing: /home/user/ros2_ws/dynamic_ws/install/vi_2p/lib/vi_2p/atsvi_ad_node
-- Set runtime path of "/home/user/ros2_ws/dynamic_ws/install/vi_2p/lib/vi_2p/atsvi_ad_node" to ""
-- Installing: /home/user/ros2_ws/dynamic_ws/install/vi_2p/lib/vi_2p/etsvi_node
-- Set runtime path of "/home/user/ros2_ws/dynamic_ws/install/vi_2p/lib/vi_2p/etsvi_node" to ""
-- Installing: /home/user/ros2_ws/dynamic_ws/install/vi_2p/lib/vi_2p/rk4_node
-- Set runtime path of "/home/user/ros2_ws/dynamic_ws/install/vi_2p/lib/vi_2p/rk4_node" to ""
-- Installing: /home/user/ros2_ws/dynamic_ws/install/vi_2p/share/ament_index/resource_index/package_run_dependencies/vi_2p
-- Installing: /home/user/ros2_ws/dynamic_ws/install/vi_2p/share/ament_index/resource_index/parent_prefix_path/vi_2p
-- Installing: /home/user/ros2_ws/dynamic_ws/install/vi_2p/share/vi_2p/environment/ament_prefix_path.sh
-- Installing: /home/user/ros2_ws/dynamic_ws/install/vi_2p/share/vi_2p/environment/ament_prefix_path.dsv
-- Installing: /home/user/ros2_ws/dynamic_ws/install/vi_2p/share/vi_2p/environment/path.sh
-- Installing: /home/user/ros2_ws/dynamic_ws/install/vi_2p/share/vi_2p/environment/path.dsv
-- Installing: /home/user/ros2_ws/dynamic_ws/install/vi_2p/share/vi_2p/local_setup.bash
-- Installing: /home/user/ros2_ws/dynamic_ws/install/vi_2p/share/vi_2p/local_setup.sh
-- Installing: /home/user/ros2_ws/dynamic_ws/install/vi_2p/share/vi_2p/local_setup.zsh
-- Installing: /home/user/ros2_ws/dynamic_ws/install/vi_2p/share/vi_2p/local_setup.dsv
-- Installing: /home/user/ros2_ws/dynamic_ws/install/vi_2p/share/vi_2p/package.dsv
-- Installing: /home/user/ros2_ws/dynamic_ws/install/vi_2p/share/ament_index/resource_index/packages/vi_2p
-- Installing: /home/user/ros2_ws/dynamic_ws/install/vi_2p/share/vi_2p/cmake/ament_cmake_export_dependencies-extras.cmake
-- Installing: /home/user/ros2_ws/dynamic_ws/install/vi_2p/share/vi_2p/cmake/vi_2pConfig.cmake
-- Installing: /home/user/ros2_ws/dynamic_ws/install/vi_2p/share/vi_2p/cmake/vi_2pConfig-version.cmake
-- Installing: /home/user/ros2_ws/dynamic_ws/install/vi_2p/share/vi_2p/package.xml
