[ 20%] Built target ctsvi_ad_node
[ 40%] Built target ctsvi_node
[ 80%] Built target etsvi_node
[ 80%] Built target ctsvi_w10_node
[100%] Built target atsvi_ad_node
-- Install configuration: ""
-- Up-to-date: /home/user/ros2_ws/dynamic_ws/install/w10_sim/share/w10_sim/urdf
-- Up-to-date: /home/user/ros2_ws/dynamic_ws/install/w10_sim/share/w10_sim/urdf/7_pendulum.urdf
-- Up-to-date: /home/user/ros2_ws/dynamic_ws/install/w10_sim/share/w10_sim/urdf/w10.csv
-- Up-to-date: /home/user/ros2_ws/dynamic_ws/install/w10_sim/share/w10_sim/urdf/w10new.urdf
-- Up-to-date: /home/user/ros2_ws/dynamic_ws/install/w10_sim/share/w10_sim/urdf/w10_body.urdf
-- Up-to-date: /home/user/ros2_ws/dynamic_ws/install/w10_sim/share/w10_sim/urdf/w10.urdf
-- Up-to-date: /home/user/ros2_ws/dynamic_ws/install/w10_sim/share/w10_sim/urdf/1_pendulum.urdf
-- Up-to-date: /home/user/ros2_ws/dynamic_ws/install/w10_sim/share/w10_sim/meshes
-- Up-to-date: /home/user/ros2_ws/dynamic_ws/install/w10_sim/share/w10_sim/meshes/base_link.STL
-- Up-to-date: /home/user/ros2_ws/dynamic_ws/install/w10_sim/share/w10_sim/meshes/Link6.STL
-- Up-to-date: /home/user/ros2_ws/dynamic_ws/install/w10_sim/share/w10_sim/meshes/Link1.STL
-- Up-to-date: /home/user/ros2_ws/dynamic_ws/install/w10_sim/share/w10_sim/meshes/Link7.STL
-- Up-to-date: /home/user/ros2_ws/dynamic_ws/install/w10_sim/share/w10_sim/meshes/Link4.STL
-- Up-to-date: /home/user/ros2_ws/dynamic_ws/install/w10_sim/share/w10_sim/meshes/Link3.STL
-- Up-to-date: /home/user/ros2_ws/dynamic_ws/install/w10_sim/share/w10_sim/meshes/Link2.STL
-- Up-to-date: /home/user/ros2_ws/dynamic_ws/install/w10_sim/share/w10_sim/meshes/Link5.STL
-- Up-to-date: /home/user/ros2_ws/dynamic_ws/install/w10_sim/share/w10_sim/launch
-- Up-to-date: /home/user/ros2_ws/dynamic_ws/install/w10_sim/share/w10_sim/launch/display_urdf.launch.py
-- Up-to-date: /home/user/ros2_ws/dynamic_ws/install/w10_sim/share/w10_sim/launch/ctsvi_w10.launch.py
-- Up-to-date: /home/user/ros2_ws/dynamic_ws/install/w10_sim/share/w10_sim/launch/display_urdf_headless.launch.py
-- Up-to-date: /home/user/ros2_ws/dynamic_ws/install/w10_sim/share/w10_sim/launch/ctsvi_ad.launch.py
-- Up-to-date: /home/user/ros2_ws/dynamic_ws/install/w10_sim/share/w10_sim/launch/__pycache__
-- Up-to-date: /home/user/ros2_ws/dynamic_ws/install/w10_sim/share/w10_sim/launch/__pycache__/display_urdf_headless.launch.cpython-310.pyc
-- Up-to-date: /home/user/ros2_ws/dynamic_ws/install/w10_sim/share/w10_sim/config
-- Up-to-date: /home/user/ros2_ws/dynamic_ws/install/w10_sim/share/w10_sim/config/plot_config.yaml
-- Up-to-date: /home/user/ros2_ws/dynamic_ws/install/w10_sim/share/w10_sim/config/vi_params.yaml
-- Up-to-date: /home/user/ros2_ws/dynamic_ws/install/w10_sim/share/w10_sim/rviz
-- Up-to-date: /home/user/ros2_ws/dynamic_ws/install/w10_sim/share/w10_sim/rviz/w10.rviz
-- Up-to-date: /home/user/ros2_ws/dynamic_ws/install/w10_sim/share/w10_sim/scripts
-- Up-to-date: /home/user/ros2_ws/dynamic_ws/install/w10_sim/share/w10_sim/scripts/w10_joint_controller.py
-- Up-to-date: /home/user/ros2_ws/dynamic_ws/install/w10_sim/share/w10_sim/scripts/generate_urdf_from_dh.py
-- Up-to-date: /home/user/ros2_ws/dynamic_ws/install/w10_sim/share/w10_sim/scripts/rviz_diagnose.py
-- Up-to-date: /home/user/ros2_ws/dynamic_ws/install/w10_sim/share/w10_sim/scripts/analyze_vi_results.py
-- Up-to-date: /home/user/ros2_ws/dynamic_ws/install/w10_sim/share/w10_sim/scripts/extract_dh_params.py
-- Up-to-date: /home/user/ros2_ws/dynamic_ws/install/w10_sim/share/w10_sim/scripts/__pycache__
-- Up-to-date: /home/user/ros2_ws/dynamic_ws/install/w10_sim/share/w10_sim/scripts/__pycache__/analyze_vi_results.cpython-310.pyc
-- Up-to-date: /home/user/ros2_ws/dynamic_ws/install/w10_sim/share/w10_sim/scripts/vi_sim.py
-- Up-to-date: /home/user/ros2_ws/dynamic_ws/install/w10_sim/lib/w10_sim/vi_sim.py
-- Up-to-date: /home/user/ros2_ws/dynamic_ws/install/w10_sim/lib/w10_sim/analyze_vi_results.py
-- Up-to-date: /home/user/ros2_ws/dynamic_ws/install/w10_sim/include
-- Up-to-date: /home/user/ros2_ws/dynamic_ws/install/w10_sim/include/w10_sim
-- Up-to-date: /home/user/ros2_ws/dynamic_ws/install/w10_sim/lib/w10_sim/ctsvi_node
-- Up-to-date: /home/user/ros2_ws/dynamic_ws/install/w10_sim/lib/w10_sim/ctsvi_w10_node
-- Up-to-date: /home/user/ros2_ws/dynamic_ws/install/w10_sim/lib/w10_sim/ctsvi_ad_node
-- Up-to-date: /home/user/ros2_ws/dynamic_ws/install/w10_sim/lib/w10_sim/atsvi_ad_node
-- Up-to-date: /home/user/ros2_ws/dynamic_ws/install/w10_sim/lib/w10_sim/etsvi_node
-- Up-to-date: /home/user/ros2_ws/dynamic_ws/install/w10_sim/share/ament_index/resource_index/package_run_dependencies/w10_sim
-- Up-to-date: /home/user/ros2_ws/dynamic_ws/install/w10_sim/share/ament_index/resource_index/parent_prefix_path/w10_sim
-- Up-to-date: /home/user/ros2_ws/dynamic_ws/install/w10_sim/share/w10_sim/environment/ament_prefix_path.sh
-- Up-to-date: /home/user/ros2_ws/dynamic_ws/install/w10_sim/share/w10_sim/environment/ament_prefix_path.dsv
-- Up-to-date: /home/user/ros2_ws/dynamic_ws/install/w10_sim/share/w10_sim/environment/path.sh
-- Up-to-date: /home/user/ros2_ws/dynamic_ws/install/w10_sim/share/w10_sim/environment/path.dsv
-- Up-to-date: /home/user/ros2_ws/dynamic_ws/install/w10_sim/share/w10_sim/local_setup.bash
-- Up-to-date: /home/user/ros2_ws/dynamic_ws/install/w10_sim/share/w10_sim/local_setup.sh
-- Up-to-date: /home/user/ros2_ws/dynamic_ws/install/w10_sim/share/w10_sim/local_setup.zsh
-- Up-to-date: /home/user/ros2_ws/dynamic_ws/install/w10_sim/share/w10_sim/local_setup.dsv
-- Installing: /home/user/ros2_ws/dynamic_ws/install/w10_sim/share/w10_sim/package.dsv
-- Up-to-date: /home/user/ros2_ws/dynamic_ws/install/w10_sim/share/ament_index/resource_index/packages/w10_sim
-- Up-to-date: /home/user/ros2_ws/dynamic_ws/install/w10_sim/share/w10_sim/cmake/ament_cmake_export_dependencies-extras.cmake
-- Up-to-date: /home/user/ros2_ws/dynamic_ws/install/w10_sim/share/w10_sim/cmake/ament_cmake_export_include_directories-extras.cmake
-- Up-to-date: /home/user/ros2_ws/dynamic_ws/install/w10_sim/share/w10_sim/cmake/w10_simConfig.cmake
-- Up-to-date: /home/user/ros2_ws/dynamic_ws/install/w10_sim/share/w10_sim/cmake/w10_simConfig-version.cmake
-- Up-to-date: /home/user/ros2_ws/dynamic_ws/install/w10_sim/share/w10_sim/package.xml
