[0.011s] Invoking command in '/home/user/ros2_ws/dynamic_ws/build/vi': CMAKE_PREFIX_PATH=/opt/openrobots:/home/user/ros2_ws/dynamic_ws/install/w10_moveit_kinematics:/home/user/ros2_ws/dynamic_ws/install/w10_kinematics:/home/user/ros2_ws/dynamic_ws/install/w10_sim:/home/user/ros2_ws/dynamic_ws/install/vi_2p:/home/user/ros2_ws/dynamic_ws/install/vi:/opt/ros/humble:/home/user/ros2_ws/w10_ws/install/w10-urdf:/home/user/ros2_ws/w10_ws/install/urdf_visualization:/opt/openrobots: /usr/bin/cmake /home/user/ros2_ws/dynamic_ws/src/vi -DCMAKE_INSTALL_PREFIX=/home/user/ros2_ws/dynamic_ws/install/vi
[0.073s] -- The C compiler identification is GNU 11.4.0
[0.130s] -- The CXX compiler identification is GNU 11.4.0
[0.152s] -- Detecting C compiler ABI info
[0.218s] -- Detecting C compiler ABI info - done
[0.222s] -- Check for working C compiler: /usr/bin/cc - skipped
[0.222s] -- Detecting C compile features
[0.222s] -- Detecting C compile features - done
[0.242s] -- Detecting CXX compiler ABI info
[0.327s] -- Detecting CXX compiler ABI info - done
[0.334s] -- Check for working CXX compiler: /usr/bin/c++ - skipped
[0.334s] -- Detecting CXX compile features
[0.335s] -- Detecting CXX compile features - done
[0.345s] -- Found ament_cmake_auto: 1.3.12 (/opt/ros/humble/share/ament_cmake_auto/cmake)
[0.471s] -- Found Python3: /usr/bin/python3 (found version "3.10.12") found components: Interpreter 
[0.693s] -- pinocchio_default FOUND. pinocchio_default at /opt/openrobots/lib/libpinocchio_default.so
[0.693s] -- pinocchio_parsers FOUND. pinocchio_parsers at /opt/openrobots/lib/libpinocchio_parsers.so
[0.693s] -- pinocchio_casadi FOUND. pinocchio_casadi at /opt/openrobots/lib/libpinocchio_casadi.so
[0.698s] -- boost_filesystem FOUND. boost_filesystem at /usr/lib/x86_64-linux-gnu/libboost_filesystem.so
[0.698s] -- boost_serialization FOUND. boost_serialization at /usr/lib/x86_64-linux-gnu/libboost_serialization.so
[0.699s] -- boost_system FOUND. boost_system at /usr/lib/x86_64-linux-gnu/libboost_system.so
[0.743s] [33mCMake Warning at /opt/openrobots/lib/cmake/hpp-fcl/hpp-fclConfig.cmake:3 (message):
[0.743s]   Please update your CMake from 'hpp-fcl' to 'coal'
[0.743s] Call Stack (most recent call first):
[0.743s]   /usr/share/cmake-3.22/Modules/CMakeFindDependencyMacro.cmake:47 (find_package)
[0.743s]   /opt/openrobots/lib/cmake/pinocchio/pinocchioConfig.cmake:161 (find_dependency)
[0.743s]   /opt/ros/humble/share/ament_cmake_auto/cmake/ament_auto_find_build_dependencies.cmake:67 (find_package)
[0.743s]   CMakeLists.txt:12 (ament_auto_find_build_dependencies)
[0.743s] 
[0.743s] [0m
[0.744s] -- coal FOUND. coal at /opt/openrobots/lib/libcoal.so
[0.763s] -- Looking for pthread.h
[0.816s] -- Looking for pthread.h - found
[0.817s] -- Performing Test CMAKE_HAVE_LIBC_PTHREAD
[0.870s] -- Performing Test CMAKE_HAVE_LIBC_PTHREAD - Success
[0.871s] -- Found Threads: TRUE  
[0.880s] -- Found Boost: /usr/include (found version "1.74.0") found components: chrono thread date_time serialization filesystem atomic 
[1.111s] -- Default C++ standard: 201703
[1.111s] -- Minimal C++ standard upgraded to 11
[1.111s] -- C++ standard sufficient: Minimal required 11, currently defined: 17
[1.111s] -- CMAKE_CXX_STANDARD was not set: automatically set to currently defined standard 17
[1.115s] -- C++ standard sufficient: Minimal required 11, currently defined: 17
[1.142s] -- Found rosidl_generator_c: 3.1.7 (/opt/ros/humble/share/rosidl_generator_c/cmake)
[1.145s] -- Found rosidl_adapter: 3.1.7 (/opt/ros/humble/share/rosidl_adapter/cmake)
[1.152s] -- Found rosidl_generator_cpp: 3.1.7 (/opt/ros/humble/share/rosidl_generator_cpp/cmake)
[1.160s] -- Using all available rosidl_typesupport_c: rosidl_typesupport_fastrtps_c;rosidl_typesupport_introspection_c
[1.171s] -- Using all available rosidl_typesupport_cpp: rosidl_typesupport_fastrtps_cpp;rosidl_typesupport_introspection_cpp
[1.203s] -- Found rmw_implementation_cmake: 6.1.2 (/opt/ros/humble/share/rmw_implementation_cmake/cmake)
[1.205s] -- Found rmw_fastrtps_cpp: 6.2.9 (/opt/ros/humble/share/rmw_fastrtps_cpp/cmake)
[1.267s] -- Found OpenSSL: /usr/lib/x86_64-linux-gnu/libcrypto.so (found version "3.0.2")  
[1.287s] -- Found FastRTPS: /opt/ros/humble/include  
[1.314s] -- Using RMW implementation 'rmw_fastrtps_cpp' as default
[1.372s] -- Found ament_lint_auto: 0.12.14 (/opt/ros/humble/share/ament_lint_auto/cmake)
[2.005s] -- Added test 'cppcheck' to perform static code analysis on C / C++ code
[2.005s] -- Configured cppcheck include dirs: 
[2.005s] -- Configured cppcheck exclude dirs and/or files: 
[2.072s] -- Added test 'flake8' to check Python code syntax and style conventions
[2.207s] -- Added test 'lint_cmake' to check CMake code style
[2.272s] -- Added test 'pep257' to check Python code against some of the docstring style conventions in PEP 257
[2.913s] -- Added test 'uncrustify' to check C / C++ code style
[2.913s] -- Configured uncrustify additional arguments: 
[2.985s] -- Added test 'xmllint' to check XML markup files
[3.038s] -- Configuring done
[3.058s] -- Generating done
[3.063s] -- Build files have been written to: /home/user/ros2_ws/dynamic_ws/build/vi
[3.069s] Invoked command in '/home/user/ros2_ws/dynamic_ws/build/vi' returned '0': CMAKE_PREFIX_PATH=/opt/openrobots:/home/user/ros2_ws/dynamic_ws/install/w10_moveit_kinematics:/home/user/ros2_ws/dynamic_ws/install/w10_kinematics:/home/user/ros2_ws/dynamic_ws/install/w10_sim:/home/user/ros2_ws/dynamic_ws/install/vi_2p:/home/user/ros2_ws/dynamic_ws/install/vi:/opt/ros/humble:/home/user/ros2_ws/w10_ws/install/w10-urdf:/home/user/ros2_ws/w10_ws/install/urdf_visualization:/opt/openrobots: /usr/bin/cmake /home/user/ros2_ws/dynamic_ws/src/vi -DCMAKE_INSTALL_PREFIX=/home/user/ros2_ws/dynamic_ws/install/vi
[3.070s] Invoking command in '/home/user/ros2_ws/dynamic_ws/build/vi': CMAKE_PREFIX_PATH=/opt/openrobots:/home/user/ros2_ws/dynamic_ws/install/w10_moveit_kinematics:/home/user/ros2_ws/dynamic_ws/install/w10_kinematics:/home/user/ros2_ws/dynamic_ws/install/w10_sim:/home/user/ros2_ws/dynamic_ws/install/vi_2p:/home/user/ros2_ws/dynamic_ws/install/vi:/opt/ros/humble:/home/user/ros2_ws/w10_ws/install/w10-urdf:/home/user/ros2_ws/w10_ws/install/urdf_visualization:/opt/openrobots: /usr/bin/cmake --build /home/user/ros2_ws/dynamic_ws/build/vi -- -j32 -l32
[3.109s] [ 37%] [32mBuilding CXX object CMakeFiles/rk4_node.dir/src/rk4_node.cpp.o[0m
[3.109s] [ 37%] [32mBuilding CXX object CMakeFiles/ctsvi_ad_node.dir/src/ctsvi_ad_node.cpp.o[0m
[3.109s] [ 37%] [32mBuilding CXX object CMakeFiles/atsvi_ad_node.dir/src/atsvi_ad_node.cpp.o[0m
[3.109s] [ 50%] [32mBuilding CXX object CMakeFiles/etsvi_node.dir/src/etsvi_node.cpp.o[0m
[9.524s] [01m[K/home/user/ros2_ws/dynamic_ws/src/vi/src/atsvi_ad_node.cpp:[m[K In function ‘[01m[Kstd::tuple<Eigen::Matrix<double, -1, 1, 0, -1, 1>, double, SolverInfo> solve_q_next_sem_ad(const Model&, pinocchio::Data&, const ModelAD&, DataAD&, const Vec&, const Vec&, double, const Vec&, const Vec&, double, double, int, double, double, double)[m[K’:
[9.524s] [01m[K/home/user/ros2_ws/dynamic_ws/src/vi/src/atsvi_ad_node.cpp:291:16:[m[K [01;35m[Kwarning: [m[Kunused parameter ‘[01m[Ktau_k[m[K’ [[01;35m[K]8;;https://gcc.gnu.org/onlinedocs/gcc/Warning-Options.html#index-Wunused-parameter-Wunused-parameter]8;;[m[K]
[9.524s]   291 |     [01;35m[Kconst Vec &tau_k[m[K,
[9.524s]       |     [01;35m[K~~~~~~~~~~~^~~~~[m[K
[303.620s] [ 62%] [32m[1mLinking CXX executable rk4_node[0m
[306.438s] [ 62%] Built target rk4_node
[317.338s] [ 75%] [32m[1mLinking CXX executable etsvi_node[0m
[319.703s] [ 87%] [32m[1mLinking CXX executable ctsvi_ad_node[0m
[320.726s] [ 87%] Built target etsvi_node
[322.999s] [ 87%] Built target ctsvi_ad_node
[356.656s] [100%] [32m[1mLinking CXX executable atsvi_ad_node[0m
[359.939s] [100%] Built target atsvi_ad_node
[359.949s] Invoked command in '/home/user/ros2_ws/dynamic_ws/build/vi' returned '0': CMAKE_PREFIX_PATH=/opt/openrobots:/home/user/ros2_ws/dynamic_ws/install/w10_moveit_kinematics:/home/user/ros2_ws/dynamic_ws/install/w10_kinematics:/home/user/ros2_ws/dynamic_ws/install/w10_sim:/home/user/ros2_ws/dynamic_ws/install/vi_2p:/home/user/ros2_ws/dynamic_ws/install/vi:/opt/ros/humble:/home/user/ros2_ws/w10_ws/install/w10-urdf:/home/user/ros2_ws/w10_ws/install/urdf_visualization:/opt/openrobots: /usr/bin/cmake --build /home/user/ros2_ws/dynamic_ws/build/vi -- -j32 -l32
[359.951s] Invoking command in '/home/user/ros2_ws/dynamic_ws/build/vi': CMAKE_PREFIX_PATH=/opt/openrobots:/home/user/ros2_ws/dynamic_ws/install/w10_moveit_kinematics:/home/user/ros2_ws/dynamic_ws/install/w10_kinematics:/home/user/ros2_ws/dynamic_ws/install/w10_sim:/home/user/ros2_ws/dynamic_ws/install/vi_2p:/home/user/ros2_ws/dynamic_ws/install/vi:/opt/ros/humble:/home/user/ros2_ws/w10_ws/install/w10-urdf:/home/user/ros2_ws/w10_ws/install/urdf_visualization:/opt/openrobots: /usr/bin/cmake --install /home/user/ros2_ws/dynamic_ws/build/vi
[359.957s] -- Install configuration: ""
[359.962s] -- Installing: /home/user/ros2_ws/dynamic_ws/install/vi/lib/vi/pybullet_sim.py
[359.962s] -- Installing: /home/user/ros2_ws/dynamic_ws/install/vi/lib/vi/plot_7dof_pendulum.py
[359.962s] -- Installing: /home/user/ros2_ws/dynamic_ws/install/vi/lib/vi/render_pendulum.py
[359.962s] -- Installing: /home/user/ros2_ws/dynamic_ws/install/vi/lib/vi/vi_compare_sim.py
[359.962s] -- Installing: /home/user/ros2_ws/dynamic_ws/install/vi/lib/vi/rk4_vi_compare_sim.py
[359.962s] -- Installing: /home/user/ros2_ws/dynamic_ws/install/vi/lib/vi/etsvi_sweep_heatmap.py
[359.963s] -- Installing: /home/user/ros2_ws/dynamic_ws/install/vi/lib/vi/ctsvi_ad_node
[359.964s] -- Set runtime path of "/home/user/ros2_ws/dynamic_ws/install/vi/lib/vi/ctsvi_ad_node" to ""
[359.964s] -- Installing: /home/user/ros2_ws/dynamic_ws/install/vi/lib/vi/atsvi_ad_node
[359.999s] -- Set runtime path of "/home/user/ros2_ws/dynamic_ws/install/vi/lib/vi/atsvi_ad_node" to ""
[359.999s] -- Installing: /home/user/ros2_ws/dynamic_ws/install/vi/lib/vi/etsvi_node
[360.000s] -- Set runtime path of "/home/user/ros2_ws/dynamic_ws/install/vi/lib/vi/etsvi_node" to ""
[360.000s] -- Installing: /home/user/ros2_ws/dynamic_ws/install/vi/lib/vi/rk4_node
[360.001s] -- Set runtime path of "/home/user/ros2_ws/dynamic_ws/install/vi/lib/vi/rk4_node" to ""
[360.001s] -- Installing: /home/user/ros2_ws/dynamic_ws/install/vi/share/ament_index/resource_index/package_run_dependencies/vi
[360.001s] -- Installing: /home/user/ros2_ws/dynamic_ws/install/vi/share/ament_index/resource_index/parent_prefix_path/vi
[360.001s] -- Installing: /home/user/ros2_ws/dynamic_ws/install/vi/share/vi/environment/ament_prefix_path.sh
[360.002s] -- Installing: /home/user/ros2_ws/dynamic_ws/install/vi/share/vi/environment/ament_prefix_path.dsv
[360.002s] -- Installing: /home/user/ros2_ws/dynamic_ws/install/vi/share/vi/environment/path.sh
[360.002s] -- Installing: /home/user/ros2_ws/dynamic_ws/install/vi/share/vi/environment/path.dsv
[360.002s] -- Installing: /home/user/ros2_ws/dynamic_ws/install/vi/share/vi/local_setup.bash
[360.002s] -- Installing: /home/user/ros2_ws/dynamic_ws/install/vi/share/vi/local_setup.sh
[360.002s] -- Installing: /home/user/ros2_ws/dynamic_ws/install/vi/share/vi/local_setup.zsh
[360.002s] -- Installing: /home/user/ros2_ws/dynamic_ws/install/vi/share/vi/local_setup.dsv
[360.003s] -- Installing: /home/user/ros2_ws/dynamic_ws/install/vi/share/vi/package.dsv
[360.003s] -- Installing: /home/user/ros2_ws/dynamic_ws/install/vi/share/ament_index/resource_index/packages/vi
[360.003s] -- Installing: /home/user/ros2_ws/dynamic_ws/install/vi/share/vi/cmake/ament_cmake_export_dependencies-extras.cmake
[360.003s] -- Installing: /home/user/ros2_ws/dynamic_ws/install/vi/share/vi/cmake/viConfig.cmake
[360.003s] -- Installing: /home/user/ros2_ws/dynamic_ws/install/vi/share/vi/cmake/viConfig-version.cmake
[360.004s] -- Installing: /home/user/ros2_ws/dynamic_ws/install/vi/share/vi/package.xml
[360.022s] Invoked command in '/home/user/ros2_ws/dynamic_ws/build/vi' returned '0': CMAKE_PREFIX_PATH=/opt/openrobots:/home/user/ros2_ws/dynamic_ws/install/w10_moveit_kinematics:/home/user/ros2_ws/dynamic_ws/install/w10_kinematics:/home/user/ros2_ws/dynamic_ws/install/w10_sim:/home/user/ros2_ws/dynamic_ws/install/vi_2p:/home/user/ros2_ws/dynamic_ws/install/vi:/opt/ros/humble:/home/user/ros2_ws/w10_ws/install/w10-urdf:/home/user/ros2_ws/w10_ws/install/urdf_visualization:/opt/openrobots: /usr/bin/cmake --install /home/user/ros2_ws/dynamic_ws/build/vi
