[35m[1mConsolidate compiler generated dependencies of target ctsvi_node[0m
[ 33%] Built target atsvi_node
[ 50%] [32mBuilding CXX object CMakeFiles/c_atsvi_node.dir/src/c_atsvi_node.cpp.o[0m
[ 83%] Built target ctsvi_node
[01m[K/home/user/ros2_ws/dynamic_ws/src/marvin_sim/src/c_atsvi_node.cpp:[m[K In function ‘[01m[Kstd::pair<Eigen::Matrix<double, -1, 1>, SolverInfo> solve_q_next(const ModelAD&, DataAD&, const Vec&, const Vec&, const Vec&, double, double, int, double)[m[K’:
[01m[K/home/user/ros2_ws/dynamic_ws/src/marvin_sim/src/c_atsvi_node.cpp:269:48:[m[K [01;35m[Kwarning: [m[Kunused parameter ‘[01m[Kh_prev[m[K’ [[01;35m[K]8;;https://gcc.gnu.org/onlinedocs/gcc/Warning-Options.html#index-Wunused-parameter-Wunused-parameter]8;;[m[K]
  269 |                                         [01;35m[Kdouble h_prev[m[K,    // q_prev→q_curr 区间的步长
      |                                         [01;35m[K~~~~~~~^~~~~~[m[K
[01m[K/home/user/ros2_ws/dynamic_ws/src/marvin_sim/src/c_atsvi_node.cpp:[m[K In function ‘[01m[Kint main(int, char**)[m[K’:
[01m[K/home/user/ros2_ws/dynamic_ws/src/marvin_sim/src/c_atsvi_node.cpp:660:37:[m[K [01;31m[Kerror: [m[Ktoo few arguments to function ‘[01m[Kstd::pair<Eigen::Matrix<double, -1, 1>, SolverInfo> solve_q_next(const ModelAD&, DataAD&, const Vec&, const Vec&, const Vec&, double, double, int, double)[m[K’
  660 |         Vec q_next_ph = [01;31m[Ksolve_q_next(model_ad, data_ad, q_history[q_history.size()-2],[m[K
      |                         [01;31m[K~~~~~~~~~~~~^~~~~~~~~~~~~~~~~~~~~~~~~~~~~~~~~~~~~~~~~~~~~~~~~~[m[K
  661 | [01;31m[K                                           q_history[q_history.size()-1], tau_k, h + eps_h)[m[K.first;
      |                                            [01;31m[K~~~~~~~~~~~~~~~~~~~~~~~~~~~~~~~~~~~~~~~~~~~~~~~~[m[K
[01m[K/home/user/ros2_ws/dynamic_ws/src/marvin_sim/src/c_atsvi_node.cpp:264:28:[m[K [01;36m[Knote: [m[Kdeclared here
  264 | std::pair<Vec, SolverInfo> [01;36m[Ksolve_q_next[m[K(const ModelAD &model_ad,
      |                            [01;36m[K^~~~~~~~~~~~[m[K
[01m[K/home/user/ros2_ws/dynamic_ws/src/marvin_sim/src/c_atsvi_node.cpp:662:37:[m[K [01;31m[Kerror: [m[Ktoo few arguments to function ‘[01m[Kstd::pair<Eigen::Matrix<double, -1, 1>, SolverInfo> solve_q_next(const ModelAD&, DataAD&, const Vec&, const Vec&, const Vec&, double, double, int, double)[m[K’
  662 |         Vec q_next_mh = [01;31m[Ksolve_q_next(model_ad, data_ad, q_history[q_history.size()-2],[m[K
      |                         [01;31m[K~~~~~~~~~~~~^~~~~~~~~~~~~~~~~~~~~~~~~~~~~~~~~~~~~~~~~~~~~~~~~~[m[K
  663 | [01;31m[K                                           q_history[q_history.size()-1], tau_k, h - eps_h)[m[K.first;
      |                                            [01;31m[K~~~~~~~~~~~~~~~~~~~~~~~~~~~~~~~~~~~~~~~~~~~~~~~~[m[K
[01m[K/home/user/ros2_ws/dynamic_ws/src/marvin_sim/src/c_atsvi_node.cpp:264:28:[m[K [01;36m[Knote: [m[Kdeclared here
  264 | std::pair<Vec, SolverInfo> [01;36m[Ksolve_q_next[m[K(const ModelAD &model_ad,
      |                            [01;36m[K^~~~~~~~~~~~[m[K
[01m[K/home/user/ros2_ws/dynamic_ws/src/marvin_sim/src/c_atsvi_node.cpp:536:12:[m[K [01;35m[Kwarning: [m[Kunused variable ‘[01m[KE_prev[m[K’ [[01;35m[K]8;;https://gcc.gnu.org/onlinedocs/gcc/Warning-Options.html#index-Wunused-variable-Wunused-variable]8;;[m[K]
  536 |     double [01;35m[KE_prev[m[K = E_curr;  // 用于 force-off 之后的重置
      |            [01;35m[K^~~~~~[m[K
gmake[2]: *** [CMakeFiles/c_atsvi_node.dir/build.make:76: CMakeFiles/c_atsvi_node.dir/src/c_atsvi_node.cpp.o] Error 1
gmake[1]: *** [CMakeFiles/Makefile2:193: CMakeFiles/c_atsvi_node.dir/all] Error 2
gmake: *** [Makefile:146: all] Error 2
