[0.017s] Invoking command in '/home/user/ros2_ws/dynamic_ws/build/marvin_sim': CMAKE_PREFIX_PATH=/opt/openrobots:/home/user/ros2_ws/dynamic_ws/install/w10_moveit_kinematics:/home/user/ros2_ws/dynamic_ws/install/w10_kinematics:/home/user/ros2_ws/dynamic_ws/install/w10_sim:/home/user/ros2_ws/dynamic_ws/install/w10_force_sim:/home/user/ros2_ws/dynamic_ws/install/vi_2p:/home/user/ros2_ws/dynamic_ws/install/vi:/home/user/ros2_ws/dynamic_ws/install/show_urdf:/home/user/ros2_ws/dynamic_ws/install/marvin_sim:/opt/ros/humble:/home/user/ros2_ws/w10_ws/install/w10-urdf:/home/user/ros2_ws/w10_ws/install/urdf_visualization:/opt/openrobots: /usr/bin/cmake --build /home/user/ros2_ws/dynamic_ws/build/marvin_sim -- -j32 -l32
[0.045s] [35m[1mConsolidate compiler generated dependencies of target ctsvi_node[0m
[0.058s] [ 33%] Built target atsvi_node
[0.062s] [ 50%] [32mBuilding CXX object CMakeFiles/c_atsvi_node.dir/src/c_atsvi_node.cpp.o[0m
[0.092s] [ 83%] Built target ctsvi_node
[4.061s] [01m[K/home/user/ros2_ws/dynamic_ws/src/marvin_sim/src/c_atsvi_node.cpp:[m[K In function ‘[01m[Kstd::pair<Eigen::Matrix<double, -1, 1>, SolverInfo> solve_q_next(const ModelAD&, DataAD&, const Vec&, const Vec&, const Vec&, double, double, int, double)[m[K’:
[4.061s] [01m[K/home/user/ros2_ws/dynamic_ws/src/marvin_sim/src/c_atsvi_node.cpp:269:48:[m[K [01;35m[Kwarning: [m[Kunused parameter ‘[01m[Kh_prev[m[K’ [[01;35m[K]8;;https://gcc.gnu.org/onlinedocs/gcc/Warning-Options.html#index-Wunused-parameter-Wunused-parameter]8;;[m[K]
[4.061s]   269 |                                         [01;35m[Kdouble h_prev[m[K,    // q_prev→q_curr 区间的步长
[4.061s]       |                                         [01;35m[K~~~~~~~^~~~~~[m[K
[4.106s] [01m[K/home/user/ros2_ws/dynamic_ws/src/marvin_sim/src/c_atsvi_node.cpp:[m[K In function ‘[01m[Kint main(int, char**)[m[K’:
[4.106s] [01m[K/home/user/ros2_ws/dynamic_ws/src/marvin_sim/src/c_atsvi_node.cpp:660:37:[m[K [01;31m[Kerror: [m[Ktoo few arguments to function ‘[01m[Kstd::pair<Eigen::Matrix<double, -1, 1>, SolverInfo> solve_q_next(const ModelAD&, DataAD&, const Vec&, const Vec&, const Vec&, double, double, int, double)[m[K’
[4.107s]   660 |         Vec q_next_ph = [01;31m[Ksolve_q_next(model_ad, data_ad, q_history[q_history.size()-2],[m[K
[4.107s]       |                         [01;31m[K~~~~~~~~~~~~^~~~~~~~~~~~~~~~~~~~~~~~~~~~~~~~~~~~~~~~~~~~~~~~~~[m[K
[4.107s]   661 | [01;31m[K                                           q_history[q_history.size()-1], tau_k, h + eps_h)[m[K.first;
[4.107s]       |                                            [01;31m[K~~~~~~~~~~~~~~~~~~~~~~~~~~~~~~~~~~~~~~~~~~~~~~~~[m[K
[4.107s] [01m[K/home/user/ros2_ws/dynamic_ws/src/marvin_sim/src/c_atsvi_node.cpp:264:28:[m[K [01;36m[Knote: [m[Kdeclared here
[4.107s]   264 | std::pair<Vec, SolverInfo> [01;36m[Ksolve_q_next[m[K(const ModelAD &model_ad,
[4.107s]       |                            [01;36m[K^~~~~~~~~~~~[m[K
[4.107s] [01m[K/home/user/ros2_ws/dynamic_ws/src/marvin_sim/src/c_atsvi_node.cpp:662:37:[m[K [01;31m[Kerror: [m[Ktoo few arguments to function ‘[01m[Kstd::pair<Eigen::Matrix<double, -1, 1>, SolverInfo> solve_q_next(const ModelAD&, DataAD&, const Vec&, const Vec&, const Vec&, double, double, int, double)[m[K’
[4.107s]   662 |         Vec q_next_mh = [01;31m[Ksolve_q_next(model_ad, data_ad, q_history[q_history.size()-2],[m[K
[4.107s]       |                         [01;31m[K~~~~~~~~~~~~^~~~~~~~~~~~~~~~~~~~~~~~~~~~~~~~~~~~~~~~~~~~~~~~~~[m[K
[4.107s]   663 | [01;31m[K                                           q_history[q_history.size()-1], tau_k, h - eps_h)[m[K.first;
[4.107s]       |                                            [01;31m[K~~~~~~~~~~~~~~~~~~~~~~~~~~~~~~~~~~~~~~~~~~~~~~~~[m[K
[4.107s] [01m[K/home/user/ros2_ws/dynamic_ws/src/marvin_sim/src/c_atsvi_node.cpp:264:28:[m[K [01;36m[Knote: [m[Kdeclared here
[4.107s]   264 | std::pair<Vec, SolverInfo> [01;36m[Ksolve_q_next[m[K(const ModelAD &model_ad,
[4.107s]       |                            [01;36m[K^~~~~~~~~~~~[m[K
[4.110s] [01m[K/home/user/ros2_ws/dynamic_ws/src/marvin_sim/src/c_atsvi_node.cpp:536:12:[m[K [01;35m[Kwarning: [m[Kunused variable ‘[01m[KE_prev[m[K’ [[01;35m[K]8;;https://gcc.gnu.org/onlinedocs/gcc/Warning-Options.html#index-Wunused-variable-Wunused-variable]8;;[m[K]
[4.110s]   536 |     double [01;35m[KE_prev[m[K = E_curr;  // 用于 force-off 之后的重置
[4.110s]       |            [01;35m[K^~~~~~[m[K
[36.023s] gmake[2]: *** [CMakeFiles/c_atsvi_node.dir/build.make:76: CMakeFiles/c_atsvi_node.dir/src/c_atsvi_node.cpp.o] Error 1
[36.023s] gmake[1]: *** [CMakeFiles/Makefile2:193: CMakeFiles/c_atsvi_node.dir/all] Error 2
[36.023s] gmake: *** [Makefile:146: all] Error 2
[36.025s] Invoked command in '/home/user/ros2_ws/dynamic_ws/build/marvin_sim' returned '2': CMAKE_PREFIX_PATH=/opt/openrobots:/home/user/ros2_ws/dynamic_ws/install/w10_moveit_kinematics:/home/user/ros2_ws/dynamic_ws/install/w10_kinematics:/home/user/ros2_ws/dynamic_ws/install/w10_sim:/home/user/ros2_ws/dynamic_ws/install/w10_force_sim:/home/user/ros2_ws/dynamic_ws/install/vi_2p:/home/user/ros2_ws/dynamic_ws/install/vi:/home/user/ros2_ws/dynamic_ws/install/show_urdf:/home/user/ros2_ws/dynamic_ws/install/marvin_sim:/opt/ros/humble:/home/user/ros2_ws/w10_ws/install/w10-urdf:/home/user/ros2_ws/w10_ws/install/urdf_visualization:/opt/openrobots: /usr/bin/cmake --build /home/user/ros2_ws/dynamic_ws/build/marvin_sim -- -j32 -l32
