[0.009s] Invoking command in '/home/user/ros2_ws/dynamic_ws/build/w10_force': CMAKE_PREFIX_PATH=/home/user/ros2_ws/dynamic_ws/install/w10_sim:/home/user/ros2_ws/dynamic_ws/install/w10_force:/opt/openrobots:/home/user/ros2_ws/dynamic_ws/install/w10_moveit_kinematics:/home/user/ros2_ws/dynamic_ws/install/w10_kinematics:/home/user/ros2_ws/dynamic_ws/install/vi_2p:/home/user/ros2_ws/dynamic_ws/install/vi:/opt/ros/humble:/home/user/ros2_ws/w10_ws/install/w10-urdf:/home/user/ros2_ws/w10_ws/install/urdf_visualization:/opt/openrobots /usr/bin/cmake --build /home/user/ros2_ws/dynamic_ws/build/w10_force -- -j32 -l32
[0.032s] -- Found ament_cmake_auto: 1.3.12 (/opt/ros/humble/share/ament_cmake_auto/cmake)
[0.182s] -- pinocchio_default FOUND. pinocchio_default at /opt/openrobots/lib/libpinocchio_default.so
[0.182s] -- pinocchio_parsers FOUND. pinocchio_parsers at /opt/openrobots/lib/libpinocchio_parsers.so
[0.182s] -- pinocchio_casadi FOUND. pinocchio_casadi at /opt/openrobots/lib/libpinocchio_casadi.so
[0.191s] -- boost_filesystem FOUND. boost_filesystem at /usr/lib/x86_64-linux-gnu/libboost_filesystem.so
[0.192s] -- boost_serialization FOUND. boost_serialization at /usr/lib/x86_64-linux-gnu/libboost_serialization.so
[0.192s] -- boost_system FOUND. boost_system at /usr/lib/x86_64-linux-gnu/libboost_system.so
[0.201s] CMake Warning at /opt/openrobots/lib/cmake/hpp-fcl/hpp-fclConfig.cmake:3 (message):
[0.201s]   Please update your CMake from 'hpp-fcl' to 'coal'
[0.201s] Call Stack (most recent call first):
[0.201s]   /usr/share/cmake-3.22/Modules/CMakeFindDependencyMacro.cmake:47 (find_package)
[0.201s]   /opt/openrobots/lib/cmake/pinocchio/pinocchioConfig.cmake:161 (find_dependency)
[0.201s]   /opt/ros/humble/share/ament_cmake_auto/cmake/ament_auto_find_build_dependencies.cmake:67 (find_package)
[0.201s]   CMakeLists.txt:12 (ament_auto_find_build_dependencies)
[0.201s] 
[0.202s] 
[0.202s] -- coal FOUND. coal at /opt/openrobots/lib/libcoal.so
[0.436s] -- Default C++ standard: 201703
[0.436s] -- C++ standard sufficient: Minimal required 11, currently defined: 17
[0.436s] -- CMAKE_CXX_STANDARD was not set: automatically set to currently defined standard 17
[0.436s] -- C++ standard sufficient: Minimal required 11, currently defined: 17
[0.454s] -- Found rosidl_generator_c: 3.1.7 (/opt/ros/humble/share/rosidl_generator_c/cmake)
[0.456s] -- Found rosidl_adapter: 3.1.7 (/opt/ros/humble/share/rosidl_adapter/cmake)
[0.461s] -- Found rosidl_generator_cpp: 3.1.7 (/opt/ros/humble/share/rosidl_generator_cpp/cmake)
[0.468s] -- Using all available rosidl_typesupport_c: rosidl_typesupport_fastrtps_c;rosidl_typesupport_introspection_c
[0.477s] -- Using all available rosidl_typesupport_cpp: rosidl_typesupport_fastrtps_cpp;rosidl_typesupport_introspection_cpp
[0.504s] -- Found rmw_implementation_cmake: 6.1.2 (/opt/ros/humble/share/rmw_implementation_cmake/cmake)
[0.505s] -- Found rmw_fastrtps_cpp: 6.2.9 (/opt/ros/humble/share/rmw_fastrtps_cpp/cmake)
[0.586s] -- Using RMW implementation 'rmw_fastrtps_cpp' as default
[0.642s] -- Found eigen3_cmake_module: 0.1.1 (/opt/ros/humble/share/eigen3_cmake_module/cmake)
[0.643s] -- Ensuring Eigen3 include directory is part of orocos-kdl CMake target
[0.737s] -- Found ament_lint_auto: 0.12.14 (/opt/ros/humble/share/ament_lint_auto/cmake)
[0.740s] In this package, headers install destination is set to `include` by ament_auto_package. It is recommended to install `include/w10_force` instead and will be the default behavior of ament_auto_package from ROS 2 Kilted Kaiju. On distributions before Kilted, ament_auto_package behaves the same way when you use USE_SCOPED_HEADER_INSTALL_DIR option.
[0.744s] -- Added test 'cppcheck' to perform static code analysis on C / C++ code
[0.744s] -- Configured cppcheck include dirs: /home/user/ros2_ws/dynamic_ws/src/w10_force/include;$<BUILD_INTERFACE:/home/user/ros2_ws/dynamic_ws/src/w10_force/include>
[0.744s] -- Configured cppcheck exclude dirs and/or files: 
[0.745s] -- Added test 'lint_cmake' to check CMake code style
[0.746s] -- Added test 'uncrustify' to check C / C++ code style
[0.746s] -- Configured uncrustify additional arguments: 
[0.747s] -- Added test 'xmllint' to check XML markup files
[0.748s] -- Configuring done
[0.761s] -- Generating done
[0.765s] -- Build files have been written to: /home/user/ros2_ws/dynamic_ws/build/w10_force
[0.809s] Consolidate compiler generated dependencies of target force_controller
[0.827s] [ 50%] Built target force_controller
[0.862s] Consolidate compiler generated dependencies of target force_control_node
[0.883s] [ 75%] Building CXX object CMakeFiles/force_control_node.dir/src/force_control_node.cpp.o
[4.916s] In file included from /opt/openrobots/include/hpp/fcl/config.hh:1,
[4.916s]                  from /opt/openrobots/include/pinocchio/serialization/eigen.hpp:20,
[4.916s]                  from /opt/openrobots/include/pinocchio/serialization/fwd.hpp:11,
[4.916s]                  from /opt/openrobots/include/pinocchio/multibody/joint/joint-composite.hpp:14,
[4.916s]                  from /opt/openrobots/include/pinocchio/multibody/joint/joint-generic.hpp:9,
[4.916s]                  from /opt/openrobots/include/pinocchio/multibody/model.hpp:17,
[4.916s]                  from /home/user/ros2_ws/dynamic_ws/src/w10_force/include/w10_force/force_controller.hpp:6,
[4.916s]                  from /home/user/ros2_ws/dynamic_ws/src/w10_force/src/force_control_node.cpp:2:
[4.916s] /opt/openrobots/include/hpp/fcl/coal.hpp:10:71: note: ‘#pragma message: Please update your includes from 'hpp/fcl' to 'coal'’
[4.916s]    10 | #pragma message("Please update your includes from 'hpp/fcl' to 'coal'")
[4.916s]       |                                                                       ^
[6.461s] [100%] Linking CXX executable force_control_node
[6.665s] [100%] Built target force_control_node
[6.673s] Invoked command in '/home/user/ros2_ws/dynamic_ws/build/w10_force' returned '0': CMAKE_PREFIX_PATH=/home/user/ros2_ws/dynamic_ws/install/w10_sim:/home/user/ros2_ws/dynamic_ws/install/w10_force:/opt/openrobots:/home/user/ros2_ws/dynamic_ws/install/w10_moveit_kinematics:/home/user/ros2_ws/dynamic_ws/install/w10_kinematics:/home/user/ros2_ws/dynamic_ws/install/vi_2p:/home/user/ros2_ws/dynamic_ws/install/vi:/opt/ros/humble:/home/user/ros2_ws/w10_ws/install/w10-urdf:/home/user/ros2_ws/w10_ws/install/urdf_visualization:/opt/openrobots /usr/bin/cmake --build /home/user/ros2_ws/dynamic_ws/build/w10_force -- -j32 -l32
[6.680s] Invoking command in '/home/user/ros2_ws/dynamic_ws/build/w10_force': CMAKE_PREFIX_PATH=/home/user/ros2_ws/dynamic_ws/install/w10_sim:/home/user/ros2_ws/dynamic_ws/install/w10_force:/opt/openrobots:/home/user/ros2_ws/dynamic_ws/install/w10_moveit_kinematics:/home/user/ros2_ws/dynamic_ws/install/w10_kinematics:/home/user/ros2_ws/dynamic_ws/install/vi_2p:/home/user/ros2_ws/dynamic_ws/install/vi:/opt/ros/humble:/home/user/ros2_ws/w10_ws/install/w10-urdf:/home/user/ros2_ws/w10_ws/install/urdf_visualization:/opt/openrobots /usr/bin/cmake --install /home/user/ros2_ws/dynamic_ws/build/w10_force
[6.685s] -- Install configuration: ""
[6.685s] -- Installing: /home/user/ros2_ws/dynamic_ws/install/w10_force/lib/libforce_controller.a
[6.686s] -- Installing: /home/user/ros2_ws/dynamic_ws/install/w10_force/lib/w10_force/force_control_node
[6.699s] -- Set runtime path of "/home/user/ros2_ws/dynamic_ws/install/w10_force/lib/w10_force/force_control_node" to ""
[6.699s] -- Up-to-date: /home/user/ros2_ws/dynamic_ws/install/w10_force/include
[6.700s] -- Up-to-date: /home/user/ros2_ws/dynamic_ws/install/w10_force/include/w10_force
[6.700s] -- Installing: /home/user/ros2_ws/dynamic_ws/install/w10_force/include/w10_force/force_controller.hpp
[6.700s] -- Up-to-date: /home/user/ros2_ws/dynamic_ws/install/w10_force/include
[6.700s] -- Up-to-date: /home/user/ros2_ws/dynamic_ws/install/w10_force/include/w10_force
[6.700s] -- Up-to-date: /home/user/ros2_ws/dynamic_ws/install/w10_force/include/w10_force/force_controller.hpp
[6.700s] -- Installing: /home/user/ros2_ws/dynamic_ws/install/w10_force/share/ament_index/resource_index/package_run_dependencies/w10_force
[6.700s] -- Up-to-date: /home/user/ros2_ws/dynamic_ws/install/w10_force/share/ament_index/resource_index/parent_prefix_path/w10_force
[6.700s] -- Up-to-date: /home/user/ros2_ws/dynamic_ws/install/w10_force/share/w10_force/environment/ament_prefix_path.sh
[6.700s] -- Installing: /home/user/ros2_ws/dynamic_ws/install/w10_force/share/w10_force/environment/ament_prefix_path.dsv
[6.700s] -- Up-to-date: /home/user/ros2_ws/dynamic_ws/install/w10_force/share/w10_force/environment/path.sh
[6.700s] -- Installing: /home/user/ros2_ws/dynamic_ws/install/w10_force/share/w10_force/environment/path.dsv
[6.700s] -- Up-to-date: /home/user/ros2_ws/dynamic_ws/install/w10_force/share/w10_force/local_setup.bash
[6.700s] -- Installing: /home/user/ros2_ws/dynamic_ws/install/w10_force/share/w10_force/local_setup.sh
[6.700s] -- Up-to-date: /home/user/ros2_ws/dynamic_ws/install/w10_force/share/w10_force/local_setup.zsh
[6.700s] -- Installing: /home/user/ros2_ws/dynamic_ws/install/w10_force/share/w10_force/local_setup.dsv
[6.700s] -- Installing: /home/user/ros2_ws/dynamic_ws/install/w10_force/share/w10_force/package.dsv
[6.700s] -- Up-to-date: /home/user/ros2_ws/dynamic_ws/install/w10_force/share/ament_index/resource_index/packages/w10_force
[6.700s] -- Installing: /home/user/ros2_ws/dynamic_ws/install/w10_force/share/w10_force/cmake/ament_cmake_export_dependencies-extras.cmake
[6.701s] -- Up-to-date: /home/user/ros2_ws/dynamic_ws/install/w10_force/share/w10_force/cmake/ament_cmake_export_include_directories-extras.cmake
[6.701s] -- Installing: /home/user/ros2_ws/dynamic_ws/install/w10_force/share/w10_force/cmake/w10_forceConfig.cmake
[6.701s] -- Up-to-date: /home/user/ros2_ws/dynamic_ws/install/w10_force/share/w10_force/cmake/w10_forceConfig-version.cmake
[6.701s] -- Installing: /home/user/ros2_ws/dynamic_ws/install/w10_force/share/w10_force/package.xml
[6.702s] Invoked command in '/home/user/ros2_ws/dynamic_ws/build/w10_force' returned '0': CMAKE_PREFIX_PATH=/home/user/ros2_ws/dynamic_ws/install/w10_sim:/home/user/ros2_ws/dynamic_ws/install/w10_force:/opt/openrobots:/home/user/ros2_ws/dynamic_ws/install/w10_moveit_kinematics:/home/user/ros2_ws/dynamic_ws/install/w10_kinematics:/home/user/ros2_ws/dynamic_ws/install/vi_2p:/home/user/ros2_ws/dynamic_ws/install/vi:/opt/ros/humble:/home/user/ros2_ws/w10_ws/install/w10-urdf:/home/user/ros2_ws/w10_ws/install/urdf_visualization:/opt/openrobots /usr/bin/cmake --install /home/user/ros2_ws/dynamic_ws/build/w10_force
