[0.022s] Invoking command in '/home/user/ros2_ws/dynamic_ws/build/w10_sim': CMAKE_PREFIX_PATH=/opt/openrobots:/home/user/ros2_ws/dynamic_ws/install/w10_moveit_kinematics:/home/user/ros2_ws/dynamic_ws/install/w10_kinematics:/home/user/ros2_ws/dynamic_ws/install/w10_sim:/home/user/ros2_ws/dynamic_ws/install/w10_force_sim:/home/user/ros2_ws/dynamic_ws/install/vi_2p:/home/user/ros2_ws/dynamic_ws/install/vi:/home/user/ros2_ws/dynamic_ws/install/show_urdf:/home/user/ros2_ws/dynamic_ws/install/marvin_sim:/opt/ros/humble:/home/user/ros2_ws/w10_ws/install/w10-urdf:/home/user/ros2_ws/w10_ws/install/urdf_visualization:/opt/openrobots: /usr/bin/cmake --build /home/user/ros2_ws/dynamic_ws/build/w10_sim -- -j32 -l32
[0.073s] [ 50%] Built target ctsvi_ad_node
[0.073s] [ 50%] Built target ctsvi_w10_node
[0.073s] [ 60%] Built target ctsvi_node
[0.073s] [ 80%] Built target etsvi_node
[0.074s] [100%] Built target atsvi_ad_node
[0.081s] Invoked command in '/home/user/ros2_ws/dynamic_ws/build/w10_sim' returned '0': CMAKE_PREFIX_PATH=/opt/openrobots:/home/user/ros2_ws/dynamic_ws/install/w10_moveit_kinematics:/home/user/ros2_ws/dynamic_ws/install/w10_kinematics:/home/user/ros2_ws/dynamic_ws/install/w10_sim:/home/user/ros2_ws/dynamic_ws/install/w10_force_sim:/home/user/ros2_ws/dynamic_ws/install/vi_2p:/home/user/ros2_ws/dynamic_ws/install/vi:/home/user/ros2_ws/dynamic_ws/install/show_urdf:/home/user/ros2_ws/dynamic_ws/install/marvin_sim:/opt/ros/humble:/home/user/ros2_ws/w10_ws/install/w10-urdf:/home/user/ros2_ws/w10_ws/install/urdf_visualization:/opt/openrobots: /usr/bin/cmake --build /home/user/ros2_ws/dynamic_ws/build/w10_sim -- -j32 -l32
[0.082s] Invoking command in '/home/user/ros2_ws/dynamic_ws/build/w10_sim': CMAKE_PREFIX_PATH=/opt/openrobots:/home/user/ros2_ws/dynamic_ws/install/w10_moveit_kinematics:/home/user/ros2_ws/dynamic_ws/install/w10_kinematics:/home/user/ros2_ws/dynamic_ws/install/w10_sim:/home/user/ros2_ws/dynamic_ws/install/w10_force_sim:/home/user/ros2_ws/dynamic_ws/install/vi_2p:/home/user/ros2_ws/dynamic_ws/install/vi:/home/user/ros2_ws/dynamic_ws/install/show_urdf:/home/user/ros2_ws/dynamic_ws/install/marvin_sim:/opt/ros/humble:/home/user/ros2_ws/w10_ws/install/w10-urdf:/home/user/ros2_ws/w10_ws/install/urdf_visualization:/opt/openrobots: /usr/bin/cmake --install /home/user/ros2_ws/dynamic_ws/build/w10_sim
[0.087s] -- Install configuration: ""
[0.087s] -- Up-to-date: /home/user/ros2_ws/dynamic_ws/install/w10_sim/share/w10_sim/urdf
[0.087s] -- Up-to-date: /home/user/ros2_ws/dynamic_ws/install/w10_sim/share/w10_sim/urdf/7_pendulum.urdf
[0.088s] -- Up-to-date: /home/user/ros2_ws/dynamic_ws/install/w10_sim/share/w10_sim/urdf/w10.csv
[0.088s] -- Up-to-date: /home/user/ros2_ws/dynamic_ws/install/w10_sim/share/w10_sim/urdf/w10new.urdf
[0.088s] -- Up-to-date: /home/user/ros2_ws/dynamic_ws/install/w10_sim/share/w10_sim/urdf/w10_body.urdf
[0.089s] -- Up-to-date: /home/user/ros2_ws/dynamic_ws/install/w10_sim/share/w10_sim/urdf/w10.urdf
[0.089s] -- Up-to-date: /home/user/ros2_ws/dynamic_ws/install/w10_sim/share/w10_sim/urdf/1_pendulum.urdf
[0.089s] -- Up-to-date: /home/user/ros2_ws/dynamic_ws/install/w10_sim/share/w10_sim/meshes
[0.089s] -- Up-to-date: /home/user/ros2_ws/dynamic_ws/install/w10_sim/share/w10_sim/meshes/base_link.STL
[0.089s] -- Up-to-date: /home/user/ros2_ws/dynamic_ws/install/w10_sim/share/w10_sim/meshes/Link6.STL
[0.089s] -- Up-to-date: /home/user/ros2_ws/dynamic_ws/install/w10_sim/share/w10_sim/meshes/Link1.STL
[0.089s] -- Up-to-date: /home/user/ros2_ws/dynamic_ws/install/w10_sim/share/w10_sim/meshes/Link7.STL
[0.090s] -- Up-to-date: /home/user/ros2_ws/dynamic_ws/install/w10_sim/share/w10_sim/meshes/Link4.STL
[0.090s] -- Up-to-date: /home/user/ros2_ws/dynamic_ws/install/w10_sim/share/w10_sim/meshes/Link3.STL
[0.090s] -- Up-to-date: /home/user/ros2_ws/dynamic_ws/install/w10_sim/share/w10_sim/meshes/Link2.STL
[0.090s] -- Up-to-date: /home/user/ros2_ws/dynamic_ws/install/w10_sim/share/w10_sim/meshes/Link5.STL
[0.091s] -- Up-to-date: /home/user/ros2_ws/dynamic_ws/install/w10_sim/share/w10_sim/launch
[0.091s] -- Up-to-date: /home/user/ros2_ws/dynamic_ws/install/w10_sim/share/w10_sim/launch/display_urdf.launch.py
[0.091s] -- Up-to-date: /home/user/ros2_ws/dynamic_ws/install/w10_sim/share/w10_sim/launch/ctsvi_w10.launch.py
[0.091s] -- Up-to-date: /home/user/ros2_ws/dynamic_ws/install/w10_sim/share/w10_sim/launch/display_urdf_headless.launch.py
[0.091s] -- Up-to-date: /home/user/ros2_ws/dynamic_ws/install/w10_sim/share/w10_sim/launch/ctsvi_ad.launch.py
[0.092s] -- Up-to-date: /home/user/ros2_ws/dynamic_ws/install/w10_sim/share/w10_sim/launch/__pycache__
[0.092s] -- Up-to-date: /home/user/ros2_ws/dynamic_ws/install/w10_sim/share/w10_sim/launch/__pycache__/display_urdf_headless.launch.cpython-310.pyc
[0.092s] -- Up-to-date: /home/user/ros2_ws/dynamic_ws/install/w10_sim/share/w10_sim/config
[0.092s] -- Up-to-date: /home/user/ros2_ws/dynamic_ws/install/w10_sim/share/w10_sim/config/plot_config.yaml
[0.092s] -- Up-to-date: /home/user/ros2_ws/dynamic_ws/install/w10_sim/share/w10_sim/config/vi_params.yaml
[0.092s] -- Up-to-date: /home/user/ros2_ws/dynamic_ws/install/w10_sim/share/w10_sim/rviz
[0.092s] -- Up-to-date: /home/user/ros2_ws/dynamic_ws/install/w10_sim/share/w10_sim/rviz/w10.rviz
[0.092s] -- Up-to-date: /home/user/ros2_ws/dynamic_ws/install/w10_sim/share/w10_sim/scripts
[0.092s] -- Up-to-date: /home/user/ros2_ws/dynamic_ws/install/w10_sim/share/w10_sim/scripts/w10_joint_controller.py
[0.092s] -- Up-to-date: /home/user/ros2_ws/dynamic_ws/install/w10_sim/share/w10_sim/scripts/generate_urdf_from_dh.py
[0.092s] -- Up-to-date: /home/user/ros2_ws/dynamic_ws/install/w10_sim/share/w10_sim/scripts/rviz_diagnose.py
[0.093s] -- Up-to-date: /home/user/ros2_ws/dynamic_ws/install/w10_sim/share/w10_sim/scripts/analyze_vi_results.py
[0.093s] -- Up-to-date: /home/user/ros2_ws/dynamic_ws/install/w10_sim/share/w10_sim/scripts/extract_dh_params.py
[0.093s] -- Up-to-date: /home/user/ros2_ws/dynamic_ws/install/w10_sim/share/w10_sim/scripts/__pycache__
[0.093s] -- Up-to-date: /home/user/ros2_ws/dynamic_ws/install/w10_sim/share/w10_sim/scripts/__pycache__/analyze_vi_results.cpython-310.pyc
[0.093s] -- Up-to-date: /home/user/ros2_ws/dynamic_ws/install/w10_sim/share/w10_sim/scripts/vi_sim.py
[0.093s] -- Up-to-date: /home/user/ros2_ws/dynamic_ws/install/w10_sim/lib/w10_sim/vi_sim.py
[0.093s] -- Up-to-date: /home/user/ros2_ws/dynamic_ws/install/w10_sim/lib/w10_sim/analyze_vi_results.py
[0.093s] -- Up-to-date: /home/user/ros2_ws/dynamic_ws/install/w10_sim/include
[0.093s] -- Up-to-date: /home/user/ros2_ws/dynamic_ws/install/w10_sim/include/w10_sim
[0.093s] -- Up-to-date: /home/user/ros2_ws/dynamic_ws/install/w10_sim/lib/w10_sim/ctsvi_node
[0.094s] -- Up-to-date: /home/user/ros2_ws/dynamic_ws/install/w10_sim/lib/w10_sim/ctsvi_w10_node
[0.094s] -- Up-to-date: /home/user/ros2_ws/dynamic_ws/install/w10_sim/lib/w10_sim/ctsvi_ad_node
[0.094s] -- Up-to-date: /home/user/ros2_ws/dynamic_ws/install/w10_sim/lib/w10_sim/atsvi_ad_node
[0.094s] -- Up-to-date: /home/user/ros2_ws/dynamic_ws/install/w10_sim/lib/w10_sim/etsvi_node
[0.094s] -- Up-to-date: /home/user/ros2_ws/dynamic_ws/install/w10_sim/share/ament_index/resource_index/package_run_dependencies/w10_sim
[0.094s] -- Up-to-date: /home/user/ros2_ws/dynamic_ws/install/w10_sim/share/ament_index/resource_index/parent_prefix_path/w10_sim
[0.095s] -- Up-to-date: /home/user/ros2_ws/dynamic_ws/install/w10_sim/share/w10_sim/environment/ament_prefix_path.sh
[0.095s] -- Up-to-date: /home/user/ros2_ws/dynamic_ws/install/w10_sim/share/w10_sim/environment/ament_prefix_path.dsv
[0.095s] -- Up-to-date: /home/user/ros2_ws/dynamic_ws/install/w10_sim/share/w10_sim/environment/path.sh
[0.095s] -- Up-to-date: /home/user/ros2_ws/dynamic_ws/install/w10_sim/share/w10_sim/environment/path.dsv
[0.095s] -- Up-to-date: /home/user/ros2_ws/dynamic_ws/install/w10_sim/share/w10_sim/local_setup.bash
[0.096s] -- Up-to-date: /home/user/ros2_ws/dynamic_ws/install/w10_sim/share/w10_sim/local_setup.sh
[0.096s] -- Up-to-date: /home/user/ros2_ws/dynamic_ws/install/w10_sim/share/w10_sim/local_setup.zsh
[0.096s] -- Up-to-date: /home/user/ros2_ws/dynamic_ws/install/w10_sim/share/w10_sim/local_setup.dsv
[0.096s] -- Installing: /home/user/ros2_ws/dynamic_ws/install/w10_sim/share/w10_sim/package.dsv
[0.096s] -- Up-to-date: /home/user/ros2_ws/dynamic_ws/install/w10_sim/share/ament_index/resource_index/packages/w10_sim
[0.096s] -- Up-to-date: /home/user/ros2_ws/dynamic_ws/install/w10_sim/share/w10_sim/cmake/ament_cmake_export_dependencies-extras.cmake
[0.097s] -- Up-to-date: /home/user/ros2_ws/dynamic_ws/install/w10_sim/share/w10_sim/cmake/ament_cmake_export_include_directories-extras.cmake
[0.097s] -- Up-to-date: /home/user/ros2_ws/dynamic_ws/install/w10_sim/share/w10_sim/cmake/w10_simConfig.cmake
[0.097s] -- Up-to-date: /home/user/ros2_ws/dynamic_ws/install/w10_sim/share/w10_sim/cmake/w10_simConfig-version.cmake
[0.097s] -- Up-to-date: /home/user/ros2_ws/dynamic_ws/install/w10_sim/share/w10_sim/package.xml
[0.100s] Invoked command in '/home/user/ros2_ws/dynamic_ws/build/w10_sim' returned '0': CMAKE_PREFIX_PATH=/opt/openrobots:/home/user/ros2_ws/dynamic_ws/install/w10_moveit_kinematics:/home/user/ros2_ws/dynamic_ws/install/w10_kinematics:/home/user/ros2_ws/dynamic_ws/install/w10_sim:/home/user/ros2_ws/dynamic_ws/install/w10_force_sim:/home/user/ros2_ws/dynamic_ws/install/vi_2p:/home/user/ros2_ws/dynamic_ws/install/vi:/home/user/ros2_ws/dynamic_ws/install/show_urdf:/home/user/ros2_ws/dynamic_ws/install/marvin_sim:/opt/ros/humble:/home/user/ros2_ws/w10_ws/install/w10-urdf:/home/user/ros2_ws/w10_ws/install/urdf_visualization:/opt/openrobots: /usr/bin/cmake --install /home/user/ros2_ws/dynamic_ws/build/w10_sim
