[0.009s] Invoking command in '/home/user/ros2_ws/dynamic_ws/build/vi': CMAKE_PREFIX_PATH=/opt/openrobots:/home/user/ros2_ws/dynamic_ws/install/w10_moveit_kinematics:/home/user/ros2_ws/dynamic_ws/install/w10_kinematics:/home/user/ros2_ws/dynamic_ws/install/w10_sim:/home/user/ros2_ws/dynamic_ws/install/vi_2p:/home/user/ros2_ws/dynamic_ws/install/vi:/opt/ros/humble:/home/user/ros2_ws/w10_ws/install/w10-urdf:/home/user/ros2_ws/w10_ws/install/urdf_visualization:/opt/openrobots: /usr/bin/cmake /home/user/ros2_ws/dynamic_ws/src/vi -DCMAKE_INSTALL_PREFIX=/home/user/ros2_ws/dynamic_ws/install/vi
[0.086s] -- The C compiler identification is GNU 11.4.0
[0.145s] -- The CXX compiler identification is GNU 11.4.0
[0.161s] -- Detecting C compiler ABI info
[0.230s] -- Detecting C compiler ABI info - done
[0.235s] -- Check for working C compiler: /usr/bin/cc - skipped
[0.235s] -- Detecting C compile features
[0.235s] -- Detecting C compile features - done
[0.247s] -- Detecting CXX compiler ABI info
[0.321s] -- Detecting CXX compiler ABI info - done
[0.327s] -- Check for working CXX compiler: /usr/bin/c++ - skipped
[0.328s] -- Detecting CXX compile features
[0.328s] -- Detecting CXX compile features - done
[0.352s] -- Found ament_cmake_auto: 1.3.12 (/opt/ros/humble/share/ament_cmake_auto/cmake)
[0.466s] -- Found Python3: /usr/bin/python3 (found version "3.10.12") found components: Interpreter 
[0.600s] -- pinocchio_default FOUND. pinocchio_default at /opt/openrobots/lib/libpinocchio_default.so
[0.600s] -- pinocchio_parsers FOUND. pinocchio_parsers at /opt/openrobots/lib/libpinocchio_parsers.so
[0.600s] -- pinocchio_casadi FOUND. pinocchio_casadi at /opt/openrobots/lib/libpinocchio_casadi.so
[0.604s] -- boost_filesystem FOUND. boost_filesystem at /usr/lib/x86_64-linux-gnu/libboost_filesystem.so
[0.605s] -- boost_serialization FOUND. boost_serialization at /usr/lib/x86_64-linux-gnu/libboost_serialization.so
[0.605s] -- boost_system FOUND. boost_system at /usr/lib/x86_64-linux-gnu/libboost_system.so
[0.641s] [33mCMake Warning at /opt/openrobots/lib/cmake/hpp-fcl/hpp-fclConfig.cmake:3 (message):
[0.641s]   Please update your CMake from 'hpp-fcl' to 'coal'
[0.641s] Call Stack (most recent call first):
[0.641s]   /usr/share/cmake-3.22/Modules/CMakeFindDependencyMacro.cmake:47 (find_package)
[0.641s]   /opt/openrobots/lib/cmake/pinocchio/pinocchioConfig.cmake:161 (find_dependency)
[0.641s]   /opt/ros/humble/share/ament_cmake_auto/cmake/ament_auto_find_build_dependencies.cmake:67 (find_package)
[0.641s]   CMakeLists.txt:12 (ament_auto_find_build_dependencies)
[0.641s] 
[0.641s] [0m
[0.641s] -- coal FOUND. coal at /opt/openrobots/lib/libcoal.so
[0.669s] -- Looking for pthread.h
[0.719s] -- Looking for pthread.h - found
[0.719s] -- Performing Test CMAKE_HAVE_LIBC_PTHREAD
[0.774s] -- Performing Test CMAKE_HAVE_LIBC_PTHREAD - Success
[0.775s] -- Found Threads: TRUE  
[0.784s] -- Found Boost: /usr/include (found version "1.74.0") found components: chrono thread date_time serialization filesystem atomic 
[1.011s] -- Default C++ standard: 201703
[1.011s] -- Minimal C++ standard upgraded to 11
[1.011s] -- C++ standard sufficient: Minimal required 11, currently defined: 17
[1.011s] -- CMAKE_CXX_STANDARD was not set: automatically set to currently defined standard 17
[1.012s] -- C++ standard sufficient: Minimal required 11, currently defined: 17
[1.036s] -- Found rosidl_generator_c: 3.1.7 (/opt/ros/humble/share/rosidl_generator_c/cmake)
[1.039s] -- Found rosidl_adapter: 3.1.7 (/opt/ros/humble/share/rosidl_adapter/cmake)
[1.044s] -- Found rosidl_generator_cpp: 3.1.7 (/opt/ros/humble/share/rosidl_generator_cpp/cmake)
[1.052s] -- Using all available rosidl_typesupport_c: rosidl_typesupport_fastrtps_c;rosidl_typesupport_introspection_c
[1.062s] -- Using all available rosidl_typesupport_cpp: rosidl_typesupport_fastrtps_cpp;rosidl_typesupport_introspection_cpp
[1.090s] -- Found rmw_implementation_cmake: 6.1.2 (/opt/ros/humble/share/rmw_implementation_cmake/cmake)
[1.092s] -- Found rmw_fastrtps_cpp: 6.2.9 (/opt/ros/humble/share/rmw_fastrtps_cpp/cmake)
[1.150s] -- Found OpenSSL: /usr/lib/x86_64-linux-gnu/libcrypto.so (found version "3.0.2")  
[1.170s] -- Found FastRTPS: /opt/ros/humble/include  
[1.199s] -- Using RMW implementation 'rmw_fastrtps_cpp' as default
[1.250s] -- Found ament_lint_auto: 0.12.14 (/opt/ros/humble/share/ament_lint_auto/cmake)
[1.959s] -- Added test 'cppcheck' to perform static code analysis on C / C++ code
[1.959s] -- Configured cppcheck include dirs: 
[1.959s] -- Configured cppcheck exclude dirs and/or files: 
[2.049s] -- Added test 'flake8' to check Python code syntax and style conventions
[2.190s] -- Added test 'lint_cmake' to check CMake code style
[2.263s] -- Added test 'pep257' to check Python code against some of the docstring style conventions in PEP 257
[2.834s] -- Added test 'uncrustify' to check C / C++ code style
[2.834s] -- Configured uncrustify additional arguments: 
[2.911s] -- Added test 'xmllint' to check XML markup files
[2.968s] -- Configuring done
[2.988s] -- Generating done
[2.993s] -- Build files have been written to: /home/user/ros2_ws/dynamic_ws/build/vi
[2.999s] Invoked command in '/home/user/ros2_ws/dynamic_ws/build/vi' returned '0': CMAKE_PREFIX_PATH=/opt/openrobots:/home/user/ros2_ws/dynamic_ws/install/w10_moveit_kinematics:/home/user/ros2_ws/dynamic_ws/install/w10_kinematics:/home/user/ros2_ws/dynamic_ws/install/w10_sim:/home/user/ros2_ws/dynamic_ws/install/vi_2p:/home/user/ros2_ws/dynamic_ws/install/vi:/opt/ros/humble:/home/user/ros2_ws/w10_ws/install/w10-urdf:/home/user/ros2_ws/w10_ws/install/urdf_visualization:/opt/openrobots: /usr/bin/cmake /home/user/ros2_ws/dynamic_ws/src/vi -DCMAKE_INSTALL_PREFIX=/home/user/ros2_ws/dynamic_ws/install/vi
[3.001s] Invoking command in '/home/user/ros2_ws/dynamic_ws/build/vi': CMAKE_PREFIX_PATH=/opt/openrobots:/home/user/ros2_ws/dynamic_ws/install/w10_moveit_kinematics:/home/user/ros2_ws/dynamic_ws/install/w10_kinematics:/home/user/ros2_ws/dynamic_ws/install/w10_sim:/home/user/ros2_ws/dynamic_ws/install/vi_2p:/home/user/ros2_ws/dynamic_ws/install/vi:/opt/ros/humble:/home/user/ros2_ws/w10_ws/install/w10-urdf:/home/user/ros2_ws/w10_ws/install/urdf_visualization:/opt/openrobots: /usr/bin/cmake --build /home/user/ros2_ws/dynamic_ws/build/vi -- -j32 -l32
[3.046s] [ 50%] [32mBuilding CXX object CMakeFiles/ctsvi_ad_node.dir/src/ctsvi_ad_node.cpp.o[0m
[3.046s] [ 50%] [32mBuilding CXX object CMakeFiles/etsvi_node.dir/src/etsvi_node.cpp.o[0m
[3.046s] [ 50%] [32mBuilding CXX object CMakeFiles/atsvi_ad_node.dir/src/atsvi_ad_node.cpp.o[0m
[3.046s] [ 50%] [32mBuilding CXX object CMakeFiles/rk4_node.dir/src/rk4_node.cpp.o[0m
[9.081s] [01m[K/home/user/ros2_ws/dynamic_ws/src/vi/src/atsvi_ad_node.cpp:[m[K In function ‘[01m[Kstd::tuple<Eigen::Matrix<double, -1, 1, 0, -1, 1>, double, SolverInfo> solve_q_next_sem_ad(const Model&, pinocchio::Data&, const ModelAD&, DataAD&, const Vec&, const Vec&, double, const Vec&, const Vec&, double, double, int, double, double, double)[m[K’:
[9.081s] [01m[K/home/user/ros2_ws/dynamic_ws/src/vi/src/atsvi_ad_node.cpp:291:16:[m[K [01;35m[Kwarning: [m[Kunused parameter ‘[01m[Ktau_k[m[K’ [[01;35m[K]8;;https://gcc.gnu.org/onlinedocs/gcc/Warning-Options.html#index-Wunused-parameter-Wunused-parameter]8;;[m[K]
[9.081s]   291 |     [01;35m[Kconst Vec &tau_k[m[K,
[9.081s]       |     [01;35m[K~~~~~~~~~~~^~~~~[m[K
[82.691s] [ 62%] [32m[1mLinking CXX executable rk4_node[0m
[85.483s] [ 62%] Built target rk4_node
[92.922s] [ 75%] [32m[1mLinking CXX executable ctsvi_ad_node[0m
[96.267s] [ 75%] Built target ctsvi_ad_node
[99.571s] [ 87%] [32m[1mLinking CXX executable etsvi_node[0m
[102.263s] [ 87%] Built target etsvi_node
[139.721s] [100%] [32m[1mLinking CXX executable atsvi_ad_node[0m
[142.920s] [100%] Built target atsvi_ad_node
[142.943s] Invoked command in '/home/user/ros2_ws/dynamic_ws/build/vi' returned '0': CMAKE_PREFIX_PATH=/opt/openrobots:/home/user/ros2_ws/dynamic_ws/install/w10_moveit_kinematics:/home/user/ros2_ws/dynamic_ws/install/w10_kinematics:/home/user/ros2_ws/dynamic_ws/install/w10_sim:/home/user/ros2_ws/dynamic_ws/install/vi_2p:/home/user/ros2_ws/dynamic_ws/install/vi:/opt/ros/humble:/home/user/ros2_ws/w10_ws/install/w10-urdf:/home/user/ros2_ws/w10_ws/install/urdf_visualization:/opt/openrobots: /usr/bin/cmake --build /home/user/ros2_ws/dynamic_ws/build/vi -- -j32 -l32
[142.945s] Invoking command in '/home/user/ros2_ws/dynamic_ws/build/vi': CMAKE_PREFIX_PATH=/opt/openrobots:/home/user/ros2_ws/dynamic_ws/install/w10_moveit_kinematics:/home/user/ros2_ws/dynamic_ws/install/w10_kinematics:/home/user/ros2_ws/dynamic_ws/install/w10_sim:/home/user/ros2_ws/dynamic_ws/install/vi_2p:/home/user/ros2_ws/dynamic_ws/install/vi:/opt/ros/humble:/home/user/ros2_ws/w10_ws/install/w10-urdf:/home/user/ros2_ws/w10_ws/install/urdf_visualization:/opt/openrobots: /usr/bin/cmake --install /home/user/ros2_ws/dynamic_ws/build/vi
[142.952s] -- Install configuration: ""
[142.952s] -- Installing: /home/user/ros2_ws/dynamic_ws/install/vi/lib/vi/pybullet_sim.py
[142.952s] -- Installing: /home/user/ros2_ws/dynamic_ws/install/vi/lib/vi/plot_7dof_pendulum.py
[142.952s] -- Installing: /home/user/ros2_ws/dynamic_ws/install/vi/lib/vi/render_pendulum.py
[142.952s] -- Installing: /home/user/ros2_ws/dynamic_ws/install/vi/lib/vi/vi_compare_sim.py
[142.952s] -- Installing: /home/user/ros2_ws/dynamic_ws/install/vi/lib/vi/rk4_vi_compare_sim.py
[142.952s] -- Installing: /home/user/ros2_ws/dynamic_ws/install/vi/lib/vi/etsvi_sweep_heatmap.py
[142.953s] -- Installing: /home/user/ros2_ws/dynamic_ws/install/vi/lib/vi/ctsvi_ad_node
[142.954s] -- Set runtime path of "/home/user/ros2_ws/dynamic_ws/install/vi/lib/vi/ctsvi_ad_node" to ""
[142.954s] -- Installing: /home/user/ros2_ws/dynamic_ws/install/vi/lib/vi/atsvi_ad_node
[142.998s] -- Set runtime path of "/home/user/ros2_ws/dynamic_ws/install/vi/lib/vi/atsvi_ad_node" to ""
[142.998s] -- Installing: /home/user/ros2_ws/dynamic_ws/install/vi/lib/vi/etsvi_node
[142.999s] -- Set runtime path of "/home/user/ros2_ws/dynamic_ws/install/vi/lib/vi/etsvi_node" to ""
[142.999s] -- Installing: /home/user/ros2_ws/dynamic_ws/install/vi/lib/vi/rk4_node
[143.000s] -- Set runtime path of "/home/user/ros2_ws/dynamic_ws/install/vi/lib/vi/rk4_node" to ""
[143.001s] -- Installing: /home/user/ros2_ws/dynamic_ws/install/vi/share/ament_index/resource_index/package_run_dependencies/vi
[143.001s] -- Installing: /home/user/ros2_ws/dynamic_ws/install/vi/share/ament_index/resource_index/parent_prefix_path/vi
[143.001s] -- Installing: /home/user/ros2_ws/dynamic_ws/install/vi/share/vi/environment/ament_prefix_path.sh
[143.001s] -- Installing: /home/user/ros2_ws/dynamic_ws/install/vi/share/vi/environment/ament_prefix_path.dsv
[143.001s] -- Installing: /home/user/ros2_ws/dynamic_ws/install/vi/share/vi/environment/path.sh
[143.001s] -- Installing: /home/user/ros2_ws/dynamic_ws/install/vi/share/vi/environment/path.dsv
[143.002s] -- Installing: /home/user/ros2_ws/dynamic_ws/install/vi/share/vi/local_setup.bash
[143.002s] -- Installing: /home/user/ros2_ws/dynamic_ws/install/vi/share/vi/local_setup.sh
[143.002s] -- Installing: /home/user/ros2_ws/dynamic_ws/install/vi/share/vi/local_setup.zsh
[143.002s] -- Installing: /home/user/ros2_ws/dynamic_ws/install/vi/share/vi/local_setup.dsv
[143.002s] -- Installing: /home/user/ros2_ws/dynamic_ws/install/vi/share/vi/package.dsv
[143.002s] -- Installing: /home/user/ros2_ws/dynamic_ws/install/vi/share/ament_index/resource_index/packages/vi
[143.002s] -- Installing: /home/user/ros2_ws/dynamic_ws/install/vi/share/vi/cmake/ament_cmake_export_dependencies-extras.cmake
[143.003s] -- Installing: /home/user/ros2_ws/dynamic_ws/install/vi/share/vi/cmake/viConfig.cmake
[143.003s] -- Installing: /home/user/ros2_ws/dynamic_ws/install/vi/share/vi/cmake/viConfig-version.cmake
[143.003s] -- Installing: /home/user/ros2_ws/dynamic_ws/install/vi/share/vi/package.xml
[143.005s] Invoked command in '/home/user/ros2_ws/dynamic_ws/build/vi' returned '0': CMAKE_PREFIX_PATH=/opt/openrobots:/home/user/ros2_ws/dynamic_ws/install/w10_moveit_kinematics:/home/user/ros2_ws/dynamic_ws/install/w10_kinematics:/home/user/ros2_ws/dynamic_ws/install/w10_sim:/home/user/ros2_ws/dynamic_ws/install/vi_2p:/home/user/ros2_ws/dynamic_ws/install/vi:/opt/ros/humble:/home/user/ros2_ws/w10_ws/install/w10-urdf:/home/user/ros2_ws/w10_ws/install/urdf_visualization:/opt/openrobots: /usr/bin/cmake --install /home/user/ros2_ws/dynamic_ws/build/vi
