-- Found ament_cmake_auto: 1.3.12 (/opt/ros/humble/share/ament_cmake_auto/cmake)
-- Found rosidl_generator_c: 3.1.7 (/opt/ros/humble/share/rosidl_generator_c/cmake)
-- Found rosidl_adapter: 3.1.7 (/opt/ros/humble/share/rosidl_adapter/cmake)
-- Found rosidl_generator_cpp: 3.1.7 (/opt/ros/humble/share/rosidl_generator_cpp/cmake)
-- Using all available rosidl_typesupport_c: rosidl_typesupport_fastrtps_c;rosidl_typesupport_introspection_c
-- Using all available rosidl_typesupport_cpp: rosidl_typesupport_fastrtps_cpp;rosidl_typesupport_introspection_cpp
-- Found rmw_implementation_cmake: 6.1.2 (/opt/ros/humble/share/rmw_implementation_cmake/cmake)
-- Found rmw_fastrtps_cpp: 6.2.9 (/opt/ros/humble/share/rmw_fastrtps_cpp/cmake)
-- Using RMW implementation 'rmw_fastrtps_cpp' as default
-- pinocchio_default FOUND. pinocchio_default at /opt/openrobots/lib/libpinocchio_default.so
-- pinocchio_parsers FOUND. pinocchio_parsers at /opt/openrobots/lib/libpinocchio_parsers.so
-- pinocchio_casadi FOUND. pinocchio_casadi at /opt/openrobots/lib/libpinocchio_casadi.so
-- boost_filesystem FOUND. boost_filesystem at /usr/lib/x86_64-linux-gnu/libboost_filesystem.so
-- boost_serialization FOUND. boost_serialization at /usr/lib/x86_64-linux-gnu/libboost_serialization.so
-- boost_system FOUND. boost_system at /usr/lib/x86_64-linux-gnu/libboost_system.so
-- coal FOUND. coal at /opt/openrobots/lib/libcoal.so
-- Default C++ standard: 201703
-- C++ standard sufficient: Minimal required 11, currently defined: 17
-- CMAKE_CXX_STANDARD was not set: automatically set to currently defined standard 17
-- C++ standard sufficient: Minimal required 11, currently defined: 17
-- Found ament_lint_auto: 0.12.14 (/opt/ros/humble/share/ament_lint_auto/cmake)
-- Added test 'cppcheck' to perform static code analysis on C / C++ code
-- Configured cppcheck include dirs: 
-- Configured cppcheck exclude dirs and/or files: 
-- Added test 'flake8' to check Python code syntax and style conventions
-- Added test 'lint_cmake' to check CMake code style
-- Added test 'pep257' to check Python code against some of the docstring style conventions in PEP 257
-- Added test 'uncrustify' to check C / C++ code style
-- Configured uncrustify additional arguments: 
-- Added test 'xmllint' to check XML markup files
-- Configuring done
-- Generating done
-- Build files have been written to: /home/user/ros2_ws/dynamic_ws/build/marvin_sim
[35m[1mConsolidate compiler generated dependencies of target atsvi_node[0m
[35m[1mConsolidate compiler generated dependencies of target ctsvi_node[0m
[35m[1mConsolidate compiler generated dependencies of target c_atsvi_node[0m
[ 33%] Built target atsvi_node
[100%] Built target ctsvi_node
[100%] Built target c_atsvi_node
-- Install configuration: "Release"
-- Up-to-date: /home/user/ros2_ws/dynamic_ws/install/marvin_sim/share/marvin_sim/launch
-- Up-to-date: /home/user/ros2_ws/dynamic_ws/install/marvin_sim/share/marvin_sim/launch/replay_rviz.launch.py
-- Up-to-date: /home/user/ros2_ws/dynamic_ws/install/marvin_sim/share/marvin_sim/launch/sim_rviz.launch.py
-- Up-to-date: /home/user/ros2_ws/dynamic_ws/install/marvin_sim/share/marvin_sim/launch/display.launch.py
-- Up-to-date: /home/user/ros2_ws/dynamic_ws/install/marvin_sim/share/marvin_sim/urdf
-- Installing: /home/user/ros2_ws/dynamic_ws/install/marvin_sim/share/marvin_sim/urdf/7_pendulum.urdf
-- Up-to-date: /home/user/ros2_ws/dynamic_ws/install/marvin_sim/share/marvin_sim/urdf/marvin_body.urdf
-- Up-to-date: /home/user/ros2_ws/dynamic_ws/install/marvin_sim/share/marvin_sim/urdf/marvin.urdf
-- Up-to-date: /home/user/ros2_ws/dynamic_ws/install/marvin_sim/share/marvin_sim/meshes
-- Up-to-date: /home/user/ros2_ws/dynamic_ws/install/marvin_sim/share/marvin_sim/meshes/Link3_L.STL
-- Up-to-date: /home/user/ros2_ws/dynamic_ws/install/marvin_sim/share/marvin_sim/meshes/Link2_L.STL
-- Up-to-date: /home/user/ros2_ws/dynamic_ws/install/marvin_sim/share/marvin_sim/meshes/Link1_L.STL
-- Up-to-date: /home/user/ros2_ws/dynamic_ws/install/marvin_sim/share/marvin_sim/meshes/Link7_L.STL
-- Up-to-date: /home/user/ros2_ws/dynamic_ws/install/marvin_sim/share/marvin_sim/meshes/Link6_L.STL
-- Up-to-date: /home/user/ros2_ws/dynamic_ws/install/marvin_sim/share/marvin_sim/meshes/Base_L.STL
-- Up-to-date: /home/user/ros2_ws/dynamic_ws/install/marvin_sim/share/marvin_sim/meshes/Link5_L.STL
-- Up-to-date: /home/user/ros2_ws/dynamic_ws/install/marvin_sim/share/marvin_sim/meshes/Link4_L.STL
-- Up-to-date: /home/user/ros2_ws/dynamic_ws/install/marvin_sim/share/marvin_sim/config
-- Up-to-date: /home/user/ros2_ws/dynamic_ws/install/marvin_sim/share/marvin_sim/config/plot_config.yaml
-- Installing: /home/user/ros2_ws/dynamic_ws/install/marvin_sim/share/marvin_sim/config/vi_params.yaml
-- Up-to-date: /home/user/ros2_ws/dynamic_ws/install/marvin_sim/lib/marvin_sim/vi_sim.py
-- Up-to-date: /home/user/ros2_ws/dynamic_ws/install/marvin_sim/lib/marvin_sim/analyze_vi_results.py
-- Up-to-date: /home/user/ros2_ws/dynamic_ws/install/marvin_sim/lib/marvin_sim/replay_rviz.py
-- Installing: /home/user/ros2_ws/dynamic_ws/install/marvin_sim/lib/marvin_sim/tune_c_atsvi.py
-- Up-to-date: /home/user/ros2_ws/dynamic_ws/install/marvin_sim/lib/marvin_sim/ctsvi_node
-- Up-to-date: /home/user/ros2_ws/dynamic_ws/install/marvin_sim/lib/marvin_sim/atsvi_node
-- Up-to-date: /home/user/ros2_ws/dynamic_ws/install/marvin_sim/lib/marvin_sim/c_atsvi_node
-- Up-to-date: /home/user/ros2_ws/dynamic_ws/install/marvin_sim/share/ament_index/resource_index/package_run_dependencies/marvin_sim
-- Up-to-date: /home/user/ros2_ws/dynamic_ws/install/marvin_sim/share/ament_index/resource_index/parent_prefix_path/marvin_sim
-- Up-to-date: /home/user/ros2_ws/dynamic_ws/install/marvin_sim/share/marvin_sim/environment/ament_prefix_path.sh
-- Installing: /home/user/ros2_ws/dynamic_ws/install/marvin_sim/share/marvin_sim/environment/ament_prefix_path.dsv
-- Up-to-date: /home/user/ros2_ws/dynamic_ws/install/marvin_sim/share/marvin_sim/environment/path.sh
-- Installing: /home/user/ros2_ws/dynamic_ws/install/marvin_sim/share/marvin_sim/environment/path.dsv
-- Up-to-date: /home/user/ros2_ws/dynamic_ws/install/marvin_sim/share/marvin_sim/local_setup.bash
-- Up-to-date: /home/user/ros2_ws/dynamic_ws/install/marvin_sim/share/marvin_sim/local_setup.sh
-- Up-to-date: /home/user/ros2_ws/dynamic_ws/install/marvin_sim/share/marvin_sim/local_setup.zsh
-- Installing: /home/user/ros2_ws/dynamic_ws/install/marvin_sim/share/marvin_sim/local_setup.dsv
-- Installing: /home/user/ros2_ws/dynamic_ws/install/marvin_sim/share/marvin_sim/package.dsv
-- Up-to-date: /home/user/ros2_ws/dynamic_ws/install/marvin_sim/share/ament_index/resource_index/packages/marvin_sim
-- Up-to-date: /home/user/ros2_ws/dynamic_ws/install/marvin_sim/share/marvin_sim/cmake/ament_cmake_export_dependencies-extras.cmake
-- Up-to-date: /home/user/ros2_ws/dynamic_ws/install/marvin_sim/share/marvin_sim/cmake/marvin_simConfig.cmake
-- Up-to-date: /home/user/ros2_ws/dynamic_ws/install/marvin_sim/share/marvin_sim/cmake/marvin_simConfig-version.cmake
-- Up-to-date: /home/user/ros2_ws/dynamic_ws/install/marvin_sim/share/marvin_sim/package.xml
