[0.016s] Invoking command in '/home/user/ros2_ws/dynamic_ws/build/marvin_sim': CMAKE_PREFIX_PATH=/opt/openrobots:/home/user/ros2_ws/dynamic_ws/install/w10_moveit_kinematics:/home/user/ros2_ws/dynamic_ws/install/w10_kinematics:/home/user/ros2_ws/dynamic_ws/install/w10_sim:/home/user/ros2_ws/dynamic_ws/install/w10_force_sim:/home/user/ros2_ws/dynamic_ws/install/vi_2p:/home/user/ros2_ws/dynamic_ws/install/vi:/home/user/ros2_ws/dynamic_ws/install/show_urdf:/home/user/ros2_ws/dynamic_ws/install/marvin_sim:/opt/ros/humble:/home/user/ros2_ws/w10_ws/install/w10-urdf:/home/user/ros2_ws/w10_ws/install/urdf_visualization:/opt/openrobots: /usr/bin/cmake --build /home/user/ros2_ws/dynamic_ws/build/marvin_sim -- -j32 -l32
[0.044s] -- Found ament_cmake_auto: 1.3.12 (/opt/ros/humble/share/ament_cmake_auto/cmake)
[0.210s] -- Found rosidl_generator_c: 3.1.7 (/opt/ros/humble/share/rosidl_generator_c/cmake)
[0.212s] -- Found rosidl_adapter: 3.1.7 (/opt/ros/humble/share/rosidl_adapter/cmake)
[0.220s] -- Found rosidl_generator_cpp: 3.1.7 (/opt/ros/humble/share/rosidl_generator_cpp/cmake)
[0.231s] -- Using all available rosidl_typesupport_c: rosidl_typesupport_fastrtps_c;rosidl_typesupport_introspection_c
[0.247s] -- Using all available rosidl_typesupport_cpp: rosidl_typesupport_fastrtps_cpp;rosidl_typesupport_introspection_cpp
[0.276s] -- Found rmw_implementation_cmake: 6.1.2 (/opt/ros/humble/share/rmw_implementation_cmake/cmake)
[0.277s] -- Found rmw_fastrtps_cpp: 6.2.9 (/opt/ros/humble/share/rmw_fastrtps_cpp/cmake)
[0.342s] -- Using RMW implementation 'rmw_fastrtps_cpp' as default
[0.442s] -- pinocchio_default FOUND. pinocchio_default at /opt/openrobots/lib/libpinocchio_default.so
[0.442s] -- pinocchio_parsers FOUND. pinocchio_parsers at /opt/openrobots/lib/libpinocchio_parsers.so
[0.442s] -- pinocchio_casadi FOUND. pinocchio_casadi at /opt/openrobots/lib/libpinocchio_casadi.so
[0.443s] -- boost_filesystem FOUND. boost_filesystem at /usr/lib/x86_64-linux-gnu/libboost_filesystem.so
[0.444s] -- boost_serialization FOUND. boost_serialization at /usr/lib/x86_64-linux-gnu/libboost_serialization.so
[0.444s] -- boost_system FOUND. boost_system at /usr/lib/x86_64-linux-gnu/libboost_system.so
[0.453s] [33mCMake Warning at /opt/openrobots/lib/cmake/hpp-fcl/hpp-fclConfig.cmake:3 (message):
[0.453s]   Please update your CMake from 'hpp-fcl' to 'coal'
[0.453s] Call Stack (most recent call first):
[0.453s]   /usr/share/cmake-3.22/Modules/CMakeFindDependencyMacro.cmake:47 (find_package)
[0.453s]   /opt/openrobots/lib/cmake/pinocchio/pinocchioConfig.cmake:161 (find_dependency)
[0.454s]   /opt/ros/humble/share/ament_cmake_auto/cmake/ament_auto_find_build_dependencies.cmake:67 (find_package)
[0.454s]   CMakeLists.txt:12 (ament_auto_find_build_dependencies)
[0.454s] 
[0.454s] [0m
[0.454s] -- coal FOUND. coal at /opt/openrobots/lib/libcoal.so
[0.807s] -- Default C++ standard: 201703
[0.807s] -- C++ standard sufficient: Minimal required 11, currently defined: 17
[0.808s] -- CMAKE_CXX_STANDARD was not set: automatically set to currently defined standard 17
[0.809s] -- C++ standard sufficient: Minimal required 11, currently defined: 17
[0.829s] -- Found ament_lint_auto: 0.12.14 (/opt/ros/humble/share/ament_lint_auto/cmake)
[2.277s] -- Added test 'cppcheck' to perform static code analysis on C / C++ code
[2.277s] -- Configured cppcheck include dirs: 
[2.277s] -- Configured cppcheck exclude dirs and/or files: 
[2.460s] -- Added test 'flake8' to check Python code syntax and style conventions
[2.806s] -- Added test 'lint_cmake' to check CMake code style
[2.988s] -- Added test 'pep257' to check Python code against some of the docstring style conventions in PEP 257
[4.391s] -- Added test 'uncrustify' to check C / C++ code style
[4.391s] -- Configured uncrustify additional arguments: 
[4.570s] -- Added test 'xmllint' to check XML markup files
[4.573s] -- Configuring done
[4.593s] -- Generating done
[4.596s] -- Build files have been written to: /home/user/ros2_ws/dynamic_ws/build/marvin_sim
[4.612s] [35m[1mConsolidate compiler generated dependencies of target atsvi_node[0m
[4.612s] [35m[1mConsolidate compiler generated dependencies of target ctsvi_node[0m
[4.612s] [35m[1mConsolidate compiler generated dependencies of target c_atsvi_node[0m
[4.652s] [ 33%] Built target atsvi_node
[4.658s] [100%] Built target ctsvi_node
[4.658s] [100%] Built target c_atsvi_node
[4.663s] Invoked command in '/home/user/ros2_ws/dynamic_ws/build/marvin_sim' returned '0': CMAKE_PREFIX_PATH=/opt/openrobots:/home/user/ros2_ws/dynamic_ws/install/w10_moveit_kinematics:/home/user/ros2_ws/dynamic_ws/install/w10_kinematics:/home/user/ros2_ws/dynamic_ws/install/w10_sim:/home/user/ros2_ws/dynamic_ws/install/w10_force_sim:/home/user/ros2_ws/dynamic_ws/install/vi_2p:/home/user/ros2_ws/dynamic_ws/install/vi:/home/user/ros2_ws/dynamic_ws/install/show_urdf:/home/user/ros2_ws/dynamic_ws/install/marvin_sim:/opt/ros/humble:/home/user/ros2_ws/w10_ws/install/w10-urdf:/home/user/ros2_ws/w10_ws/install/urdf_visualization:/opt/openrobots: /usr/bin/cmake --build /home/user/ros2_ws/dynamic_ws/build/marvin_sim -- -j32 -l32
[4.664s] Invoking command in '/home/user/ros2_ws/dynamic_ws/build/marvin_sim': CMAKE_PREFIX_PATH=/opt/openrobots:/home/user/ros2_ws/dynamic_ws/install/w10_moveit_kinematics:/home/user/ros2_ws/dynamic_ws/install/w10_kinematics:/home/user/ros2_ws/dynamic_ws/install/w10_sim:/home/user/ros2_ws/dynamic_ws/install/w10_force_sim:/home/user/ros2_ws/dynamic_ws/install/vi_2p:/home/user/ros2_ws/dynamic_ws/install/vi:/home/user/ros2_ws/dynamic_ws/install/show_urdf:/home/user/ros2_ws/dynamic_ws/install/marvin_sim:/opt/ros/humble:/home/user/ros2_ws/w10_ws/install/w10-urdf:/home/user/ros2_ws/w10_ws/install/urdf_visualization:/opt/openrobots: /usr/bin/cmake --install /home/user/ros2_ws/dynamic_ws/build/marvin_sim
[4.668s] -- Install configuration: "Release"
[4.668s] -- Up-to-date: /home/user/ros2_ws/dynamic_ws/install/marvin_sim/share/marvin_sim/launch
[4.668s] -- Up-to-date: /home/user/ros2_ws/dynamic_ws/install/marvin_sim/share/marvin_sim/launch/replay_rviz.launch.py
[4.669s] -- Up-to-date: /home/user/ros2_ws/dynamic_ws/install/marvin_sim/share/marvin_sim/launch/sim_rviz.launch.py
[4.669s] -- Up-to-date: /home/user/ros2_ws/dynamic_ws/install/marvin_sim/share/marvin_sim/launch/display.launch.py
[4.669s] -- Up-to-date: /home/user/ros2_ws/dynamic_ws/install/marvin_sim/share/marvin_sim/urdf
[4.669s] -- Installing: /home/user/ros2_ws/dynamic_ws/install/marvin_sim/share/marvin_sim/urdf/7_pendulum.urdf
[4.669s] -- Up-to-date: /home/user/ros2_ws/dynamic_ws/install/marvin_sim/share/marvin_sim/urdf/marvin_body.urdf
[4.669s] -- Up-to-date: /home/user/ros2_ws/dynamic_ws/install/marvin_sim/share/marvin_sim/urdf/marvin.urdf
[4.669s] -- Up-to-date: /home/user/ros2_ws/dynamic_ws/install/marvin_sim/share/marvin_sim/meshes
[4.669s] -- Up-to-date: /home/user/ros2_ws/dynamic_ws/install/marvin_sim/share/marvin_sim/meshes/Link3_L.STL
[4.669s] -- Up-to-date: /home/user/ros2_ws/dynamic_ws/install/marvin_sim/share/marvin_sim/meshes/Link2_L.STL
[4.669s] -- Up-to-date: /home/user/ros2_ws/dynamic_ws/install/marvin_sim/share/marvin_sim/meshes/Link1_L.STL
[4.669s] -- Up-to-date: /home/user/ros2_ws/dynamic_ws/install/marvin_sim/share/marvin_sim/meshes/Link7_L.STL
[4.669s] -- Up-to-date: /home/user/ros2_ws/dynamic_ws/install/marvin_sim/share/marvin_sim/meshes/Link6_L.STL
[4.669s] -- Up-to-date: /home/user/ros2_ws/dynamic_ws/install/marvin_sim/share/marvin_sim/meshes/Base_L.STL
[4.669s] -- Up-to-date: /home/user/ros2_ws/dynamic_ws/install/marvin_sim/share/marvin_sim/meshes/Link5_L.STL
[4.670s] -- Up-to-date: /home/user/ros2_ws/dynamic_ws/install/marvin_sim/share/marvin_sim/meshes/Link4_L.STL
[4.670s] -- Up-to-date: /home/user/ros2_ws/dynamic_ws/install/marvin_sim/share/marvin_sim/config
[4.670s] -- Up-to-date: /home/user/ros2_ws/dynamic_ws/install/marvin_sim/share/marvin_sim/config/plot_config.yaml
[4.670s] -- Installing: /home/user/ros2_ws/dynamic_ws/install/marvin_sim/share/marvin_sim/config/vi_params.yaml
[4.670s] -- Up-to-date: /home/user/ros2_ws/dynamic_ws/install/marvin_sim/lib/marvin_sim/vi_sim.py
[4.670s] -- Up-to-date: /home/user/ros2_ws/dynamic_ws/install/marvin_sim/lib/marvin_sim/analyze_vi_results.py
[4.670s] -- Up-to-date: /home/user/ros2_ws/dynamic_ws/install/marvin_sim/lib/marvin_sim/replay_rviz.py
[4.670s] -- Installing: /home/user/ros2_ws/dynamic_ws/install/marvin_sim/lib/marvin_sim/tune_c_atsvi.py
[4.670s] -- Up-to-date: /home/user/ros2_ws/dynamic_ws/install/marvin_sim/lib/marvin_sim/ctsvi_node
[4.670s] -- Up-to-date: /home/user/ros2_ws/dynamic_ws/install/marvin_sim/lib/marvin_sim/atsvi_node
[4.671s] -- Up-to-date: /home/user/ros2_ws/dynamic_ws/install/marvin_sim/lib/marvin_sim/c_atsvi_node
[4.671s] -- Up-to-date: /home/user/ros2_ws/dynamic_ws/install/marvin_sim/share/ament_index/resource_index/package_run_dependencies/marvin_sim
[4.671s] -- Up-to-date: /home/user/ros2_ws/dynamic_ws/install/marvin_sim/share/ament_index/resource_index/parent_prefix_path/marvin_sim
[4.671s] -- Up-to-date: /home/user/ros2_ws/dynamic_ws/install/marvin_sim/share/marvin_sim/environment/ament_prefix_path.sh
[4.671s] -- Installing: /home/user/ros2_ws/dynamic_ws/install/marvin_sim/share/marvin_sim/environment/ament_prefix_path.dsv
[4.693s] -- Up-to-date: /home/user/ros2_ws/dynamic_ws/install/marvin_sim/share/marvin_sim/environment/path.sh
[4.693s] -- Installing: /home/user/ros2_ws/dynamic_ws/install/marvin_sim/share/marvin_sim/environment/path.dsv
[4.693s] -- Up-to-date: /home/user/ros2_ws/dynamic_ws/install/marvin_sim/share/marvin_sim/local_setup.bash
[4.693s] -- Up-to-date: /home/user/ros2_ws/dynamic_ws/install/marvin_sim/share/marvin_sim/local_setup.sh
[4.693s] -- Up-to-date: /home/user/ros2_ws/dynamic_ws/install/marvin_sim/share/marvin_sim/local_setup.zsh
[4.693s] -- Installing: /home/user/ros2_ws/dynamic_ws/install/marvin_sim/share/marvin_sim/local_setup.dsv
[4.693s] -- Installing: /home/user/ros2_ws/dynamic_ws/install/marvin_sim/share/marvin_sim/package.dsv
[4.693s] -- Up-to-date: /home/user/ros2_ws/dynamic_ws/install/marvin_sim/share/ament_index/resource_index/packages/marvin_sim
[4.693s] -- Up-to-date: /home/user/ros2_ws/dynamic_ws/install/marvin_sim/share/marvin_sim/cmake/ament_cmake_export_dependencies-extras.cmake
[4.693s] -- Up-to-date: /home/user/ros2_ws/dynamic_ws/install/marvin_sim/share/marvin_sim/cmake/marvin_simConfig.cmake
[4.693s] -- Up-to-date: /home/user/ros2_ws/dynamic_ws/install/marvin_sim/share/marvin_sim/cmake/marvin_simConfig-version.cmake
[4.694s] -- Up-to-date: /home/user/ros2_ws/dynamic_ws/install/marvin_sim/share/marvin_sim/package.xml
[4.695s] Invoked command in '/home/user/ros2_ws/dynamic_ws/build/marvin_sim' returned '0': CMAKE_PREFIX_PATH=/opt/openrobots:/home/user/ros2_ws/dynamic_ws/install/w10_moveit_kinematics:/home/user/ros2_ws/dynamic_ws/install/w10_kinematics:/home/user/ros2_ws/dynamic_ws/install/w10_sim:/home/user/ros2_ws/dynamic_ws/install/w10_force_sim:/home/user/ros2_ws/dynamic_ws/install/vi_2p:/home/user/ros2_ws/dynamic_ws/install/vi:/home/user/ros2_ws/dynamic_ws/install/show_urdf:/home/user/ros2_ws/dynamic_ws/install/marvin_sim:/opt/ros/humble:/home/user/ros2_ws/w10_ws/install/w10-urdf:/home/user/ros2_ws/w10_ws/install/urdf_visualization:/opt/openrobots: /usr/bin/cmake --install /home/user/ros2_ws/dynamic_ws/build/marvin_sim
