[0.008s] Invoking command in '/home/user/ros2_ws/dynamic_ws/build/w10_force_sim': CMAKE_PREFIX_PATH=/opt/openrobots:/home/user/ros2_ws/dynamic_ws/install/w10_moveit_kinematics:/home/user/ros2_ws/dynamic_ws/install/w10_kinematics:/home/user/ros2_ws/dynamic_ws/install/w10_sim:/home/user/ros2_ws/dynamic_ws/install/w10_force_sim:/home/user/ros2_ws/dynamic_ws/install/vi_2p:/home/user/ros2_ws/dynamic_ws/install/vi:/opt/ros/humble:/home/user/ros2_ws/w10_ws/install/w10-urdf:/home/user/ros2_ws/w10_ws/install/urdf_visualization:/opt/openrobots: /usr/bin/cmake --build /home/user/ros2_ws/dynamic_ws/build/w10_force_sim -- -j32 -l32
[0.029s] -- Found ament_cmake_auto: 1.3.12 (/opt/ros/humble/share/ament_cmake_auto/cmake)
[0.198s] -- Found rosidl_generator_c: 3.1.7 (/opt/ros/humble/share/rosidl_generator_c/cmake)
[0.200s] -- Found rosidl_adapter: 3.1.7 (/opt/ros/humble/share/rosidl_adapter/cmake)
[0.205s] -- Found rosidl_generator_cpp: 3.1.7 (/opt/ros/humble/share/rosidl_generator_cpp/cmake)
[0.213s] -- Using all available rosidl_typesupport_c: rosidl_typesupport_fastrtps_c;rosidl_typesupport_introspection_c
[0.225s] -- Using all available rosidl_typesupport_cpp: rosidl_typesupport_fastrtps_cpp;rosidl_typesupport_introspection_cpp
[0.246s] -- Found rmw_implementation_cmake: 6.1.2 (/opt/ros/humble/share/rmw_implementation_cmake/cmake)
[0.247s] -- Found rmw_fastrtps_cpp: 6.2.9 (/opt/ros/humble/share/rmw_fastrtps_cpp/cmake)
[0.324s] -- Using RMW implementation 'rmw_fastrtps_cpp' as default
[0.359s] -- pinocchio_default FOUND. pinocchio_default at /opt/openrobots/lib/libpinocchio_default.so
[0.359s] -- pinocchio_parsers FOUND. pinocchio_parsers at /opt/openrobots/lib/libpinocchio_parsers.so
[0.359s] -- pinocchio_casadi FOUND. pinocchio_casadi at /opt/openrobots/lib/libpinocchio_casadi.so
[0.360s] -- boost_filesystem FOUND. boost_filesystem at /usr/lib/x86_64-linux-gnu/libboost_filesystem.so
[0.360s] -- boost_serialization FOUND. boost_serialization at /usr/lib/x86_64-linux-gnu/libboost_serialization.so
[0.361s] -- boost_system FOUND. boost_system at /usr/lib/x86_64-linux-gnu/libboost_system.so
[0.369s] [33mCMake Warning at /opt/openrobots/lib/cmake/hpp-fcl/hpp-fclConfig.cmake:3 (message):
[0.369s]   Please update your CMake from 'hpp-fcl' to 'coal'
[0.369s] Call Stack (most recent call first):
[0.369s]   /usr/share/cmake-3.22/Modules/CMakeFindDependencyMacro.cmake:47 (find_package)
[0.369s]   /opt/openrobots/lib/cmake/pinocchio/pinocchioConfig.cmake:161 (find_dependency)
[0.370s]   /opt/ros/humble/share/ament_cmake_auto/cmake/ament_auto_find_build_dependencies.cmake:67 (find_package)
[0.370s]   CMakeLists.txt:12 (ament_auto_find_build_dependencies)
[0.370s] 
[0.370s] [0m
[0.370s] -- coal FOUND. coal at /opt/openrobots/lib/libcoal.so
[0.605s] -- Default C++ standard: 201703
[0.605s] -- C++ standard sufficient: Minimal required 11, currently defined: 17
[0.605s] -- CMAKE_CXX_STANDARD was not set: automatically set to currently defined standard 17
[0.605s] -- C++ standard sufficient: Minimal required 11, currently defined: 17
[0.626s] -- Found eigen3_cmake_module: 0.1.1 (/opt/ros/humble/share/eigen3_cmake_module/cmake)
[0.627s] -- Ensuring Eigen3 include directory is part of orocos-kdl CMake target
[0.726s] -- Found ament_lint_auto: 0.12.14 (/opt/ros/humble/share/ament_lint_auto/cmake)
[0.731s] [0mIn this package, headers install destination is set to `include` by ament_auto_package. It is recommended to install `include/w10_force_sim` instead and will be the default behavior of ament_auto_package from ROS 2 Kilted Kaiju. On distributions before Kilted, ament_auto_package behaves the same way when you use USE_SCOPED_HEADER_INSTALL_DIR option.[0m
[0.735s] -- Added test 'cppcheck' to perform static code analysis on C / C++ code
[0.735s] -- Configured cppcheck include dirs: /home/user/ros2_ws/dynamic_ws/src/w10_force_sim/include
[0.735s] -- Configured cppcheck exclude dirs and/or files: 
[0.735s] -- Added test 'flake8' to check Python code syntax and style conventions
[0.736s] -- Added test 'lint_cmake' to check CMake code style
[0.736s] -- Added test 'pep257' to check Python code against some of the docstring style conventions in PEP 257
[0.737s] -- Added test 'uncrustify' to check C / C++ code style
[0.737s] -- Configured uncrustify additional arguments: 
[0.738s] -- Added test 'xmllint' to check XML markup files
[0.739s] -- Configuring done
[0.753s] -- Generating done
[0.757s] -- Build files have been written to: /home/user/ros2_ws/dynamic_ws/build/w10_force_sim
[0.779s] [35m[1mConsolidate compiler generated dependencies of target ctsvi_ad_node[0m
[0.839s] [100%] Built target ctsvi_ad_node
[0.845s] Invoked command in '/home/user/ros2_ws/dynamic_ws/build/w10_force_sim' returned '0': CMAKE_PREFIX_PATH=/opt/openrobots:/home/user/ros2_ws/dynamic_ws/install/w10_moveit_kinematics:/home/user/ros2_ws/dynamic_ws/install/w10_kinematics:/home/user/ros2_ws/dynamic_ws/install/w10_sim:/home/user/ros2_ws/dynamic_ws/install/w10_force_sim:/home/user/ros2_ws/dynamic_ws/install/vi_2p:/home/user/ros2_ws/dynamic_ws/install/vi:/opt/ros/humble:/home/user/ros2_ws/w10_ws/install/w10-urdf:/home/user/ros2_ws/w10_ws/install/urdf_visualization:/opt/openrobots: /usr/bin/cmake --build /home/user/ros2_ws/dynamic_ws/build/w10_force_sim -- -j32 -l32
[0.854s] Invoking command in '/home/user/ros2_ws/dynamic_ws/build/w10_force_sim': CMAKE_PREFIX_PATH=/opt/openrobots:/home/user/ros2_ws/dynamic_ws/install/w10_moveit_kinematics:/home/user/ros2_ws/dynamic_ws/install/w10_kinematics:/home/user/ros2_ws/dynamic_ws/install/w10_sim:/home/user/ros2_ws/dynamic_ws/install/w10_force_sim:/home/user/ros2_ws/dynamic_ws/install/vi_2p:/home/user/ros2_ws/dynamic_ws/install/vi:/opt/ros/humble:/home/user/ros2_ws/w10_ws/install/w10-urdf:/home/user/ros2_ws/w10_ws/install/urdf_visualization:/opt/openrobots: /usr/bin/cmake --install /home/user/ros2_ws/dynamic_ws/build/w10_force_sim
[0.859s] -- Install configuration: ""
[0.859s] -- Up-to-date: /home/user/ros2_ws/dynamic_ws/install/w10_force_sim/share/w10_force_sim/urdf
[0.859s] -- Up-to-date: /home/user/ros2_ws/dynamic_ws/install/w10_force_sim/share/w10_force_sim/urdf/w10_body.urdf
[0.859s] -- Up-to-date: /home/user/ros2_ws/dynamic_ws/install/w10_force_sim/share/w10_force_sim/meshes
[0.859s] -- Up-to-date: /home/user/ros2_ws/dynamic_ws/install/w10_force_sim/share/w10_force_sim/meshes/base_link.STL
[0.859s] -- Up-to-date: /home/user/ros2_ws/dynamic_ws/install/w10_force_sim/share/w10_force_sim/meshes/Link1.STL
[0.859s] -- Up-to-date: /home/user/ros2_ws/dynamic_ws/install/w10_force_sim/share/w10_force_sim/meshes/Link6.STL
[0.859s] -- Up-to-date: /home/user/ros2_ws/dynamic_ws/install/w10_force_sim/share/w10_force_sim/meshes/Link7.STL
[0.859s] -- Up-to-date: /home/user/ros2_ws/dynamic_ws/install/w10_force_sim/share/w10_force_sim/meshes/Link3.STL
[0.860s] -- Up-to-date: /home/user/ros2_ws/dynamic_ws/install/w10_force_sim/share/w10_force_sim/meshes/Link4.STL
[0.860s] -- Up-to-date: /home/user/ros2_ws/dynamic_ws/install/w10_force_sim/share/w10_force_sim/meshes/Link5.STL
[0.860s] -- Up-to-date: /home/user/ros2_ws/dynamic_ws/install/w10_force_sim/share/w10_force_sim/meshes/Link2.STL
[0.860s] -- Up-to-date: /home/user/ros2_ws/dynamic_ws/install/w10_force_sim/share/w10_force_sim/launch
[0.860s] -- Up-to-date: /home/user/ros2_ws/dynamic_ws/install/w10_force_sim/share/w10_force_sim/config
[0.860s] -- Up-to-date: /home/user/ros2_ws/dynamic_ws/install/w10_force_sim/share/w10_force_sim/config/vi_params.yaml
[0.860s] -- Installing: /home/user/ros2_ws/dynamic_ws/install/w10_force_sim/share/w10_force_sim/scripts
[0.860s] -- Installing: /home/user/ros2_ws/dynamic_ws/install/w10_force_sim/share/w10_force_sim/scripts/analyze_vi_results.py
[0.860s] -- Installing: /home/user/ros2_ws/dynamic_ws/install/w10_force_sim/share/w10_force_sim/scripts/vi_sim.py
[0.860s] -- Up-to-date: /home/user/ros2_ws/dynamic_ws/install/w10_force_sim/lib/w10_force_sim/vi_sim.py
[0.860s] -- Up-to-date: /home/user/ros2_ws/dynamic_ws/install/w10_force_sim/lib/w10_force_sim/analyze_vi_results.py
[0.860s] -- Up-to-date: /home/user/ros2_ws/dynamic_ws/install/w10_force_sim/include
[0.860s] -- Installing: /home/user/ros2_ws/dynamic_ws/install/w10_force_sim/lib/w10_force_sim/ctsvi_ad_node
[0.861s] -- Set runtime path of "/home/user/ros2_ws/dynamic_ws/install/w10_force_sim/lib/w10_force_sim/ctsvi_ad_node" to ""
[0.861s] -- Up-to-date: /home/user/ros2_ws/dynamic_ws/install/w10_force_sim/share/ament_index/resource_index/package_run_dependencies/w10_force_sim
[0.861s] -- Installing: /home/user/ros2_ws/dynamic_ws/install/w10_force_sim/share/ament_index/resource_index/parent_prefix_path/w10_force_sim
[0.861s] -- Up-to-date: /home/user/ros2_ws/dynamic_ws/install/w10_force_sim/share/w10_force_sim/environment/ament_prefix_path.sh
[0.861s] -- Installing: /home/user/ros2_ws/dynamic_ws/install/w10_force_sim/share/w10_force_sim/environment/ament_prefix_path.dsv
[0.882s] -- Up-to-date: /home/user/ros2_ws/dynamic_ws/install/w10_force_sim/share/w10_force_sim/environment/path.sh
[0.882s] -- Installing: /home/user/ros2_ws/dynamic_ws/install/w10_force_sim/share/w10_force_sim/environment/path.dsv
[0.882s] -- Up-to-date: /home/user/ros2_ws/dynamic_ws/install/w10_force_sim/share/w10_force_sim/local_setup.bash
[0.882s] -- Up-to-date: /home/user/ros2_ws/dynamic_ws/install/w10_force_sim/share/w10_force_sim/local_setup.sh
[0.882s] -- Up-to-date: /home/user/ros2_ws/dynamic_ws/install/w10_force_sim/share/w10_force_sim/local_setup.zsh
[0.882s] -- Installing: /home/user/ros2_ws/dynamic_ws/install/w10_force_sim/share/w10_force_sim/local_setup.dsv
[0.882s] -- Installing: /home/user/ros2_ws/dynamic_ws/install/w10_force_sim/share/w10_force_sim/package.dsv
[0.882s] -- Up-to-date: /home/user/ros2_ws/dynamic_ws/install/w10_force_sim/share/ament_index/resource_index/packages/w10_force_sim
[0.882s] -- Installing: /home/user/ros2_ws/dynamic_ws/install/w10_force_sim/share/w10_force_sim/cmake/ament_cmake_export_dependencies-extras.cmake
[0.882s] -- Installing: /home/user/ros2_ws/dynamic_ws/install/w10_force_sim/share/w10_force_sim/cmake/ament_cmake_export_include_directories-extras.cmake
[0.882s] -- Installing: /home/user/ros2_ws/dynamic_ws/install/w10_force_sim/share/w10_force_sim/cmake/w10_force_simConfig.cmake
[0.882s] -- Up-to-date: /home/user/ros2_ws/dynamic_ws/install/w10_force_sim/share/w10_force_sim/cmake/w10_force_simConfig-version.cmake
[0.883s] -- Up-to-date: /home/user/ros2_ws/dynamic_ws/install/w10_force_sim/share/w10_force_sim/package.xml
[0.884s] Invoked command in '/home/user/ros2_ws/dynamic_ws/build/w10_force_sim' returned '0': CMAKE_PREFIX_PATH=/opt/openrobots:/home/user/ros2_ws/dynamic_ws/install/w10_moveit_kinematics:/home/user/ros2_ws/dynamic_ws/install/w10_kinematics:/home/user/ros2_ws/dynamic_ws/install/w10_sim:/home/user/ros2_ws/dynamic_ws/install/w10_force_sim:/home/user/ros2_ws/dynamic_ws/install/vi_2p:/home/user/ros2_ws/dynamic_ws/install/vi:/opt/ros/humble:/home/user/ros2_ws/w10_ws/install/w10-urdf:/home/user/ros2_ws/w10_ws/install/urdf_visualization:/opt/openrobots: /usr/bin/cmake --install /home/user/ros2_ws/dynamic_ws/build/w10_force_sim
