[0.009s] Invoking command in '/home/user/ros2_ws/dynamic_ws/build/marvin_sim': CMAKE_PREFIX_PATH=/opt/openrobots:/home/user/ros2_ws/dynamic_ws/install/w10_moveit_kinematics:/home/user/ros2_ws/dynamic_ws/install/w10_kinematics:/home/user/ros2_ws/dynamic_ws/install/w10_sim:/home/user/ros2_ws/dynamic_ws/install/w10_force_sim:/home/user/ros2_ws/dynamic_ws/install/vi_2p:/home/user/ros2_ws/dynamic_ws/install/vi:/home/user/ros2_ws/dynamic_ws/install/show_urdf:/home/user/ros2_ws/dynamic_ws/install/marvin_sim:/opt/ros/humble:/home/user/ros2_ws/w10_ws/install/w10-urdf:/home/user/ros2_ws/w10_ws/install/urdf_visualization:/opt/openrobots: /usr/bin/cmake --build /home/user/ros2_ws/dynamic_ws/build/marvin_sim -- -j32 -l32
[0.054s] [ 33%] Built target ctsvi_node
[0.055s] [ 66%] Built target c_atsvi_node
[0.055s] [ 83%] Building CXX object CMakeFiles/atsvi_node.dir/src/atsvi_node.cpp.o
[83.945s] [100%] Linking CXX executable atsvi_node
[84.076s] [100%] Built target atsvi_node
[84.083s] Invoked command in '/home/user/ros2_ws/dynamic_ws/build/marvin_sim' returned '0': CMAKE_PREFIX_PATH=/opt/openrobots:/home/user/ros2_ws/dynamic_ws/install/w10_moveit_kinematics:/home/user/ros2_ws/dynamic_ws/install/w10_kinematics:/home/user/ros2_ws/dynamic_ws/install/w10_sim:/home/user/ros2_ws/dynamic_ws/install/w10_force_sim:/home/user/ros2_ws/dynamic_ws/install/vi_2p:/home/user/ros2_ws/dynamic_ws/install/vi:/home/user/ros2_ws/dynamic_ws/install/show_urdf:/home/user/ros2_ws/dynamic_ws/install/marvin_sim:/opt/ros/humble:/home/user/ros2_ws/w10_ws/install/w10-urdf:/home/user/ros2_ws/w10_ws/install/urdf_visualization:/opt/openrobots: /usr/bin/cmake --build /home/user/ros2_ws/dynamic_ws/build/marvin_sim -- -j32 -l32
[84.090s] Invoking command in '/home/user/ros2_ws/dynamic_ws/build/marvin_sim': CMAKE_PREFIX_PATH=/opt/openrobots:/home/user/ros2_ws/dynamic_ws/install/w10_moveit_kinematics:/home/user/ros2_ws/dynamic_ws/install/w10_kinematics:/home/user/ros2_ws/dynamic_ws/install/w10_sim:/home/user/ros2_ws/dynamic_ws/install/w10_force_sim:/home/user/ros2_ws/dynamic_ws/install/vi_2p:/home/user/ros2_ws/dynamic_ws/install/vi:/home/user/ros2_ws/dynamic_ws/install/show_urdf:/home/user/ros2_ws/dynamic_ws/install/marvin_sim:/opt/ros/humble:/home/user/ros2_ws/w10_ws/install/w10-urdf:/home/user/ros2_ws/w10_ws/install/urdf_visualization:/opt/openrobots: /usr/bin/cmake --install /home/user/ros2_ws/dynamic_ws/build/marvin_sim
[84.093s] -- Install configuration: "Release"
[84.093s] -- Up-to-date: /home/user/ros2_ws/dynamic_ws/install/marvin_sim/share/marvin_sim/launch
[84.093s] -- Up-to-date: /home/user/ros2_ws/dynamic_ws/install/marvin_sim/share/marvin_sim/launch/replay_rviz.launch.py
[84.093s] -- Up-to-date: /home/user/ros2_ws/dynamic_ws/install/marvin_sim/share/marvin_sim/launch/sim_rviz.launch.py
[84.094s] -- Up-to-date: /home/user/ros2_ws/dynamic_ws/install/marvin_sim/share/marvin_sim/launch/display.launch.py
[84.094s] -- Up-to-date: /home/user/ros2_ws/dynamic_ws/install/marvin_sim/share/marvin_sim/urdf
[84.094s] -- Up-to-date: /home/user/ros2_ws/dynamic_ws/install/marvin_sim/share/marvin_sim/urdf/7_pendulum.urdf
[84.094s] -- Up-to-date: /home/user/ros2_ws/dynamic_ws/install/marvin_sim/share/marvin_sim/urdf/marvin_body.urdf
[84.094s] -- Up-to-date: /home/user/ros2_ws/dynamic_ws/install/marvin_sim/share/marvin_sim/urdf/marvin.urdf
[84.094s] -- Up-to-date: /home/user/ros2_ws/dynamic_ws/install/marvin_sim/share/marvin_sim/meshes
[84.094s] -- Up-to-date: /home/user/ros2_ws/dynamic_ws/install/marvin_sim/share/marvin_sim/meshes/Link3_L.STL
[84.094s] -- Up-to-date: /home/user/ros2_ws/dynamic_ws/install/marvin_sim/share/marvin_sim/meshes/Link2_L.STL
[84.094s] -- Up-to-date: /home/user/ros2_ws/dynamic_ws/install/marvin_sim/share/marvin_sim/meshes/Link1_L.STL
[84.094s] -- Up-to-date: /home/user/ros2_ws/dynamic_ws/install/marvin_sim/share/marvin_sim/meshes/Link7_L.STL
[84.094s] -- Up-to-date: /home/user/ros2_ws/dynamic_ws/install/marvin_sim/share/marvin_sim/meshes/Link6_L.STL
[84.094s] -- Up-to-date: /home/user/ros2_ws/dynamic_ws/install/marvin_sim/share/marvin_sim/meshes/Base_L.STL
[84.094s] -- Up-to-date: /home/user/ros2_ws/dynamic_ws/install/marvin_sim/share/marvin_sim/meshes/Link5_L.STL
[84.094s] -- Up-to-date: /home/user/ros2_ws/dynamic_ws/install/marvin_sim/share/marvin_sim/meshes/Link4_L.STL
[84.094s] -- Up-to-date: /home/user/ros2_ws/dynamic_ws/install/marvin_sim/share/marvin_sim/config
[84.094s] -- Up-to-date: /home/user/ros2_ws/dynamic_ws/install/marvin_sim/share/marvin_sim/config/plot_config.yaml
[84.094s] -- Up-to-date: /home/user/ros2_ws/dynamic_ws/install/marvin_sim/share/marvin_sim/config/vi_params.yaml
[84.094s] -- Up-to-date: /home/user/ros2_ws/dynamic_ws/install/marvin_sim/lib/marvin_sim/vi_sim.py
[84.094s] -- Up-to-date: /home/user/ros2_ws/dynamic_ws/install/marvin_sim/lib/marvin_sim/analyze_vi_results.py
[84.094s] -- Up-to-date: /home/user/ros2_ws/dynamic_ws/install/marvin_sim/lib/marvin_sim/replay_rviz.py
[84.094s] -- Up-to-date: /home/user/ros2_ws/dynamic_ws/install/marvin_sim/lib/marvin_sim/tune_c_atsvi.py
[84.094s] -- Up-to-date: /home/user/ros2_ws/dynamic_ws/install/marvin_sim/lib/marvin_sim/ctsvi_node
[84.094s] -- Installing: /home/user/ros2_ws/dynamic_ws/install/marvin_sim/lib/marvin_sim/atsvi_node
[84.112s] -- Set runtime path of "/home/user/ros2_ws/dynamic_ws/install/marvin_sim/lib/marvin_sim/atsvi_node" to ""
[84.112s] -- Up-to-date: /home/user/ros2_ws/dynamic_ws/install/marvin_sim/lib/marvin_sim/c_atsvi_node
[84.112s] -- Up-to-date: /home/user/ros2_ws/dynamic_ws/install/marvin_sim/share/ament_index/resource_index/package_run_dependencies/marvin_sim
[84.112s] -- Up-to-date: /home/user/ros2_ws/dynamic_ws/install/marvin_sim/share/ament_index/resource_index/parent_prefix_path/marvin_sim
[84.112s] -- Up-to-date: /home/user/ros2_ws/dynamic_ws/install/marvin_sim/share/marvin_sim/environment/ament_prefix_path.sh
[84.112s] -- Up-to-date: /home/user/ros2_ws/dynamic_ws/install/marvin_sim/share/marvin_sim/environment/ament_prefix_path.dsv
[84.112s] -- Up-to-date: /home/user/ros2_ws/dynamic_ws/install/marvin_sim/share/marvin_sim/environment/path.sh
[84.112s] -- Up-to-date: /home/user/ros2_ws/dynamic_ws/install/marvin_sim/share/marvin_sim/environment/path.dsv
[84.112s] -- Up-to-date: /home/user/ros2_ws/dynamic_ws/install/marvin_sim/share/marvin_sim/local_setup.bash
[84.112s] -- Up-to-date: /home/user/ros2_ws/dynamic_ws/install/marvin_sim/share/marvin_sim/local_setup.sh
[84.113s] -- Up-to-date: /home/user/ros2_ws/dynamic_ws/install/marvin_sim/share/marvin_sim/local_setup.zsh
[84.113s] -- Up-to-date: /home/user/ros2_ws/dynamic_ws/install/marvin_sim/share/marvin_sim/local_setup.dsv
[84.113s] -- Installing: /home/user/ros2_ws/dynamic_ws/install/marvin_sim/share/marvin_sim/package.dsv
[84.113s] -- Up-to-date: /home/user/ros2_ws/dynamic_ws/install/marvin_sim/share/ament_index/resource_index/packages/marvin_sim
[84.113s] -- Up-to-date: /home/user/ros2_ws/dynamic_ws/install/marvin_sim/share/marvin_sim/cmake/ament_cmake_export_dependencies-extras.cmake
[84.113s] -- Up-to-date: /home/user/ros2_ws/dynamic_ws/install/marvin_sim/share/marvin_sim/cmake/marvin_simConfig.cmake
[84.113s] -- Up-to-date: /home/user/ros2_ws/dynamic_ws/install/marvin_sim/share/marvin_sim/cmake/marvin_simConfig-version.cmake
[84.113s] -- Up-to-date: /home/user/ros2_ws/dynamic_ws/install/marvin_sim/share/marvin_sim/package.xml
[84.114s] Invoked command in '/home/user/ros2_ws/dynamic_ws/build/marvin_sim' returned '0': CMAKE_PREFIX_PATH=/opt/openrobots:/home/user/ros2_ws/dynamic_ws/install/w10_moveit_kinematics:/home/user/ros2_ws/dynamic_ws/install/w10_kinematics:/home/user/ros2_ws/dynamic_ws/install/w10_sim:/home/user/ros2_ws/dynamic_ws/install/w10_force_sim:/home/user/ros2_ws/dynamic_ws/install/vi_2p:/home/user/ros2_ws/dynamic_ws/install/vi:/home/user/ros2_ws/dynamic_ws/install/show_urdf:/home/user/ros2_ws/dynamic_ws/install/marvin_sim:/opt/ros/humble:/home/user/ros2_ws/w10_ws/install/w10-urdf:/home/user/ros2_ws/w10_ws/install/urdf_visualization:/opt/openrobots: /usr/bin/cmake --install /home/user/ros2_ws/dynamic_ws/build/marvin_sim
