[0.014s] Invoking command in '/home/user/ros2_ws/dynamic_ws/build/w10_kinematics': CMAKE_PREFIX_PATH=/home/user/ros2_ws/dynamic_ws/install/w10_sim:/opt/openrobots:/home/user/ros2_ws/dynamic_ws/install/w10_moveit_kinematics:/home/user/ros2_ws/dynamic_ws/install/w10_kinematics:/home/user/ros2_ws/dynamic_ws/install/w10_force_sim:/home/user/ros2_ws/dynamic_ws/install/vi_2p:/home/user/ros2_ws/dynamic_ws/install/vi:/home/user/ros2_ws/dynamic_ws/install/show_urdf:/home/user/ros2_ws/dynamic_ws/install/marvin_sim:/opt/ros/humble:/home/user/ros2_ws/w10_ws/install/w10-urdf:/home/user/ros2_ws/w10_ws/install/urdf_visualization:/opt/openrobots /usr/bin/cmake --build /home/user/ros2_ws/dynamic_ws/build/w10_kinematics -- -j32 -l32
[0.060s] [ 11%] Built target arm_angle_ik
[0.083s] [ 33%] Built target debug_q_mapping
[0.083s] [ 33%] Built target ik_test
[0.083s] [ 55%] Built target test_q_indices
[0.083s] [ 55%] Built target find_arm_angle
[0.083s] [ 66%] Built target ik_visualize
[0.083s] [ 77%] Built target debug_positions
[0.086s] [ 88%] Built target debug_joints
[0.086s] [100%] Built target test_all_q
[0.095s] Invoked command in '/home/user/ros2_ws/dynamic_ws/build/w10_kinematics' returned '0': CMAKE_PREFIX_PATH=/home/user/ros2_ws/dynamic_ws/install/w10_sim:/opt/openrobots:/home/user/ros2_ws/dynamic_ws/install/w10_moveit_kinematics:/home/user/ros2_ws/dynamic_ws/install/w10_kinematics:/home/user/ros2_ws/dynamic_ws/install/w10_force_sim:/home/user/ros2_ws/dynamic_ws/install/vi_2p:/home/user/ros2_ws/dynamic_ws/install/vi:/home/user/ros2_ws/dynamic_ws/install/show_urdf:/home/user/ros2_ws/dynamic_ws/install/marvin_sim:/opt/ros/humble:/home/user/ros2_ws/w10_ws/install/w10-urdf:/home/user/ros2_ws/w10_ws/install/urdf_visualization:/opt/openrobots /usr/bin/cmake --build /home/user/ros2_ws/dynamic_ws/build/w10_kinematics -- -j32 -l32
[0.097s] Invoking command in '/home/user/ros2_ws/dynamic_ws/build/w10_kinematics': CMAKE_PREFIX_PATH=/home/user/ros2_ws/dynamic_ws/install/w10_sim:/opt/openrobots:/home/user/ros2_ws/dynamic_ws/install/w10_moveit_kinematics:/home/user/ros2_ws/dynamic_ws/install/w10_kinematics:/home/user/ros2_ws/dynamic_ws/install/w10_force_sim:/home/user/ros2_ws/dynamic_ws/install/vi_2p:/home/user/ros2_ws/dynamic_ws/install/vi:/home/user/ros2_ws/dynamic_ws/install/show_urdf:/home/user/ros2_ws/dynamic_ws/install/marvin_sim:/opt/ros/humble:/home/user/ros2_ws/w10_ws/install/w10-urdf:/home/user/ros2_ws/w10_ws/install/urdf_visualization:/opt/openrobots /usr/bin/cmake --install /home/user/ros2_ws/dynamic_ws/build/w10_kinematics
[0.101s] -- Install configuration: ""
[0.101s] -- Up-to-date: /home/user/ros2_ws/dynamic_ws/install/w10_kinematics/lib/libarm_angle_ik.a
[0.101s] -- Up-to-date: /home/user/ros2_ws/dynamic_ws/install/w10_kinematics/include
[0.101s] -- Up-to-date: /home/user/ros2_ws/dynamic_ws/install/w10_kinematics/include/w10_kinematics
[0.101s] -- Up-to-date: /home/user/ros2_ws/dynamic_ws/install/w10_kinematics/include/w10_kinematics/arm_angle_ik.hpp
[0.101s] -- Up-to-date: /home/user/ros2_ws/dynamic_ws/install/w10_kinematics/share/w10_kinematics/launch
[0.101s] -- Up-to-date: /home/user/ros2_ws/dynamic_ws/install/w10_kinematics/share/w10_kinematics/launch/start_ik_visualization.sh
[0.101s] -- Up-to-date: /home/user/ros2_ws/dynamic_ws/install/w10_kinematics/share/w10_kinematics/launch/ik_visualize.launch.py
[0.101s] -- Up-to-date: /home/user/ros2_ws/dynamic_ws/install/w10_kinematics/lib/w10_kinematics/ik_test
[0.101s] -- Up-to-date: /home/user/ros2_ws/dynamic_ws/install/w10_kinematics/lib/w10_kinematics/ik_visualize
[0.102s] -- Up-to-date: /home/user/ros2_ws/dynamic_ws/install/w10_kinematics/lib/w10_kinematics/debug_joints
[0.102s] -- Up-to-date: /home/user/ros2_ws/dynamic_ws/install/w10_kinematics/lib/w10_kinematics/debug_q_mapping
[0.102s] -- Up-to-date: /home/user/ros2_ws/dynamic_ws/install/w10_kinematics/lib/w10_kinematics/test_q_indices
[0.102s] -- Up-to-date: /home/user/ros2_ws/dynamic_ws/install/w10_kinematics/lib/w10_kinematics/test_all_q
[0.102s] -- Up-to-date: /home/user/ros2_ws/dynamic_ws/install/w10_kinematics/lib/w10_kinematics/debug_positions
[0.102s] -- Up-to-date: /home/user/ros2_ws/dynamic_ws/install/w10_kinematics/lib/w10_kinematics/find_arm_angle
[0.102s] -- Up-to-date: /home/user/ros2_ws/dynamic_ws/install/w10_kinematics/share/ament_index/resource_index/package_run_dependencies/w10_kinematics
[0.102s] -- Up-to-date: /home/user/ros2_ws/dynamic_ws/install/w10_kinematics/share/ament_index/resource_index/parent_prefix_path/w10_kinematics
[0.102s] -- Up-to-date: /home/user/ros2_ws/dynamic_ws/install/w10_kinematics/share/w10_kinematics/environment/ament_prefix_path.sh
[0.102s] -- Up-to-date: /home/user/ros2_ws/dynamic_ws/install/w10_kinematics/share/w10_kinematics/environment/ament_prefix_path.dsv
[0.102s] -- Up-to-date: /home/user/ros2_ws/dynamic_ws/install/w10_kinematics/share/w10_kinematics/environment/path.sh
[0.103s] -- Up-to-date: /home/user/ros2_ws/dynamic_ws/install/w10_kinematics/share/w10_kinematics/environment/path.dsv
[0.103s] -- Up-to-date: /home/user/ros2_ws/dynamic_ws/install/w10_kinematics/share/w10_kinematics/local_setup.bash
[0.103s] -- Up-to-date: /home/user/ros2_ws/dynamic_ws/install/w10_kinematics/share/w10_kinematics/local_setup.sh
[0.103s] -- Up-to-date: /home/user/ros2_ws/dynamic_ws/install/w10_kinematics/share/w10_kinematics/local_setup.zsh
[0.103s] -- Up-to-date: /home/user/ros2_ws/dynamic_ws/install/w10_kinematics/share/w10_kinematics/local_setup.dsv
[0.103s] -- Installing: /home/user/ros2_ws/dynamic_ws/install/w10_kinematics/share/w10_kinematics/package.dsv
[0.103s] -- Up-to-date: /home/user/ros2_ws/dynamic_ws/install/w10_kinematics/share/ament_index/resource_index/packages/w10_kinematics
[0.104s] -- Up-to-date: /home/user/ros2_ws/dynamic_ws/install/w10_kinematics/share/w10_kinematics/cmake/w10_kinematicsConfig.cmake
[0.104s] -- Up-to-date: /home/user/ros2_ws/dynamic_ws/install/w10_kinematics/share/w10_kinematics/cmake/w10_kinematicsConfig-version.cmake
[0.104s] -- Up-to-date: /home/user/ros2_ws/dynamic_ws/install/w10_kinematics/share/w10_kinematics/package.xml
[0.104s] Invoked command in '/home/user/ros2_ws/dynamic_ws/build/w10_kinematics' returned '0': CMAKE_PREFIX_PATH=/home/user/ros2_ws/dynamic_ws/install/w10_sim:/opt/openrobots:/home/user/ros2_ws/dynamic_ws/install/w10_moveit_kinematics:/home/user/ros2_ws/dynamic_ws/install/w10_kinematics:/home/user/ros2_ws/dynamic_ws/install/w10_force_sim:/home/user/ros2_ws/dynamic_ws/install/vi_2p:/home/user/ros2_ws/dynamic_ws/install/vi:/home/user/ros2_ws/dynamic_ws/install/show_urdf:/home/user/ros2_ws/dynamic_ws/install/marvin_sim:/opt/ros/humble:/home/user/ros2_ws/w10_ws/install/w10-urdf:/home/user/ros2_ws/w10_ws/install/urdf_visualization:/opt/openrobots /usr/bin/cmake --install /home/user/ros2_ws/dynamic_ws/build/w10_kinematics
