[0.009s] Invoking command in '/home/user/ros2_ws/dynamic_ws/build/w10_force_sim': CMAKE_PREFIX_PATH=/opt/openrobots:/home/user/ros2_ws/dynamic_ws/install/w10_moveit_kinematics:/home/user/ros2_ws/dynamic_ws/install/w10_kinematics:/home/user/ros2_ws/dynamic_ws/install/w10_sim:/home/user/ros2_ws/dynamic_ws/install/w10_force_sim:/home/user/ros2_ws/dynamic_ws/install/vi_2p:/home/user/ros2_ws/dynamic_ws/install/vi:/opt/ros/humble:/home/user/ros2_ws/w10_ws/install/w10-urdf:/home/user/ros2_ws/w10_ws/install/urdf_visualization:/opt/openrobots: /usr/bin/cmake --build /home/user/ros2_ws/dynamic_ws/build/w10_force_sim -- -j32 -l32
[0.078s] Consolidate compiler generated dependencies of target ctsvi_node
[0.080s] Consolidate compiler generated dependencies of target ctsvi_ad_node
[0.103s] [ 50%] Built target ctsvi_ad_node
[0.104s] [ 75%] Building CXX object CMakeFiles/ctsvi_node.dir/src/ctsvi_node.cpp.o
[59.670s] [100%] Linking CXX executable ctsvi_node
[59.836s] [100%] Built target ctsvi_node
[59.844s] Invoked command in '/home/user/ros2_ws/dynamic_ws/build/w10_force_sim' returned '0': CMAKE_PREFIX_PATH=/opt/openrobots:/home/user/ros2_ws/dynamic_ws/install/w10_moveit_kinematics:/home/user/ros2_ws/dynamic_ws/install/w10_kinematics:/home/user/ros2_ws/dynamic_ws/install/w10_sim:/home/user/ros2_ws/dynamic_ws/install/w10_force_sim:/home/user/ros2_ws/dynamic_ws/install/vi_2p:/home/user/ros2_ws/dynamic_ws/install/vi:/opt/ros/humble:/home/user/ros2_ws/w10_ws/install/w10-urdf:/home/user/ros2_ws/w10_ws/install/urdf_visualization:/opt/openrobots: /usr/bin/cmake --build /home/user/ros2_ws/dynamic_ws/build/w10_force_sim -- -j32 -l32
[59.851s] Invoking command in '/home/user/ros2_ws/dynamic_ws/build/w10_force_sim': CMAKE_PREFIX_PATH=/opt/openrobots:/home/user/ros2_ws/dynamic_ws/install/w10_moveit_kinematics:/home/user/ros2_ws/dynamic_ws/install/w10_kinematics:/home/user/ros2_ws/dynamic_ws/install/w10_sim:/home/user/ros2_ws/dynamic_ws/install/w10_force_sim:/home/user/ros2_ws/dynamic_ws/install/vi_2p:/home/user/ros2_ws/dynamic_ws/install/vi:/opt/ros/humble:/home/user/ros2_ws/w10_ws/install/w10-urdf:/home/user/ros2_ws/w10_ws/install/urdf_visualization:/opt/openrobots: /usr/bin/cmake --install /home/user/ros2_ws/dynamic_ws/build/w10_force_sim
[59.856s] -- Install configuration: "Release"
[59.856s] -- Up-to-date: /home/user/ros2_ws/dynamic_ws/install/w10_force_sim/share/w10_force_sim/urdf
[59.856s] -- Up-to-date: /home/user/ros2_ws/dynamic_ws/install/w10_force_sim/share/w10_force_sim/urdf/w10_body.urdf
[59.856s] -- Up-to-date: /home/user/ros2_ws/dynamic_ws/install/w10_force_sim/share/w10_force_sim/meshes
[59.857s] -- Up-to-date: /home/user/ros2_ws/dynamic_ws/install/w10_force_sim/share/w10_force_sim/meshes/base_link.STL
[59.857s] -- Up-to-date: /home/user/ros2_ws/dynamic_ws/install/w10_force_sim/share/w10_force_sim/meshes/Link1.STL
[59.857s] -- Up-to-date: /home/user/ros2_ws/dynamic_ws/install/w10_force_sim/share/w10_force_sim/meshes/Link6.STL
[59.857s] -- Up-to-date: /home/user/ros2_ws/dynamic_ws/install/w10_force_sim/share/w10_force_sim/meshes/Link7.STL
[59.857s] -- Up-to-date: /home/user/ros2_ws/dynamic_ws/install/w10_force_sim/share/w10_force_sim/meshes/Link3.STL
[59.857s] -- Up-to-date: /home/user/ros2_ws/dynamic_ws/install/w10_force_sim/share/w10_force_sim/meshes/Link4.STL
[59.857s] -- Up-to-date: /home/user/ros2_ws/dynamic_ws/install/w10_force_sim/share/w10_force_sim/meshes/Link5.STL
[59.857s] -- Up-to-date: /home/user/ros2_ws/dynamic_ws/install/w10_force_sim/share/w10_force_sim/meshes/Link2.STL
[59.857s] -- Up-to-date: /home/user/ros2_ws/dynamic_ws/install/w10_force_sim/share/w10_force_sim/launch
[59.857s] -- Up-to-date: /home/user/ros2_ws/dynamic_ws/install/w10_force_sim/share/w10_force_sim/config
[59.857s] -- Installing: /home/user/ros2_ws/dynamic_ws/install/w10_force_sim/share/w10_force_sim/config/vi_params.yaml
[59.857s] -- Up-to-date: /home/user/ros2_ws/dynamic_ws/install/w10_force_sim/share/w10_force_sim/config/plot_config.yaml
[59.857s] -- Up-to-date: /home/user/ros2_ws/dynamic_ws/install/w10_force_sim/share/w10_force_sim/scripts
[59.857s] -- Up-to-date: /home/user/ros2_ws/dynamic_ws/install/w10_force_sim/share/w10_force_sim/scripts/analyze_vi_results.py
[59.857s] -- Up-to-date: /home/user/ros2_ws/dynamic_ws/install/w10_force_sim/share/w10_force_sim/scripts/vi_sim.py
[59.857s] -- Up-to-date: /home/user/ros2_ws/dynamic_ws/install/w10_force_sim/lib/w10_force_sim/vi_sim.py
[59.857s] -- Up-to-date: /home/user/ros2_ws/dynamic_ws/install/w10_force_sim/lib/w10_force_sim/analyze_vi_results.py
[59.857s] -- Up-to-date: /home/user/ros2_ws/dynamic_ws/install/w10_force_sim/include
[59.857s] -- Up-to-date: /home/user/ros2_ws/dynamic_ws/install/w10_force_sim/lib/w10_force_sim/ctsvi_ad_node
[59.858s] -- Installing: /home/user/ros2_ws/dynamic_ws/install/w10_force_sim/lib/w10_force_sim/ctsvi_node
[59.873s] -- Set runtime path of "/home/user/ros2_ws/dynamic_ws/install/w10_force_sim/lib/w10_force_sim/ctsvi_node" to ""
[59.873s] -- Up-to-date: /home/user/ros2_ws/dynamic_ws/install/w10_force_sim/share/ament_index/resource_index/package_run_dependencies/w10_force_sim
[59.873s] -- Up-to-date: /home/user/ros2_ws/dynamic_ws/install/w10_force_sim/share/ament_index/resource_index/parent_prefix_path/w10_force_sim
[59.873s] -- Up-to-date: /home/user/ros2_ws/dynamic_ws/install/w10_force_sim/share/w10_force_sim/environment/ament_prefix_path.sh
[59.874s] -- Up-to-date: /home/user/ros2_ws/dynamic_ws/install/w10_force_sim/share/w10_force_sim/environment/ament_prefix_path.dsv
[59.874s] -- Up-to-date: /home/user/ros2_ws/dynamic_ws/install/w10_force_sim/share/w10_force_sim/environment/path.sh
[59.874s] -- Up-to-date: /home/user/ros2_ws/dynamic_ws/install/w10_force_sim/share/w10_force_sim/environment/path.dsv
[59.874s] -- Up-to-date: /home/user/ros2_ws/dynamic_ws/install/w10_force_sim/share/w10_force_sim/local_setup.bash
[59.874s] -- Up-to-date: /home/user/ros2_ws/dynamic_ws/install/w10_force_sim/share/w10_force_sim/local_setup.sh
[59.874s] -- Up-to-date: /home/user/ros2_ws/dynamic_ws/install/w10_force_sim/share/w10_force_sim/local_setup.zsh
[59.874s] -- Up-to-date: /home/user/ros2_ws/dynamic_ws/install/w10_force_sim/share/w10_force_sim/local_setup.dsv
[59.874s] -- Installing: /home/user/ros2_ws/dynamic_ws/install/w10_force_sim/share/w10_force_sim/package.dsv
[59.874s] -- Up-to-date: /home/user/ros2_ws/dynamic_ws/install/w10_force_sim/share/ament_index/resource_index/packages/w10_force_sim
[59.874s] -- Up-to-date: /home/user/ros2_ws/dynamic_ws/install/w10_force_sim/share/w10_force_sim/cmake/ament_cmake_export_dependencies-extras.cmake
[59.874s] -- Up-to-date: /home/user/ros2_ws/dynamic_ws/install/w10_force_sim/share/w10_force_sim/cmake/ament_cmake_export_include_directories-extras.cmake
[59.874s] -- Up-to-date: /home/user/ros2_ws/dynamic_ws/install/w10_force_sim/share/w10_force_sim/cmake/w10_force_simConfig.cmake
[59.874s] -- Up-to-date: /home/user/ros2_ws/dynamic_ws/install/w10_force_sim/share/w10_force_sim/cmake/w10_force_simConfig-version.cmake
[59.874s] -- Up-to-date: /home/user/ros2_ws/dynamic_ws/install/w10_force_sim/share/w10_force_sim/package.xml
[59.875s] Invoked command in '/home/user/ros2_ws/dynamic_ws/build/w10_force_sim' returned '0': CMAKE_PREFIX_PATH=/opt/openrobots:/home/user/ros2_ws/dynamic_ws/install/w10_moveit_kinematics:/home/user/ros2_ws/dynamic_ws/install/w10_kinematics:/home/user/ros2_ws/dynamic_ws/install/w10_sim:/home/user/ros2_ws/dynamic_ws/install/w10_force_sim:/home/user/ros2_ws/dynamic_ws/install/vi_2p:/home/user/ros2_ws/dynamic_ws/install/vi:/opt/ros/humble:/home/user/ros2_ws/w10_ws/install/w10-urdf:/home/user/ros2_ws/w10_ws/install/urdf_visualization:/opt/openrobots: /usr/bin/cmake --install /home/user/ros2_ws/dynamic_ws/build/w10_force_sim
