[0.016s] Invoking command in '/home/user/ros2_ws/dynamic_ws/build/vi': CMAKE_PREFIX_PATH=/opt/openrobots:/home/user/ros2_ws/dynamic_ws/install/w10_moveit_kinematics:/home/user/ros2_ws/dynamic_ws/install/w10_kinematics:/home/user/ros2_ws/dynamic_ws/install/w10_sim:/home/user/ros2_ws/dynamic_ws/install/w10_force_sim:/home/user/ros2_ws/dynamic_ws/install/vi_2p:/home/user/ros2_ws/dynamic_ws/install/vi:/home/user/ros2_ws/dynamic_ws/install/show_urdf:/home/user/ros2_ws/dynamic_ws/install/marvin_sim:/opt/ros/humble:/home/user/ros2_ws/w10_ws/install/w10-urdf:/home/user/ros2_ws/w10_ws/install/urdf_visualization:/opt/openrobots: /usr/bin/cmake --build /home/user/ros2_ws/dynamic_ws/build/vi -- -j32 -l32
[0.058s] [ 25%] Built target atsvi_ad_node
[0.060s] [ 50%] Built target etsvi_node
[0.062s] [ 75%] Built target rk4_node
[0.064s] [100%] Built target ctsvi_ad_node
[0.071s] Invoked command in '/home/user/ros2_ws/dynamic_ws/build/vi' returned '0': CMAKE_PREFIX_PATH=/opt/openrobots:/home/user/ros2_ws/dynamic_ws/install/w10_moveit_kinematics:/home/user/ros2_ws/dynamic_ws/install/w10_kinematics:/home/user/ros2_ws/dynamic_ws/install/w10_sim:/home/user/ros2_ws/dynamic_ws/install/w10_force_sim:/home/user/ros2_ws/dynamic_ws/install/vi_2p:/home/user/ros2_ws/dynamic_ws/install/vi:/home/user/ros2_ws/dynamic_ws/install/show_urdf:/home/user/ros2_ws/dynamic_ws/install/marvin_sim:/opt/ros/humble:/home/user/ros2_ws/w10_ws/install/w10-urdf:/home/user/ros2_ws/w10_ws/install/urdf_visualization:/opt/openrobots: /usr/bin/cmake --build /home/user/ros2_ws/dynamic_ws/build/vi -- -j32 -l32
[0.072s] Invoking command in '/home/user/ros2_ws/dynamic_ws/build/vi': CMAKE_PREFIX_PATH=/opt/openrobots:/home/user/ros2_ws/dynamic_ws/install/w10_moveit_kinematics:/home/user/ros2_ws/dynamic_ws/install/w10_kinematics:/home/user/ros2_ws/dynamic_ws/install/w10_sim:/home/user/ros2_ws/dynamic_ws/install/w10_force_sim:/home/user/ros2_ws/dynamic_ws/install/vi_2p:/home/user/ros2_ws/dynamic_ws/install/vi:/home/user/ros2_ws/dynamic_ws/install/show_urdf:/home/user/ros2_ws/dynamic_ws/install/marvin_sim:/opt/ros/humble:/home/user/ros2_ws/w10_ws/install/w10-urdf:/home/user/ros2_ws/w10_ws/install/urdf_visualization:/opt/openrobots: /usr/bin/cmake --install /home/user/ros2_ws/dynamic_ws/build/vi
[0.079s] -- Install configuration: ""
[0.079s] -- Up-to-date: /home/user/ros2_ws/dynamic_ws/install/vi/lib/vi/pybullet_sim.py
[0.080s] -- Up-to-date: /home/user/ros2_ws/dynamic_ws/install/vi/lib/vi/plot_7dof_pendulum.py
[0.080s] -- Up-to-date: /home/user/ros2_ws/dynamic_ws/install/vi/lib/vi/render_pendulum.py
[0.082s] -- Up-to-date: /home/user/ros2_ws/dynamic_ws/install/vi/lib/vi/vi_compare_sim.py
[0.084s] -- Up-to-date: /home/user/ros2_ws/dynamic_ws/install/vi/lib/vi/rk4_vi_compare_sim.py
[0.084s] -- Up-to-date: /home/user/ros2_ws/dynamic_ws/install/vi/lib/vi/etsvi_sweep_heatmap.py
[0.085s] -- Up-to-date: /home/user/ros2_ws/dynamic_ws/install/vi/lib/vi/ctsvi_ad_node
[0.085s] -- Up-to-date: /home/user/ros2_ws/dynamic_ws/install/vi/lib/vi/atsvi_ad_node
[0.085s] -- Up-to-date: /home/user/ros2_ws/dynamic_ws/install/vi/lib/vi/etsvi_node
[0.086s] -- Up-to-date: /home/user/ros2_ws/dynamic_ws/install/vi/lib/vi/rk4_node
[0.086s] -- Up-to-date: /home/user/ros2_ws/dynamic_ws/install/vi/share/ament_index/resource_index/package_run_dependencies/vi
[0.086s] -- Up-to-date: /home/user/ros2_ws/dynamic_ws/install/vi/share/ament_index/resource_index/parent_prefix_path/vi
[0.086s] -- Up-to-date: /home/user/ros2_ws/dynamic_ws/install/vi/share/vi/environment/ament_prefix_path.sh
[0.086s] -- Up-to-date: /home/user/ros2_ws/dynamic_ws/install/vi/share/vi/environment/ament_prefix_path.dsv
[0.086s] -- Up-to-date: /home/user/ros2_ws/dynamic_ws/install/vi/share/vi/environment/path.sh
[0.086s] -- Up-to-date: /home/user/ros2_ws/dynamic_ws/install/vi/share/vi/environment/path.dsv
[0.086s] -- Up-to-date: /home/user/ros2_ws/dynamic_ws/install/vi/share/vi/local_setup.bash
[0.086s] -- Up-to-date: /home/user/ros2_ws/dynamic_ws/install/vi/share/vi/local_setup.sh
[0.087s] -- Up-to-date: /home/user/ros2_ws/dynamic_ws/install/vi/share/vi/local_setup.zsh
[0.087s] -- Up-to-date: /home/user/ros2_ws/dynamic_ws/install/vi/share/vi/local_setup.dsv
[0.087s] -- Installing: /home/user/ros2_ws/dynamic_ws/install/vi/share/vi/package.dsv
[0.087s] -- Up-to-date: /home/user/ros2_ws/dynamic_ws/install/vi/share/ament_index/resource_index/packages/vi
[0.087s] -- Up-to-date: /home/user/ros2_ws/dynamic_ws/install/vi/share/vi/cmake/ament_cmake_export_dependencies-extras.cmake
[0.087s] -- Up-to-date: /home/user/ros2_ws/dynamic_ws/install/vi/share/vi/cmake/viConfig.cmake
[0.088s] -- Up-to-date: /home/user/ros2_ws/dynamic_ws/install/vi/share/vi/cmake/viConfig-version.cmake
[0.088s] -- Up-to-date: /home/user/ros2_ws/dynamic_ws/install/vi/share/vi/package.xml
[0.099s] Invoked command in '/home/user/ros2_ws/dynamic_ws/build/vi' returned '0': CMAKE_PREFIX_PATH=/opt/openrobots:/home/user/ros2_ws/dynamic_ws/install/w10_moveit_kinematics:/home/user/ros2_ws/dynamic_ws/install/w10_kinematics:/home/user/ros2_ws/dynamic_ws/install/w10_sim:/home/user/ros2_ws/dynamic_ws/install/w10_force_sim:/home/user/ros2_ws/dynamic_ws/install/vi_2p:/home/user/ros2_ws/dynamic_ws/install/vi:/home/user/ros2_ws/dynamic_ws/install/show_urdf:/home/user/ros2_ws/dynamic_ws/install/marvin_sim:/opt/ros/humble:/home/user/ros2_ws/w10_ws/install/w10-urdf:/home/user/ros2_ws/w10_ws/install/urdf_visualization:/opt/openrobots: /usr/bin/cmake --install /home/user/ros2_ws/dynamic_ws/build/vi
