-- The C compiler identification is GNU 11.4.0
-- The CXX compiler identification is GNU 11.4.0
-- Detecting C compiler ABI info
-- Detecting C compiler ABI info - done
-- Check for working C compiler: /usr/bin/cc - skipped
-- Detecting C compile features
-- Detecting C compile features - done
-- Detecting CXX compiler ABI info
-- Detecting CXX compiler ABI info - done
-- Check for working CXX compiler: /usr/bin/c++ - skipped
-- Detecting CXX compile features
-- Detecting CXX compile features - done
-- Found ament_cmake_auto: 1.3.12 (/opt/ros/humble/share/ament_cmake_auto/cmake)
-- Found Python3: /usr/bin/python3 (found version "3.10.12") found components: Interpreter 
-- pinocchio_default FOUND. pinocchio_default at /opt/openrobots/lib/libpinocchio_default.so
-- pinocchio_parsers FOUND. pinocchio_parsers at /opt/openrobots/lib/libpinocchio_parsers.so
-- pinocchio_casadi FOUND. pinocchio_casadi at /opt/openrobots/lib/libpinocchio_casadi.so
-- boost_filesystem FOUND. boost_filesystem at /usr/lib/x86_64-linux-gnu/libboost_filesystem.so
-- boost_serialization FOUND. boost_serialization at /usr/lib/x86_64-linux-gnu/libboost_serialization.so
-- boost_system FOUND. boost_system at /usr/lib/x86_64-linux-gnu/libboost_system.so
[33mCMake Warning at /opt/openrobots/lib/cmake/hpp-fcl/hpp-fclConfig.cmake:3 (message):
  Please update your CMake from 'hpp-fcl' to 'coal'
Call Stack (most recent call first):
  /usr/share/cmake-3.22/Modules/CMakeFindDependencyMacro.cmake:47 (find_package)
  /opt/openrobots/lib/cmake/pinocchio/pinocchioConfig.cmake:161 (find_dependency)
  /opt/ros/humble/share/ament_cmake_auto/cmake/ament_auto_find_build_dependencies.cmake:67 (find_package)
  CMakeLists.txt:12 (ament_auto_find_build_dependencies)

[0m
-- coal FOUND. coal at /opt/openrobots/lib/libcoal.so
-- Looking for pthread.h
-- Looking for pthread.h - found
-- Performing Test CMAKE_HAVE_LIBC_PTHREAD
-- Performing Test CMAKE_HAVE_LIBC_PTHREAD - Success
-- Found Threads: TRUE  
-- Found Boost: /usr/include (found version "1.74.0") found components: chrono thread date_time serialization filesystem atomic 
-- Default C++ standard: 201703
-- Minimal C++ standard upgraded to 11
-- C++ standard sufficient: Minimal required 11, currently defined: 17
-- CMAKE_CXX_STANDARD was not set: automatically set to currently defined standard 17
-- C++ standard sufficient: Minimal required 11, currently defined: 17
-- Found rosidl_generator_c: 3.1.7 (/opt/ros/humble/share/rosidl_generator_c/cmake)
-- Found rosidl_adapter: 3.1.7 (/opt/ros/humble/share/rosidl_adapter/cmake)
-- Found rosidl_generator_cpp: 3.1.7 (/opt/ros/humble/share/rosidl_generator_cpp/cmake)
-- Using all available rosidl_typesupport_c: rosidl_typesupport_fastrtps_c;rosidl_typesupport_introspection_c
-- Using all available rosidl_typesupport_cpp: rosidl_typesupport_fastrtps_cpp;rosidl_typesupport_introspection_cpp
-- Found rmw_implementation_cmake: 6.1.2 (/opt/ros/humble/share/rmw_implementation_cmake/cmake)
-- Found rmw_fastrtps_cpp: 6.2.9 (/opt/ros/humble/share/rmw_fastrtps_cpp/cmake)
-- Found OpenSSL: /usr/lib/x86_64-linux-gnu/libcrypto.so (found version "3.0.2")  
-- Found FastRTPS: /opt/ros/humble/include  
-- Using RMW implementation 'rmw_fastrtps_cpp' as default
-- Found ament_lint_auto: 0.12.14 (/opt/ros/humble/share/ament_lint_auto/cmake)
-- Added test 'cppcheck' to perform static code analysis on C / C++ code
-- Configured cppcheck include dirs: 
-- Configured cppcheck exclude dirs and/or files: 
-- Added test 'flake8' to check Python code syntax and style conventions
-- Added test 'lint_cmake' to check CMake code style
-- Added test 'pep257' to check Python code against some of the docstring style conventions in PEP 257
-- Added test 'uncrustify' to check C / C++ code style
-- Configured uncrustify additional arguments: 
-- Added test 'xmllint' to check XML markup files
-- Configuring done
-- Generating done
-- Build files have been written to: /home/user/ros2_ws/dynamic_ws/build/vi_2p
[ 12%] [32mBuilding CXX object CMakeFiles/ctsvi_ad_node.dir/src/ctsvi_ad_node.cpp.o[0m
[ 25%] [32mBuilding CXX object CMakeFiles/atsvi_ad_node.dir/src/atsvi_ad_node.cpp.o[0m
[ 37%] [32mBuilding CXX object CMakeFiles/rk4_node.dir/src/rk4_node.cpp.o[0m
[ 50%] [32mBuilding CXX object CMakeFiles/etsvi_node.dir/src/etsvi_node.cpp.o[0m
[01m[K/home/user/ros2_ws/dynamic_ws/src/vi_2p/src/atsvi_ad_node.cpp:[m[K In function ‘[01m[Kstd::tuple<Eigen::Matrix<double, -1, 1, 0, -1, 1>, double, SolverInfo> solve_q_next_sem_ad(const Model&, pinocchio::Data&, const ModelAD&, DataAD&, const Vec&, const Vec&, double, const Vec&, const Vec&, double, double, int, double, double, double)[m[K’:
[01m[K/home/user/ros2_ws/dynamic_ws/src/vi_2p/src/atsvi_ad_node.cpp:291:16:[m[K [01;35m[Kwarning: [m[Kunused parameter ‘[01m[Ktau_k[m[K’ [[01;35m[K]8;;https://gcc.gnu.org/onlinedocs/gcc/Warning-Options.html#index-Wunused-parameter-Wunused-parameter]8;;[m[K]
  291 |     [01;35m[Kconst Vec &tau_k[m[K,
      |     [01;35m[K~~~~~~~~~~~^~~~~[m[K
[ 62%] [32m[1mLinking CXX executable ctsvi_ad_node[0m
[ 75%] [32m[1mLinking CXX executable rk4_node[0m
[ 75%] Built target ctsvi_ad_node
[ 75%] Built target rk4_node
[ 87%] [32m[1mLinking CXX executable etsvi_node[0m
[ 87%] Built target etsvi_node
[100%] [32m[1mLinking CXX executable atsvi_ad_node[0m
[100%] Built target atsvi_ad_node
