[0.013s] Invoking command in '/home/user/ros2_ws/dynamic_ws/build/w10_sim': CMAKE_PREFIX_PATH=/opt/openrobots:/home/user/ros2_ws/dynamic_ws/install/w10_moveit_kinematics:/home/user/ros2_ws/dynamic_ws/install/w10_kinematics:/home/user/ros2_ws/dynamic_ws/install/w10_sim:/home/user/ros2_ws/dynamic_ws/install/vi_2p:/home/user/ros2_ws/dynamic_ws/install/vi:/opt/ros/humble:/home/user/ros2_ws/w10_ws/install/w10-urdf:/home/user/ros2_ws/w10_ws/install/urdf_visualization:/opt/openrobots: /usr/bin/cmake --build /home/user/ros2_ws/dynamic_ws/build/w10_sim -- -j32 -l32
[0.046s] [35m[1mConsolidate compiler generated dependencies of target etsvi_node[0m
[0.046s] [35m[1mConsolidate compiler generated dependencies of target ctsvi_w10_node[0m
[0.046s] [35m[1mConsolidate compiler generated dependencies of target ctsvi_node[0m
[0.047s] [35m[1mConsolidate compiler generated dependencies of target atsvi_ad_node[0m
[0.047s] [35m[1mConsolidate compiler generated dependencies of target ctsvi_ad_node[0m
[0.121s] [ 20%] Built target ctsvi_w10_node
[0.126s] [ 40%] Built target ctsvi_node
[0.126s] [ 50%] [32mBuilding CXX object CMakeFiles/etsvi_node.dir/src/etsvi_node.cpp.o[0m
[0.133s] [ 70%] Built target atsvi_ad_node
[0.135s] [ 90%] Built target ctsvi_ad_node
[57.594s] [100%] [32m[1mLinking CXX executable etsvi_node[0m
[60.234s] [100%] Built target etsvi_node
[60.243s] Invoked command in '/home/user/ros2_ws/dynamic_ws/build/w10_sim' returned '0': CMAKE_PREFIX_PATH=/opt/openrobots:/home/user/ros2_ws/dynamic_ws/install/w10_moveit_kinematics:/home/user/ros2_ws/dynamic_ws/install/w10_kinematics:/home/user/ros2_ws/dynamic_ws/install/w10_sim:/home/user/ros2_ws/dynamic_ws/install/vi_2p:/home/user/ros2_ws/dynamic_ws/install/vi:/opt/ros/humble:/home/user/ros2_ws/w10_ws/install/w10-urdf:/home/user/ros2_ws/w10_ws/install/urdf_visualization:/opt/openrobots: /usr/bin/cmake --build /home/user/ros2_ws/dynamic_ws/build/w10_sim -- -j32 -l32
[60.244s] Invoking command in '/home/user/ros2_ws/dynamic_ws/build/w10_sim': CMAKE_PREFIX_PATH=/opt/openrobots:/home/user/ros2_ws/dynamic_ws/install/w10_moveit_kinematics:/home/user/ros2_ws/dynamic_ws/install/w10_kinematics:/home/user/ros2_ws/dynamic_ws/install/w10_sim:/home/user/ros2_ws/dynamic_ws/install/vi_2p:/home/user/ros2_ws/dynamic_ws/install/vi:/opt/ros/humble:/home/user/ros2_ws/w10_ws/install/w10-urdf:/home/user/ros2_ws/w10_ws/install/urdf_visualization:/opt/openrobots: /usr/bin/cmake --install /home/user/ros2_ws/dynamic_ws/build/w10_sim
[60.250s] -- Install configuration: ""
[60.250s] -- Up-to-date: /home/user/ros2_ws/dynamic_ws/install/w10_sim/share/w10_sim/urdf
[60.250s] -- Up-to-date: /home/user/ros2_ws/dynamic_ws/install/w10_sim/share/w10_sim/urdf/7_pendulum.urdf
[60.250s] -- Up-to-date: /home/user/ros2_ws/dynamic_ws/install/w10_sim/share/w10_sim/urdf/w10.csv
[60.250s] -- Up-to-date: /home/user/ros2_ws/dynamic_ws/install/w10_sim/share/w10_sim/urdf/w10new.urdf
[60.250s] -- Up-to-date: /home/user/ros2_ws/dynamic_ws/install/w10_sim/share/w10_sim/urdf/w10_body.urdf
[60.250s] -- Up-to-date: /home/user/ros2_ws/dynamic_ws/install/w10_sim/share/w10_sim/urdf/w10.urdf
[60.250s] -- Up-to-date: /home/user/ros2_ws/dynamic_ws/install/w10_sim/share/w10_sim/urdf/1_pendulum.urdf
[60.250s] -- Up-to-date: /home/user/ros2_ws/dynamic_ws/install/w10_sim/share/w10_sim/meshes
[60.250s] -- Up-to-date: /home/user/ros2_ws/dynamic_ws/install/w10_sim/share/w10_sim/meshes/base_link.STL
[60.250s] -- Up-to-date: /home/user/ros2_ws/dynamic_ws/install/w10_sim/share/w10_sim/meshes/Link6.STL
[60.250s] -- Up-to-date: /home/user/ros2_ws/dynamic_ws/install/w10_sim/share/w10_sim/meshes/Link1.STL
[60.250s] -- Up-to-date: /home/user/ros2_ws/dynamic_ws/install/w10_sim/share/w10_sim/meshes/Link7.STL
[60.251s] -- Up-to-date: /home/user/ros2_ws/dynamic_ws/install/w10_sim/share/w10_sim/meshes/Link4.STL
[60.251s] -- Up-to-date: /home/user/ros2_ws/dynamic_ws/install/w10_sim/share/w10_sim/meshes/Link3.STL
[60.251s] -- Up-to-date: /home/user/ros2_ws/dynamic_ws/install/w10_sim/share/w10_sim/meshes/Link2.STL
[60.251s] -- Up-to-date: /home/user/ros2_ws/dynamic_ws/install/w10_sim/share/w10_sim/meshes/Link5.STL
[60.251s] -- Up-to-date: /home/user/ros2_ws/dynamic_ws/install/w10_sim/share/w10_sim/launch
[60.251s] -- Up-to-date: /home/user/ros2_ws/dynamic_ws/install/w10_sim/share/w10_sim/launch/display_urdf.launch.py
[60.251s] -- Up-to-date: /home/user/ros2_ws/dynamic_ws/install/w10_sim/share/w10_sim/launch/ctsvi_w10.launch.py
[60.251s] -- Up-to-date: /home/user/ros2_ws/dynamic_ws/install/w10_sim/share/w10_sim/launch/display_urdf_headless.launch.py
[60.251s] -- Up-to-date: /home/user/ros2_ws/dynamic_ws/install/w10_sim/share/w10_sim/launch/ctsvi_ad.launch.py
[60.251s] -- Up-to-date: /home/user/ros2_ws/dynamic_ws/install/w10_sim/share/w10_sim/launch/__pycache__
[60.251s] -- Up-to-date: /home/user/ros2_ws/dynamic_ws/install/w10_sim/share/w10_sim/launch/__pycache__/display_urdf_headless.launch.cpython-310.pyc
[60.251s] -- Up-to-date: /home/user/ros2_ws/dynamic_ws/install/w10_sim/share/w10_sim/config
[60.251s] -- Installing: /home/user/ros2_ws/dynamic_ws/install/w10_sim/share/w10_sim/config/plot_config.yaml
[60.251s] -- Installing: /home/user/ros2_ws/dynamic_ws/install/w10_sim/share/w10_sim/config/vi_params.yaml
[60.251s] -- Up-to-date: /home/user/ros2_ws/dynamic_ws/install/w10_sim/share/w10_sim/rviz
[60.251s] -- Up-to-date: /home/user/ros2_ws/dynamic_ws/install/w10_sim/share/w10_sim/rviz/w10.rviz
[60.251s] -- Up-to-date: /home/user/ros2_ws/dynamic_ws/install/w10_sim/share/w10_sim/scripts
[60.251s] -- Up-to-date: /home/user/ros2_ws/dynamic_ws/install/w10_sim/share/w10_sim/scripts/w10_joint_controller.py
[60.251s] -- Up-to-date: /home/user/ros2_ws/dynamic_ws/install/w10_sim/share/w10_sim/scripts/generate_urdf_from_dh.py
[60.251s] -- Up-to-date: /home/user/ros2_ws/dynamic_ws/install/w10_sim/share/w10_sim/scripts/rviz_diagnose.py
[60.252s] -- Up-to-date: /home/user/ros2_ws/dynamic_ws/install/w10_sim/share/w10_sim/scripts/analyze_vi_results.py
[60.252s] -- Up-to-date: /home/user/ros2_ws/dynamic_ws/install/w10_sim/share/w10_sim/scripts/extract_dh_params.py
[60.252s] -- Up-to-date: /home/user/ros2_ws/dynamic_ws/install/w10_sim/share/w10_sim/scripts/__pycache__
[60.252s] -- Up-to-date: /home/user/ros2_ws/dynamic_ws/install/w10_sim/share/w10_sim/scripts/__pycache__/analyze_vi_results.cpython-310.pyc
[60.252s] -- Up-to-date: /home/user/ros2_ws/dynamic_ws/install/w10_sim/share/w10_sim/scripts/vi_sim.py
[60.252s] -- Up-to-date: /home/user/ros2_ws/dynamic_ws/install/w10_sim/lib/w10_sim/vi_sim.py
[60.252s] -- Up-to-date: /home/user/ros2_ws/dynamic_ws/install/w10_sim/lib/w10_sim/analyze_vi_results.py
[60.252s] -- Up-to-date: /home/user/ros2_ws/dynamic_ws/install/w10_sim/include
[60.252s] -- Up-to-date: /home/user/ros2_ws/dynamic_ws/install/w10_sim/include/w10_sim
[60.252s] -- Up-to-date: /home/user/ros2_ws/dynamic_ws/install/w10_sim/lib/w10_sim/ctsvi_node
[60.253s] -- Up-to-date: /home/user/ros2_ws/dynamic_ws/install/w10_sim/lib/w10_sim/ctsvi_w10_node
[60.254s] -- Up-to-date: /home/user/ros2_ws/dynamic_ws/install/w10_sim/lib/w10_sim/ctsvi_ad_node
[60.255s] -- Up-to-date: /home/user/ros2_ws/dynamic_ws/install/w10_sim/lib/w10_sim/atsvi_ad_node
[60.255s] -- Installing: /home/user/ros2_ws/dynamic_ws/install/w10_sim/lib/w10_sim/etsvi_node
[60.299s] -- Set runtime path of "/home/user/ros2_ws/dynamic_ws/install/w10_sim/lib/w10_sim/etsvi_node" to ""
[60.299s] -- Up-to-date: /home/user/ros2_ws/dynamic_ws/install/w10_sim/share/ament_index/resource_index/package_run_dependencies/w10_sim
[60.299s] -- Up-to-date: /home/user/ros2_ws/dynamic_ws/install/w10_sim/share/ament_index/resource_index/parent_prefix_path/w10_sim
[60.299s] -- Up-to-date: /home/user/ros2_ws/dynamic_ws/install/w10_sim/share/w10_sim/environment/ament_prefix_path.sh
[60.299s] -- Up-to-date: /home/user/ros2_ws/dynamic_ws/install/w10_sim/share/w10_sim/environment/ament_prefix_path.dsv
[60.299s] -- Up-to-date: /home/user/ros2_ws/dynamic_ws/install/w10_sim/share/w10_sim/environment/path.sh
[60.299s] -- Up-to-date: /home/user/ros2_ws/dynamic_ws/install/w10_sim/share/w10_sim/environment/path.dsv
[60.299s] -- Up-to-date: /home/user/ros2_ws/dynamic_ws/install/w10_sim/share/w10_sim/local_setup.bash
[60.299s] -- Up-to-date: /home/user/ros2_ws/dynamic_ws/install/w10_sim/share/w10_sim/local_setup.sh
[60.299s] -- Up-to-date: /home/user/ros2_ws/dynamic_ws/install/w10_sim/share/w10_sim/local_setup.zsh
[60.299s] -- Up-to-date: /home/user/ros2_ws/dynamic_ws/install/w10_sim/share/w10_sim/local_setup.dsv
[60.299s] -- Installing: /home/user/ros2_ws/dynamic_ws/install/w10_sim/share/w10_sim/package.dsv
[60.299s] -- Up-to-date: /home/user/ros2_ws/dynamic_ws/install/w10_sim/share/ament_index/resource_index/packages/w10_sim
[60.299s] -- Up-to-date: /home/user/ros2_ws/dynamic_ws/install/w10_sim/share/w10_sim/cmake/ament_cmake_export_dependencies-extras.cmake
[60.299s] -- Up-to-date: /home/user/ros2_ws/dynamic_ws/install/w10_sim/share/w10_sim/cmake/ament_cmake_export_include_directories-extras.cmake
[60.300s] -- Up-to-date: /home/user/ros2_ws/dynamic_ws/install/w10_sim/share/w10_sim/cmake/w10_simConfig.cmake
[60.300s] -- Up-to-date: /home/user/ros2_ws/dynamic_ws/install/w10_sim/share/w10_sim/cmake/w10_simConfig-version.cmake
[60.300s] -- Up-to-date: /home/user/ros2_ws/dynamic_ws/install/w10_sim/share/w10_sim/package.xml
[60.301s] Invoked command in '/home/user/ros2_ws/dynamic_ws/build/w10_sim' returned '0': CMAKE_PREFIX_PATH=/opt/openrobots:/home/user/ros2_ws/dynamic_ws/install/w10_moveit_kinematics:/home/user/ros2_ws/dynamic_ws/install/w10_kinematics:/home/user/ros2_ws/dynamic_ws/install/w10_sim:/home/user/ros2_ws/dynamic_ws/install/vi_2p:/home/user/ros2_ws/dynamic_ws/install/vi:/opt/ros/humble:/home/user/ros2_ws/w10_ws/install/w10-urdf:/home/user/ros2_ws/w10_ws/install/urdf_visualization:/opt/openrobots: /usr/bin/cmake --install /home/user/ros2_ws/dynamic_ws/build/w10_sim
