[0.014s] Invoking command in '/home/user/ros2_ws/dynamic_ws/build/vi': CMAKE_PREFIX_PATH=/opt/openrobots:/home/user/ros2_ws/dynamic_ws/install/w10_moveit_kinematics:/home/user/ros2_ws/dynamic_ws/install/w10_kinematics:/home/user/ros2_ws/dynamic_ws/install/w10_sim:/home/user/ros2_ws/dynamic_ws/install/w10_force_sim:/home/user/ros2_ws/dynamic_ws/install/vi_2p:/home/user/ros2_ws/dynamic_ws/install/vi:/opt/ros/humble:/home/user/ros2_ws/w10_ws/install/w10-urdf:/home/user/ros2_ws/w10_ws/install/urdf_visualization:/opt/openrobots: /usr/bin/cmake --build /home/user/ros2_ws/dynamic_ws/build/vi -- -j32 -l32
[0.044s] [35m[1mConsolidate compiler generated dependencies of target atsvi_ad_node[0m
[0.044s] [35m[1mConsolidate compiler generated dependencies of target rk4_node[0m
[0.045s] [35m[1mConsolidate compiler generated dependencies of target ctsvi_ad_node[0m
[0.046s] [35m[1mConsolidate compiler generated dependencies of target etsvi_node[0m
[0.121s] [ 25%] Built target rk4_node
[0.141s] [ 75%] Built target ctsvi_ad_node
[0.141s] [ 75%] Built target atsvi_ad_node
[0.142s] [100%] Built target etsvi_node
[0.150s] Invoked command in '/home/user/ros2_ws/dynamic_ws/build/vi' returned '0': CMAKE_PREFIX_PATH=/opt/openrobots:/home/user/ros2_ws/dynamic_ws/install/w10_moveit_kinematics:/home/user/ros2_ws/dynamic_ws/install/w10_kinematics:/home/user/ros2_ws/dynamic_ws/install/w10_sim:/home/user/ros2_ws/dynamic_ws/install/w10_force_sim:/home/user/ros2_ws/dynamic_ws/install/vi_2p:/home/user/ros2_ws/dynamic_ws/install/vi:/opt/ros/humble:/home/user/ros2_ws/w10_ws/install/w10-urdf:/home/user/ros2_ws/w10_ws/install/urdf_visualization:/opt/openrobots: /usr/bin/cmake --build /home/user/ros2_ws/dynamic_ws/build/vi -- -j32 -l32
[0.156s] Invoking command in '/home/user/ros2_ws/dynamic_ws/build/vi': CMAKE_PREFIX_PATH=/opt/openrobots:/home/user/ros2_ws/dynamic_ws/install/w10_moveit_kinematics:/home/user/ros2_ws/dynamic_ws/install/w10_kinematics:/home/user/ros2_ws/dynamic_ws/install/w10_sim:/home/user/ros2_ws/dynamic_ws/install/w10_force_sim:/home/user/ros2_ws/dynamic_ws/install/vi_2p:/home/user/ros2_ws/dynamic_ws/install/vi:/opt/ros/humble:/home/user/ros2_ws/w10_ws/install/w10-urdf:/home/user/ros2_ws/w10_ws/install/urdf_visualization:/opt/openrobots: /usr/bin/cmake --install /home/user/ros2_ws/dynamic_ws/build/vi
[0.162s] -- Install configuration: ""
[0.162s] -- Up-to-date: /home/user/ros2_ws/dynamic_ws/install/vi/lib/vi/pybullet_sim.py
[0.162s] -- Up-to-date: /home/user/ros2_ws/dynamic_ws/install/vi/lib/vi/plot_7dof_pendulum.py
[0.162s] -- Up-to-date: /home/user/ros2_ws/dynamic_ws/install/vi/lib/vi/render_pendulum.py
[0.162s] -- Up-to-date: /home/user/ros2_ws/dynamic_ws/install/vi/lib/vi/vi_compare_sim.py
[0.162s] -- Up-to-date: /home/user/ros2_ws/dynamic_ws/install/vi/lib/vi/rk4_vi_compare_sim.py
[0.162s] -- Up-to-date: /home/user/ros2_ws/dynamic_ws/install/vi/lib/vi/etsvi_sweep_heatmap.py
[0.163s] -- Up-to-date: /home/user/ros2_ws/dynamic_ws/install/vi/lib/vi/ctsvi_ad_node
[0.163s] -- Up-to-date: /home/user/ros2_ws/dynamic_ws/install/vi/lib/vi/atsvi_ad_node
[0.163s] -- Up-to-date: /home/user/ros2_ws/dynamic_ws/install/vi/lib/vi/etsvi_node
[0.164s] -- Up-to-date: /home/user/ros2_ws/dynamic_ws/install/vi/lib/vi/rk4_node
[0.164s] -- Up-to-date: /home/user/ros2_ws/dynamic_ws/install/vi/share/ament_index/resource_index/package_run_dependencies/vi
[0.164s] -- Up-to-date: /home/user/ros2_ws/dynamic_ws/install/vi/share/ament_index/resource_index/parent_prefix_path/vi
[0.164s] -- Up-to-date: /home/user/ros2_ws/dynamic_ws/install/vi/share/vi/environment/ament_prefix_path.sh
[0.165s] -- Up-to-date: /home/user/ros2_ws/dynamic_ws/install/vi/share/vi/environment/ament_prefix_path.dsv
[0.165s] -- Up-to-date: /home/user/ros2_ws/dynamic_ws/install/vi/share/vi/environment/path.sh
[0.165s] -- Up-to-date: /home/user/ros2_ws/dynamic_ws/install/vi/share/vi/environment/path.dsv
[0.165s] -- Up-to-date: /home/user/ros2_ws/dynamic_ws/install/vi/share/vi/local_setup.bash
[0.166s] -- Up-to-date: /home/user/ros2_ws/dynamic_ws/install/vi/share/vi/local_setup.sh
[0.166s] -- Up-to-date: /home/user/ros2_ws/dynamic_ws/install/vi/share/vi/local_setup.zsh
[0.167s] -- Up-to-date: /home/user/ros2_ws/dynamic_ws/install/vi/share/vi/local_setup.dsv
[0.167s] -- Installing: /home/user/ros2_ws/dynamic_ws/install/vi/share/vi/package.dsv
[0.167s] -- Up-to-date: /home/user/ros2_ws/dynamic_ws/install/vi/share/ament_index/resource_index/packages/vi
[0.167s] -- Up-to-date: /home/user/ros2_ws/dynamic_ws/install/vi/share/vi/cmake/ament_cmake_export_dependencies-extras.cmake
[0.167s] -- Up-to-date: /home/user/ros2_ws/dynamic_ws/install/vi/share/vi/cmake/viConfig.cmake
[0.167s] -- Up-to-date: /home/user/ros2_ws/dynamic_ws/install/vi/share/vi/cmake/viConfig-version.cmake
[0.167s] -- Up-to-date: /home/user/ros2_ws/dynamic_ws/install/vi/share/vi/package.xml
[0.172s] Invoked command in '/home/user/ros2_ws/dynamic_ws/build/vi' returned '0': CMAKE_PREFIX_PATH=/opt/openrobots:/home/user/ros2_ws/dynamic_ws/install/w10_moveit_kinematics:/home/user/ros2_ws/dynamic_ws/install/w10_kinematics:/home/user/ros2_ws/dynamic_ws/install/w10_sim:/home/user/ros2_ws/dynamic_ws/install/w10_force_sim:/home/user/ros2_ws/dynamic_ws/install/vi_2p:/home/user/ros2_ws/dynamic_ws/install/vi:/opt/ros/humble:/home/user/ros2_ws/w10_ws/install/w10-urdf:/home/user/ros2_ws/w10_ws/install/urdf_visualization:/opt/openrobots: /usr/bin/cmake --install /home/user/ros2_ws/dynamic_ws/build/vi
