[0.015s] Invoking command in '/home/user/ros2_ws/dynamic_ws/build/marvin_sim': CMAKE_PREFIX_PATH=/opt/openrobots:/home/user/ros2_ws/dynamic_ws/install/w10_moveit_kinematics:/home/user/ros2_ws/dynamic_ws/install/w10_kinematics:/home/user/ros2_ws/dynamic_ws/install/w10_sim:/home/user/ros2_ws/dynamic_ws/install/w10_force_sim:/home/user/ros2_ws/dynamic_ws/install/vi_2p:/home/user/ros2_ws/dynamic_ws/install/vi:/home/user/ros2_ws/dynamic_ws/install/show_urdf:/home/user/ros2_ws/dynamic_ws/install/marvin_sim:/opt/ros/humble:/home/user/ros2_ws/w10_ws/install/w10-urdf:/home/user/ros2_ws/w10_ws/install/urdf_visualization:/opt/openrobots: /usr/bin/cmake --build /home/user/ros2_ws/dynamic_ws/build/marvin_sim -- -j32 -l32
[0.059s] [ 33%] Built target ctsvi_node
[0.060s] [ 66%] Built target atsvi_node
[0.067s] [ 83%] [32mBuilding CXX object CMakeFiles/c_atsvi_node.dir/src/c_atsvi_node.cpp.o[0m
[4.119s] [01m[K/home/user/ros2_ws/dynamic_ws/src/marvin_sim/src/c_atsvi_node.cpp:[m[K In function ‘[01m[Kstd::pair<Eigen::Matrix<double, -1, 1>, SolverInfo> solve_q_next(const ModelAD&, DataAD&, const Vec&, const Vec&, const Vec&, double, double, int, double)[m[K’:
[4.119s] [01m[K/home/user/ros2_ws/dynamic_ws/src/marvin_sim/src/c_atsvi_node.cpp:269:48:[m[K [01;35m[Kwarning: [m[Kunused parameter ‘[01m[Kh_prev[m[K’ [[01;35m[K]8;;https://gcc.gnu.org/onlinedocs/gcc/Warning-Options.html#index-Wunused-parameter-Wunused-parameter]8;;[m[K]
[4.119s]   269 |                                         [01;35m[Kdouble h_prev[m[K,    // q_prev→q_curr 区间的步长
[4.119s]       |                                         [01;35m[K~~~~~~~^~~~~~[m[K
[4.158s] [01m[K/home/user/ros2_ws/dynamic_ws/src/marvin_sim/src/c_atsvi_node.cpp:[m[K In function ‘[01m[Kint main(int, char**)[m[K’:
[4.158s] [01m[K/home/user/ros2_ws/dynamic_ws/src/marvin_sim/src/c_atsvi_node.cpp:542:5:[m[K [01;31m[Kerror: [m[K‘[01m[Kg_history[m[K’ was not declared in this scope; did you mean ‘[01m[Kh_history[m[K’?
[4.158s]   542 |     [01;31m[Kg_history[m[K.push_back(g_k);
[4.158s]       |     [01;31m[K^~~~~~~~~[m[K
[4.158s]       |     [32m[Kh_history[m[K
[4.165s] [01m[K/home/user/ros2_ws/dynamic_ws/src/marvin_sim/src/c_atsvi_node.cpp:543:5:[m[K [01;31m[Kerror: [m[K‘[01m[Kg_dagger_history[m[K’ was not declared in this scope
[4.165s]   543 |     [01;31m[Kg_dagger_history[m[K.push_back(g_k_dagger);
[4.165s]       |     [01;31m[K^~~~~~~~~~~~~~~~[m[K
[4.179s] [01m[K/home/user/ros2_ws/dynamic_ws/src/marvin_sim/src/c_atsvi_node.cpp:536:12:[m[K [01;35m[Kwarning: [m[Kunused variable ‘[01m[KE_prev[m[K’ [[01;35m[K]8;;https://gcc.gnu.org/onlinedocs/gcc/Warning-Options.html#index-Wunused-variable-Wunused-variable]8;;[m[K]
[4.179s]   536 |     double [01;35m[KE_prev[m[K = E_curr;  // 用于 force-off 之后的重置
[4.179s]       |            [01;35m[K^~~~~~[m[K
[35.713s] gmake[2]: *** [CMakeFiles/c_atsvi_node.dir/build.make:76: CMakeFiles/c_atsvi_node.dir/src/c_atsvi_node.cpp.o] Error 1
[35.713s] gmake[1]: *** [CMakeFiles/Makefile2:193: CMakeFiles/c_atsvi_node.dir/all] Error 2
[35.713s] gmake: *** [Makefile:146: all] Error 2
[35.715s] Invoked command in '/home/user/ros2_ws/dynamic_ws/build/marvin_sim' returned '2': CMAKE_PREFIX_PATH=/opt/openrobots:/home/user/ros2_ws/dynamic_ws/install/w10_moveit_kinematics:/home/user/ros2_ws/dynamic_ws/install/w10_kinematics:/home/user/ros2_ws/dynamic_ws/install/w10_sim:/home/user/ros2_ws/dynamic_ws/install/w10_force_sim:/home/user/ros2_ws/dynamic_ws/install/vi_2p:/home/user/ros2_ws/dynamic_ws/install/vi:/home/user/ros2_ws/dynamic_ws/install/show_urdf:/home/user/ros2_ws/dynamic_ws/install/marvin_sim:/opt/ros/humble:/home/user/ros2_ws/w10_ws/install/w10-urdf:/home/user/ros2_ws/w10_ws/install/urdf_visualization:/opt/openrobots: /usr/bin/cmake --build /home/user/ros2_ws/dynamic_ws/build/marvin_sim -- -j32 -l32
