[0.021s] Invoking command in '/home/user/ros2_ws/dynamic_ws/build/marvin_sim': CMAKE_PREFIX_PATH=/opt/openrobots:/home/user/ros2_ws/dynamic_ws/install/w10_moveit_kinematics:/home/user/ros2_ws/dynamic_ws/install/w10_kinematics:/home/user/ros2_ws/dynamic_ws/install/w10_sim:/home/user/ros2_ws/dynamic_ws/install/w10_force_sim:/home/user/ros2_ws/dynamic_ws/install/vi_2p:/home/user/ros2_ws/dynamic_ws/install/vi:/home/user/ros2_ws/dynamic_ws/install/show_urdf:/home/user/ros2_ws/dynamic_ws/install/marvin_sim:/opt/ros/humble:/home/user/ros2_ws/w10_ws/install/w10-urdf:/home/user/ros2_ws/w10_ws/install/urdf_visualization:/opt/openrobots: /usr/bin/cmake --build /home/user/ros2_ws/dynamic_ws/build/marvin_sim -- -j32 -l32
[0.051s] [35m[1mConsolidate compiler generated dependencies of target c_atsvi_node[0m
[0.068s] [ 16%] [32mBuilding CXX object CMakeFiles/ctsvi_node.dir/src/ctsvi_node.cpp.o[0m
[0.072s] [ 33%] [32mBuilding CXX object CMakeFiles/atsvi_node.dir/src/atsvi_node.cpp.o[0m
[0.112s] [ 50%] [32mBuilding CXX object CMakeFiles/c_atsvi_node.dir/src/c_atsvi_node.cpp.o[0m
[62.721s] [ 66%] [32m[1mLinking CXX executable c_atsvi_node[0m
[62.844s] [ 66%] Built target c_atsvi_node
[65.138s] [ 83%] [32m[1mLinking CXX executable ctsvi_node[0m
[65.281s] [ 83%] Built target ctsvi_node
[91.103s] [100%] [32m[1mLinking CXX executable atsvi_node[0m
[91.236s] [100%] Built target atsvi_node
[91.244s] Invoked command in '/home/user/ros2_ws/dynamic_ws/build/marvin_sim' returned '0': CMAKE_PREFIX_PATH=/opt/openrobots:/home/user/ros2_ws/dynamic_ws/install/w10_moveit_kinematics:/home/user/ros2_ws/dynamic_ws/install/w10_kinematics:/home/user/ros2_ws/dynamic_ws/install/w10_sim:/home/user/ros2_ws/dynamic_ws/install/w10_force_sim:/home/user/ros2_ws/dynamic_ws/install/vi_2p:/home/user/ros2_ws/dynamic_ws/install/vi:/home/user/ros2_ws/dynamic_ws/install/show_urdf:/home/user/ros2_ws/dynamic_ws/install/marvin_sim:/opt/ros/humble:/home/user/ros2_ws/w10_ws/install/w10-urdf:/home/user/ros2_ws/w10_ws/install/urdf_visualization:/opt/openrobots: /usr/bin/cmake --build /home/user/ros2_ws/dynamic_ws/build/marvin_sim -- -j32 -l32
[91.245s] Invoking command in '/home/user/ros2_ws/dynamic_ws/build/marvin_sim': CMAKE_PREFIX_PATH=/opt/openrobots:/home/user/ros2_ws/dynamic_ws/install/w10_moveit_kinematics:/home/user/ros2_ws/dynamic_ws/install/w10_kinematics:/home/user/ros2_ws/dynamic_ws/install/w10_sim:/home/user/ros2_ws/dynamic_ws/install/w10_force_sim:/home/user/ros2_ws/dynamic_ws/install/vi_2p:/home/user/ros2_ws/dynamic_ws/install/vi:/home/user/ros2_ws/dynamic_ws/install/show_urdf:/home/user/ros2_ws/dynamic_ws/install/marvin_sim:/opt/ros/humble:/home/user/ros2_ws/w10_ws/install/w10-urdf:/home/user/ros2_ws/w10_ws/install/urdf_visualization:/opt/openrobots: /usr/bin/cmake --install /home/user/ros2_ws/dynamic_ws/build/marvin_sim
[91.248s] -- Install configuration: "Release"
[91.248s] -- Up-to-date: /home/user/ros2_ws/dynamic_ws/install/marvin_sim/share/marvin_sim/launch
[91.248s] -- Up-to-date: /home/user/ros2_ws/dynamic_ws/install/marvin_sim/share/marvin_sim/launch/replay_rviz.launch.py
[91.248s] -- Up-to-date: /home/user/ros2_ws/dynamic_ws/install/marvin_sim/share/marvin_sim/launch/sim_rviz.launch.py
[91.248s] -- Up-to-date: /home/user/ros2_ws/dynamic_ws/install/marvin_sim/share/marvin_sim/launch/display.launch.py
[91.248s] -- Up-to-date: /home/user/ros2_ws/dynamic_ws/install/marvin_sim/share/marvin_sim/urdf
[91.248s] -- Up-to-date: /home/user/ros2_ws/dynamic_ws/install/marvin_sim/share/marvin_sim/urdf/7_pendulum.urdf
[91.248s] -- Installing: /home/user/ros2_ws/dynamic_ws/install/marvin_sim/share/marvin_sim/urdf/marvin_body.urdf
[91.248s] -- Up-to-date: /home/user/ros2_ws/dynamic_ws/install/marvin_sim/share/marvin_sim/urdf/marvin.urdf
[91.248s] -- Up-to-date: /home/user/ros2_ws/dynamic_ws/install/marvin_sim/share/marvin_sim/meshes
[91.248s] -- Up-to-date: /home/user/ros2_ws/dynamic_ws/install/marvin_sim/share/marvin_sim/meshes/Link3_L.STL
[91.248s] -- Up-to-date: /home/user/ros2_ws/dynamic_ws/install/marvin_sim/share/marvin_sim/meshes/Link2_L.STL
[91.248s] -- Up-to-date: /home/user/ros2_ws/dynamic_ws/install/marvin_sim/share/marvin_sim/meshes/Link1_L.STL
[91.249s] -- Up-to-date: /home/user/ros2_ws/dynamic_ws/install/marvin_sim/share/marvin_sim/meshes/Link7_L.STL
[91.249s] -- Up-to-date: /home/user/ros2_ws/dynamic_ws/install/marvin_sim/share/marvin_sim/meshes/Link6_L.STL
[91.249s] -- Up-to-date: /home/user/ros2_ws/dynamic_ws/install/marvin_sim/share/marvin_sim/meshes/Base_L.STL
[91.249s] -- Up-to-date: /home/user/ros2_ws/dynamic_ws/install/marvin_sim/share/marvin_sim/meshes/Link5_L.STL
[91.249s] -- Up-to-date: /home/user/ros2_ws/dynamic_ws/install/marvin_sim/share/marvin_sim/meshes/Link4_L.STL
[91.249s] -- Up-to-date: /home/user/ros2_ws/dynamic_ws/install/marvin_sim/share/marvin_sim/config
[91.249s] -- Up-to-date: /home/user/ros2_ws/dynamic_ws/install/marvin_sim/share/marvin_sim/config/plot_config.yaml
[91.249s] -- Installing: /home/user/ros2_ws/dynamic_ws/install/marvin_sim/share/marvin_sim/config/vi_params.yaml
[91.249s] -- Up-to-date: /home/user/ros2_ws/dynamic_ws/install/marvin_sim/lib/marvin_sim/vi_sim.py
[91.249s] -- Up-to-date: /home/user/ros2_ws/dynamic_ws/install/marvin_sim/lib/marvin_sim/analyze_vi_results.py
[91.249s] -- Up-to-date: /home/user/ros2_ws/dynamic_ws/install/marvin_sim/lib/marvin_sim/replay_rviz.py
[91.249s] -- Installing: /home/user/ros2_ws/dynamic_ws/install/marvin_sim/lib/marvin_sim/ctsvi_node
[91.255s] -- Set runtime path of "/home/user/ros2_ws/dynamic_ws/install/marvin_sim/lib/marvin_sim/ctsvi_node" to ""
[91.255s] -- Installing: /home/user/ros2_ws/dynamic_ws/install/marvin_sim/lib/marvin_sim/atsvi_node
[91.270s] -- Set runtime path of "/home/user/ros2_ws/dynamic_ws/install/marvin_sim/lib/marvin_sim/atsvi_node" to ""
[91.270s] -- Installing: /home/user/ros2_ws/dynamic_ws/install/marvin_sim/lib/marvin_sim/c_atsvi_node
[91.270s] -- Set runtime path of "/home/user/ros2_ws/dynamic_ws/install/marvin_sim/lib/marvin_sim/c_atsvi_node" to ""
[91.271s] -- Up-to-date: /home/user/ros2_ws/dynamic_ws/install/marvin_sim/share/ament_index/resource_index/package_run_dependencies/marvin_sim
[91.271s] -- Up-to-date: /home/user/ros2_ws/dynamic_ws/install/marvin_sim/share/ament_index/resource_index/parent_prefix_path/marvin_sim
[91.271s] -- Up-to-date: /home/user/ros2_ws/dynamic_ws/install/marvin_sim/share/marvin_sim/environment/ament_prefix_path.sh
[91.271s] -- Up-to-date: /home/user/ros2_ws/dynamic_ws/install/marvin_sim/share/marvin_sim/environment/ament_prefix_path.dsv
[91.271s] -- Up-to-date: /home/user/ros2_ws/dynamic_ws/install/marvin_sim/share/marvin_sim/environment/path.sh
[91.271s] -- Up-to-date: /home/user/ros2_ws/dynamic_ws/install/marvin_sim/share/marvin_sim/environment/path.dsv
[91.271s] -- Up-to-date: /home/user/ros2_ws/dynamic_ws/install/marvin_sim/share/marvin_sim/local_setup.bash
[91.271s] -- Up-to-date: /home/user/ros2_ws/dynamic_ws/install/marvin_sim/share/marvin_sim/local_setup.sh
[91.271s] -- Up-to-date: /home/user/ros2_ws/dynamic_ws/install/marvin_sim/share/marvin_sim/local_setup.zsh
[91.271s] -- Up-to-date: /home/user/ros2_ws/dynamic_ws/install/marvin_sim/share/marvin_sim/local_setup.dsv
[91.271s] -- Installing: /home/user/ros2_ws/dynamic_ws/install/marvin_sim/share/marvin_sim/package.dsv
[91.271s] -- Up-to-date: /home/user/ros2_ws/dynamic_ws/install/marvin_sim/share/ament_index/resource_index/packages/marvin_sim
[91.271s] -- Up-to-date: /home/user/ros2_ws/dynamic_ws/install/marvin_sim/share/marvin_sim/cmake/ament_cmake_export_dependencies-extras.cmake
[91.272s] -- Up-to-date: /home/user/ros2_ws/dynamic_ws/install/marvin_sim/share/marvin_sim/cmake/marvin_simConfig.cmake
[91.272s] -- Up-to-date: /home/user/ros2_ws/dynamic_ws/install/marvin_sim/share/marvin_sim/cmake/marvin_simConfig-version.cmake
[91.272s] -- Up-to-date: /home/user/ros2_ws/dynamic_ws/install/marvin_sim/share/marvin_sim/package.xml
[91.273s] Invoked command in '/home/user/ros2_ws/dynamic_ws/build/marvin_sim' returned '0': CMAKE_PREFIX_PATH=/opt/openrobots:/home/user/ros2_ws/dynamic_ws/install/w10_moveit_kinematics:/home/user/ros2_ws/dynamic_ws/install/w10_kinematics:/home/user/ros2_ws/dynamic_ws/install/w10_sim:/home/user/ros2_ws/dynamic_ws/install/w10_force_sim:/home/user/ros2_ws/dynamic_ws/install/vi_2p:/home/user/ros2_ws/dynamic_ws/install/vi:/home/user/ros2_ws/dynamic_ws/install/show_urdf:/home/user/ros2_ws/dynamic_ws/install/marvin_sim:/opt/ros/humble:/home/user/ros2_ws/w10_ws/install/w10-urdf:/home/user/ros2_ws/w10_ws/install/urdf_visualization:/opt/openrobots: /usr/bin/cmake --install /home/user/ros2_ws/dynamic_ws/build/marvin_sim
