-- The C compiler identification is GNU 11.4.0
-- The CXX compiler identification is GNU 11.4.0
-- Detecting C compiler ABI info
-- Detecting C compiler ABI info - done
-- Check for working C compiler: /usr/bin/cc - skipped
-- Detecting C compile features
-- Detecting C compile features - done
-- Detecting CXX compiler ABI info
-- Detecting CXX compiler ABI info - done
-- Check for working CXX compiler: /usr/bin/c++ - skipped
-- Detecting CXX compile features
-- Detecting CXX compile features - done
-- Found ament_cmake_auto: 1.3.12 (/opt/ros/humble/share/ament_cmake_auto/cmake)
-- Found Python3: /usr/bin/python3 (found version "3.10.12") found components: Interpreter 
-- Found rosidl_generator_c: 3.1.7 (/opt/ros/humble/share/rosidl_generator_c/cmake)
-- Found rosidl_adapter: 3.1.7 (/opt/ros/humble/share/rosidl_adapter/cmake)
-- Found rosidl_generator_cpp: 3.1.7 (/opt/ros/humble/share/rosidl_generator_cpp/cmake)
-- Using all available rosidl_typesupport_c: rosidl_typesupport_fastrtps_c;rosidl_typesupport_introspection_c
-- Using all available rosidl_typesupport_cpp: rosidl_typesupport_fastrtps_cpp;rosidl_typesupport_introspection_cpp
-- Found rmw_implementation_cmake: 6.1.2 (/opt/ros/humble/share/rmw_implementation_cmake/cmake)
-- Found rmw_fastrtps_cpp: 6.2.9 (/opt/ros/humble/share/rmw_fastrtps_cpp/cmake)
-- Found OpenSSL: /usr/lib/x86_64-linux-gnu/libcrypto.so (found version "3.0.2")  
-- Found FastRTPS: /opt/ros/humble/include  
-- Using RMW implementation 'rmw_fastrtps_cpp' as default
-- Looking for pthread.h
-- Looking for pthread.h - found
-- Performing Test CMAKE_HAVE_LIBC_PTHREAD
-- Performing Test CMAKE_HAVE_LIBC_PTHREAD - Success
-- Found Threads: TRUE  
-- pinocchio_default FOUND. pinocchio_default at /opt/openrobots/lib/libpinocchio_default.so
-- pinocchio_parsers FOUND. pinocchio_parsers at /opt/openrobots/lib/libpinocchio_parsers.so
-- pinocchio_casadi FOUND. pinocchio_casadi at /opt/openrobots/lib/libpinocchio_casadi.so
-- boost_filesystem FOUND. boost_filesystem at /usr/lib/x86_64-linux-gnu/libboost_filesystem.so
-- boost_serialization FOUND. boost_serialization at /usr/lib/x86_64-linux-gnu/libboost_serialization.so
-- boost_system FOUND. boost_system at /usr/lib/x86_64-linux-gnu/libboost_system.so
-- coal FOUND. coal at /opt/openrobots/lib/libcoal.so
-- Found Boost: /usr/include (found version "1.74.0") found components: chrono thread date_time serialization filesystem atomic 
-- Default C++ standard: 201703
-- Minimal C++ standard upgraded to 11
-- C++ standard sufficient: Minimal required 11, currently defined: 17
-- CMAKE_CXX_STANDARD was not set: automatically set to currently defined standard 17
-- C++ standard sufficient: Minimal required 11, currently defined: 17
-- Found eigen3_cmake_module: 0.1.1 (/opt/ros/humble/share/eigen3_cmake_module/cmake)
-- Found Eigen3: TRUE (found version "3.4.0") 
-- Ensuring Eigen3 include directory is part of orocos-kdl CMake target
-- Found ament_lint_auto: 0.12.14 (/opt/ros/humble/share/ament_lint_auto/cmake)
-- Added test 'cppcheck' to perform static code analysis on C / C++ code
-- Configured cppcheck include dirs: /home/user/ros2_ws/dynamic_ws/src/w10_sim/include
-- Configured cppcheck exclude dirs and/or files: 
-- Added test 'flake8' to check Python code syntax and style conventions
-- Added test 'lint_cmake' to check CMake code style
-- Added test 'pep257' to check Python code against some of the docstring style conventions in PEP 257
-- Added test 'uncrustify' to check C / C++ code style
-- Configured uncrustify additional arguments: 
-- Added test 'xmllint' to check XML markup files
-- Configuring done
-- Generating done
-- Build files have been written to: /home/user/ros2_ws/dynamic_ws/build/w10_sim
[ 50%] [32mBuilding CXX object CMakeFiles/etsvi_node.dir/src/etsvi_node.cpp.o[0m
[ 50%] [32mBuilding CXX object CMakeFiles/ctsvi_ad_node.dir/src/ctsvi_ad_node.cpp.o[0m
[ 50%] [32mBuilding CXX object CMakeFiles/ctsvi_w10_node.dir/src/ctsvi_w10_node.cpp.o[0m
[ 50%] [32mBuilding CXX object CMakeFiles/atsvi_ad_node.dir/src/atsvi_ad_node.cpp.o[0m
[ 50%] [32mBuilding CXX object CMakeFiles/ctsvi_node.dir/src/ctsvi_node.cpp.o[0m
[ 60%] [32m[1mLinking CXX executable ctsvi_w10_node[0m
[ 70%] [32m[1mLinking CXX executable ctsvi_node[0m
[ 70%] Built target ctsvi_w10_node
[ 80%] [32m[1mLinking CXX executable etsvi_node[0m
[ 80%] Built target ctsvi_node
[ 80%] Built target etsvi_node
[ 90%] [32m[1mLinking CXX executable ctsvi_ad_node[0m
[ 90%] Built target ctsvi_ad_node
[100%] [32m[1mLinking CXX executable atsvi_ad_node[0m
[100%] Built target atsvi_ad_node
-- Install configuration: ""
-- Installing: /home/user/ros2_ws/dynamic_ws/install/w10_sim/share/w10_sim/urdf
-- Installing: /home/user/ros2_ws/dynamic_ws/install/w10_sim/share/w10_sim/urdf/7_pendulum.urdf
-- Installing: /home/user/ros2_ws/dynamic_ws/install/w10_sim/share/w10_sim/urdf/w10.csv
-- Installing: /home/user/ros2_ws/dynamic_ws/install/w10_sim/share/w10_sim/urdf/w10new.urdf
-- Installing: /home/user/ros2_ws/dynamic_ws/install/w10_sim/share/w10_sim/urdf/w10_body.urdf
-- Installing: /home/user/ros2_ws/dynamic_ws/install/w10_sim/share/w10_sim/urdf/w10.urdf
-- Installing: /home/user/ros2_ws/dynamic_ws/install/w10_sim/share/w10_sim/urdf/1_pendulum.urdf
-- Installing: /home/user/ros2_ws/dynamic_ws/install/w10_sim/share/w10_sim/meshes
-- Installing: /home/user/ros2_ws/dynamic_ws/install/w10_sim/share/w10_sim/meshes/base_link.STL
-- Installing: /home/user/ros2_ws/dynamic_ws/install/w10_sim/share/w10_sim/meshes/Link6.STL
-- Installing: /home/user/ros2_ws/dynamic_ws/install/w10_sim/share/w10_sim/meshes/Link1.STL
-- Installing: /home/user/ros2_ws/dynamic_ws/install/w10_sim/share/w10_sim/meshes/Link7.STL
-- Installing: /home/user/ros2_ws/dynamic_ws/install/w10_sim/share/w10_sim/meshes/Link4.STL
-- Installing: /home/user/ros2_ws/dynamic_ws/install/w10_sim/share/w10_sim/meshes/Link3.STL
-- Installing: /home/user/ros2_ws/dynamic_ws/install/w10_sim/share/w10_sim/meshes/Link2.STL
-- Installing: /home/user/ros2_ws/dynamic_ws/install/w10_sim/share/w10_sim/meshes/Link5.STL
-- Installing: /home/user/ros2_ws/dynamic_ws/install/w10_sim/share/w10_sim/launch
-- Installing: /home/user/ros2_ws/dynamic_ws/install/w10_sim/share/w10_sim/launch/display_urdf.launch.py
-- Installing: /home/user/ros2_ws/dynamic_ws/install/w10_sim/share/w10_sim/launch/ctsvi_w10.launch.py
-- Installing: /home/user/ros2_ws/dynamic_ws/install/w10_sim/share/w10_sim/launch/display_urdf_headless.launch.py
-- Installing: /home/user/ros2_ws/dynamic_ws/install/w10_sim/share/w10_sim/launch/ctsvi_ad.launch.py
-- Installing: /home/user/ros2_ws/dynamic_ws/install/w10_sim/share/w10_sim/launch/__pycache__
-- Installing: /home/user/ros2_ws/dynamic_ws/install/w10_sim/share/w10_sim/launch/__pycache__/display_urdf_headless.launch.cpython-310.pyc
-- Installing: /home/user/ros2_ws/dynamic_ws/install/w10_sim/share/w10_sim/config
-- Installing: /home/user/ros2_ws/dynamic_ws/install/w10_sim/share/w10_sim/config/plot_config.yaml
-- Installing: /home/user/ros2_ws/dynamic_ws/install/w10_sim/share/w10_sim/config/vi_params.yaml
-- Installing: /home/user/ros2_ws/dynamic_ws/install/w10_sim/share/w10_sim/rviz
-- Installing: /home/user/ros2_ws/dynamic_ws/install/w10_sim/share/w10_sim/rviz/w10.rviz
-- Installing: /home/user/ros2_ws/dynamic_ws/install/w10_sim/share/w10_sim/scripts
-- Installing: /home/user/ros2_ws/dynamic_ws/install/w10_sim/share/w10_sim/scripts/w10_joint_controller.py
-- Installing: /home/user/ros2_ws/dynamic_ws/install/w10_sim/share/w10_sim/scripts/generate_urdf_from_dh.py
-- Installing: /home/user/ros2_ws/dynamic_ws/install/w10_sim/share/w10_sim/scripts/rviz_diagnose.py
-- Installing: /home/user/ros2_ws/dynamic_ws/install/w10_sim/share/w10_sim/scripts/analyze_vi_results.py
-- Installing: /home/user/ros2_ws/dynamic_ws/install/w10_sim/share/w10_sim/scripts/extract_dh_params.py
-- Installing: /home/user/ros2_ws/dynamic_ws/install/w10_sim/share/w10_sim/scripts/__pycache__
-- Installing: /home/user/ros2_ws/dynamic_ws/install/w10_sim/share/w10_sim/scripts/__pycache__/analyze_vi_results.cpython-310.pyc
-- Installing: /home/user/ros2_ws/dynamic_ws/install/w10_sim/share/w10_sim/scripts/vi_sim.py
-- Installing: /home/user/ros2_ws/dynamic_ws/install/w10_sim/lib/w10_sim/vi_sim.py
-- Installing: /home/user/ros2_ws/dynamic_ws/install/w10_sim/lib/w10_sim/analyze_vi_results.py
-- Installing: /home/user/ros2_ws/dynamic_ws/install/w10_sim/include
-- Installing: /home/user/ros2_ws/dynamic_ws/install/w10_sim/include/w10_sim
-- Installing: /home/user/ros2_ws/dynamic_ws/install/w10_sim/lib/w10_sim/ctsvi_node
-- Set runtime path of "/home/user/ros2_ws/dynamic_ws/install/w10_sim/lib/w10_sim/ctsvi_node" to ""
-- Installing: /home/user/ros2_ws/dynamic_ws/install/w10_sim/lib/w10_sim/ctsvi_w10_node
-- Set runtime path of "/home/user/ros2_ws/dynamic_ws/install/w10_sim/lib/w10_sim/ctsvi_w10_node" to ""
-- Installing: /home/user/ros2_ws/dynamic_ws/install/w10_sim/lib/w10_sim/ctsvi_ad_node
-- Set runtime path of "/home/user/ros2_ws/dynamic_ws/install/w10_sim/lib/w10_sim/ctsvi_ad_node" to ""
-- Installing: /home/user/ros2_ws/dynamic_ws/install/w10_sim/lib/w10_sim/atsvi_ad_node
-- Set runtime path of "/home/user/ros2_ws/dynamic_ws/install/w10_sim/lib/w10_sim/atsvi_ad_node" to ""
-- Installing: /home/user/ros2_ws/dynamic_ws/install/w10_sim/lib/w10_sim/etsvi_node
-- Set runtime path of "/home/user/ros2_ws/dynamic_ws/install/w10_sim/lib/w10_sim/etsvi_node" to ""
-- Installing: /home/user/ros2_ws/dynamic_ws/install/w10_sim/share/ament_index/resource_index/package_run_dependencies/w10_sim
-- Installing: /home/user/ros2_ws/dynamic_ws/install/w10_sim/share/ament_index/resource_index/parent_prefix_path/w10_sim
-- Installing: /home/user/ros2_ws/dynamic_ws/install/w10_sim/share/w10_sim/environment/ament_prefix_path.sh
-- Installing: /home/user/ros2_ws/dynamic_ws/install/w10_sim/share/w10_sim/environment/ament_prefix_path.dsv
-- Installing: /home/user/ros2_ws/dynamic_ws/install/w10_sim/share/w10_sim/environment/path.sh
-- Installing: /home/user/ros2_ws/dynamic_ws/install/w10_sim/share/w10_sim/environment/path.dsv
-- Installing: /home/user/ros2_ws/dynamic_ws/install/w10_sim/share/w10_sim/local_setup.bash
-- Installing: /home/user/ros2_ws/dynamic_ws/install/w10_sim/share/w10_sim/local_setup.sh
-- Installing: /home/user/ros2_ws/dynamic_ws/install/w10_sim/share/w10_sim/local_setup.zsh
-- Installing: /home/user/ros2_ws/dynamic_ws/install/w10_sim/share/w10_sim/local_setup.dsv
-- Installing: /home/user/ros2_ws/dynamic_ws/install/w10_sim/share/w10_sim/package.dsv
-- Installing: /home/user/ros2_ws/dynamic_ws/install/w10_sim/share/ament_index/resource_index/packages/w10_sim
-- Installing: /home/user/ros2_ws/dynamic_ws/install/w10_sim/share/w10_sim/cmake/ament_cmake_export_dependencies-extras.cmake
-- Installing: /home/user/ros2_ws/dynamic_ws/install/w10_sim/share/w10_sim/cmake/ament_cmake_export_include_directories-extras.cmake
-- Installing: /home/user/ros2_ws/dynamic_ws/install/w10_sim/share/w10_sim/cmake/w10_simConfig.cmake
-- Installing: /home/user/ros2_ws/dynamic_ws/install/w10_sim/share/w10_sim/cmake/w10_simConfig-version.cmake
-- Installing: /home/user/ros2_ws/dynamic_ws/install/w10_sim/share/w10_sim/package.xml
