[0.011s] Invoking command in '/home/user/ros2_ws/dynamic_ws/build/w10_sim': CMAKE_PREFIX_PATH=/opt/openrobots:/home/user/ros2_ws/dynamic_ws/install/w10_moveit_kinematics:/home/user/ros2_ws/dynamic_ws/install/w10_kinematics:/home/user/ros2_ws/dynamic_ws/install/w10_sim:/home/user/ros2_ws/dynamic_ws/install/vi_2p:/home/user/ros2_ws/dynamic_ws/install/vi:/opt/ros/humble:/home/user/ros2_ws/w10_ws/install/w10-urdf:/home/user/ros2_ws/w10_ws/install/urdf_visualization:/opt/openrobots: /usr/bin/cmake /home/user/ros2_ws/dynamic_ws/src/w10_sim -DCMAKE_INSTALL_PREFIX=/home/user/ros2_ws/dynamic_ws/install/w10_sim
[0.091s] -- The C compiler identification is GNU 11.4.0
[0.149s] -- The CXX compiler identification is GNU 11.4.0
[0.164s] -- Detecting C compiler ABI info
[0.224s] -- Detecting C compiler ABI info - done
[0.230s] -- Check for working C compiler: /usr/bin/cc - skipped
[0.232s] -- Detecting C compile features
[0.233s] -- Detecting C compile features - done
[0.244s] -- Detecting CXX compiler ABI info
[0.315s] -- Detecting CXX compiler ABI info - done
[0.320s] -- Check for working CXX compiler: /usr/bin/c++ - skipped
[0.321s] -- Detecting CXX compile features
[0.321s] -- Detecting CXX compile features - done
[0.333s] -- Found ament_cmake_auto: 1.3.12 (/opt/ros/humble/share/ament_cmake_auto/cmake)
[0.448s] -- Found Python3: /usr/bin/python3 (found version "3.10.12") found components: Interpreter 
[0.611s] -- Found rosidl_generator_c: 3.1.7 (/opt/ros/humble/share/rosidl_generator_c/cmake)
[0.615s] -- Found rosidl_adapter: 3.1.7 (/opt/ros/humble/share/rosidl_adapter/cmake)
[0.621s] -- Found rosidl_generator_cpp: 3.1.7 (/opt/ros/humble/share/rosidl_generator_cpp/cmake)
[0.631s] -- Using all available rosidl_typesupport_c: rosidl_typesupport_fastrtps_c;rosidl_typesupport_introspection_c
[0.642s] -- Using all available rosidl_typesupport_cpp: rosidl_typesupport_fastrtps_cpp;rosidl_typesupport_introspection_cpp
[0.679s] -- Found rmw_implementation_cmake: 6.1.2 (/opt/ros/humble/share/rmw_implementation_cmake/cmake)
[0.680s] -- Found rmw_fastrtps_cpp: 6.2.9 (/opt/ros/humble/share/rmw_fastrtps_cpp/cmake)
[0.741s] -- Found OpenSSL: /usr/lib/x86_64-linux-gnu/libcrypto.so (found version "3.0.2")  
[0.761s] -- Found FastRTPS: /opt/ros/humble/include  
[0.788s] -- Using RMW implementation 'rmw_fastrtps_cpp' as default
[0.807s] -- Looking for pthread.h
[0.881s] -- Looking for pthread.h - found
[0.881s] -- Performing Test CMAKE_HAVE_LIBC_PTHREAD
[0.940s] -- Performing Test CMAKE_HAVE_LIBC_PTHREAD - Success
[0.940s] -- Found Threads: TRUE  
[0.978s] -- pinocchio_default FOUND. pinocchio_default at /opt/openrobots/lib/libpinocchio_default.so
[0.978s] -- pinocchio_parsers FOUND. pinocchio_parsers at /opt/openrobots/lib/libpinocchio_parsers.so
[0.978s] -- pinocchio_casadi FOUND. pinocchio_casadi at /opt/openrobots/lib/libpinocchio_casadi.so
[0.979s] -- boost_filesystem FOUND. boost_filesystem at /usr/lib/x86_64-linux-gnu/libboost_filesystem.so
[0.979s] -- boost_serialization FOUND. boost_serialization at /usr/lib/x86_64-linux-gnu/libboost_serialization.so
[0.979s] -- boost_system FOUND. boost_system at /usr/lib/x86_64-linux-gnu/libboost_system.so
[1.011s] [33mCMake Warning at /opt/openrobots/lib/cmake/hpp-fcl/hpp-fclConfig.cmake:3 (message):
[1.011s]   Please update your CMake from 'hpp-fcl' to 'coal'
[1.011s] Call Stack (most recent call first):
[1.011s]   /usr/share/cmake-3.22/Modules/CMakeFindDependencyMacro.cmake:47 (find_package)
[1.011s]   /opt/openrobots/lib/cmake/pinocchio/pinocchioConfig.cmake:161 (find_dependency)
[1.012s]   /opt/ros/humble/share/ament_cmake_auto/cmake/ament_auto_find_build_dependencies.cmake:67 (find_package)
[1.012s]   CMakeLists.txt:12 (ament_auto_find_build_dependencies)
[1.012s] 
[1.012s] [0m
[1.012s] -- coal FOUND. coal at /opt/openrobots/lib/libcoal.so
[1.026s] -- Found Boost: /usr/include (found version "1.74.0") found components: chrono thread date_time serialization filesystem atomic 
[1.224s] -- Default C++ standard: 201703
[1.224s] -- Minimal C++ standard upgraded to 11
[1.224s] -- C++ standard sufficient: Minimal required 11, currently defined: 17
[1.224s] -- CMAKE_CXX_STANDARD was not set: automatically set to currently defined standard 17
[1.225s] -- C++ standard sufficient: Minimal required 11, currently defined: 17
[1.249s] -- Found eigen3_cmake_module: 0.1.1 (/opt/ros/humble/share/eigen3_cmake_module/cmake)
[1.249s] -- Found Eigen3: TRUE (found version "3.4.0") 
[1.249s] -- Ensuring Eigen3 include directory is part of orocos-kdl CMake target
[1.362s] -- Found ament_lint_auto: 0.12.14 (/opt/ros/humble/share/ament_lint_auto/cmake)
[1.370s] [0mIn this package, headers install destination is set to `include` by ament_auto_package. It is recommended to install `include/w10_sim` instead and will be the default behavior of ament_auto_package from ROS 2 Kilted Kaiju. On distributions before Kilted, ament_auto_package behaves the same way when you use USE_SCOPED_HEADER_INSTALL_DIR option.[0m
[1.404s] -- Added test 'cppcheck' to perform static code analysis on C / C++ code
[1.404s] -- Configured cppcheck include dirs: /home/user/ros2_ws/dynamic_ws/src/w10_sim/include
[1.404s] -- Configured cppcheck exclude dirs and/or files: 
[1.405s] -- Added test 'flake8' to check Python code syntax and style conventions
[1.407s] -- Added test 'lint_cmake' to check CMake code style
[1.408s] -- Added test 'pep257' to check Python code against some of the docstring style conventions in PEP 257
[1.412s] -- Added test 'uncrustify' to check C / C++ code style
[1.412s] -- Configured uncrustify additional arguments: 
[1.413s] -- Added test 'xmllint' to check XML markup files
[1.463s] -- Configuring done
[1.494s] -- Generating done
[1.504s] -- Build files have been written to: /home/user/ros2_ws/dynamic_ws/build/w10_sim
[1.513s] Invoked command in '/home/user/ros2_ws/dynamic_ws/build/w10_sim' returned '0': CMAKE_PREFIX_PATH=/opt/openrobots:/home/user/ros2_ws/dynamic_ws/install/w10_moveit_kinematics:/home/user/ros2_ws/dynamic_ws/install/w10_kinematics:/home/user/ros2_ws/dynamic_ws/install/w10_sim:/home/user/ros2_ws/dynamic_ws/install/vi_2p:/home/user/ros2_ws/dynamic_ws/install/vi:/opt/ros/humble:/home/user/ros2_ws/w10_ws/install/w10-urdf:/home/user/ros2_ws/w10_ws/install/urdf_visualization:/opt/openrobots: /usr/bin/cmake /home/user/ros2_ws/dynamic_ws/src/w10_sim -DCMAKE_INSTALL_PREFIX=/home/user/ros2_ws/dynamic_ws/install/w10_sim
[1.515s] Invoking command in '/home/user/ros2_ws/dynamic_ws/build/w10_sim': CMAKE_PREFIX_PATH=/opt/openrobots:/home/user/ros2_ws/dynamic_ws/install/w10_moveit_kinematics:/home/user/ros2_ws/dynamic_ws/install/w10_kinematics:/home/user/ros2_ws/dynamic_ws/install/w10_sim:/home/user/ros2_ws/dynamic_ws/install/vi_2p:/home/user/ros2_ws/dynamic_ws/install/vi:/opt/ros/humble:/home/user/ros2_ws/w10_ws/install/w10-urdf:/home/user/ros2_ws/w10_ws/install/urdf_visualization:/opt/openrobots: /usr/bin/cmake --build /home/user/ros2_ws/dynamic_ws/build/w10_sim -- -j32 -l32
[1.556s] [ 50%] [32mBuilding CXX object CMakeFiles/etsvi_node.dir/src/etsvi_node.cpp.o[0m
[1.556s] [ 50%] [32mBuilding CXX object CMakeFiles/ctsvi_ad_node.dir/src/ctsvi_ad_node.cpp.o[0m
[1.556s] [ 50%] [32mBuilding CXX object CMakeFiles/ctsvi_w10_node.dir/src/ctsvi_w10_node.cpp.o[0m
[1.556s] [ 50%] [32mBuilding CXX object CMakeFiles/atsvi_ad_node.dir/src/atsvi_ad_node.cpp.o[0m
[1.556s] [ 50%] [32mBuilding CXX object CMakeFiles/ctsvi_node.dir/src/ctsvi_node.cpp.o[0m
[7.141s] [01m[K/home/user/ros2_ws/dynamic_ws/src/w10_sim/src/atsvi_ad_node.cpp:[m[K In function ‘[01m[Kstd::tuple<Eigen::Matrix<double, -1, 1, 0, -1, 1>, double, SolverInfo> solve_q_next_sem_ad(const Model&, pinocchio::Data&, const ModelAD&, DataAD&, const Vec&, const Vec&, double, const Vec&, const Vec&, double, double, int, double, double, double)[m[K’:
[7.141s] [01m[K/home/user/ros2_ws/dynamic_ws/src/w10_sim/src/atsvi_ad_node.cpp:291:16:[m[K [01;35m[Kwarning: [m[Kunused parameter ‘[01m[Ktau_k[m[K’ [[01;35m[K]8;;https://gcc.gnu.org/onlinedocs/gcc/Warning-Options.html#index-Wunused-parameter-Wunused-parameter]8;;[m[K]
[7.141s]   291 |     [01;35m[Kconst Vec &tau_k[m[K,
[7.141s]       |     [01;35m[K~~~~~~~~~~~^~~~~[m[K
[95.478s] [ 60%] [32m[1mLinking CXX executable ctsvi_w10_node[0m
[96.351s] [ 70%] [32m[1mLinking CXX executable ctsvi_node[0m
[98.968s] [ 70%] Built target ctsvi_w10_node
[99.038s] [ 80%] [32m[1mLinking CXX executable etsvi_node[0m
[100.558s] [ 80%] Built target ctsvi_node
[102.089s] [ 80%] Built target etsvi_node
[118.097s] [ 90%] [32m[1mLinking CXX executable ctsvi_ad_node[0m
[120.820s] [ 90%] Built target ctsvi_ad_node
[140.270s] [100%] [32m[1mLinking CXX executable atsvi_ad_node[0m
[143.880s] [100%] Built target atsvi_ad_node
[143.902s] Invoked command in '/home/user/ros2_ws/dynamic_ws/build/w10_sim' returned '0': CMAKE_PREFIX_PATH=/opt/openrobots:/home/user/ros2_ws/dynamic_ws/install/w10_moveit_kinematics:/home/user/ros2_ws/dynamic_ws/install/w10_kinematics:/home/user/ros2_ws/dynamic_ws/install/w10_sim:/home/user/ros2_ws/dynamic_ws/install/vi_2p:/home/user/ros2_ws/dynamic_ws/install/vi:/opt/ros/humble:/home/user/ros2_ws/w10_ws/install/w10-urdf:/home/user/ros2_ws/w10_ws/install/urdf_visualization:/opt/openrobots: /usr/bin/cmake --build /home/user/ros2_ws/dynamic_ws/build/w10_sim -- -j32 -l32
[143.903s] Invoking command in '/home/user/ros2_ws/dynamic_ws/build/w10_sim': CMAKE_PREFIX_PATH=/opt/openrobots:/home/user/ros2_ws/dynamic_ws/install/w10_moveit_kinematics:/home/user/ros2_ws/dynamic_ws/install/w10_kinematics:/home/user/ros2_ws/dynamic_ws/install/w10_sim:/home/user/ros2_ws/dynamic_ws/install/vi_2p:/home/user/ros2_ws/dynamic_ws/install/vi:/opt/ros/humble:/home/user/ros2_ws/w10_ws/install/w10-urdf:/home/user/ros2_ws/w10_ws/install/urdf_visualization:/opt/openrobots: /usr/bin/cmake --install /home/user/ros2_ws/dynamic_ws/build/w10_sim
[143.909s] -- Install configuration: ""
[143.909s] -- Installing: /home/user/ros2_ws/dynamic_ws/install/w10_sim/share/w10_sim/urdf
[143.909s] -- Installing: /home/user/ros2_ws/dynamic_ws/install/w10_sim/share/w10_sim/urdf/7_pendulum.urdf
[143.909s] -- Installing: /home/user/ros2_ws/dynamic_ws/install/w10_sim/share/w10_sim/urdf/w10.csv
[143.909s] -- Installing: /home/user/ros2_ws/dynamic_ws/install/w10_sim/share/w10_sim/urdf/w10new.urdf
[143.909s] -- Installing: /home/user/ros2_ws/dynamic_ws/install/w10_sim/share/w10_sim/urdf/w10_body.urdf
[143.909s] -- Installing: /home/user/ros2_ws/dynamic_ws/install/w10_sim/share/w10_sim/urdf/w10.urdf
[143.909s] -- Installing: /home/user/ros2_ws/dynamic_ws/install/w10_sim/share/w10_sim/urdf/1_pendulum.urdf
[143.910s] -- Installing: /home/user/ros2_ws/dynamic_ws/install/w10_sim/share/w10_sim/meshes
[143.910s] -- Installing: /home/user/ros2_ws/dynamic_ws/install/w10_sim/share/w10_sim/meshes/base_link.STL
[143.910s] -- Installing: /home/user/ros2_ws/dynamic_ws/install/w10_sim/share/w10_sim/meshes/Link6.STL
[143.910s] -- Installing: /home/user/ros2_ws/dynamic_ws/install/w10_sim/share/w10_sim/meshes/Link1.STL
[143.911s] -- Installing: /home/user/ros2_ws/dynamic_ws/install/w10_sim/share/w10_sim/meshes/Link7.STL
[143.911s] -- Installing: /home/user/ros2_ws/dynamic_ws/install/w10_sim/share/w10_sim/meshes/Link4.STL
[143.911s] -- Installing: /home/user/ros2_ws/dynamic_ws/install/w10_sim/share/w10_sim/meshes/Link3.STL
[143.912s] -- Installing: /home/user/ros2_ws/dynamic_ws/install/w10_sim/share/w10_sim/meshes/Link2.STL
[143.912s] -- Installing: /home/user/ros2_ws/dynamic_ws/install/w10_sim/share/w10_sim/meshes/Link5.STL
[143.913s] -- Installing: /home/user/ros2_ws/dynamic_ws/install/w10_sim/share/w10_sim/launch
[143.913s] -- Installing: /home/user/ros2_ws/dynamic_ws/install/w10_sim/share/w10_sim/launch/display_urdf.launch.py
[143.913s] -- Installing: /home/user/ros2_ws/dynamic_ws/install/w10_sim/share/w10_sim/launch/ctsvi_w10.launch.py
[143.913s] -- Installing: /home/user/ros2_ws/dynamic_ws/install/w10_sim/share/w10_sim/launch/display_urdf_headless.launch.py
[143.913s] -- Installing: /home/user/ros2_ws/dynamic_ws/install/w10_sim/share/w10_sim/launch/ctsvi_ad.launch.py
[143.913s] -- Installing: /home/user/ros2_ws/dynamic_ws/install/w10_sim/share/w10_sim/launch/__pycache__
[143.913s] -- Installing: /home/user/ros2_ws/dynamic_ws/install/w10_sim/share/w10_sim/launch/__pycache__/display_urdf_headless.launch.cpython-310.pyc
[143.913s] -- Installing: /home/user/ros2_ws/dynamic_ws/install/w10_sim/share/w10_sim/config
[143.913s] -- Installing: /home/user/ros2_ws/dynamic_ws/install/w10_sim/share/w10_sim/config/plot_config.yaml
[143.913s] -- Installing: /home/user/ros2_ws/dynamic_ws/install/w10_sim/share/w10_sim/config/vi_params.yaml
[143.913s] -- Installing: /home/user/ros2_ws/dynamic_ws/install/w10_sim/share/w10_sim/rviz
[143.914s] -- Installing: /home/user/ros2_ws/dynamic_ws/install/w10_sim/share/w10_sim/rviz/w10.rviz
[143.914s] -- Installing: /home/user/ros2_ws/dynamic_ws/install/w10_sim/share/w10_sim/scripts
[143.914s] -- Installing: /home/user/ros2_ws/dynamic_ws/install/w10_sim/share/w10_sim/scripts/w10_joint_controller.py
[143.914s] -- Installing: /home/user/ros2_ws/dynamic_ws/install/w10_sim/share/w10_sim/scripts/generate_urdf_from_dh.py
[143.914s] -- Installing: /home/user/ros2_ws/dynamic_ws/install/w10_sim/share/w10_sim/scripts/rviz_diagnose.py
[143.914s] -- Installing: /home/user/ros2_ws/dynamic_ws/install/w10_sim/share/w10_sim/scripts/analyze_vi_results.py
[143.914s] -- Installing: /home/user/ros2_ws/dynamic_ws/install/w10_sim/share/w10_sim/scripts/extract_dh_params.py
[143.914s] -- Installing: /home/user/ros2_ws/dynamic_ws/install/w10_sim/share/w10_sim/scripts/__pycache__
[143.914s] -- Installing: /home/user/ros2_ws/dynamic_ws/install/w10_sim/share/w10_sim/scripts/__pycache__/analyze_vi_results.cpython-310.pyc
[143.914s] -- Installing: /home/user/ros2_ws/dynamic_ws/install/w10_sim/share/w10_sim/scripts/vi_sim.py
[143.914s] -- Installing: /home/user/ros2_ws/dynamic_ws/install/w10_sim/lib/w10_sim/vi_sim.py
[143.914s] -- Installing: /home/user/ros2_ws/dynamic_ws/install/w10_sim/lib/w10_sim/analyze_vi_results.py
[143.914s] -- Installing: /home/user/ros2_ws/dynamic_ws/install/w10_sim/include
[143.915s] -- Installing: /home/user/ros2_ws/dynamic_ws/install/w10_sim/include/w10_sim
[143.915s] -- Installing: /home/user/ros2_ws/dynamic_ws/install/w10_sim/lib/w10_sim/ctsvi_node
[143.916s] -- Set runtime path of "/home/user/ros2_ws/dynamic_ws/install/w10_sim/lib/w10_sim/ctsvi_node" to ""
[143.916s] -- Installing: /home/user/ros2_ws/dynamic_ws/install/w10_sim/lib/w10_sim/ctsvi_w10_node
[143.917s] -- Set runtime path of "/home/user/ros2_ws/dynamic_ws/install/w10_sim/lib/w10_sim/ctsvi_w10_node" to ""
[143.917s] -- Installing: /home/user/ros2_ws/dynamic_ws/install/w10_sim/lib/w10_sim/ctsvi_ad_node
[143.918s] -- Set runtime path of "/home/user/ros2_ws/dynamic_ws/install/w10_sim/lib/w10_sim/ctsvi_ad_node" to ""
[143.918s] -- Installing: /home/user/ros2_ws/dynamic_ws/install/w10_sim/lib/w10_sim/atsvi_ad_node
[143.961s] -- Set runtime path of "/home/user/ros2_ws/dynamic_ws/install/w10_sim/lib/w10_sim/atsvi_ad_node" to ""
[143.961s] -- Installing: /home/user/ros2_ws/dynamic_ws/install/w10_sim/lib/w10_sim/etsvi_node
[143.962s] -- Set runtime path of "/home/user/ros2_ws/dynamic_ws/install/w10_sim/lib/w10_sim/etsvi_node" to ""
[143.962s] -- Installing: /home/user/ros2_ws/dynamic_ws/install/w10_sim/share/ament_index/resource_index/package_run_dependencies/w10_sim
[143.962s] -- Installing: /home/user/ros2_ws/dynamic_ws/install/w10_sim/share/ament_index/resource_index/parent_prefix_path/w10_sim
[143.962s] -- Installing: /home/user/ros2_ws/dynamic_ws/install/w10_sim/share/w10_sim/environment/ament_prefix_path.sh
[143.962s] -- Installing: /home/user/ros2_ws/dynamic_ws/install/w10_sim/share/w10_sim/environment/ament_prefix_path.dsv
[143.962s] -- Installing: /home/user/ros2_ws/dynamic_ws/install/w10_sim/share/w10_sim/environment/path.sh
[143.963s] -- Installing: /home/user/ros2_ws/dynamic_ws/install/w10_sim/share/w10_sim/environment/path.dsv
[143.963s] -- Installing: /home/user/ros2_ws/dynamic_ws/install/w10_sim/share/w10_sim/local_setup.bash
[143.963s] -- Installing: /home/user/ros2_ws/dynamic_ws/install/w10_sim/share/w10_sim/local_setup.sh
[143.963s] -- Installing: /home/user/ros2_ws/dynamic_ws/install/w10_sim/share/w10_sim/local_setup.zsh
[143.963s] -- Installing: /home/user/ros2_ws/dynamic_ws/install/w10_sim/share/w10_sim/local_setup.dsv
[143.963s] -- Installing: /home/user/ros2_ws/dynamic_ws/install/w10_sim/share/w10_sim/package.dsv
[143.963s] -- Installing: /home/user/ros2_ws/dynamic_ws/install/w10_sim/share/ament_index/resource_index/packages/w10_sim
[143.963s] -- Installing: /home/user/ros2_ws/dynamic_ws/install/w10_sim/share/w10_sim/cmake/ament_cmake_export_dependencies-extras.cmake
[143.963s] -- Installing: /home/user/ros2_ws/dynamic_ws/install/w10_sim/share/w10_sim/cmake/ament_cmake_export_include_directories-extras.cmake
[143.963s] -- Installing: /home/user/ros2_ws/dynamic_ws/install/w10_sim/share/w10_sim/cmake/w10_simConfig.cmake
[143.963s] -- Installing: /home/user/ros2_ws/dynamic_ws/install/w10_sim/share/w10_sim/cmake/w10_simConfig-version.cmake
[143.964s] -- Installing: /home/user/ros2_ws/dynamic_ws/install/w10_sim/share/w10_sim/package.xml
[143.965s] Invoked command in '/home/user/ros2_ws/dynamic_ws/build/w10_sim' returned '0': CMAKE_PREFIX_PATH=/opt/openrobots:/home/user/ros2_ws/dynamic_ws/install/w10_moveit_kinematics:/home/user/ros2_ws/dynamic_ws/install/w10_kinematics:/home/user/ros2_ws/dynamic_ws/install/w10_sim:/home/user/ros2_ws/dynamic_ws/install/vi_2p:/home/user/ros2_ws/dynamic_ws/install/vi:/opt/ros/humble:/home/user/ros2_ws/w10_ws/install/w10-urdf:/home/user/ros2_ws/w10_ws/install/urdf_visualization:/opt/openrobots: /usr/bin/cmake --install /home/user/ros2_ws/dynamic_ws/build/w10_sim
